Starting Single Run, Sweeps and Corners...

Current time: Tue Jun  2 13:14:36 2026 
Best design point: 1
Design specs: 
	PSS_VIN	corner	Nominal - 
	VIA_d2_dB		107.3
	VLF1_d2_dB		75.29
	VGA_d2_dB		75.3
	VLF2_d2_dB1		67.77
	VOUT_d2_dB		67.81	Yes
	VOUT_V		1.193	Yes
	VOUT_V_DC		1.514	Yes
	DC current consumption		-53.93u
Design parameters: 
	FC		4K
	F0		3.3
	F1		3.3
	F2		0
	S0		3.3
	S1		3.3
	S2		0
	EN_CMFB		0
	S3		0

Interactive.88
Number of points completed: 1
Number of simulation errors: 0
Interactive.88 completed. 
Current time: Tue Jun  2 13:15:13 2026 
