Starting Single Run, Sweeps and Corners...

Current time: Tue Jun  2 12:43:39 2026 
Best design point: 1
Design specs: 
	PSS_PXF_PNOISE	corner	Nominal - 
	Output_Noise_Vrms		356.6u
	CM_Gain_50Hz		752.2u
	CM_Gain_50Hz_dB		-62.47
	Diff_Gain_50Hz		299.4
	Diff_Gain_50Hz_dB		49.52
	CMRR_50Hz_dB		112
	Input_ref_noise_Vrms		1.191u
	Output_noise_Vrms		356.6u
	VOUT_V_DC		1.514	Yes
Design parameters: 
	FC		4K
	F0		3.3
	F1		3.3
	F2		0
	S0		0
	S1		0
	S2		0
	EN_CMFB		0
	S3		0

Interactive.84
Number of points completed: 1
Number of simulation errors: 0
Interactive.84 completed. 
Current time: Tue Jun  2 12:43:54 2026 
