Starting Single Run, Sweeps and Corners...

Current time: Tue Jun  2 12:49:57 2026 
Best design point: 1
Design specs: 
	PSS_PXF_PNOISE	corner	Nominal - 
	Output_Noise_Vrms		565.5u
	CM_Gain_50Hz		1.504m
	CM_Gain_50Hz_dB		-56.46
	Diff_Gain_50Hz		598.4
	Diff_Gain_50Hz_dB		55.54
	CMRR_50Hz_dB		112
	Input_ref_noise_Vrms		945.1n
	Output_noise_Vrms		565.5u
	VOUT_V_DC		1.514	Yes
Design parameters: 
	FC		4K
	F0		3.3
	F1		3.3
	F2		0
	S0		3.3
	S1		0
	S2		0
	EN_CMFB		0
	S3		0

Interactive.86
Number of points completed: 1
Number of simulation errors: 0
Interactive.86 completed. 
Current time: Tue Jun  2 12:50:11 2026 
