================================================================================
Rule No. 421 : INFO: hot nwell

Real Error Count : 10; Flat Error Count : 53
================================================================================

--------------------------------------------------------------------------------
Cell Name : rpolyhc layout PRIMLIB Bends=10 Dummy=TRUE ResShape="90_deg" gwell="N-Well" l="500u" r="1M" w="0.8u" in1=R15

                   Cell Errors    Real Errors   Cell Placements     Environments
                             1              1                16                1
--------------------------------------------------------------------------------
Env.  Env. Placements            X1           Y1          X2           Y2

  1       16                469.100       12.400     523.950       38.000

Shape               Environments Status & Error Marker 

          1           X1         Y1         X2         Y2

   1      X       -5.350     -4.650     49.500     20.950

--------------------------------------------------------------------------------
Cell Name : pmos4 layout PRIMLIB l="4u" in1=MP128929

                   Cell Errors    Real Errors   Cell Placements     Environments
                             1              1                24                1
--------------------------------------------------------------------------------
Env.  Env. Placements            X1           Y1          X2           Y2

  1       24                295.125      138.700     303.225      151.100

Shape               Environments Status & Error Marker 

          1           X1         Y1         X2         Y2

   1      X       -1.200     -1.200     11.200      6.900

--------------------------------------------------------------------------------
Cell Name : cpolyc layout PRIMLIB area="1.23n" c="1.07p" gwell="N-Well" l="35.45u" perimeter="140.3u" rbottom="Cont" rleft="Cont" id_=d867af619ef89a5c in1=C528129

                   Cell Errors    Real Errors   Cell Placements     Environments
                             1              1                 6                1
--------------------------------------------------------------------------------
Env.  Env. Placements            X1           Y1          X2           Y2

  1        6                430.525      101.350     471.475      140.750

Shape               Environments Status & Error Marker 

          1           X1         Y1         X2         Y2

   1      X       -1.350     -1.350     39.600     38.050

--------------------------------------------------------------------------------
Cell Name : VGA_1 layout YAOWEN

                   Cell Errors    Real Errors   Cell Placements     Environments
                             7              7                 1                1
--------------------------------------------------------------------------------
Env.  Env. Placements            X1           Y1          X2           Y2

  1        1                281.975       10.850     623.200      181.150

Shape               Environments Status & Error Marker 

          1           X1         Y1         X2         Y2

   1      X      281.975    128.550    385.675    178.050
   2      X      353.500     15.975    385.350     42.475
   3      X      364.275     45.475    391.175     72.175
   4      X      418.700     10.850    623.200     98.350
   5      X      430.525    101.350    555.375    181.150
   6      X      555.375    101.350    569.750    114.600
   7      X      564.200    121.500    619.700    180.100

================================================================================
Rule No. 510 : M1_R_1 Minimum density of MET1 area [%] = 30

Real Error Count : 1; Flat Error Count : 2
================================================================================

--------------------------------------------------------------------------------
Cell Name : VGA_1 layout YAOWEN

                   Cell Errors    Real Errors   Cell Placements     Environments
                             2              1                 1                1
--------------------------------------------------------------------------------
Env.  Env. Placements            X1           Y1          X2           Y2

  1        1                  1.700      -18.025     630.000      196.650

Shape               Environments Status & Error Marker 

          1           X1         Y1         X2         Y2

   1      X        1.700    -18.025    630.000    196.650

================================================================================
Rule No. 521 : M2_R_1 Minimum density of MET2 area [%] = 30

Real Error Count : 1; Flat Error Count : 2
================================================================================

--------------------------------------------------------------------------------
Cell Name : VGA_1 layout YAOWEN

                   Cell Errors    Real Errors   Cell Placements     Environments
                             2              1                 1                1
--------------------------------------------------------------------------------
Env.  Env. Placements            X1           Y1          X2           Y2

  1        1                  1.700      -18.025     630.000      196.650

Shape               Environments Status & Error Marker 

          1           X1         Y1         X2         Y2

   1      X        1.700    -18.025    630.000    196.650

================================================================================
Rule No. 532 : M3_R_1 Minimum density of MET3 area [%] = 30

Real Error Count : 1; Flat Error Count : 2
================================================================================

--------------------------------------------------------------------------------
Cell Name : VGA_1 layout YAOWEN

                   Cell Errors    Real Errors   Cell Placements     Environments
                             2              1                 1                1
--------------------------------------------------------------------------------
Env.  Env. Placements            X1           Y1          X2           Y2

  1        1                  1.700      -18.025     630.000      196.650

Shape               Environments Status & Error Marker 

          1           X1         Y1         X2         Y2

   1      X        1.700    -18.025    630.000    196.650

================================================================================
Rule No. 669 : RPOLYH_G2 Minimum high precision RPOLYH width = 2

Real Error Count : 195; Flat Error Count : 870
================================================================================

--------------------------------------------------------------------------------
Cell Name : rpolyhc layout PRIMLIB Bends=10 Dummy=TRUE ResShape="90_deg" gwell="N-Well" l="500u" r="1M" w="0.8u" in1=R15

                   Cell Errors    Real Errors   Cell Placements     Environments
                            45             45                16                1
--------------------------------------------------------------------------------
Env.  Env. Placements            X1           Y1          X2           Y2

  1       16                472.100       15.400     520.950       35.000

Shape               Environments Status & Error Marker 

          1           X1         Y1         X2         Y2

   1      X       -0.800     -0.100      0.250      1.702
   2      X       -0.800      1.550      0.000      3.900
   3      X       -0.800      1.550     44.950      2.350
   4      X       -0.800      2.817      0.000      4.933
   5      X       -0.800      3.100     44.950      3.900
   6      X       -0.800      3.617      0.000      5.733
   7      X       -0.800      4.650      0.000      7.000
   8      X       -0.800      4.650     44.950      5.450
   9      X       -0.800      5.917      0.000      8.033
  10      X       -0.800      6.200     44.950      7.000
  11      X       -0.800      6.717      0.000      8.833
  12      X       -0.800      7.750      0.000     10.100
  13      X       -0.800      7.750     44.950      8.550
  14      X       -0.800      9.017      0.000     11.133
  15      X       -0.800      9.300     44.950     10.100
  16      X       -0.800      9.817      0.000     11.933
  17      X       -0.800     10.850      0.000     13.200
  18      X       -0.800     10.850     44.950     11.650
  19      X       -0.800     12.117      0.000     14.233
  20      X       -0.800     12.400     44.950     13.200
  21      X       -0.800     12.917      0.000     15.033
  22      X       -0.800     13.950      0.000     16.300
  23      X       -0.800     13.950     44.950     14.750
  24      X       -0.800     15.500     44.800     16.300
  25      X       -0.650     -0.100      0.250      0.800
  26      X       -0.650     -0.100      2.036      0.800
  27      X       -0.650      0.000     44.950      0.800
  28      X       -0.650      0.459      0.000      2.691
  29      X       42.114     15.500     44.800     16.400
  30      X       43.900     14.598     44.950     16.400
  31      X       43.900     15.500     44.800     16.400
  32      X       44.150      0.000     44.950      2.350
  33      X       44.150      1.267     44.950      3.383
  34      X       44.150      2.067     44.950      4.183
  35      X       44.150      3.100     44.950      5.450
  36      X       44.150      4.367     44.950      6.483
  37      X       44.150      5.167     44.950      7.283
  38      X       44.150      6.200     44.950      8.550
  39      X       44.150      7.467     44.950      9.583
  40      X       44.150      8.267     44.950     10.383
  41      X       44.150      9.300     44.950     11.650
  42      X       44.150     10.567     44.950     12.683
  43      X       44.150     11.367     44.950     13.483
  44      X       44.150     12.400     44.950     14.750
  45      X       44.150     13.609     44.800     15.841

--------------------------------------------------------------------------------
Cell Name : VGA_1 layout YAOWEN

                   Cell Errors    Real Errors   Cell Placements     Environments
                           150            150                 1                1
--------------------------------------------------------------------------------
Env.  Env. Placements            X1           Y1          X2           Y2

  1        1                423.250       15.400     618.650      128.400

Shape               Environments Status & Error Marker 

          1           X1         Y1         X2         Y2

   1      X      423.250     15.400    424.200     19.610
   2      X      423.250     15.400    428.433     16.200
   3      X      423.250     16.017    424.050     35.933
   4      X      423.250     34.067    424.050     53.983
   5      X      423.250     50.390    424.200     55.560
   6      X      423.250     53.640    424.200     58.810
   7      X      423.250     55.217    424.050     75.133
   8      X      423.250     73.267    424.050     93.183
   9      X      423.250     89.590    424.200     93.800
  10      X      423.250     93.000    428.433     93.800
  11      X      424.050     34.100    468.750     35.900
  12      X      424.050     73.300    468.750     75.100
  13      X      424.200     53.800    426.600     55.400
  14      X      424.814     15.400    473.086     16.300
  15      X      424.814     92.900    473.086     93.800
  16      X      425.546     53.700    427.654     55.400
  17      X      425.546     53.800    427.654     55.500
  18      X      426.600     53.700    471.300     55.500
  19      X      467.696     34.100    469.804     35.800
  20      X      467.696     34.200    469.804     35.900
  21      X      467.696     73.300    469.804     75.000
  22      X      467.696     73.400    469.804     75.100
  23      X      468.750     34.200    471.150     35.800
  24      X      468.750     73.400    471.150     75.000
  25      X      471.150     31.582    472.900     34.200
  26      X      471.150     35.800    472.900     38.418
  27      X      471.150     70.782    472.900     73.400
  28      X      471.150     75.000    472.900     77.618
  29      X      471.217     15.400    477.283     16.200
  30      X      471.217     93.000    477.283     93.800
  31      X      471.300     16.200    473.050     18.818
  32      X      471.300     16.650    472.900     33.750
  33      X      471.300     36.250    472.900     53.350
  34      X      471.300     51.182    473.050     53.800
  35      X      471.300     55.400    473.050     58.018
  36      X      471.300     55.850    472.900     72.950
  37      X      471.300     75.450    472.900     92.550
  38      X      471.300     90.382    473.050     93.000
  39      X      472.900     34.100    517.600     35.900
  40      X      472.900     73.300    517.600     75.100
  41      X      473.050     53.800    475.450     55.400
  42      X      473.664     15.400    521.936     16.300
  43      X      473.664     92.900    521.936     93.800
  44      X      474.396     53.700    476.504     55.400
  45      X      474.396     53.800    476.504     55.500
  46      X      475.450     53.700    520.150     55.500
  47      X      516.546     34.100    518.654     35.800
  48      X      516.546     34.200    518.654     35.900
  49      X      516.546     73.300    518.654     75.000
  50      X      516.546     73.400    518.654     75.100
  51      X      517.600     34.200    520.000     35.800
  52      X      517.600     73.400    520.000     75.000
  53      X      520.000     31.582    521.750     34.200
  54      X      520.000     35.800    521.750     38.418
  55      X      520.000     70.782    521.750     73.400
  56      X      520.000     75.000    521.750     77.618
  57      X      520.067     15.400    526.133     16.200
  58      X      520.067     93.000    526.133     93.800
  59      X      520.150     16.200    521.900     18.818
  60      X      520.150     16.650    521.750     33.750
  61      X      520.150     36.250    521.750     53.350
  62      X      520.150     51.182    521.900     53.800
  63      X      520.150     55.400    521.900     58.018
  64      X      520.150     55.850    521.750     72.950
  65      X      520.150     75.450    521.750     92.550
  66      X      520.150     90.382    521.900     93.000
  67      X      521.750     34.100    566.450     35.900
  68      X      521.750     73.300    566.450     75.100
  69      X      521.900     53.800    524.300     55.400
  70      X      522.514     15.400    570.786     16.300
  71      X      522.514     92.900    570.786     93.800
  72      X      523.246     53.700    525.354     55.400
  73      X      523.246     53.800    525.354     55.500
  74      X      524.300     53.700    569.000     55.500
  75      X      560.450    106.250    561.350    107.150
  76      X      560.450    106.250    562.850    107.150
  77      X      560.450    106.350    563.200    107.150
  78      X      560.450    108.450    561.350    109.350
  79      X      560.450    108.450    562.850    109.350
  80      X      560.450    108.450    563.200    109.250
  81      X      561.367    106.350    564.000    107.150
  82      X      561.367    108.450    564.000    109.250
  83      X      562.050    106.350    563.250    107.550
  84      X      562.050    108.050    563.250    109.250
  85      X      562.850    106.350    564.050    107.550
  86      X      562.850    107.150    564.050    108.350
  87      X      562.850    107.250    564.050    108.450
  88      X      562.850    108.050    564.050    109.250
  89      X      563.250    106.400    564.050    108.050
  90      X      563.250    107.200    564.050    108.400
  91      X      563.250    107.550    564.050    109.200
  92      X      565.396     34.100    567.504     35.800
  93      X      565.396     34.200    567.504     35.900
  94      X      565.396     73.300    567.504     75.000
  95      X      565.396     73.400    567.504     75.100
  96      X      566.450     34.200    568.850     35.800
  97      X      566.450     73.400    568.850     75.000
  98      X      568.850     31.582    570.600     34.200
  99      X      568.850     35.800    570.600     38.418
 100      X      568.850     70.782    570.600     73.400
 101      X      568.850     75.000    570.600     77.618
 102      X      568.917     15.400    574.983     16.200
 103      X      568.917     93.000    574.983     93.800
 104      X      569.000     16.200    570.750     18.818
 105      X      569.000     16.650    570.600     33.750
 106      X      569.000     36.250    570.600     53.350
 107      X      569.000     51.182    570.750     53.800
 108      X      569.000     55.400    570.750     58.018
 109      X      569.000     55.850    570.600     72.950
 110      X      569.000     75.450    570.600     92.550
 111      X      569.000     90.382    570.750     93.000
 112      X      570.600     34.100    615.300     35.900
 113      X      570.600     73.300    615.300     75.100
 114      X      570.750     53.800    573.150     55.400
 115      X      571.364     15.400    618.650     16.300
 116      X      571.364     92.900    618.650     93.800
 117      X      572.096     53.700    574.204     55.400
 118      X      572.096     53.800    574.204     55.500
 119      X      573.150     53.700    617.850     55.500
 120      X      586.050    125.300    586.950    126.200
 121      X      586.050    125.300    588.450    126.200
 122      X      586.050    125.400    588.800    126.200
 123      X      586.050    127.500    586.950    128.400
 124      X      586.050    127.500    588.450    128.400
 125      X      586.050    127.500    588.800    128.300
 126      X      586.967    125.400    589.600    126.200
 127      X      586.967    127.500    589.600    128.300
 128      X      587.650    125.400    588.850    126.600
 129      X      587.650    127.100    588.850    128.300
 130      X      588.450    125.400    589.650    126.600
 131      X      588.450    126.200    589.650    127.400
 132      X      588.450    126.300    589.650    127.500
 133      X      588.450    127.100    589.650    128.300
 134      X      588.850    125.450    589.650    127.100
 135      X      588.850    126.250    589.650    127.450
 136      X      588.850    126.600    589.650    128.250
 137      X      614.246     34.100    616.354     35.800
 138      X      614.246     34.200    616.354     35.900
 139      X      614.246     73.300    616.354     75.000
 140      X      614.246     73.400    616.354     75.100
 141      X      615.300     34.200    617.700     35.800
 142      X      615.300     73.400    617.700     75.000
 143      X      617.700     30.790    618.650     35.960
 144      X      617.700     34.040    618.650     39.210
 145      X      617.700     69.990    618.650     75.160
 146      X      617.700     73.240    618.650     78.410
 147      X      617.850     15.400    618.650     34.383
 148      X      617.850     35.617    618.650     55.533
 149      X      617.850     53.667    618.650     73.583
 150      X      617.850     74.817    618.650     93.800

================================================================================
Rule No. 772 : ERC Warning: Gates connected to VDD/VCC

Real Error Count : 34; Flat Error Count : 41
================================================================================

--------------------------------------------------------------------------------
Cell Name : pmos4 layout PRIMLIB l="15u" in1=MP428029

                   Cell Errors    Real Errors   Cell Placements     Environments
                             1              1                 8                1
--------------------------------------------------------------------------------
Env.  Env. Placements            X1           Y1          X2           Y2

  1        8                 26.175        2.725      41.175       12.725

Shape               Environments Status & Error Marker 

          1           X1         Y1         X2         Y2

   1      X        0.000      0.850     10.000     15.850

--------------------------------------------------------------------------------
Cell Name : VGA_1 layout YAOWEN

                   Cell Errors    Real Errors   Cell Placements     Environments
                            33             33                 1                1
--------------------------------------------------------------------------------
Env.  Env. Placements            X1           Y1          X2           Y2

  1        1                 26.175        2.725     248.775      165.325

Shape               Environments Status & Error Marker 

          1           X1         Y1         X2         Y2

   1      X       43.475      2.725     58.475     12.725
   2      X       43.475     24.525     58.475     34.525
   3      X       43.475    133.525     58.475    143.525
   4      X       43.475    155.325     58.475    165.325
   5      X       60.775      2.725     75.775     12.725
   6      X       60.775    155.325     75.775    165.325
   7      X       78.075      2.725     93.075     12.725
   8      X       78.075    155.325     93.075    165.325
   9      X       95.375      2.725    110.375     12.725
  10      X       95.375    155.325    110.375    165.325
  11      X      112.675      2.725    127.675     12.725
  12      X      112.675    155.325    127.675    165.325
  13      X      129.975      2.725    144.975     12.725
  14      X      129.975    155.325    144.975    165.325
  15      X      147.275      2.725    162.275     12.725
  16      X      147.275    155.325    162.275    165.325
  17      X      164.575      2.725    179.575     12.725
  18      X      164.575    155.325    179.575    165.325
  19      X      181.875      2.725    196.875     12.725
  20      X      181.875    155.325    196.875    165.325
  21      X      199.175      2.725    214.175     12.725
  22      X      199.175    155.325    214.175    165.325
  23      X      216.475      2.725    231.475     12.725
  24      X      216.475    133.525    231.475    143.525
  25      X      216.475    155.325    231.475    165.325
  26      X      233.775      2.725    248.775     12.725
  27      X      233.775     24.525    248.775     34.525
  28      X      233.775     46.325    248.775     56.325
  29      X      233.775     68.125    248.775     78.125
  30      X      233.775     89.925    248.775     99.925
  31      X      233.775    111.725    248.775    121.725
  32      X      233.775    133.525    248.775    143.525
  33      X      233.775    155.325    248.775    165.325

================================================================================
Rule No. 773 : ERC Warning: Gates connected to VSS/GND

Real Error Count : 14; Flat Error Count : 14
================================================================================

--------------------------------------------------------------------------------
Cell Name : VGA_1 layout YAOWEN

                   Cell Errors    Real Errors   Cell Placements     Environments
                            14             14                 1                1
--------------------------------------------------------------------------------
Env.  Env. Placements            X1           Y1          X2           Y2

  1        1                292.425       56.825     393.925      105.350

Shape               Environments Status & Error Marker 

          1           X1         Y1         X2         Y2

   1      X      292.425     85.550    307.425     93.050
   2      X      292.425     97.850    307.425    105.350
   3      X      371.475     56.825    371.825     66.825
   4      X      372.825     56.825    373.175     66.825
   5      X      374.175     56.825    374.525     66.825
   6      X      375.525     56.825    375.875     66.825
   7      X      376.875     56.825    377.225     66.825
   8      X      378.225     56.825    378.575     66.825
   9      X      378.925     85.550    393.925     93.050
  10      X      378.925     97.850    393.925    105.350
  11      X      379.575     56.825    379.925     66.825
  12      X      380.925     56.825    381.275     66.825
  13      X      382.275     56.825    382.625     66.825
  14      X      383.625     56.825    383.975     66.825

================================================================================
Rule No. 1476 : # INFO: C35B4/C35B3 ASSURA DRC DECK (REV9 DATE 26-Apr-2011) Last modified 07-Sept-2016 #

Real Error Count : 1; Flat Error Count : 1
================================================================================

--------------------------------------------------------------------------------
Cell Name : VGA_1 layout YAOWEN

                   Cell Errors    Real Errors   Cell Placements     Environments
                             1              1                 1                1
--------------------------------------------------------------------------------
Env.  Env. Placements            X1           Y1          X2           Y2

  1        1                  1.700      -18.025     630.000      196.650

Shape               Environments Status & Error Marker 

          1           X1         Y1         X2         Y2

   1      X        1.700    -18.025    630.000    196.650

