================================================================================
Rule No. 421 : INFO: hot nwell

Real Error Count : 9; Flat Error Count : 12
================================================================================

--------------------------------------------------------------------------------
Cell Name : pmos4 layout PRIMLIB jd=FALSE js=FALSE l="350n" ng="20" w="15u" wtot="300u" in1=MP1728129

                   Cell Errors    Real Errors   Cell Placements     Environments
                             1              1                 4                1
--------------------------------------------------------------------------------
Env.  Env. Placements            X1           Y1          X2           Y2

  1        4                193.725     -102.300     223.825      -84.900

Shape               Environments Status & Error Marker 

          1           X1         Y1         X2         Y2

   1      X       -1.200     -1.200     16.200     28.900

--------------------------------------------------------------------------------
Cell Name : Gm_C_filter layout YAOWEN

                   Cell Errors    Real Errors   Cell Placements     Environments
                             8              8                 1                1
--------------------------------------------------------------------------------
Env.  Env. Placements            X1           Y1          X2           Y2

  1        1                190.800     -102.300     265.400      -60.800

Shape               Environments Status & Error Marker 

          1           X1         Y1         X2         Y2

   1      X      190.800    -78.200    193.725    -60.800
   2      X      191.400   -102.300    193.725    -84.900
   3      X      223.825   -102.300    225.850    -84.900
   4      X      223.825    -78.200    225.800    -60.800
   5      X      230.950    -78.200    232.825    -60.800
   6      X      231.200   -102.300    232.825    -84.900
   7      X      262.925   -102.300    265.400    -84.900
   8      X      262.925    -78.200    265.350    -60.800

================================================================================
Rule No. 510 : M1_R_1 Minimum density of MET1 area [%] = 30

Real Error Count : 1; Flat Error Count : 2
================================================================================

--------------------------------------------------------------------------------
Cell Name : Gm_C_filter layout YAOWEN

                   Cell Errors    Real Errors   Cell Placements     Environments
                             2              1                 1                1
--------------------------------------------------------------------------------
Env.  Env. Placements            X1           Y1          X2           Y2

  1        1                 27.525     -281.800    1027.700      -15.850

Shape               Environments Status & Error Marker 

          1           X1         Y1         X2         Y2

   1      X       27.525   -281.800   1027.700    -15.850

================================================================================
Rule No. 521 : M2_R_1 Minimum density of MET2 area [%] = 30

Real Error Count : 1; Flat Error Count : 2
================================================================================

--------------------------------------------------------------------------------
Cell Name : Gm_C_filter layout YAOWEN

                   Cell Errors    Real Errors   Cell Placements     Environments
                             2              1                 1                1
--------------------------------------------------------------------------------
Env.  Env. Placements            X1           Y1          X2           Y2

  1        1                 27.525     -281.800    1027.700      -15.850

Shape               Environments Status & Error Marker 

          1           X1         Y1         X2         Y2

   1      X       27.525   -281.800   1027.700    -15.850

================================================================================
Rule No. 532 : M3_R_1 Minimum density of MET3 area [%] = 30

Real Error Count : 1; Flat Error Count : 2
================================================================================

--------------------------------------------------------------------------------
Cell Name : Gm_C_filter layout YAOWEN

                   Cell Errors    Real Errors   Cell Placements     Environments
                             2              1                 1                1
--------------------------------------------------------------------------------
Env.  Env. Placements            X1           Y1          X2           Y2

  1        1                 27.525     -281.800    1027.700      -15.850

Shape               Environments Status & Error Marker 

          1           X1         Y1         X2         Y2

   1      X       27.525   -281.800   1027.700    -15.850

================================================================================
Rule No. 772 : ERC Warning: Gates connected to VDD/VCC

Real Error Count : 4; Flat Error Count : 4
================================================================================

--------------------------------------------------------------------------------
Cell Name : Gm_C_filter layout YAOWEN

                   Cell Errors    Real Errors   Cell Placements     Environments
                             4              4                 1                1
--------------------------------------------------------------------------------
Env.  Env. Placements            X1           Y1          X2           Y2

  1        1                 50.075      -83.200     142.675      -64.800

Shape               Environments Status & Error Marker 

          1           X1         Y1         X2         Y2

   1      X       50.075    -83.200     55.075    -77.200
   2      X       50.075    -70.800     55.075    -64.800
   3      X      137.675    -83.200    142.675    -77.200
   4      X      137.675    -70.800    142.675    -64.800

================================================================================
Rule No. 773 : ERC Warning: Gates connected to VSS/GND

Real Error Count : 28; Flat Error Count : 28
================================================================================

--------------------------------------------------------------------------------
Cell Name : Gm_C_filter layout YAOWEN

                   Cell Errors    Real Errors   Cell Placements     Environments
                            28             28                 1                1
--------------------------------------------------------------------------------
Env.  Env. Placements            X1           Y1          X2           Y2

  1        1                 36.375     -222.750      80.625     -145.750

Shape               Environments Status & Error Marker 

          1           X1         Y1         X2         Y2

   1      X       36.375   -222.750     38.375   -218.750
   2      X       36.375   -149.750     38.375   -145.750
   3      X       39.625   -222.750     41.625   -218.750
   4      X       39.625   -149.750     41.625   -145.750
   5      X       42.875   -222.750     44.875   -218.750
   6      X       42.875   -149.750     44.875   -145.750
   7      X       46.125   -222.750     48.125   -218.750
   8      X       46.125   -149.750     48.125   -145.750
   9      X       49.375   -222.750     51.375   -218.750
  10      X       49.375   -149.750     51.375   -145.750
  11      X       52.625   -222.750     54.625   -218.750
  12      X       52.625   -149.750     54.625   -145.750
  13      X       55.875   -222.750     57.875   -218.750
  14      X       55.875   -149.750     57.875   -145.750
  15      X       59.125   -222.750     61.125   -218.750
  16      X       59.125   -149.750     61.125   -145.750
  17      X       62.375   -222.750     64.375   -218.750
  18      X       62.375   -149.750     64.375   -145.750
  19      X       65.625   -222.750     67.625   -218.750
  20      X       65.625   -149.750     67.625   -145.750
  21      X       68.875   -222.750     70.875   -218.750
  22      X       68.875   -149.750     70.875   -145.750
  23      X       72.125   -222.750     74.125   -218.750
  24      X       72.125   -149.750     74.125   -145.750
  25      X       75.375   -222.750     77.375   -218.750
  26      X       75.375   -149.750     77.375   -145.750
  27      X       78.625   -222.750     80.625   -218.750
  28      X       78.625   -149.750     80.625   -145.750

================================================================================
Rule No. 1476 : # INFO: C35B4/C35B3 ASSURA DRC DECK (REV9 DATE 26-Apr-2011) Last modified 07-Sept-2016 #

Real Error Count : 1; Flat Error Count : 1
================================================================================

--------------------------------------------------------------------------------
Cell Name : Gm_C_filter layout YAOWEN

                   Cell Errors    Real Errors   Cell Placements     Environments
                             1              1                 1                1
--------------------------------------------------------------------------------
Env.  Env. Placements            X1           Y1          X2           Y2

  1        1                 27.525     -281.800    1027.700      -15.850

Shape               Environments Status & Error Marker 

          1           X1         Y1         X2         Y2

   1      X       27.525   -281.800   1027.700    -15.850

