================================================================================
Rule No. 44 : # INFO: Don't use -resimulate_extracted- Switch for standard LVS but only for QRC! #

Real Error Count : 23; Flat Error Count : 143
================================================================================

--------------------------------------------------------------------------------
Cell Name : pmos4 layout PRIMLIB l="2u" w="5u" wtot="5u" in1=MP328529

                   Cell Errors    Real Errors   Cell Placements     Environments
                             1              1                14                1
--------------------------------------------------------------------------------
Env.  Env. Placements            X1           Y1          X2           Y2

  1       14                340.100       55.100     346.200       62.500

Shape               Environments Status & Error Marker 

          1           X1         Y1         X2         Y2

   1      X       -1.200     -1.200      6.200      4.900

--------------------------------------------------------------------------------
Cell Name : pmos4 layout PRIMLIB l="30u" in1=MP8281129

                   Cell Errors    Real Errors   Cell Placements     Environments
                             1              1                28                1
--------------------------------------------------------------------------------
Env.  Env. Placements            X1           Y1          X2           Y2

  1       28                426.375      135.800     460.475      148.200

Shape               Environments Status & Error Marker 

          1           X1         Y1         X2         Y2

   1      X       -1.200     -1.200     11.200     32.900

--------------------------------------------------------------------------------
Cell Name : pmos4 layout PRIMLIB l="1u" in1=MP2628729

                   Cell Errors    Real Errors   Cell Placements     Environments
                             1              1                 8                1
--------------------------------------------------------------------------------
Env.  Env. Placements            X1           Y1          X2           Y2

  1        8                423.075      135.800     428.175      148.200

Shape               Environments Status & Error Marker 

          1           X1         Y1         X2         Y2

   1      X       -1.200     -1.200     11.200      3.900

--------------------------------------------------------------------------------
Cell Name : pmos4 layout PRIMLIB l="10u" in1=MP928129

                   Cell Errors    Real Errors   Cell Placements     Environments
                             1              1                17                1
--------------------------------------------------------------------------------
Env.  Env. Placements            X1           Y1          X2           Y2

  1       17                230.475      155.000     244.575      167.400

Shape               Environments Status & Error Marker 

          1           X1         Y1         X2         Y2

   1      X       -1.200     -1.200     11.200     12.900

--------------------------------------------------------------------------------
Cell Name : nmos4 layout PRIMLIB l="10u" w="5u" wtot="5u" in1=MN828129

                   Cell Errors    Real Errors   Cell Placements     Environments
                             1              1                18                1
--------------------------------------------------------------------------------
Env.  Env. Placements            X1           Y1          X2           Y2

  1       18                 49.725       40.300      61.925       46.100

Shape               Environments Status & Error Marker 

          1           X1         Y1         X2         Y2

   1      X       -0.400     -0.250      5.400     11.950

--------------------------------------------------------------------------------
Cell Name : nmos4 layout PRIMLIB l="10u" in1=MN928329

                   Cell Errors    Real Errors   Cell Placements     Environments
                             1              1                40                1
--------------------------------------------------------------------------------
Env.  Env. Placements            X1           Y1          X2           Y2

  1       40                234.275       92.300     246.475      103.100

Shape               Environments Status & Error Marker 

          1           X1         Y1         X2         Y2

   1      X       -0.400     -0.250     10.400     11.950

--------------------------------------------------------------------------------
Cell Name : cpolyc layout PRIMLIB area="5.78n" c="5p" l="76.45u" perimeter="304.2u" rbottom="Cont" rleft="Cont" rright="Cont" rtop="Cont" id_=6cdfb038bdd4c61d in1=C0

                   Cell Errors    Real Errors   Cell Placements     Environments
                             1              1                 2                1
--------------------------------------------------------------------------------
Env.  Env. Placements            X1           Y1          X2           Y2

  1        2                129.300       28.300     211.250      108.650

Shape               Environments Status & Error Marker 

          1           X1         Y1         X2         Y2

   1      X       -1.350     -1.350     80.600     79.000

--------------------------------------------------------------------------------
Cell Name : Current_Voltage_Reference layout YAOWEN

                   Cell Errors    Real Errors   Cell Placements     Environments
                            16             16                 1                1
--------------------------------------------------------------------------------
Env.  Env. Placements            X1           Y1          X2           Y2

  1        1                 29.775       13.350     711.750      243.150

Shape               Environments Status & Error Marker 

          1           X1         Y1         X2         Y2

   1      X       29.775     13.350    100.725    243.150
   2      X       65.825     13.350     98.825    191.050
   3      X       65.825     55.900     74.225    128.350
   4      X       90.425     13.350    211.250    243.150
   5      X       90.425     55.900     98.825    128.350
   6      X      127.325    108.650    176.425    243.150
   7      X      164.225    139.150    176.425    145.150
   8      X      176.425    108.650    211.250    243.150
   9      X      211.250     13.350    281.475    243.150
  10      X      246.575     13.350    283.375    243.150
  11      X      246.575     48.900    258.775     52.900
  12      X      271.175     48.900    283.375     52.900
  13      X      283.375     13.350    381.950    243.150
  14      X      308.075    103.100    320.275    109.100
  15      X      320.275     13.350    381.950    146.950
  16      X      381.950     13.350    711.750    243.150

================================================================================
Rule No. 45 : # C35B4 ENG - 183 Rev9 (Last updated 26-Apr-2017 12:48) #

Real Error Count : 23; Flat Error Count : 143
================================================================================

--------------------------------------------------------------------------------
Cell Name : pmos4 layout PRIMLIB l="2u" w="5u" wtot="5u" in1=MP328529

                   Cell Errors    Real Errors   Cell Placements     Environments
                             1              1                14                1
--------------------------------------------------------------------------------
Env.  Env. Placements            X1           Y1          X2           Y2

  1       14                340.100       55.100     346.200       62.500

Shape               Environments Status & Error Marker 

          1           X1         Y1         X2         Y2

   1      X       -1.200     -1.200      6.200      4.900

--------------------------------------------------------------------------------
Cell Name : pmos4 layout PRIMLIB l="30u" in1=MP8281129

                   Cell Errors    Real Errors   Cell Placements     Environments
                             1              1                28                1
--------------------------------------------------------------------------------
Env.  Env. Placements            X1           Y1          X2           Y2

  1       28                426.375      135.800     460.475      148.200

Shape               Environments Status & Error Marker 

          1           X1         Y1         X2         Y2

   1      X       -1.200     -1.200     11.200     32.900

--------------------------------------------------------------------------------
Cell Name : pmos4 layout PRIMLIB l="1u" in1=MP2628729

                   Cell Errors    Real Errors   Cell Placements     Environments
                             1              1                 8                1
--------------------------------------------------------------------------------
Env.  Env. Placements            X1           Y1          X2           Y2

  1        8                423.075      135.800     428.175      148.200

Shape               Environments Status & Error Marker 

          1           X1         Y1         X2         Y2

   1      X       -1.200     -1.200     11.200      3.900

--------------------------------------------------------------------------------
Cell Name : pmos4 layout PRIMLIB l="10u" in1=MP928129

                   Cell Errors    Real Errors   Cell Placements     Environments
                             1              1                17                1
--------------------------------------------------------------------------------
Env.  Env. Placements            X1           Y1          X2           Y2

  1       17                230.475      155.000     244.575      167.400

Shape               Environments Status & Error Marker 

          1           X1         Y1         X2         Y2

   1      X       -1.200     -1.200     11.200     12.900

--------------------------------------------------------------------------------
Cell Name : nmos4 layout PRIMLIB l="10u" w="5u" wtot="5u" in1=MN828129

                   Cell Errors    Real Errors   Cell Placements     Environments
                             1              1                18                1
--------------------------------------------------------------------------------
Env.  Env. Placements            X1           Y1          X2           Y2

  1       18                 49.725       40.300      61.925       46.100

Shape               Environments Status & Error Marker 

          1           X1         Y1         X2         Y2

   1      X       -0.400     -0.250      5.400     11.950

--------------------------------------------------------------------------------
Cell Name : nmos4 layout PRIMLIB l="10u" in1=MN928329

                   Cell Errors    Real Errors   Cell Placements     Environments
                             1              1                40                1
--------------------------------------------------------------------------------
Env.  Env. Placements            X1           Y1          X2           Y2

  1       40                234.275       92.300     246.475      103.100

Shape               Environments Status & Error Marker 

          1           X1         Y1         X2         Y2

   1      X       -0.400     -0.250     10.400     11.950

--------------------------------------------------------------------------------
Cell Name : cpolyc layout PRIMLIB area="5.78n" c="5p" l="76.45u" perimeter="304.2u" rbottom="Cont" rleft="Cont" rright="Cont" rtop="Cont" id_=6cdfb038bdd4c61d in1=C0

                   Cell Errors    Real Errors   Cell Placements     Environments
                             1              1                 2                1
--------------------------------------------------------------------------------
Env.  Env. Placements            X1           Y1          X2           Y2

  1        2                129.300       28.300     211.250      108.650

Shape               Environments Status & Error Marker 

          1           X1         Y1         X2         Y2

   1      X       -1.350     -1.350     80.600     79.000

--------------------------------------------------------------------------------
Cell Name : Current_Voltage_Reference layout YAOWEN

                   Cell Errors    Real Errors   Cell Placements     Environments
                            16             16                 1                1
--------------------------------------------------------------------------------
Env.  Env. Placements            X1           Y1          X2           Y2

  1        1                 29.775       13.350     711.750      243.150

Shape               Environments Status & Error Marker 

          1           X1         Y1         X2         Y2

   1      X       29.775     13.350    100.725    243.150
   2      X       65.825     13.350     98.825    191.050
   3      X       65.825     55.900     74.225    128.350
   4      X       90.425     13.350    211.250    243.150
   5      X       90.425     55.900     98.825    128.350
   6      X      127.325    108.650    176.425    243.150
   7      X      164.225    139.150    176.425    145.150
   8      X      176.425    108.650    211.250    243.150
   9      X      211.250     13.350    281.475    243.150
  10      X      246.575     13.350    283.375    243.150
  11      X      246.575     48.900    258.775     52.900
  12      X      271.175     48.900    283.375     52.900
  13      X      283.375     13.350    381.950    243.150
  14      X      308.075    103.100    320.275    109.100
  15      X      320.275     13.350    381.950    146.950
  16      X      381.950     13.350    711.750    243.150

