================================================================================
Rule No. 421 : INFO: hot nwell

Real Error Count : 4; Flat Error Count : 72
================================================================================

--------------------------------------------------------------------------------
Cell Name : rpolyhc layout PRIMLIB Bends=12 Dummy=TRUE ResShape="90_deg" gwell="N-Well" l="1000u" r="2M" rtop="Cont" w="0.8u" in1=R3

                   Cell Errors    Real Errors   Cell Placements     Environments
                             1              1                 2                1
--------------------------------------------------------------------------------
Env.  Env. Placements            X1           Y1          X2           Y2

  1        2                171.550       13.500     201.550      102.400

Shape               Environments Status & Error Marker 

          1           X1         Y1         X2         Y2

   1      X       -6.650     -4.650     82.250     25.350

--------------------------------------------------------------------------------
Cell Name : pmos4 layout PRIMLIB l="500n" w="12.5u" wtot="12.5u" in1=MP1283129

                   Cell Errors    Real Errors   Cell Placements     Environments
                             1              1                68                1
--------------------------------------------------------------------------------
Env.  Env. Placements            X1           Y1          X2           Y2

  1       68                 56.275       72.275      60.875       87.175

Shape               Environments Status & Error Marker 

          1           X1         Y1         X2         Y2

   1      X       -1.200     -1.200     13.700      3.400

--------------------------------------------------------------------------------
Cell Name : buffer2_f_3c layout FECG

                   Cell Errors    Real Errors   Cell Placements     Environments
                             2              2                 1                1
--------------------------------------------------------------------------------
Env.  Env. Placements            X1           Y1          X2           Y2

  1        1                 43.125       13.500     227.150      122.950

Shape               Environments Status & Error Marker 

          1           X1         Y1         X2         Y2

   1      X       43.125     62.125    166.425    117.625
   2      X      183.475    106.150    219.525    122.950

================================================================================
Rule No. 510 : M1_R_1 Minimum density of MET1 area [%] = 30

Real Error Count : 1; Flat Error Count : 2
================================================================================

--------------------------------------------------------------------------------
Cell Name : buffer2_f_3c layout FECG

                   Cell Errors    Real Errors   Cell Placements     Environments
                             2              1                 1                1
--------------------------------------------------------------------------------
Env.  Env. Placements            X1           Y1          X2           Y2

  1        1                  2.300        0.475     342.550      183.275

Shape               Environments Status & Error Marker 

          1           X1         Y1         X2         Y2

   1      X        2.300      0.475    342.550    183.275

================================================================================
Rule No. 521 : M2_R_1 Minimum density of MET2 area [%] = 30

Real Error Count : 1; Flat Error Count : 2
================================================================================

--------------------------------------------------------------------------------
Cell Name : buffer2_f_3c layout FECG

                   Cell Errors    Real Errors   Cell Placements     Environments
                             2              1                 1                1
--------------------------------------------------------------------------------
Env.  Env. Placements            X1           Y1          X2           Y2

  1        1                  2.300        0.475     342.550      183.275

Shape               Environments Status & Error Marker 

          1           X1         Y1         X2         Y2

   1      X        2.300      0.475    342.550    183.275

================================================================================
Rule No. 532 : M3_R_1 Minimum density of MET3 area [%] = 30

Real Error Count : 1; Flat Error Count : 2
================================================================================

--------------------------------------------------------------------------------
Cell Name : buffer2_f_3c layout FECG

                   Cell Errors    Real Errors   Cell Placements     Environments
                             2              1                 1                1
--------------------------------------------------------------------------------
Env.  Env. Placements            X1           Y1          X2           Y2

  1        1                  2.300        0.475     342.550      183.275

Shape               Environments Status & Error Marker 

          1           X1         Y1         X2         Y2

   1      X        2.300      0.475    342.550    183.275

================================================================================
Rule No. 669 : RPOLYH_G2 Minimum high precision RPOLYH width = 2

Real Error Count : 66; Flat Error Count : 123
================================================================================

--------------------------------------------------------------------------------
Cell Name : rpolyhc layout PRIMLIB Bends=12 Dummy=TRUE ResShape="90_deg" gwell="N-Well" l="1000u" r="2M" rtop="Cont" w="0.8u" in1=R3

                   Cell Errors    Real Errors   Cell Placements     Environments
                            57             57                 2                1
--------------------------------------------------------------------------------
Env.  Env. Placements            X1           Y1          X2           Y2

  1        2                175.850       17.800     198.550       98.100

Shape               Environments Status & Error Marker 

          1           X1         Y1         X2         Y2

   1      X       -2.350     -1.033     -1.550     21.050
   2      X       -2.350     20.150     76.386     21.050
   3      X       -0.800     -0.100      0.250      1.702
   4      X       -0.800      1.550      0.000      3.900
   5      X       -0.800      1.550     76.400      2.350
   6      X       -0.800      2.817      0.000      4.933
   7      X       -0.800      3.100     76.400      3.900
   8      X       -0.800      3.617      0.000      5.733
   9      X       -0.800      4.650      0.000      7.000
  10      X       -0.800      4.650     76.400      5.450
  11      X       -0.800      5.917      0.000      8.033
  12      X       -0.800      6.200     76.400      7.000
  13      X       -0.800      6.717      0.000      8.833
  14      X       -0.800      7.750      0.000     10.100
  15      X       -0.800      7.750     76.400      8.550
  16      X       -0.800      9.017      0.000     11.133
  17      X       -0.800      9.300     76.400     10.100
  18      X       -0.800      9.817      0.000     11.933
  19      X       -0.800     10.850      0.000     13.200
  20      X       -0.800     10.850     76.400     11.650
  21      X       -0.800     12.117      0.000     14.233
  22      X       -0.800     12.400     76.400     13.200
  23      X       -0.800     12.917      0.000     15.033
  24      X       -0.800     13.950      0.000     16.300
  25      X       -0.800     13.950     76.400     14.750
  26      X       -0.800     15.217      0.000     17.333
  27      X       -0.800     15.500     76.400     16.300
  28      X       -0.800     16.017      0.000     18.133
  29      X       -0.800     17.050      0.000     19.400
  30      X       -0.800     17.050     76.400     17.850
  31      X       -0.800     18.600     76.250     19.400
  32      X       -0.650     -0.100      0.250      0.800
  33      X       -0.650     -0.100      2.036      0.800
  34      X       -0.650      0.000     76.400      0.800
  35      X       -0.650      0.459      0.000      2.691
  36      X       72.767     20.250     77.950     21.050
  37      X       73.564     18.600     76.250     19.500
  38      X       75.350     17.698     76.400     19.500
  39      X       75.350     18.600     76.250     19.500
  40      X       75.600      0.000     76.400      2.350
  41      X       75.600      1.267     76.400      3.383
  42      X       75.600      2.067     76.400      4.183
  43      X       75.600      3.100     76.400      5.450
  44      X       75.600      4.367     76.400      6.483
  45      X       75.600      5.167     76.400      7.283
  46      X       75.600      6.200     76.400      8.550
  47      X       75.600      7.467     76.400      9.583
  48      X       75.600      8.267     76.400     10.383
  49      X       75.600      9.300     76.400     11.650
  50      X       75.600     10.567     76.400     12.683
  51      X       75.600     11.367     76.400     13.483
  52      X       75.600     12.400     76.400     14.750
  53      X       75.600     13.667     76.400     15.783
  54      X       75.600     14.467     76.400     16.583
  55      X       75.600     15.500     76.400     17.850
  56      X       75.600     16.709     76.250     18.941
  57      X       77.000     16.840     77.950     21.050

--------------------------------------------------------------------------------
Cell Name : buffer2_f_3c layout FECG

                   Cell Errors    Real Errors   Cell Placements     Environments
                             9              9                 1                1
--------------------------------------------------------------------------------
Env.  Env. Placements            X1           Y1          X2           Y2

  1        1                175.850       17.800     222.850       98.100

Shape               Environments Status & Error Marker 

          1           X1         Y1         X2         Y2

   1      X      176.467     97.300    198.550     98.100
   2      X      194.340     17.800    199.510     18.750
   3      X      196.717     17.800    201.983     18.600
   4      X      197.650     19.364    198.550     98.100
   5      X      197.750     18.600    198.550     22.983
   6      X      199.217     17.800    222.233     18.600
   7      X      200.150     18.600    201.050     96.536
   8      X      200.150     92.917    200.950     98.100
   9      X      200.150     97.150    204.360     98.100

================================================================================
Rule No. 772 : ERC Warning: Gates connected to VDD/VCC

Real Error Count : 4; Flat Error Count : 4
================================================================================

--------------------------------------------------------------------------------
Cell Name : buffer2_f_3c layout FECG

                   Cell Errors    Real Errors   Cell Placements     Environments
                             4              4                 1                1
--------------------------------------------------------------------------------
Env.  Env. Placements            X1           Y1          X2           Y2

  1        1                 59.150      136.425     146.950      161.225

Shape               Environments Status & Error Marker 

          1           X1         Y1         X2         Y2

   1      X       59.150    136.425     62.150    146.425
   2      X       59.150    151.225     62.150    161.225
   3      X      143.950    136.425    146.950    146.425
   4      X      143.950    151.225    146.950    161.225

================================================================================
Rule No. 1476 : # INFO: C35B4/C35B3 ASSURA DRC DECK (REV9 DATE 26-Apr-2011) Last modified 07-Sept-2016 #

Real Error Count : 1; Flat Error Count : 1
================================================================================

--------------------------------------------------------------------------------
Cell Name : buffer2_f_3c layout FECG

                   Cell Errors    Real Errors   Cell Placements     Environments
                             1              1                 1                1
--------------------------------------------------------------------------------
Env.  Env. Placements            X1           Y1          X2           Y2

  1        1                  2.300        0.475     342.550      183.275

Shape               Environments Status & Error Marker 

          1           X1         Y1         X2         Y2

   1      X        2.300      0.475    342.550    183.275

