\o Program:		@(#)$CDS: cdsLibEditor version 6.1.8 - CAT37 04/25/2024 14:36 (csvcm36c-7) $
\o Sub version:		sub-version  s364 
\o Arguments:		-cdslib /home/saul/projects/IL2244_VT26_SAUL/cds.lib -mpssession virtuoso1049407 -mpshost edatools -mpsversion 6.18 
\o Working Directory:	edatools:/home/saul/projects/IL2244_VT26_SAUL
\o 64-bit offsets
\a nrSetWindowVisibility(cdsLibEditor "show")
\o Qt version: 		5.9.1
\a nrSetCurrentWindow(cdsLibEditor)
\a nrResizeWindow(cdsLibEditor list(1665 842 500 400))
\a nrSetCurrentWindow(cdsLibEditor)
\a nrListItemAction(cdsLibEditor->mainTable 0 0)
\o Active cell: 0 0 "analogLib"
\a nrListItemAction(cdsLibEditor->mainTable 60 0)
\o Active cell: 60 0 ""
\a nrListItemRename(cdsLibEditor->mainTable, 60 0 "Potentiostat_cpoly")
\a nrListItemAction(cdsLibEditor->mainTable 60 1)
\o Active cell: 60 1 ""
\a nrListItemRename(cdsLibEditor->mainTable, 60 1 "./Potentiostat_cpoly")
\a nrListItemAction(cdsLibEditor->mainTable 61 0)
\o Active cell: 61 0 ""
\a cdsLibEditor->fileSaveButton->value = t
\a exit(0)
