================================================================================
Rule No. 421 : INFO: hot nwell

Real Error Count : 3; Flat Error Count : 10
================================================================================

--------------------------------------------------------------------------------
Cell Name : rpolyhc layout PRIMLIB Bends=4 Dummy=TRUE ResShape="90_deg" doubleCont="Horizontal" gwell="N-Well" l="250u" r="500K" w="800n" in1=R11

                   Cell Errors    Real Errors   Cell Placements     Environments
                             1              1                 8                1
--------------------------------------------------------------------------------
Env.  Env. Placements            X1           Y1          X2           Y2

  1        8                 21.025       84.100      82.025      100.400

Shape               Environments Status & Error Marker 

          1           X1         Y1         X2         Y2

   1      X       -6.000     -4.650     55.000     11.650

--------------------------------------------------------------------------------
Cell Name : BUFFER layout YAOWEN

                   Cell Errors    Real Errors   Cell Placements     Environments
                             2              2                 1                1
--------------------------------------------------------------------------------
Env.  Env. Placements            X1           Y1          X2           Y2

  1        1                 15.875       79.950     171.725      135.450

Shape               Environments Status & Error Marker 

          1           X1         Y1         X2         Y2

   1      X       15.875     79.950    146.175    135.450
   2      X      147.475    110.700    171.725    133.700

================================================================================
Rule No. 510 : M1_R_1 Minimum density of MET1 area [%] = 30

Real Error Count : 1; Flat Error Count : 2
================================================================================

--------------------------------------------------------------------------------
Cell Name : BUFFER layout YAOWEN

                   Cell Errors    Real Errors   Cell Placements     Environments
                             2              1                 1                1
--------------------------------------------------------------------------------
Env.  Env. Placements            X1           Y1          X2           Y2

  1        1                  9.075        9.625     356.000      237.250

Shape               Environments Status & Error Marker 

          1           X1         Y1         X2         Y2

   1      X        9.075      9.625    356.000    237.250

================================================================================
Rule No. 521 : M2_R_1 Minimum density of MET2 area [%] = 30

Real Error Count : 1; Flat Error Count : 2
================================================================================

--------------------------------------------------------------------------------
Cell Name : BUFFER layout YAOWEN

                   Cell Errors    Real Errors   Cell Placements     Environments
                             2              1                 1                1
--------------------------------------------------------------------------------
Env.  Env. Placements            X1           Y1          X2           Y2

  1        1                  9.075        9.625     356.000      237.250

Shape               Environments Status & Error Marker 

          1           X1         Y1         X2         Y2

   1      X        9.075      9.625    356.000    237.250

================================================================================
Rule No. 532 : M3_R_1 Minimum density of MET3 area [%] = 30

Real Error Count : 1; Flat Error Count : 2
================================================================================

--------------------------------------------------------------------------------
Cell Name : BUFFER layout YAOWEN

                   Cell Errors    Real Errors   Cell Placements     Environments
                             2              1                 1                1
--------------------------------------------------------------------------------
Env.  Env. Placements            X1           Y1          X2           Y2

  1        1                  9.075        9.625     356.000      237.250

Shape               Environments Status & Error Marker 

          1           X1         Y1         X2         Y2

   1      X        9.075      9.625    356.000    237.250

================================================================================
Rule No. 669 : RPOLYH_G2 Minimum high precision RPOLYH width = 2

Real Error Count : 78; Flat Error Count : 211
================================================================================

--------------------------------------------------------------------------------
Cell Name : rpolyhc layout PRIMLIB Bends=4 Dummy=TRUE ResShape="90_deg" doubleCont="Horizontal" gwell="N-Well" l="250u" r="500K" w="800n" in1=R11

                   Cell Errors    Real Errors   Cell Placements     Environments
                            19             19                 8                1
--------------------------------------------------------------------------------
Env.  Env. Placements            X1           Y1          X2           Y2

  1        8                 24.025       87.100      79.025       97.400

Shape               Environments Status & Error Marker 

          1           X1         Y1         X2         Y2

   1      X       -1.450     -0.100      0.250      0.800
   2      X       -1.450     -0.100      2.036      0.800
   3      X       -1.450      0.000     49.800      0.800
   4      X       -0.800     -0.100      0.250      1.702
   5      X       -0.800      1.550      0.000      3.900
   6      X       -0.800      1.550     49.800      2.350
   7      X       -0.800      2.817      0.000      4.933
   8      X       -0.800      3.100     49.800      3.900
   9      X       -0.800      3.617      0.000      5.733
  10      X       -0.800      4.650      0.000      7.000
  11      X       -0.800      4.650     49.800      5.450
  12      X       -0.800      6.200     50.450      7.000
  13      X       46.964      6.200     50.450      7.100
  14      X       48.750      5.298     49.800      7.100
  15      X       48.750      6.200     50.450      7.100
  16      X       49.000      0.000     49.800      2.350
  17      X       49.000      1.267     49.800      3.383
  18      X       49.000      2.067     49.800      4.183
  19      X       49.000      3.100     49.800      5.450

--------------------------------------------------------------------------------
Cell Name : BUFFER layout YAOWEN

                   Cell Errors    Real Errors   Cell Placements     Environments
                            59             59                 1                1
--------------------------------------------------------------------------------
Env.  Env. Placements            X1           Y1          X2           Y2

  1        1                 24.025       87.100     164.575      128.300

Shape               Environments Status & Error Marker 

          1           X1         Y1         X2         Y2

   1      X       24.025     87.100     24.825     92.133
   2      X       24.025     87.100     29.858     87.900
   3      X       24.025     88.923     25.475     97.877
   4      X       24.025     96.923     25.475    105.877
   5      X       24.025    102.667     24.825    108.733
   6      X       24.025    106.667     24.825    112.733
   7      X       24.025    109.523     25.475    118.477
   8      X       24.025    117.523     25.475    126.477
   9      X       24.025    123.267     24.825    128.300
  10      X       24.025    127.500     29.858    128.300
  11      X       24.825    106.900     28.025    108.500
  12      X       25.475     96.500     75.025     98.300
  13      X       25.475    117.100     75.025    118.900
  14      X       26.239     87.100     79.361     88.000
  15      X       26.239    127.400     79.361    128.300
  16      X       26.971    106.800     29.079    108.500
  17      X       26.971    106.900     29.079    108.600
  18      X       28.025    106.800     77.575    108.600
  19      X       73.971     96.500     76.079     98.200
  20      X       73.971     96.600     76.079     98.300
  21      X       73.971    117.100     76.079    118.800
  22      X       73.971    117.200     76.079    118.900
  23      X       75.025     96.600     78.225     98.200
  24      X       75.025    117.200     78.225    118.800
  25      X       78.225     94.200     79.825     96.600
  26      X       78.225     98.200     79.825    100.600
  27      X       78.225    114.800     79.825    117.200
  28      X       78.225    118.800     79.825    121.200
  29      X       78.689     87.100    131.811     88.000
  30      X       78.689    127.400    131.811    128.300
  31      X       79.825     96.600     83.025     98.200
  32      X       79.825    117.200     83.025    118.800
  33      X       80.475    106.800    130.025    108.600
  34      X       81.971     96.500     84.079     98.200
  35      X       81.971     96.600     84.079     98.300
  36      X       81.971    117.100     84.079    118.800
  37      X       81.971    117.200     84.079    118.900
  38      X       83.025     96.500    132.575     98.300
  39      X       83.025    117.100    132.575    118.900
  40      X      128.192     87.100    134.025     87.900
  41      X      128.192    127.500    134.025    128.300
  42      X      128.971    106.800    131.079    108.500
  43      X      128.971    106.900    131.079    108.600
  44      X      130.025    106.900    133.225    108.500
  45      X      132.575     88.923    134.025     97.877
  46      X      132.575     96.923    134.025    105.877
  47      X      132.575    109.523    134.025    118.477
  48      X      132.575    117.523    134.025    126.477
  49      X      133.225     87.100    134.025     92.133
  50      X      133.225    102.667    134.025    108.733
  51      X      133.225    106.667    134.025    112.733
  52      X      133.225    123.267    134.025    128.300
  53      X      154.625    117.850    155.825    126.550
  54      X      154.625    117.850    164.575    119.050
  55      X      154.625    125.350    164.575    126.550
  56      X      157.125    120.350    162.075    121.550
  57      X      157.125    122.850    162.075    124.050
  58      X      160.875    120.350    162.075    124.050
  59      X      163.375    117.850    164.575    126.550

================================================================================
Rule No. 772 : ERC Warning: Gates connected to VDD/VCC

Real Error Count : 52; Flat Error Count : 52
================================================================================

--------------------------------------------------------------------------------
Cell Name : BUFFER layout YAOWEN

                   Cell Errors    Real Errors   Cell Placements     Environments
                            52             52                 1                1
--------------------------------------------------------------------------------
Env.  Env. Placements            X1           Y1          X2           Y2

  1        1                 68.500       34.800     335.225      206.750

Shape               Environments Status & Error Marker 

          1           X1         Y1         X2         Y2

   1      X       68.500     34.800     70.500     44.800
   2      X       68.500     52.600     70.500     62.600
   3      X      115.800     34.800    117.800     44.800
   4      X      115.800     52.600    117.800     62.600
   5      X      220.725     73.050    225.725     78.050
   6      X      220.725     87.350    225.725     92.350
   7      X      220.725    101.650    225.725    106.650
   8      X      220.725    115.950    225.725    120.950
   9      X      220.725    130.250    225.725    135.250
  10      X      220.725    144.550    225.725    149.550
  11      X      220.725    158.850    225.725    163.850
  12      X      220.725    173.150    225.725    178.150
  13      X      220.725    187.450    225.725    192.450
  14      X      220.725    201.750    225.725    206.750
  15      X      228.025     73.050    233.025     78.050
  16      X      228.025    201.750    233.025    206.750
  17      X      235.325     73.050    240.325     78.050
  18      X      235.325    201.750    240.325    206.750
  19      X      242.625     73.050    247.625     78.050
  20      X      242.625    201.750    247.625    206.750
  21      X      249.925     73.050    254.925     78.050
  22      X      249.925    201.750    254.925    206.750
  23      X      257.225     73.050    262.225     78.050
  24      X      257.225    201.750    262.225    206.750
  25      X      264.525     73.050    269.525     78.050
  26      X      264.525    201.750    269.525    206.750
  27      X      271.825     73.050    276.825     78.050
  28      X      271.825    201.750    276.825    206.750
  29      X      279.125     73.050    284.125     78.050
  30      X      279.125    201.750    284.125    206.750
  31      X      286.425     73.050    291.425     78.050
  32      X      286.425    201.750    291.425    206.750
  33      X      293.725     73.050    298.725     78.050
  34      X      293.725    201.750    298.725    206.750
  35      X      301.025     73.050    306.025     78.050
  36      X      301.025    201.750    306.025    206.750
  37      X      308.325     73.050    313.325     78.050
  38      X      308.325    201.750    313.325    206.750
  39      X      315.625     73.050    320.625     78.050
  40      X      315.625    201.750    320.625    206.750
  41      X      322.925     73.050    327.925     78.050
  42      X      322.925    201.750    327.925    206.750
  43      X      330.225     73.050    335.225     78.050
  44      X      330.225     87.350    335.225     92.350
  45      X      330.225    101.650    335.225    106.650
  46      X      330.225    115.950    335.225    120.950
  47      X      330.225    130.250    335.225    135.250
  48      X      330.225    144.550    335.225    149.550
  49      X      330.225    158.850    335.225    163.850
  50      X      330.225    173.150    335.225    178.150
  51      X      330.225    187.450    335.225    192.450
  52      X      330.225    201.750    335.225    206.750

================================================================================
Rule No. 1476 : # INFO: C35B4/C35B3 ASSURA DRC DECK (REV9 DATE 26-Apr-2011) Last modified 07-Sept-2016 #

Real Error Count : 1; Flat Error Count : 1
================================================================================

--------------------------------------------------------------------------------
Cell Name : BUFFER layout YAOWEN

                   Cell Errors    Real Errors   Cell Placements     Environments
                             1              1                 1                1
--------------------------------------------------------------------------------
Env.  Env. Placements            X1           Y1          X2           Y2

  1        1                  9.075        9.625     356.000      237.250

Shape               Environments Status & Error Marker 

          1           X1         Y1         X2         Y2

   1      X        9.075      9.625    356.000    237.250

