Starting Single Run, Sweeps and Corners...

Current time: Mon May 18 10:27:21 2026 
Best design point: 1
Design specs: 
	DC	corner	CMOS_RES_CAP_TEMP_0 - 
	IDC("/R0/PLUS")		205.5n
	output noise; A / sqrt(Hz)		Error	No
	VT("/IPRB0/PLUS")		Error	No
	DC	corner	CMOS_RES_CAP_TEMP_1 - 
	IDC("/R0/PLUS")		332.4n
	output noise; A / sqrt(Hz)		Error	No
	VT("/IPRB0/PLUS")		Error	No
	DC	corner	CMOS_RES_CAP_TEMP_2 - 
	IDC("/R0/PLUS")		203.1n
	output noise; A / sqrt(Hz)		Error	No
	VT("/IPRB0/PLUS")		Error	No
	DC	corner	CMOS_RES_CAP_TEMP_3 - 
	IDC("/R0/PLUS")		404.8n
	output noise; A / sqrt(Hz)		Error	No
	VT("/IPRB0/PLUS")		Error	No
	DC	corner	CMOS_RES_CAP_TEMP_4 - 
	IDC("/R0/PLUS")		206.2n
	output noise; A / sqrt(Hz)		Error	No
	VT("/IPRB0/PLUS")		Error	No
	DC	corner	CMOS_RES_CAP_TEMP_5 - 
	IDC("/R0/PLUS")		343.1n
	output noise; A / sqrt(Hz)		Error	No
	VT("/IPRB0/PLUS")		Error	No
	DC	corner	CMOS_RES_CAP_TEMP_6 - 
	IDC("/R0/PLUS")		204.1n
	output noise; A / sqrt(Hz)		Error	No
	VT("/IPRB0/PLUS")		Error	No
	DC	corner	CMOS_RES_CAP_TEMP_7 - 
	IDC("/R0/PLUS")		336.3n
	output noise; A / sqrt(Hz)		Error	No
	VT("/IPRB0/PLUS")		Error	No
	DC	corner	CMOS_RES_CAP_TEMP_8 - 
	IDC("/R0/PLUS")		122.7n
	output noise; A / sqrt(Hz)		Error	No
	VT("/IPRB0/PLUS")		Error	No
	DC	corner	CMOS_RES_CAP_TEMP_9 - 
	IDC("/R0/PLUS")		194.4n
	output noise; A / sqrt(Hz)		Error	No
	VT("/IPRB0/PLUS")		Error	No
	DC	corner	CMOS_RES_CAP_TEMP_10 - 
	IDC("/R0/PLUS")		121.7n
	output noise; A / sqrt(Hz)		Error	No
	VT("/IPRB0/PLUS")		Error	No
	DC	corner	CMOS_RES_CAP_TEMP_11 - 
	IDC("/R0/PLUS")		321.3n
	output noise; A / sqrt(Hz)		Error	No
	VT("/IPRB0/PLUS")		Error	No
	DC	corner	CMOS_RES_CAP_TEMP_12 - 
	IDC("/R0/PLUS")		121.4n
	output noise; A / sqrt(Hz)		Error	No
	VT("/IPRB0/PLUS")		Error	No
	DC	corner	CMOS_RES_CAP_TEMP_13 - 
	IDC("/R0/PLUS")		195.2n
	output noise; A / sqrt(Hz)		Error	No
	VT("/IPRB0/PLUS")		Error	No
	DC	corner	CMOS_RES_CAP_TEMP_14 - 
	IDC("/R0/PLUS")		120.7n
	output noise; A / sqrt(Hz)		Error	No
	VT("/IPRB0/PLUS")		Error	No
	DC	corner	CMOS_RES_CAP_TEMP_15 - 
	IDC("/R0/PLUS")		193.8n
	output noise; A / sqrt(Hz)		Error	No
	VT("/IPRB0/PLUS")		Error	No
	DC	corner	CMOS_RES_CAP_TEMP_16 - 
	IDC("/R0/PLUS")		205.5n
	output noise; A / sqrt(Hz)		Error	No
	VT("/IPRB0/PLUS")		Error	No
	DC	corner	CMOS_RES_CAP_TEMP_17 - 
	IDC("/R0/PLUS")		332.4n
	output noise; A / sqrt(Hz)		Error	No
	VT("/IPRB0/PLUS")		Error	No
	DC	corner	CMOS_RES_CAP_TEMP_18 - 
	IDC("/R0/PLUS")		203.1n
	output noise; A / sqrt(Hz)		Error	No
	VT("/IPRB0/PLUS")		Error	No
	DC	corner	CMOS_RES_CAP_TEMP_19 - 
	IDC("/R0/PLUS")		404.8n
	output noise; A / sqrt(Hz)		Error	No
	VT("/IPRB0/PLUS")		Error	No
	DC	corner	CMOS_RES_CAP_TEMP_20 - 
	IDC("/R0/PLUS")		206.2n
	output noise; A / sqrt(Hz)		Error	No
	VT("/IPRB0/PLUS")		Error	No
	DC	corner	CMOS_RES_CAP_TEMP_21 - 
	IDC("/R0/PLUS")		343.1n
	output noise; A / sqrt(Hz)		Error	No
	VT("/IPRB0/PLUS")		Error	No
	DC	corner	CMOS_RES_CAP_TEMP_22 - 
	IDC("/R0/PLUS")		204.1n
	output noise; A / sqrt(Hz)		Error	No
	VT("/IPRB0/PLUS")		Error	No
	DC	corner	CMOS_RES_CAP_TEMP_23 - 
	IDC("/R0/PLUS")		336.3n
	output noise; A / sqrt(Hz)		Error	No
	VT("/IPRB0/PLUS")		Error	No
	DC	corner	CMOS_RES_CAP_TEMP_24 - 
	IDC("/R0/PLUS")		122.7n
	output noise; A / sqrt(Hz)		Error	No
	VT("/IPRB0/PLUS")		Error	No
	DC	corner	CMOS_RES_CAP_TEMP_25 - 
	IDC("/R0/PLUS")		194.4n
	output noise; A / sqrt(Hz)		Error	No
	VT("/IPRB0/PLUS")		Error	No
	DC	corner	CMOS_RES_CAP_TEMP_26 - 
	IDC("/R0/PLUS")		121.7n
	output noise; A / sqrt(Hz)		Error	No
	VT("/IPRB0/PLUS")		Error	No
	DC	corner	CMOS_RES_CAP_TEMP_27 - 
	IDC("/R0/PLUS")		321.3n
	output noise; A / sqrt(Hz)		Error	No
	VT("/IPRB0/PLUS")		Error	No
	DC	corner	CMOS_RES_CAP_TEMP_28 - 
	IDC("/R0/PLUS")		121.4n
	output noise; A / sqrt(Hz)		Error	No
	VT("/IPRB0/PLUS")		Error	No
	DC	corner	CMOS_RES_CAP_TEMP_29 - 
	IDC("/R0/PLUS")		195.2n
	output noise; A / sqrt(Hz)		Error	No
	VT("/IPRB0/PLUS")		Error	No
	DC	corner	CMOS_RES_CAP_TEMP_30 - 
	IDC("/R0/PLUS")		120.7n
	output noise; A / sqrt(Hz)		Error	No
	VT("/IPRB0/PLUS")		Error	No
	DC	corner	CMOS_RES_CAP_TEMP_31 - 
	IDC("/R0/PLUS")		193.8n
	output noise; A / sqrt(Hz)		Error	No
	VT("/IPRB0/PLUS")		Error	No
	DC	corner	Nominal - 
	IDC("/R0/PLUS")		204.3n
	output noise; A / sqrt(Hz)		Error	No
	VT("/IPRB0/PLUS")		Error	No
Design parameters: 

Interactive.104
Number of points completed: 1
Number of simulation errors: 0
Interactive.104 completed. 
Current time: Mon May 18 10:27:44 2026 
