Starting Single Run, Sweeps and Corners...

Current time: Tue Jun  2 16:19:47 2026 
Best design point: 1
Design specs: 
	PSS_VIN	corner	Nominal - 
	VIA_d2_dB		92.33
	VLF1_d2_dB		72.38
	VGA_d2_dB		72.34
	VLF2_d2_dB1		65.54
	VOUT_d2_dB		65.57	Yes
	VOUT_V		1.193	Yes
	VOUT_V_DC		1.537	Yes
	DC current consumption		-79.37u
Design parameters: 
	FC		4K
	F0		3.3
	F1		3.3
	F2		0
	S0		3.3
	S1		3.3
	S2		0
	EN_CMFB		0
	S3		0

Interactive.91
Number of points completed: 1
Number of simulation errors: 0
Interactive.91 completed. 
Current time: Tue Jun  2 16:20:29 2026 
