Starting Single Run, Sweeps and Corners...

Current time: Tue Jun  2 20:36:08 2026 
Best design point: 1
Design specs: 
	PSS_PXF_PNOISE	corner	Nominal - 
	Output_Noise_Vrms		1.058m
	CM_Gain_50Hz		2.965m
	CM_Gain_50Hz_dB		-50.56
	Diff_Gain_50Hz		1.192K
	Diff_Gain_50Hz_dB		61.52
	CMRR_50Hz_dB		112.1
	Input_ref_noise_Vrms		887.9n
	Output_noise_Vrms		1.058m
	VOUT_V_DC		1.533	Yes
Design parameters: 
	FC		4K
	F0		3.3
	F1		3.3
	F2		0
	S0		3.3
	S1		3.3
	S2		0
	EN_CMFB		0
	S3		0

Interactive.95
Number of points completed: 1
Number of simulation errors: 0
Interactive.95 completed. 
Current time: Tue Jun  2 20:39:13 2026 
