Starting Single Run, Sweeps and Corners...

Current time: Tue Jun  2 20:32:29 2026 
Best design point: 1
Design specs: 
	PSS_VIN	corner	Nominal - 
	VIA_d2_dB		94.31
	VLF1_d2_dB		74.28
	VGA_d2_dB		74.35
	VLF2_d2_dB1		67.45
	VOUT_d2_dB		67.49	Yes
	VOUT_V		1.188	Yes
	VOUT_V_DC		1.537	Yes
	DC current consumption		-79.37u
Design parameters: 
	FC		4K
	F0		3.3
	F1		3.3
	F2		0
	S0		3.3
	S1		3.3
	S2		0
	EN_CMFB		0
	S3		0

Interactive.94
Number of points completed: 1
Number of simulation errors: 0
Interactive.94 completed. 
Current time: Tue Jun  2 20:35:15 2026 
