Starting Single Run, Sweeps and Corners...

Current time: Tue Jun  2 16:21:46 2026 
Best design point: 1
Design specs: 
	PSS_PXF_PNOISE	corner	Nominal - 
	Output_Noise_Vrms		1.061m
	CM_Gain_50Hz		3.005m
	CM_Gain_50Hz_dB		-50.44
	Diff_Gain_50Hz		1.197K
	Diff_Gain_50Hz_dB		61.56
	CMRR_50Hz_dB		112
	Input_ref_noise_Vrms		886.9n
	Output_noise_Vrms		1.061m
	VOUT_V_DC		1.537	Yes
Design parameters: 
	FC		4K
	F0		3.3
	F1		3.3
	F2		0
	S0		3.3
	S1		3.3
	S2		0
	EN_CMFB		0
	S3		0

Interactive.92
Number of points completed: 1
Number of simulation errors: 0
Interactive.92 completed. 
Current time: Tue Jun  2 16:22:02 2026 
