Starting Single Run, Sweeps and Corners...

Current time: Tue Jun  2 12:51:23 2026 
Best design point: 1
Design specs: 
	PSS_VIN	corner	Nominal - 
	VIA_d2_dB		102.8
	VLF1_d2_dB		74.54
	VGA_d2_dB		74.54
	VLF2_d2_dB1		70.9
	VOUT_d2_dB		70.93	Yes
	VOUT_V		596.8m	No
	VOUT_V_DC		1.514	Yes
	DC current consumption		-53.93u
Design parameters: 
	FC		4K
	F0		3.3
	F1		3.3
	F2		0
	S0		3.3
	S1		0
	S2		0
	EN_CMFB		0
	S3		0

Interactive.87
Number of points completed: 1
Number of simulation errors: 0
Interactive.87 completed. 
Current time: Tue Jun  2 12:51:53 2026 
