================================================================================
Rule No. 44 : # INFO: Don't use -resimulate_extracted- Switch for standard LVS but only for QRC! #

Real Error Count : 1; Flat Error Count : 1
================================================================================

--------------------------------------------------------------------------------
Cell Name : Constant_gm layout YAOWEN

                   Cell Errors    Real Errors   Cell Placements     Environments
                             1              1                 1                1
--------------------------------------------------------------------------------
Env.  Env. Placements            X1           Y1          X2           Y2

  1        1                117.425     -172.000     411.150      -16.950

Shape               Environments Status & Error Marker 

          1           X1         Y1         X2         Y2

   1      X      117.425   -172.000    411.150    -16.950

================================================================================
Rule No. 45 : # C35B4 ENG - 183 Rev9 (Last updated 26-Apr-2017 12:48) #

Real Error Count : 1; Flat Error Count : 1
================================================================================

--------------------------------------------------------------------------------
Cell Name : Constant_gm layout YAOWEN

                   Cell Errors    Real Errors   Cell Placements     Environments
                             1              1                 1                1
--------------------------------------------------------------------------------
Env.  Env. Placements            X1           Y1          X2           Y2

  1        1                117.425     -172.000     411.150      -16.950

Shape               Environments Status & Error Marker 

          1           X1         Y1         X2         Y2

   1      X      117.425   -172.000    411.150    -16.950

