Starting Single Run, Sweeps and Corners...

Current time: Thu May 28 09:03:06 2026 
Best design point: 1
Design specs: 
	MC	corner	Nominal - 
	GAIN_CM_dB_50Hz		-108.4
	value(mag(VF("/VOUT")) 50)		Error	No
	Fundamental_VOUT1_dB		-163.5
	VOUT1_DC_PSS		1.502
	d2_dB		-14.94
	DC Vout		1.5
	Fundamental_VOUT1_V		6.7n
Design parameters: 
	VCM_AC		1
	VCM_DC		1.6
	VIN_AC		1
	VDD_PERIOD		0
	VDD_PULSE		0
	VDD_RS		1n

Interactive.35
Number of points completed: 1
Number of simulation errors: 0
Interactive.35 completed. 
Current time: Thu May 28 09:03:09 2026 
