Starting Single Run, Sweeps and Corners...

Current time: Thu May 28 09:14:26 2026 
Best design point: 1
Design specs: 
	MC	corner	Nominal - 
	GAIN_CM		Error	No
	GAIN_CM_dB_50Hz		Error	No
	GAIN_DIF		Error	No
	value(mag(VF("/VOUT")) 50)		Error	No
	Fundamental_VOUT1_dB		-113.2
	VOUT1_DC_PSS		1.502
	d2_dB		5.029
	DC Vout		Error	No
	Fundamental_VOUT1_V		2.182u
Design parameters: 
	VCM_AC		1
	VCM_DC		1.6
	VIN_AC		1
	VDD_PERIOD		0
	VDD_PULSE		0
	VDD_RS		1n

Interactive.41
Number of points completed: 1
Number of simulation errors: 0
Interactive.41 completed. 
Current time: Thu May 28 09:14:56 2026 
