Starting Monte Carlo Sampling...

Current time: Thu May 28 09:15:30 2026 

Variation: All
Sampling Method: Low-Discrepancy Sequence
Seed: 

MonteCarlo.0
Number of points completed: 100
Number of simulation errors: 0
MonteCarlo.0 completed. 
Current time: Thu May 28 10:00:05 2026 
Monte Carlo Sampling yield summary:
Number of spec values are in this yield data: 15
MC	Nominal - 
	DC Vout:	Yield	0%
		Min 0	Max 0	Mean 0	Number of errors 5
MC	Nominal - 
	Fundamental_VOUT1_V:	Yield	100%
		Min 4.7868e-05	Max 0.00470832	Mean 0.00229715	Number of errors 0
MC	Nominal - 
	Fundamental_VOUT1_dB:	Yield	100%
		Min -86.3991	Max -46.5427	Mean -59.7679	Number of errors 0
MC	Nominal - 
	GAIN_CM:	Yield	0%
		Min 0	Max 0	Mean 0	Number of errors 5
MC	Nominal - 
	GAIN_CM_dB_50Hz:	Yield	0%
		Min 0	Max 0	Mean 0	Number of errors 5
MC	Nominal - 
	GAIN_DIF:	Yield	0%
		Min 0	Max 0	Mean 0	Number of errors 5
MC	Nominal - 
	V/V /V1; pxf dB20(V/V):	Yield	0%
		Min 0	Max 0	Mean 0	Number of errors 0
MC	Nominal - 
	V/V /V1; pxf mag(V/V):	Yield	0%
		Min 0	Max 0	Mean 0	Number of errors 0
MC	Nominal - 
	VOUT1:	Yield	0%
		Min 0	Max 0	Mean 0	Number of errors 0
MC	Nominal - 
	VOUT1_DC_PSS:	Yield	100%
		Min 1.46664	Max 1.51662	Mean 1.49778	Number of errors 0
MC	Nominal - 
	VOUT1_mag:	Yield	0%
		Min 0	Max 0	Mean 0	Number of errors 0
MC	Nominal - 
	VOUT_pss:	Yield	0%
		Min 0	Max 0	Mean 0	Number of errors 0
MC	Nominal - 
	d2_dB:	Yield	100%
		Min 39.0557	Max 60.9323	Mean 53.2596	Number of errors 0
MC	Nominal - 
	v /VOUT1; pss (V):	Yield	0%
		Min 0	Max 0	Mean 0	Number of errors 0
MC	Nominal - 
	value(mag(VF("/VOUT")) 50):	Yield	0%
		Min 0	Max 0	Mean 0	Number of errors 5

MC
	Overall Yield	100%	Number of points passed	5	Total number of points	5

Estimated yield = 100% (5/5), 5 errors
Estimated yield (No opregions) = 100% (5/5)
