

==================================================================================
=== CALIBRE::DRC-H SUMMARY REPORT
===
Execution Date/Time:       Tue Jun  9 14:31:56 2026
Calibre Version:           v2024.4_12.9    Tue Oct 1 20:34:12 PDT 2024
Rule File Pathname:        _c35b4c3_antenna.rules_
Rule File Title:           DRC 0.35 U CMOS C35B4 REV9 polycide 3V/5V ANTENNA Rules 4 Metal THIN metal process (last modified 02-Jul-2013)
Layout System:             GDS
Layout Path(s):            topsyh.calibre.db
Layout Primary Cell:       topsyh
Current Directory:         /home/saul/projects/IL2244_VT26_SAUL/CALIBRE_DRC
User Name:                 saul
Maximum Results/RuleCheck: 1000
Maximum Result Vertices:   4096
DRC Results Database:      topsyh.drc.results (ASCII)
Layout Depth:              ALL
Text Depth:                PRIMARY
Summary Report File:       topsyh.drc.summary (REPLACE)
Geometry Flagging:         ACUTE = NO  SKEW = NO  ANGLED = NO  OFFGRID = NO
                           NONSIMPLE POLYGON = NO  NONSIMPLE PATH = NO
Excluded Cells:           
CheckText Mapping:         COMMENT TEXT + RULE FILE INFORMATION
Layers:                    MEMORY-BASED
Keep Empty Checks:         YES
----------------------------------------------------------------------------------
--- RUNTIME WARNINGS
---
Layer INFO_PROCESS_C35B4C3::<1> CREATED with an exclusive FLAT instantiation.
----------------------------------------------------------------------------------
--- ORIGINAL LAYER STATISTICS
---
LAYER DIFCUT ... TOTAL Original Geometry Count = 0      (0)
LAYER DIFF ..... TOTAL Original Geometry Count = 3557   (40810)
LAYER PO1CUT ... TOTAL Original Geometry Count = 0      (0)
LAYER POLY1 .... TOTAL Original Geometry Count = 5783   (34475)
LAYER PO2CUT ... TOTAL Original Geometry Count = 1      (27)
LAYER POLY2 .... TOTAL Original Geometry Count = 1584   (6557)
LAYER CONT ..... TOTAL Original Geometry Count = 232801 (1314579)
LAYER MET1 ..... TOTAL Original Geometry Count = 29035  (157920)
LAYER VIA ...... TOTAL Original Geometry Count = 80397  (515783)
LAYER MET2 ..... TOTAL Original Geometry Count = 23979  (192584)
LAYER VIA2 ..... TOTAL Original Geometry Count = 70510  (418719)
LAYER MET3 ..... TOTAL Original Geometry Count = 13364  (161314)
LAYER VIA3 ..... TOTAL Original Geometry Count = 43964  (378040)
LAYER MET4 ..... TOTAL Original Geometry Count = 4249   (76102)
LAYER METCAP ... TOTAL Original Geometry Count = 0      (0)
----------------------------------------------------------------------------------
--- RULECHECK RESULTS STATISTICS
---
RULECHECK INFO_PROCESS_C35B4C3 ............. TOTAL Result Count = 1 (1)
RULECHECK INFO_PROCESS_C35B4_THIN_REV9 ..... TOTAL Result Count = 1 (1)
RULECHECK ANT_POL_GATE_AR1 ................. TOTAL Result Count = 0 (0)
RULECHECK ANT_MET1_GATE_AR2 ................ TOTAL Result Count = 0 (0)
RULECHECK ANT_MET2_GATE_AR3 ................ TOTAL Result Count = 0 (0)
RULECHECK ANT_MET3_GATE_AR4 ................ TOTAL Result Count = 0 (0)
RULECHECK ANT_MET4THIN_GATE_AR5 ............ TOTAL Result Count = 0 (0)
RULECHECK INFO_RATIO1_GATE_VIA_DFMC0009 .... TOTAL Result Count = 0 (0)
RULECHECK INFO_RATIO2_GATE_VIA_DFMC0009 .... TOTAL Result Count = 0 (0)
RULECHECK INFO_RATIO1_GATE_VIA2_DFMC0012 ... TOTAL Result Count = 0 (0)
RULECHECK INFO_RATIO2_GATE_VIA2_DFMC0012 ... TOTAL Result Count = 0 (0)
RULECHECK INFO_RATIO1_GATE_VIA3_DFMC0015 ... TOTAL Result Count = 0 (0)
RULECHECK INFO_RATIO2_GATE_VIA3_DFMC0015 ... TOTAL Result Count = 0 (0)
----------------------------------------------------------------------------------
--- RULECHECK RESULTS STATISTICS (BY CELL)
---
CELL topsyh .................................. TOTAL Result Count = 2 (2)
    RULECHECK INFO_PROCESS_C35B4C3 ........... TOTAL Result Count = 1 (1)
    RULECHECK INFO_PROCESS_C35B4_THIN_REV9 ... TOTAL Result Count = 1 (1)
----------------------------------------------------------------------------------
--- SUMMARY
---
TOTAL CPU Time:                  3
TOTAL REAL Time:                 3
TOTAL Original Layer Geometries: 509224 (3296910)
TOTAL DRC RuleChecks Executed:   13
TOTAL DRC Results Generated:     2 (2)
