

==================================================================================
=== CALIBRE::DRC-H SUMMARY REPORT
===
Execution Date/Time:       Wed Jun 10 18:12:27 2026
Calibre Version:           v2024.4_12.9    Tue Oct 1 20:34:12 PDT 2024
Rule File Pathname:        _c35b4c3_dfm.rules_
Rule File Title:           0.35 U CMOS C35 DFM rules Doc ENG 301 REV6 (last modified 06-May-14)
Layout System:             GDS
Layout Path(s):            topsyh.calibre.db
Layout Primary Cell:       topsyh
Current Directory:         /home/saul/projects/IL2244_VT26_SAUL/CALIBRE_DRC
User Name:                 saul
Maximum Results/RuleCheck: 1000
Maximum Result Vertices:   4096
DRC Results Database:      topsyh.drc.results (ASCII)
Layout Depth:              ALL
Text Depth:                PRIMARY
Summary Report File:       topsyh.drc.summary (REPLACE)
Geometry Flagging:         ACUTE = NO  SKEW = NO  ANGLED = NO  OFFGRID = NO
                           NONSIMPLE POLYGON = NO  NONSIMPLE PATH = NO
Excluded Cells:           
CheckText Mapping:         COMMENT TEXT + RULE FILE INFORMATION
Layers:                    MEMORY-BASED
Keep Empty Checks:         YES
----------------------------------------------------------------------------------
--- RUNTIME WARNINGS
---
Cell name parameter ZAP*_LSH_V35* for NOT INSIDE CELL operation not located.
Layer INFO_PROCESS_C35B4C3::<1> CREATED with an exclusive FLAT instantiation.
Layer INFO_CHIPEFGE::<1> CREATED with an exclusive FLAT instantiation.
Layer MISS_NTUB_DFM0001::<1> CREATED with an exclusive FLAT instantiation.
Layer MISS_DIFF_DFM0001::<1> CREATED with an exclusive FLAT instantiation.
Layer MISS_MIDOX_DFM0001::<1> CREATED with an exclusive FLAT instantiation.
Layer MISS_POLY1_DFM0001::<1> CREATED with an exclusive FLAT instantiation.
Layer MISS_NPLUS_DFM0001::<1> CREATED with an exclusive FLAT instantiation.
Layer MISS_PPLUS_DFM0001::<1> CREATED with an exclusive FLAT instantiation.
Layer MISS_HRES_DFM0001::<1> CREATED with an exclusive FLAT instantiation.
Layer MISS_POLY2_DFM0001::<1> CREATED with an exclusive FLAT instantiation.
Layer MISS_CONT_DFM0001::<1> CREATED with an exclusive FLAT instantiation.
Layer MISS_MET1_DFM0001::<1> CREATED with an exclusive FLAT instantiation.
Layer MISS_VIA_DFM0001::<1> CREATED with an exclusive FLAT instantiation.
Layer MISS_MET2_DFM0001::<1> CREATED with an exclusive FLAT instantiation.
Layer MISS_VIA2_DFM0001::<1> CREATED with an exclusive FLAT instantiation.
Layer MISS_MET3_DFM0001::<1> CREATED with an exclusive FLAT instantiation.
Layer MISS_PAD_DFM0001::<1> CREATED with an exclusive FLAT instantiation.
Layer MISS_VIA3_DFM0001::<1> CREATED with an exclusive FLAT instantiation.
Layer MISS_MET4_DFM0001::<1> CREATED with an exclusive FLAT instantiation.
Layer MISS_SFCDEF_TPTXXX6::<1> CREATED with an exclusive FLAT instantiation.
Layer MISS_DUMMY_POLY2_RESEND_RPOLY2_DFMA0040::<1> CREATED with an exclusive FLAT instantiation.
Layer MISS_DUMMY_POLY2_RESEND_RPOLY2_DFMA0040::<2> CREATED with an exclusive FLAT instantiation.
Layer MISS_DUMMY_POLY2_RESEND_RPOLYH_DFMA0044::<1> CREATED with an exclusive FLAT instantiation.
Layer MISS_DUMMY_POLY2_RESEND_RPOLYH_DFMA0044::<2> CREATED with an exclusive FLAT instantiation.
Layer POSSIBLE_EMPTY_IPCELL_TPTXXX4::<1> CREATED with an exclusive FLAT instantiation.
Maximum result count of 1000 exceeded in DRC RuleCheck MORE_VIA3_M3M4_GT20LE30_DFMC0014.
Conflicting connections STAMPing layer NTRANS_MISS_CONTS_DFMC0004::ndiff_sd_cont_closed by layer ndiff_sd_cont.
Conflicting connections STAMPing layer PTRANS_MISS_CONTS_DFMC0004::pdiff_sd_cont_closed by layer pdiff_sd_cont.
Layer INFO_LOW_TRANS_DENSITY_DFM_ALL::<1> CREATED with an exclusive FLAT instantiation.
Layer CPOLY_ARRAY_WIDTH_CUNIT_CDUMMY_VERT_DFM0076::<1> CREATED with an exclusive FLAT instantiation.
Layer CPOLY_ARRAY_WIDTH_CUNIT_CDUMMY_HORI_DFM0076::<1> CREATED with an exclusive FLAT instantiation.
Layer CPOLY_ARRAY_NO_SQUARE_INFO::<1> CREATED with an exclusive FLAT instantiation.
Layer CPOLY_ARRAY_SQUARE_INFO::<1> CREATED with an exclusive FLAT instantiation.
Layer CPOLY_ARRAY_SPAC_CUNIT_CDUMMY_A_DFM0077_INFO::<1> CREATED with an exclusive FLAT instantiation.
Layer CPOLY_ARRAY_SPAC_CUNIT_CDUMMY_B_DFM0077_INFO::<1> CREATED with an exclusive FLAT instantiation.
Layer CPOLY_ARRAY_SPAC_CUNIT_CDUMMY_B_DFM0076_INFO::<1> CREATED with an exclusive FLAT instantiation.
Layer CPOLY_ARRAY_WIDTH_CUNIT_CDUMMY_VERT_A_DFM0076_INFO::<1> CREATED with an exclusive FLAT instantiation.
Layer CPOLY_ARRAY_WIDTH_CUNIT_CDUMMY_HORI_A_DFM0076_INFO::<1> CREATED with an exclusive FLAT instantiation.
----------------------------------------------------------------------------------
--- ORIGINAL LAYER STATISTICS
---
LAYER SFCDEF ............ TOTAL Original Geometry Count = 0      (0)
LAYER NTUB_alldata ...... TOTAL Original Geometry Count = 768    (8960)
LAYER FIMP_alldata ...... TOTAL Original Geometry Count = 0      (0)
LAYER DIFF_alldata ...... TOTAL Original Geometry Count = 3835   (40810)
LAYER MIDOX_alldata ..... TOTAL Original Geometry Count = 0      (0)
LAYER POLY1_alldata ..... TOTAL Original Geometry Count = 5783   (34475)
LAYER NPLUS_alldata ..... TOTAL Original Geometry Count = 1920   (9455)
LAYER PPLUS_alldata ..... TOTAL Original Geometry Count = 1546   (8876)
LAYER POLY2_alldata ..... TOTAL Original Geometry Count = 1584   (6557)
LAYER CONT_alldata ...... TOTAL Original Geometry Count = 233979 (1314579)
LAYER MET1_alldata ...... TOTAL Original Geometry Count = 31299  (157810)
LAYER VIA_alldata ....... TOTAL Original Geometry Count = 110102 (515798)
LAYER MET2_alldata ...... TOTAL Original Geometry Count = 26173  (192359)
LAYER VIA2_alldata ...... TOTAL Original Geometry Count = 79630  (419289)
LAYER MET3_alldata ...... TOTAL Original Geometry Count = 13630  (161199)
LAYER PAD_alldata ....... TOTAL Original Geometry Count = 2      (44)
LAYER VIA3_alldata ...... TOTAL Original Geometry Count = 44561  (378040)
LAYER MET4_alldata ...... TOTAL Original Geometry Count = 4312   (76107)
LAYER HRES_alldata ...... TOTAL Original Geometry Count = 43     (212)
LAYER NLDD_alldata ...... TOTAL Original Geometry Count = 0      (0)
LAYER NLDD50_alldata .... TOTAL Original Geometry Count = 0      (0)
LAYER PBUDEF_alldata .... TOTAL Original Geometry Count = 0      (0)
LAYER BNTUB_alldata ..... TOTAL Original Geometry Count = 0      (0)
LAYER BNTUB2_alldata .... TOTAL Original Geometry Count = 0      (0)
LAYER BPOLY_alldata ..... TOTAL Original Geometry Count = 0      (0)
LAYER EMITT_alldata ..... TOTAL Original Geometry Count = 0      (0)
LAYER COLL_alldata ...... TOTAL Original Geometry Count = 0      (0)
LAYER DNTUB_alldata ..... TOTAL Original Geometry Count = 0      (0)
LAYER SNTUB_alldata ..... TOTAL Original Geometry Count = 0      (0)
LAYER DPTUB_alldata ..... TOTAL Original Geometry Count = 0      (0)
LAYER SPTUB_alldata ..... TOTAL Original Geometry Count = 0      (0)
LAYER HVDEF_alldata ..... TOTAL Original Geometry Count = 0      (0)
LAYER HVOX_alldata ...... TOTAL Original Geometry Count = 0      (0)
LAYER NLD20V_alldata .... TOTAL Original Geometry Count = 0      (0)
LAYER ZENER_alldata ..... TOTAL Original Geometry Count = 0      (0)
LAYER DIODE_alldata ..... TOTAL Original Geometry Count = 65     (281)
LAYER CELBOX_alldata .... TOTAL Original Geometry Count = 57     (729)
LAYER SUBDEF_alldata .... TOTAL Original Geometry Count = 52     (262)
LAYER DIFCUT_alldata .... TOTAL Original Geometry Count = 0      (0)
LAYER PO1CUT_alldata .... TOTAL Original Geometry Count = 0      (0)
LAYER PO2CUT_alldata .... TOTAL Original Geometry Count = 1      (27)
LAYER TUBDEF_alldata .... TOTAL Original Geometry Count = 0      (0)
LAYER RESDEF_alldata .... TOTAL Original Geometry Count = 1367   (4393)
LAYER RESTRM_alldata .... TOTAL Original Geometry Count = 38     (538)
LAYER HALLDEF_alldata ... TOTAL Original Geometry Count = 0      (0)
LAYER INDDEF_alldata .... TOTAL Original Geometry Count = 0      (0)
LAYER NOFILL_alldata .... TOTAL Original Geometry Count = 207    (268)
LAYER RFDEF_alldata ..... TOTAL Original Geometry Count = 2      (23)
LAYER CAPDEF_alldata .... TOTAL Original Geometry Count = 0      (0)
LAYER M1HOLE_alldata .... TOTAL Original Geometry Count = 0      (0)
LAYER M2HOLE_alldata .... TOTAL Original Geometry Count = 0      (0)
LAYER M3HOLE_alldata .... TOTAL Original Geometry Count = 0      (0)
LAYER M4HOLE_alldata .... TOTAL Original Geometry Count = 0      (0)
LAYER LVTDEF_alldata .... TOTAL Original Geometry Count = 0      (0)
LAYER METCAP_alldata .... TOTAL Original Geometry Count = 0      (0)
LAYER HBT_alldata ....... TOTAL Original Geometry Count = 0      (0)
LAYER EPOLY_alldata ..... TOTAL Original Geometry Count = 0      (0)
LAYER NBUR_alldata ...... TOTAL Original Geometry Count = 0      (0)
LAYER CAPLAY_alldata .... TOTAL Original Geometry Count = 0      (0)
LAYER OPTDEF_alldata .... TOTAL Original Geometry Count = 0      (0)
LAYER FIDEF_alldata ..... TOTAL Original Geometry Count = 0      (0)
LAYER METRES_alldata .... TOTAL Original Geometry Count = 0      (0)
LAYER CHIPEDGE .......... TOTAL Original Geometry Count = 0      (0)
LAYER KEPOUT ............ TOTAL Original Geometry Count = 0      (0)
LAYER TRENCH ............ TOTAL Original Geometry Count = 0      (0)
LAYER IPDEF ............. TOTAL Original Geometry Count = 0      (0)
----------------------------------------------------------------------------------
--- RULECHECK RESULTS STATISTICS
---
RULECHECK INFO_PROCESS_C35B4C3 ................................... TOTAL Result Count = 1    (1)
RULECHECK ILL_LAYER_DEVDEFOPTO_DFM001 ............................ TOTAL Result Count = 0    (0)
RULECHECK ILL_LAYER_HRES_ZERO_TC_DFM001 .......................... TOTAL Result Count = 0    (0)
RULECHECK ILL_LAYER_LVTDEF_DFM001 ................................ TOTAL Result Count = 0    (0)
RULECHECK ILL_LAYER_METCAP_DFM001 ................................ TOTAL Result Count = 0    (0)
RULECHECK INFO_CHIPEFGE .......................................... TOTAL Result Count = 0    (0)
RULECHECK ILL_DATA_OUTSIDE_CHIPEDGE .............................. TOTAL Result Count = 0    (0)
RULECHECK MISS_NTUB_DFM0001 ...................................... TOTAL Result Count = 0    (0)
RULECHECK MISS_DIFF_DFM0001 ...................................... TOTAL Result Count = 0    (0)
RULECHECK MISS_MIDOX_DFM0001 ..................................... TOTAL Result Count = 1    (1)
RULECHECK MISS_POLY1_DFM0001 ..................................... TOTAL Result Count = 0    (0)
RULECHECK MISS_NPLUS_DFM0001 ..................................... TOTAL Result Count = 0    (0)
RULECHECK MISS_PPLUS_DFM0001 ..................................... TOTAL Result Count = 0    (0)
RULECHECK MISS_HRES_DFM0001 ...................................... TOTAL Result Count = 0    (0)
RULECHECK MISS_POLY2_DFM0001 ..................................... TOTAL Result Count = 0    (0)
RULECHECK MISS_CONT_DFM0001 ...................................... TOTAL Result Count = 0    (0)
RULECHECK MISS_MET1_DFM0001 ...................................... TOTAL Result Count = 0    (0)
RULECHECK MISS_VIA_DFM0001 ....................................... TOTAL Result Count = 0    (0)
RULECHECK MISS_MET2_DFM0001 ...................................... TOTAL Result Count = 0    (0)
RULECHECK MISS_VIA2_DFM0001 ...................................... TOTAL Result Count = 0    (0)
RULECHECK MISS_MET3_DFM0001 ...................................... TOTAL Result Count = 0    (0)
RULECHECK MISS_PAD_DFM0001 ....................................... TOTAL Result Count = 0    (0)
RULECHECK MISS_VIA3_DFM0001 ...................................... TOTAL Result Count = 0    (0)
RULECHECK MISS_MET4_DFM0001 ...................................... TOTAL Result Count = 0    (0)
RULECHECK MISS_SFCDEF_TPTXXX6 .................................... TOTAL Result Count = 1    (1)
RULECHECK ILL_NTUB_OVER_KEPOUT_NWR001_TPTXXX6 .................... TOTAL Result Count = 0    (0)
RULECHECK SPAC_NTUB_SFCDEF_S1KOXX_TPTXXX6 ........................ TOTAL Result Count = 0    (0)
RULECHECK ILL_DIFF_OVER_KEPOUT_AAR001_TPTXXX6 .................... TOTAL Result Count = 0    (0)
RULECHECK SPAC_DIFF_SFCDEF_S1AAKO_TPTXXX6 ........................ TOTAL Result Count = 0    (0)
RULECHECK ILL_MIDOX_OVER_KEPOUT_XMR002_TPTXXX6 ................... TOTAL Result Count = 0    (0)
RULECHECK SPAC_MIDOX_SFCDEF_S1KOXM_TPTXXX6 ....................... TOTAL Result Count = 0    (0)
RULECHECK ILL_POLY1_OVER_KEPOUT_P1R002_TPTXXX6 ................... TOTAL Result Count = 0    (0)
RULECHECK SPAC_POLY1_SFCDEF_S1KOXX_TPTXXX6 ....................... TOTAL Result Count = 0    (0)
RULECHECK ILL_NPLUS_OVER_KEPOUT_NSR001_TPTXXX6 ................... TOTAL Result Count = 0    (0)
RULECHECK SPAC_NPLUS_SFCDEF_S1KOXX_TPTXXX6 ....................... TOTAL Result Count = 0    (0)
RULECHECK ILL_PPLUS_OVER_KEPOUT_PSR001_TPTXXX6 ................... TOTAL Result Count = 0    (0)
RULECHECK SPAC_PPLUS_SFCDEF_S1KOXX_TPTXXX6 ....................... TOTAL Result Count = 0    (0)
RULECHECK ILL_HRES_OVER_KEPOUT_HRR004_TPTXXX6 .................... TOTAL Result Count = 0    (0)
RULECHECK SPAC_HRES_SFCDEF_S1KOXX_TPTXXX6 ........................ TOTAL Result Count = 0    (0)
RULECHECK ILL_POLY2_OVER_KEPOUT_P2R002_TPTXXX6 ................... TOTAL Result Count = 0    (0)
RULECHECK SPAC_POLY2_SFCDEF_S1KOP2_TPTXXX6 ....................... TOTAL Result Count = 0    (0)
RULECHECK ILL_CONT_OVER_KEPOUT_COR002_TPTXXX6 .................... TOTAL Result Count = 0    (0)
RULECHECK SPAC_CONT_SFCDEF_S1COKO_TPTXXX6 ........................ TOTAL Result Count = 0    (0)
RULECHECK ILL_MET1_OVER_KEPOUT_M1R002_TPTXXX6 .................... TOTAL Result Count = 0    (0)
RULECHECK SPAC_MET1_SFCDEF_S1KOM1_TPTXXX6 ........................ TOTAL Result Count = 0    (0)
RULECHECK ILL_VIA_OVER_KEPOUT_V1R002_TPTXXX6 ..................... TOTAL Result Count = 0    (0)
RULECHECK SPAC_VIA_SFCDEF_S1KOV1_TPTXXX6 ......................... TOTAL Result Count = 0    (0)
RULECHECK ILL_MET2_OVER_KEPOUT_M2R002_TPTXXX6 .................... TOTAL Result Count = 0    (0)
RULECHECK SPAC_MET2_SFCDEF_S1KOXX_TPTXXX6 ........................ TOTAL Result Count = 0    (0)
RULECHECK ILL_VIA2_OVER_KEPOUT_V2R002_TPTXXX6 .................... TOTAL Result Count = 0    (0)
RULECHECK SPAC_VIA2_SFCDEF_S1KOV2_TPTXXX6 ........................ TOTAL Result Count = 0    (0)
RULECHECK ILL_MET3_OVER_KEPOUT_M3R002_TPTXXX6 .................... TOTAL Result Count = 0    (0)
RULECHECK SPAC_MET3_SFCDEF_S1KOM3_TPTXXX6 ........................ TOTAL Result Count = 0    (0)
RULECHECK ILL_PAD_OVER_KEPOUT_PAR002_TPTXXX6 ..................... TOTAL Result Count = 0    (0)
RULECHECK SPAC_PAD_SFCDEF_S1KOPA_TPTXXX6 ......................... TOTAL Result Count = 0    (0)
RULECHECK ILL_VIA3_OVER_KEPOUT_V3R002_TPTXXX6 .................... TOTAL Result Count = 0    (0)
RULECHECK SPAC_VIA3_SFCDEF_S1KOV3_TPTXXX6 ........................ TOTAL Result Count = 0    (0)
RULECHECK ILL_MET4_OVER_KEPOUT_M4R002_TPTXXX6 .................... TOTAL Result Count = 0    (0)
RULECHECK SPAC_MET4_SFCDEF_S1KOM4_TPTXXX6 ........................ TOTAL Result Count = 0    (0)
RULECHECK ERROR_REDUCED_CELL_TPTXXX1 ............................. TOTAL Result Count = 0    (0)
RULECHECK ERROR_IP_BLOCK_INCOMPLETE_TPTXXX2 ...................... TOTAL Result Count = 0    (0)
RULECHECK ILL_OLD_ZAPBLOCK_TPTXXX3 ............................... TOTAL Result Count = 0    (0)
RULECHECK RATIO_CONT_POLY1_DFMC0006 .............................. TOTAL Result Count = 0    (0)
RULECHECK RATIO_CONT_POLY2_DFMC0007 .............................. TOTAL Result Count = 0    (0)
RULECHECK MISS_DUMMY_POLY2_RESEND_RPOLY2_DFMA0040 ................ TOTAL Result Count = 0    (0)
RULECHECK MISS_DUMMY_POLY2_RESEND_RPOLYH_DFMA0044 ................ TOTAL Result Count = 0    (0)
RULECHECK POSSIBLE_EMPTY_IPCELL_TPTXXX4 .......................... TOTAL Result Count = 0    (0)
RULECHECK MISS_SFCDEF_ON_REVBLK_TPTXXX5 .......................... TOTAL Result Count = 0    (0)
RULECHECK MIN_AREA_MET1_08_DFM0067 ............................... TOTAL Result Count = 0    (0)
RULECHECK MIN_AREA_MET2_08_DFM0010 ............................... TOTAL Result Count = 0    (0)
RULECHECK MIN_AREA_MET4_10_DFM0016 ............................... TOTAL Result Count = 0    (0)
RULECHECK MIN_AREA_MET3_08_DFM0013 ............................... TOTAL Result Count = 0    (0)
RULECHECK MORE_VIA_M1M2_GT10LE15_DFMC0008 ........................ TOTAL Result Count = 6    (10)
RULECHECK MORE_VIA_M1M2_GT15LE20_DFMC0008 ........................ TOTAL Result Count = 5    (63)
RULECHECK MORE_VIA_M1M2_GT20LE30_DFMC0008 ........................ TOTAL Result Count = 4    (116)
RULECHECK MORE_VIA_M1M2_GT30LE50_DFMC0008 ........................ TOTAL Result Count = 0    (0)
RULECHECK MORE_VIA_M1M2_GT50_DFMC0008 ............................ TOTAL Result Count = 0    (0)
RULECHECK MORE_VIA_M1M2_R10_DFMC0008 ............................. TOTAL Result Count = 2    (2)
RULECHECK MORE_VIA_M1M2_R15_DFMC0008 ............................. TOTAL Result Count = 3    (3)
RULECHECK MORE_VIA_M1M2_R20_DFMC0008 ............................. TOTAL Result Count = 6    (6)
RULECHECK MORE_VIA_M1M2_R50_DFMC0008 ............................. TOTAL Result Count = 0    (0)
RULECHECK MORE_VIA_M1M2_GT10LE20_R10_DFMC0008 .................... TOTAL Result Count = 0    (0)
RULECHECK MORE_VIA_M1M2_GT20LE30_R10_DFMC0008 .................... TOTAL Result Count = 0    (0)
RULECHECK MORE_VIA_M1M2_GT30_R10_DFMC0008 ........................ TOTAL Result Count = 0    (0)
RULECHECK MORE_VIA_M1M2_GT5LE10_EQ1V_DFMC0008 .................... TOTAL Result Count = 0    (0)
RULECHECK MORE_VIA_M1M2_GT10LE20_LT3V_DFMC0008 ................... TOTAL Result Count = 0    (0)
RULECHECK MORE_VIA_M1M2_GT20LT20_LT5V_DFMC0008 ................... TOTAL Result Count = 0    (0)
RULECHECK MORE_VIA_M1M2_GT30_LT10V_DFMC0008 ...................... TOTAL Result Count = 0    (0)
RULECHECK MORE_VIA2_M2M3_GT10LE15_DFMC0011 ....................... TOTAL Result Count = 6    (8)
RULECHECK MORE_VIA2_M2M3_GT15LE20_DFMC0011 ....................... TOTAL Result Count = 26   (121)
RULECHECK MORE_VIA2_M2M3_GT20LE30_DFMC0011 ....................... TOTAL Result Count = 4    (116)
RULECHECK MORE_VIA2_M2M3_GT30LE50_DFMC0011 ....................... TOTAL Result Count = 0    (0)
RULECHECK MORE_VIA2_M2M3_GT50_DFMC0011 ........................... TOTAL Result Count = 0    (0)
RULECHECK MORE_VIA2_M2M3_R10_DFMC0011 ............................ TOTAL Result Count = 2    (2)
RULECHECK MORE_VIA2_M2M3_R15_DFMC0011 ............................ TOTAL Result Count = 0    (0)
RULECHECK MORE_VIA2_M2M3_R20_DFMC0011 ............................ TOTAL Result Count = 0    (0)
RULECHECK MORE_VIA2_M2M3_R50_DFMC0011 ............................ TOTAL Result Count = 0    (0)
RULECHECK MORE_VIA2_M2M3_GT10LE20_R10_DFMC0011 ................... TOTAL Result Count = 0    (0)
RULECHECK MORE_VIA2_M2M3_GT20LE30_R10_DFMC0011 ................... TOTAL Result Count = 0    (0)
RULECHECK MORE_VIA2_M2M3_GT30LE50_R10_DFMC0011 ................... TOTAL Result Count = 0    (0)
RULECHECK MORE_VIA2_M2M3_GT5LE10_EQ1V_DFMC0011 ................... TOTAL Result Count = 0    (0)
RULECHECK MORE_VIA2_M2M3_GT10LE20_LTV3_DFMC0011 .................. TOTAL Result Count = 0    (0)
RULECHECK MORE_VIA2_M2M3_GT20LE30_LTV5_DFMC0011 .................. TOTAL Result Count = 0    (0)
RULECHECK MORE_VIA2_M2M3_GT30_LTV10_DFMC0011 ..................... TOTAL Result Count = 0    (0)
RULECHECK MORE_VIA3_M3M4_GT10LE15_DFMC0014 ....................... TOTAL Result Count = 0    (0)
RULECHECK MORE_VIA3_M3M4_GT15LE20_DFMC0014 ....................... TOTAL Result Count = 201  (291)
RULECHECK MORE_VIA3_M3M4_GT20LE30_DFMC0014 ....................... TOTAL Result Count = 1000 (1558)
RULECHECK MORE_VIA3_M3M4_GT30LE50_DFMC0014 ....................... TOTAL Result Count = 0    (0)
RULECHECK MORE_VIA3_M3M4_GT50_DFMC0014 ........................... TOTAL Result Count = 0    (0)
RULECHECK MORE_VIA3_M3M4_R10_DFMC0014 ............................ TOTAL Result Count = 160  (164)
RULECHECK MORE_VIA3_M3M4_R15_DFMC0014 ............................ TOTAL Result Count = 0    (0)
RULECHECK MORE_VIA3_M3M4_R20_DFMC0014 ............................ TOTAL Result Count = 0    (0)
RULECHECK MORE_VIA3_M3M4_R50_DFMC0014 ............................ TOTAL Result Count = 0    (0)
RULECHECK MORE_VIA3_M3M4_GT10LE20_R10_DFMC0014 ................... TOTAL Result Count = 97   (101)
RULECHECK MORE_VIA3_M3M4_GT20LE30_R10_DFMC0014 ................... TOTAL Result Count = 62   (62)
RULECHECK MORE_VIA3_M3M4_GT30_R10_DFMC0014 ....................... TOTAL Result Count = 0    (0)
RULECHECK MORE_VIA3_M3M4_GT5LE10_EQ1V_DFMC0014 ................... TOTAL Result Count = 0    (0)
RULECHECK MORE_VIA3_M3M4_GT10LE20_LT3V_DFMC0014 .................. TOTAL Result Count = 0    (0)
RULECHECK MORE_VIA3_M3M4_GT20LE30_LT5V_DFMC0014 .................. TOTAL Result Count = 0    (0)
RULECHECK MORE_VIA3_M3M4_GT30_LT10V_DFMC0014 ..................... TOTAL Result Count = 0    (0)
RULECHECK NTRANS_MISS_CONTS_DFMC0004 ............................. TOTAL Result Count = 0    (0)
RULECHECK PTRANS_MISS_CONTS_DFMC0004 ............................. TOTAL Result Count = 0    (0)
RULECHECK MORE_CONT_SUBTAP_DFMC0004 .............................. TOTAL Result Count = 24   (153)
RULECHECK SUBTAP_MISS_CONTS_DFMC0004 ............................. TOTAL Result Count = 220  (497)
RULECHECK MORE_CONT_WELLTAP_DFMC0004 ............................. TOTAL Result Count = 20   (250)
RULECHECK WELLTAP_MISS_CONTS_DFMC0004 ............................ TOTAL Result Count = 194  (576)
RULECHECK WELLTAP_UNCONNECTED_DFMC0003 ........................... TOTAL Result Count = 0    (0)
RULECHECK SUBTAP_UNCONNECTED_DFMC0002 ............................ TOTAL Result Count = 0    (0)
RULECHECK LONG_POLY1_GATE_CONT_DFMA0005 .......................... TOTAL Result Count = 10   (14)
RULECHECK CVAR_CAP_UNSUPPORTED_ELE ............................... TOTAL Result Count = 0    (0)
RULECHECK CVAR_OLD_VERSION_NO_RFDEF_ELE .......................... TOTAL Result Count = 0    (0)
RULECHECK ILL_ZDIODE_UNDEFINED_TPTXXX3 ........................... TOTAL Result Count = 0    (0)
RULECHECK RMET1_NO_SQUARE_INFO ................................... TOTAL Result Count = 0    (0)
RULECHECK RMET1_BAD_METRES_SHAPE ................................. TOTAL Result Count = 0    (0)
RULECHECK RMET2_NO_SQUARE_INFO ................................... TOTAL Result Count = 0    (0)
RULECHECK RMET2_BAD_METRES_SHAPE ................................. TOTAL Result Count = 0    (0)
RULECHECK RMET3_NO_SQUARE_INFO ................................... TOTAL Result Count = 0    (0)
RULECHECK RMET3_BAD_METRES_SHAPE ................................. TOTAL Result Count = 0    (0)
RULECHECK RMET4_NO_SQUARE_INFO ................................... TOTAL Result Count = 0    (0)
RULECHECK RMET4_BAD_METRES_SHAPE ................................. TOTAL Result Count = 0    (0)
RULECHECK ILL_PPLUS_CPOLY_DFMA0018 ............................... TOTAL Result Count = 0    (0)
RULECHECK ILL_NPLUS_CPOLY_DFMA0019 ............................... TOTAL Result Count = 0    (0)
RULECHECK ILL_RPOLYH_RPOLYZ_COMBINED_DFM0001 ..................... TOTAL Result Count = 0    (0)
RULECHECK ILL_RPOLY2PH_RPOLY2P_COMBINED_DFM0001 .................. TOTAL Result Count = 0    (0)
RULECHECK SPAC_NTAP_IN_NTUB_GT50_LATCHUP_DFML0048 ................ TOTAL Result Count = 0    (0)
RULECHECK SPAC_NTAP_IN_NWELL_GT50_LATCHUP_DFML0048 ............... TOTAL Result Count = 0    (0)
RULECHECK SPAC_SUBTAP_NDIFF_LATCHUP_DFML0046 ..................... TOTAL Result Count = 0    (0)
RULECHECK SPAC_WELLTAP_PDIFF_LATCHUP_DFML0047 .................... TOTAL Result Count = 0    (0)
RULECHECK INFO_DEV_RMET4 ......................................... TOTAL Result Count = 0    (0)
RULECHECK INFO_DEV_RMET1 ......................................... TOTAL Result Count = 0    (0)
RULECHECK INFO_DEV_RMET2 ......................................... TOTAL Result Count = 0    (0)
RULECHECK INFO_DEV_RMET3 ......................................... TOTAL Result Count = 0    (0)
RULECHECK INFO_DEV_RPOLY1 ........................................ TOTAL Result Count = 8    (16)
RULECHECK INFO_DEV_RPOLY2PH ...................................... TOTAL Result Count = 0    (0)
RULECHECK INFO_DEV_RPOLY2P ....................................... TOTAL Result Count = 0    (0)
RULECHECK INFO_DEV_RPOLYZ ........................................ TOTAL Result Count = 0    (0)
RULECHECK INFO_DEV_RPOLY2 ........................................ TOTAL Result Count = 9    (243)
RULECHECK INFO_DEV_RPOLY2RF ...................................... TOTAL Result Count = 0    (0)
RULECHECK INFO_DEV_RPOLYH ........................................ TOTAL Result Count = 42   (210)
RULECHECK INFO_DEV_RPOLYHRF ...................................... TOTAL Result Count = 0    (0)
RULECHECK INFO_DEV_RDIFFP ........................................ TOTAL Result Count = 2    (10)
RULECHECK INFO_DEV_RDIFFN ........................................ TOTAL Result Count = 0    (0)
RULECHECK INFO_DEV_RNWELL ........................................ TOTAL Result Count = 0    (0)
RULECHECK INFO_DEV_PNPLAT ........................................ TOTAL Result Count = 0    (0)
RULECHECK INFO_DEV_PNPVERT10 ..................................... TOTAL Result Count = 1    (193)
RULECHECK INFO_DEV_CPOLY ......................................... TOTAL Result Count = 50   (362)
RULECHECK INFO_DEV_NDIODE ........................................ TOTAL Result Count = 9    (221)
RULECHECK INFO_DEV_PDIODE ........................................ TOTAL Result Count = 46   (302)
RULECHECK INFO_DEV_NWDIODE ....................................... TOTAL Result Count = 68   (244)
RULECHECK INFO_DEV_ZDIODE ........................................ TOTAL Result Count = 0    (0)
RULECHECK INFO_DEV_PHDNWA850 ..................................... TOTAL Result Count = 0    (0)
RULECHECK INFO_DEV_NMOSH ......................................... TOTAL Result Count = 0    (0)
RULECHECK INFO_DEV_NMOSMH ........................................ TOTAL Result Count = 0    (0)
RULECHECK INFO_DEV_NMOSHL4 ....................................... TOTAL Result Count = 0    (0)
RULECHECK INFO_DEV_NMOSMHL4 ...................................... TOTAL Result Count = 0    (0)
RULECHECK INFO_DEV_NMOS30T ....................................... TOTAL Result Count = 0    (0)
RULECHECK INFO_DEV_NMOS30M ....................................... TOTAL Result Count = 0    (0)
RULECHECK INFO_DEV_NMOS .......................................... TOTAL Result Count = 342  (4642)
RULECHECK INFO_DEV_NMOSM ......................................... TOTAL Result Count = 0    (0)
RULECHECK INFO_DEV_NMOSRF ........................................ TOTAL Result Count = 0    (0)
RULECHECK INFO_DEV_NMOSL4 ........................................ TOTAL Result Count = 0    (0)
RULECHECK INFO_DEV_NMOSML4 ....................................... TOTAL Result Count = 0    (0)
RULECHECK INFO_DEV_PMOS .......................................... TOTAL Result Count = 292  (4962)
RULECHECK INFO_DEV_PMOSM ......................................... TOTAL Result Count = 0    (0)
RULECHECK INFO_DEV_PMOSRF ........................................ TOTAL Result Count = 0    (0)
RULECHECK INFO_DEV_PMOSL4 ........................................ TOTAL Result Count = 0    (0)
RULECHECK INFO_DEV_PMOSML4 ....................................... TOTAL Result Count = 0    (0)
RULECHECK INFO_DEV_SPIRAL ........................................ TOTAL Result Count = 0    (0)
RULECHECK INFO_DEV_METCAP ........................................ TOTAL Result Count = 0    (0)
RULECHECK INFO_LOW_TRANS_DENSITY_DFM_ALL ......................... TOTAL Result Count = 40   (40)
RULECHECK INFO_NO_TRANS_AREA1_DFM ................................ TOTAL Result Count = 0    (0)
RULECHECK INFO_LOW_TRANS_DENSITY_DFM_2000 ........................ TOTAL Result Count = 0    (0)
RULECHECK INFO_LOW_TRANS_DENSITY_DFM_1900 ........................ TOTAL Result Count = 0    (0)
RULECHECK INFO_LOW_TRANS_DENSITY_DFM_1800 ........................ TOTAL Result Count = 0    (0)
RULECHECK INFO_LOW_TRANS_DENSITY_DFM_1700 ........................ TOTAL Result Count = 0    (0)
RULECHECK INFO_LOW_TRANS_DENSITY_DFM_1600 ........................ TOTAL Result Count = 0    (0)
RULECHECK INFO_LOW_TRANS_DENSITY_DFM_1500 ........................ TOTAL Result Count = 0    (0)
RULECHECK INFO_LOW_TRANS_DENSITY_DFM_1400 ........................ TOTAL Result Count = 0    (0)
RULECHECK INFO_LOW_TRANS_DENSITY_DFM_1300 ........................ TOTAL Result Count = 0    (0)
RULECHECK INFO_LOW_TRANS_DENSITY_DFM_1200 ........................ TOTAL Result Count = 0    (0)
RULECHECK INFO_LOW_TRANS_DENSITY_DFM_1100 ........................ TOTAL Result Count = 0    (0)
RULECHECK INFO_LOW_TRANS_DENSITY_DFM_1000 ........................ TOTAL Result Count = 0    (0)
RULECHECK INFO_LOW_TRANS_DENSITY_DFM_900 ......................... TOTAL Result Count = 0    (0)
RULECHECK INFO_LOW_TRANS_DENSITY_DFM_800 ......................... TOTAL Result Count = 0    (0)
RULECHECK INFO_LOW_TRANS_DENSITY_DFM_700 ......................... TOTAL Result Count = 0    (0)
RULECHECK INFO_LOW_TRANS_DENSITY_DFM_600 ......................... TOTAL Result Count = 0    (0)
RULECHECK INFO_LOW_TRANS_DENSITY_DFM_500 ......................... TOTAL Result Count = 3    (3)
RULECHECK INFO_LOW_TRANS_DENSITY_DFM_400 ......................... TOTAL Result Count = 4    (4)
RULECHECK INFO_LOW_TRANS_DENSITY_DFM_300 ......................... TOTAL Result Count = 6    (6)
RULECHECK INFO_LOW_TRANS_DENSITY_DFM_200 ......................... TOTAL Result Count = 5    (5)
RULECHECK INFO_LOW_TRANS_DENSITY_DFM_100 ......................... TOTAL Result Count = 7    (7)
RULECHECK gate_w_total ........................................... TOTAL Result Count = 0    (0)
RULECHECK ngate_w_expand ......................................... TOTAL Result Count = 0    (0)
RULECHECK pgate_w_expand ......................................... TOTAL Result Count = 0    (0)
RULECHECK diff_sd_total .......................................... TOTAL Result Count = 0    (0)
RULECHECK INFO_ANALOG_TRANS_BENDS_L_TOLERANCE_TOP ................ TOTAL Result Count = 0    (0)
RULECHECK INFO_ANALOG_TRANS_BENDS_L_TOLERANCE_LEFT ............... TOTAL Result Count = 0    (0)
RULECHECK INFO_ANALOG_TRANS_BENDS_L_TOLERANCE_RIGHT .............. TOTAL Result Count = 0    (0)
RULECHECK INFO_ANALOG_TRANS_BENDS_L_TOLERANCE_BOTTOM ............. TOTAL Result Count = 0    (0)
RULECHECK INFO_ANALOG_TRANS_BENDS_L_TOL_WORST_TOP_BOTTOM ......... TOTAL Result Count = 0    (0)
RULECHECK INFO_ANALOG_TRANS_BENDS_L_TOL_WORST_LEFT_RIGHT ......... TOTAL Result Count = 0    (0)
RULECHECK DUMMY_PRELIMINARY ...................................... TOTAL Result Count = 0    (0)
RULECHECK MAX_AREA_GATE_NO_MIDOX_DFM0071 ......................... TOTAL Result Count = 0    (0)
RULECHECK AREA_GATE_NO_MIDOX_DUMMY_DFM0071 ....................... TOTAL Result Count = 0    (0)
RULECHECK MAX_AREA_GATE_AND_MIDOX_DFM0072 ........................ TOTAL Result Count = 0    (0)
RULECHECK AREA_GATE_AND_MIDOX_DUMMY_DFM0072 ...................... TOTAL Result Count = 0    (0)
RULECHECK INFO_MIDOX_OVER_CPOLY .................................. TOTAL Result Count = 0    (0)
RULECHECK INFO_MIDOX_STEP_OVER_CPOLY ............................. TOTAL Result Count = 0    (0)
RULECHECK INFO_MIDOX_OVER_RPOLY .................................. TOTAL Result Count = 0    (0)
RULECHECK INFO_MIDOX_STEP_OVER_RPOLY ............................. TOTAL Result Count = 0    (0)
RULECHECK CPOLY_ARRAY_BAD_CUNIT_1_DFM0078 ........................ TOTAL Result Count = 0    (0)
RULECHECK CPOLY_ARRAY_BAD_CUNIT_2_DFM0078 ........................ TOTAL Result Count = 0    (0)
RULECHECK CPOLY_ARRAY_BAD_CUNIT_3_DFM0078 ........................ TOTAL Result Count = 0    (0)
RULECHECK CPOLY_ARRAY_BAD_CUNIT_4_DFM0078 ........................ TOTAL Result Count = 0    (0)
RULECHECK CPOLY_ARRAY_BAD_CUNIT_5_DFM0078 ........................ TOTAL Result Count = 0    (0)
RULECHECK CPOLY_ARRAY_WIDTH_CUNIT_CDUMMY_VERT_DFM0076 ............ TOTAL Result Count = 0    (0)
RULECHECK bad_dummy_cpoly_width_rdb_hori ......................... TOTAL Result Count = 0    (0)
TOTAL DFM RDB Result Count = 0 (0)
RULECHECK CPOLY_ARRAY_WIDTH_CUNIT_CDUMMY_HORI_DFM0076 ............ TOTAL Result Count = 0    (0)
RULECHECK bad_dummy_cpoly_width_rdb_vert ......................... TOTAL Result Count = 0    (0)
TOTAL DFM RDB Result Count = 0 (0)
RULECHECK CPOLY_ARRAY_SPAC_CUNIT_CDUMMY_DFM0077 .................. TOTAL Result Count = 0    (0)
RULECHECK CPOLY_ARRAY_BAD_CDUMMY_DFM0076 ......................... TOTAL Result Count = 0    (0)
RULECHECK CPOLY_ARRAY_BAD_MISS_CDUMMY_DFM0076 .................... TOTAL Result Count = 0    (0)
RULECHECK CPOLY_ARRAY_NO_SQUARE_INFO ............................. TOTAL Result Count = 0    (0)
RULECHECK CPOLY_ARRAY_SQUARE_INFO ................................ TOTAL Result Count = 0    (0)
RULECHECK CPOLY_ARRAY_BAD_CUNIT_SQUARE_1A_DFM0078_INFO ........... TOTAL Result Count = 0    (0)
RULECHECK CPOLY_ARRAY_BAD_CUNIT_NO_SQUARE_1A_DFM0078_INFO ........ TOTAL Result Count = 0    (0)
RULECHECK CPOLY_ARRAY_BAD_CUNIT_SQUARE_2A_DFM0078_INFO ........... TOTAL Result Count = 0    (0)
RULECHECK CPOLY_ARRAY_BAD_CUNIT_NO_SQUARE_2A_DFM0078_INFO ........ TOTAL Result Count = 0    (0)
RULECHECK CPOLY_ARRAY_SPAC_CUNIT_CDUMMY_A_DFM0077_INFO ........... TOTAL Result Count = 0    (0)
RULECHECK CPOLY_ARRAY_SPAC_CUNIT_CDUMMY_B_DFM0077_INFO ........... TOTAL Result Count = 0    (0)
RULECHECK CPOLY_ARRAY_SPAC_CUNIT_CDUMMY_B_DFM0076_INFO ........... TOTAL Result Count = 0    (0)
RULECHECK CPOLY_ARRAY_WIDTH_CUNIT_CDUMMY_VERT_A_DFM0076_INFO ..... TOTAL Result Count = 0    (0)
RULECHECK CPOLY_ARRAY_WIDTH_CUNIT_CDUMMY_HORI_A_DFM0076_INFO ..... TOTAL Result Count = 0    (0)
RULECHECK dfm_nwres_l_lt10_dfm0036 ............................... TOTAL Result Count = 0    (0)
TOTAL DFM RDB Result Count = 0 (0)
RULECHECK ILL_RNWELL_L_LT10_RATIO_DFMA0036 ....................... TOTAL Result Count = 0    (0)
RULECHECK ILL_RNWELL_L_GE10_RATIO_DFMA0073 ....................... TOTAL Result Count = 0    (0)
RULECHECK dfm_pres_l_lt10_dfm0038 ................................ TOTAL Result Count = 0    (0)
TOTAL DFM RDB Result Count = 0 (0)
RULECHECK ILL_RPOLY2_L_LT10_RATIO_DFMA0038 ....................... TOTAL Result Count = 0    (0)
RULECHECK ILL_RPOLY2_L_GE10_RATIO_DFMA0074 ....................... TOTAL Result Count = 2    (54)
RULECHECK SPAC_MAX_RPOLY2_W_LT2_DUMMY_DFMA0040_DFMA0041 .......... TOTAL Result Count = 0    (0)
RULECHECK dfm_presh_l_lt10_dfm0042 ............................... TOTAL Result Count = 0    (0)
TOTAL DFM RDB Result Count = 6 (16)
RULECHECK ILL_RPOLYH_L_LT10_RATIO_DFMA0042 ....................... TOTAL Result Count = 0    (0)
RULECHECK ILL_RPOLYH_L_GE10_RATIO_DFMA0075 ....................... TOTAL Result Count = 0    (0)
RULECHECK SPAC_MAX_RPOLYH_W_LT2_DUMMY_DFMA0044_DFMA0045 .......... TOTAL Result Count = 7    (17)
RULECHECK RATIO_GATE_GOX_VIA_INSUFFICIENT_DFMC0009 ............... TOTAL Result Count = 0    (0)
RULECHECK RATIO2_GATE_GOX_VIA_INSUFFICIENT_DFMC0009 .............. TOTAL Result Count = 0    (0)
RULECHECK RATIO_GATE_GOX_VIA2_INSUFFICIENT_DFMC0012 .............. TOTAL Result Count = 0    (0)
RULECHECK RATIO2_GATE_GOX_VIA2_INSUFFICIENT_DFMC0012 ............. TOTAL Result Count = 0    (0)
RULECHECK RATIO_GATE_GOX_VIA3_INSUFFICIENT_DFMC0015 .............. TOTAL Result Count = 0    (0)
RULECHECK RATIO2_GATE_GOX_VIA3_INSUFFICIENT_DFMC0015 ............. TOTAL Result Count = 0    (0)
RULECHECK RATIO_GATE_MOX_VIA_INSUFFICIENT_DFMC0080 ............... TOTAL Result Count = 0    (0)
RULECHECK RATIO2_GATE_MOX_VIA_INSUFFICIENT_DFMC0080 .............. TOTAL Result Count = 0    (0)
RULECHECK RATIO_GATE_MOX_VIA2_INSUFFICIENT_DFMC0081 .............. TOTAL Result Count = 0    (0)
RULECHECK RATIO2_GATE_MOX_VIA2_INSUFFICIENT_DFMC0081 ............. TOTAL Result Count = 0    (0)
RULECHECK RATIO_GATE_MOX_VIA3_INSUFFICIENT_DFMC0082 .............. TOTAL Result Count = 0    (0)
RULECHECK RATIO2_GATE_MOX_VIA3_INSUFFICIENT_DFMC0082 ............. TOTAL Result Count = 0    (0)
RULECHECK RATIO2_CPOLY_POLY1_PIP_VIA_INSUFFICIENT_DFMC0083 ....... TOTAL Result Count = 0    (0)
RULECHECK RATIO2_CPOLY_POLY2_PIP_VIA_INSUFFICIENT_DFMC0083 ....... TOTAL Result Count = 0    (0)
RULECHECK RATIO2_CPOLY_POLY1_PIP_VIA2_INSUFFICIENT_DFMC0084 ...... TOTAL Result Count = 0    (0)
RULECHECK RATIO2_CPOLY_POLY2_PIP_VIA2_INSUFFICIENT_DFMC0084 ...... TOTAL Result Count = 0    (0)
RULECHECK RATIO2_CPOLY_POLY1_PIP_VIA3_INSUFFICIENT_DFMC0085 ...... TOTAL Result Count = 0    (0)
RULECHECK RATIO2_CPOLY_POLY2_PIP_VIA3_INSUFFICIENT_DFMC0085 ...... TOTAL Result Count = 0    (0)
RULECHECK RATIO2_CMIM_MIM_VIA_INSUFFICIENT_DFMC0086 .............. TOTAL Result Count = 0    (0)
RULECHECK RATIO2_CMIM_MET3_MIM_VIA_INSUFFICIENT_DFMC0086 ......... TOTAL Result Count = 0    (0)
RULECHECK RATIO2_CMIM_MIM_VIA2_INSUFFICIENT_DFMC0087 ............. TOTAL Result Count = 0    (0)
RULECHECK RATIO2_CMIM_MET3_MIM_VIA2_INSUFFICIENT_DFMC0087 ........ TOTAL Result Count = 0    (0)
RULECHECK RATIO2_CMIM_MIM_VIA3_INSUFFICIENT_DFMC0088 ............. TOTAL Result Count = 0    (0)
RULECHECK RATIO2_CMIM_MET3_MIM_VIA3_INSUFFICIENT_DFMC0088 ........ TOTAL Result Count = 0    (0)
RULECHECK RATIO2_CMIM5V_MIM_VIA_INSUFFICIENT_DFMC0086 ............ TOTAL Result Count = 0    (0)
RULECHECK RATIO2_CMIM5V_MET3_MIM_VIA_INSUFFICIENT_DFMC0086 ....... TOTAL Result Count = 0    (0)
RULECHECK RATIO2_CMIM5V_MIM_VIA2_INSUFFICIENT_DFMC0087 ........... TOTAL Result Count = 0    (0)
RULECHECK RATIO2_CMIM5V_MET3_MIM_VIA2_INSUFFICIENT_DFMC0087 ...... TOTAL Result Count = 0    (0)
RULECHECK RATIO2_CMIM5V_MIM_VIA3_INSUFFICIENT_DFMC0088 ........... TOTAL Result Count = 0    (0)
RULECHECK RATIO2_CMIM5V_MET3_MIM_VIA3_INSUFFICIENT_DFMC0088 ...... TOTAL Result Count = 0    (0)
RULECHECK RATIO2_CMIM20V_MIM20_VIA_INSUFFICIENT_DFMC0089 ......... TOTAL Result Count = 0    (0)
RULECHECK RATIO2_CMIM20V_MET3_MIM20_VIA_INSUFFICIENT_DFMC0089 .... TOTAL Result Count = 0    (0)
RULECHECK RATIO2_CMIM20V_MIM20_VIA2_INSUFFICIENT_DFMC0090 ........ TOTAL Result Count = 0    (0)
RULECHECK RATIO2_CMIM20V_MET3_MIM20_VIA2_INSUFFICIENT_DFMC0090 ... TOTAL Result Count = 0    (0)
RULECHECK RATIO2_CMIM20V_MIM20_VIA3_INSUFFICIENT_DFMC0091 ........ TOTAL Result Count = 0    (0)
RULECHECK RATIO2_CMIM20V_MET3_MIM20_VIA3_INSUFFICIENT_DFMC0091 ... TOTAL Result Count = 0    (0)
----------------------------------------------------------------------------------
--- RULECHECK RESULTS STATISTICS (BY CELL)
---
CELL PERI_SPACER_100_P ........................................ TOTAL Result Count = 27   (1431)
    RULECHECK MORE_VIA_M1M2_GT15LE20_DFMC0008 ................. TOTAL Result Count = 1    (53)
    RULECHECK MORE_VIA_M1M2_GT20LE30_DFMC0008 ................. TOTAL Result Count = 2    (106)
    RULECHECK MORE_VIA2_M2M3_GT15LE20_DFMC0011 ................ TOTAL Result Count = 1    (53)
    RULECHECK MORE_VIA2_M2M3_GT20LE30_DFMC0011 ................ TOTAL Result Count = 2    (106)
    RULECHECK MORE_VIA3_M3M4_GT15LE20_DFMC0014 ................ TOTAL Result Count = 1    (53)
    RULECHECK MORE_VIA3_M3M4_GT20LE30_DFMC0014 ................ TOTAL Result Count = 6    (318)
    RULECHECK MORE_CONT_SUBTAP_DFMC0004 ....................... TOTAL Result Count = 2    (106)
    RULECHECK SUBTAP_MISS_CONTS_DFMC0004 ...................... TOTAL Result Count = 3    (159)
    RULECHECK MORE_CONT_WELLTAP_DFMC0004 ...................... TOTAL Result Count = 4    (212)
    RULECHECK WELLTAP_MISS_CONTS_DFMC0004 ..................... TOTAL Result Count = 5    (265)
CELL APRIO200P ................................................ TOTAL Result Count = 42   (1134)
    RULECHECK MORE_VIA3_M3M4_GT15LE20_DFMC0014 ................ TOTAL Result Count = 1    (27)
    RULECHECK MORE_VIA3_M3M4_GT20LE30_DFMC0014 ................ TOTAL Result Count = 6    (162)
    RULECHECK SUBTAP_MISS_CONTS_DFMC0004 ...................... TOTAL Result Count = 2    (54)
    RULECHECK WELLTAP_MISS_CONTS_DFMC0004 ..................... TOTAL Result Count = 2    (54)
    RULECHECK INFO_DEV_RPOLY2 ................................. TOTAL Result Count = 9    (243)
    RULECHECK INFO_DEV_NDIODE ................................. TOTAL Result Count = 8    (216)
    RULECHECK INFO_DEV_PDIODE ................................. TOTAL Result Count = 8    (216)
    RULECHECK INFO_DEV_NWDIODE ................................ TOTAL Result Count = 4    (108)
    RULECHECK ILL_RPOLY2_L_GE10_RATIO_DFMA0074 ................ TOTAL Result Count = 2    (54)
CELL AVDD3ALLP ................................................ TOTAL Result Count = 26   (78)
    RULECHECK MORE_VIA_M1M2_GT10LE15_DFMC0008 ................. TOTAL Result Count = 1    (3)
    RULECHECK MORE_VIA3_M3M4_GT15LE20_DFMC0014 ................ TOTAL Result Count = 1    (3)
    RULECHECK MORE_VIA3_M3M4_GT20LE30_DFMC0014 ................ TOTAL Result Count = 6    (18)
    RULECHECK MORE_CONT_SUBTAP_DFMC0004 ....................... TOTAL Result Count = 2    (6)
    RULECHECK SUBTAP_MISS_CONTS_DFMC0004 ...................... TOTAL Result Count = 1    (3)
    RULECHECK WELLTAP_MISS_CONTS_DFMC0004 ..................... TOTAL Result Count = 2    (6)
    RULECHECK INFO_DEV_RPOLY1 ................................. TOTAL Result Count = 1    (3)
    RULECHECK INFO_DEV_NWDIODE ................................ TOTAL Result Count = 6    (18)
    RULECHECK INFO_DEV_NMOS ................................... TOTAL Result Count = 6    (18)
CELL AGND3ALLP ................................................ TOTAL Result Count = 27   (81)
    RULECHECK MORE_VIA_M1M2_GT10LE15_DFMC0008 ................. TOTAL Result Count = 1    (3)
    RULECHECK MORE_VIA2_M2M3_GT10LE15_DFMC0011 ................ TOTAL Result Count = 1    (3)
    RULECHECK MORE_VIA3_M3M4_GT15LE20_DFMC0014 ................ TOTAL Result Count = 1    (3)
    RULECHECK MORE_VIA3_M3M4_GT20LE30_DFMC0014 ................ TOTAL Result Count = 6    (18)
    RULECHECK MORE_CONT_SUBTAP_DFMC0004 ....................... TOTAL Result Count = 2    (6)
    RULECHECK SUBTAP_MISS_CONTS_DFMC0004 ...................... TOTAL Result Count = 1    (3)
    RULECHECK WELLTAP_MISS_CONTS_DFMC0004 ..................... TOTAL Result Count = 2    (6)
    RULECHECK INFO_DEV_RPOLY1 ................................. TOTAL Result Count = 1    (3)
    RULECHECK INFO_DEV_NWDIODE ................................ TOTAL Result Count = 6    (18)
    RULECHECK INFO_DEV_NMOS ................................... TOTAL Result Count = 6    (18)
CELL PWRCUT_DIG_P_DX .......................................... TOTAL Result Count = 54   (162)
    RULECHECK MORE_VIA2_M2M3_GT15LE20_DFMC0011 ................ TOTAL Result Count = 18   (54)
    RULECHECK MORE_CONT_SUBTAP_DFMC0004 ....................... TOTAL Result Count = 2    (6)
    RULECHECK SUBTAP_MISS_CONTS_DFMC0004 ...................... TOTAL Result Count = 4    (12)
    RULECHECK INFO_DEV_PDIODE ................................. TOTAL Result Count = 22   (66)
    RULECHECK INFO_DEV_NWDIODE ................................ TOTAL Result Count = 8    (24)
CELL PERI_SPACER_50_P ......................................... TOTAL Result Count = 29   (145)
    RULECHECK MORE_VIA_M1M2_GT15LE20_DFMC0008 ................. TOTAL Result Count = 1    (5)
    RULECHECK MORE_VIA_M1M2_GT20LE30_DFMC0008 ................. TOTAL Result Count = 2    (10)
    RULECHECK MORE_VIA2_M2M3_GT15LE20_DFMC0011 ................ TOTAL Result Count = 1    (5)
    RULECHECK MORE_VIA2_M2M3_GT20LE30_DFMC0011 ................ TOTAL Result Count = 2    (10)
    RULECHECK MORE_VIA3_M3M4_GT15LE20_DFMC0014 ................ TOTAL Result Count = 1    (5)
    RULECHECK MORE_VIA3_M3M4_GT20LE30_DFMC0014 ................ TOTAL Result Count = 6    (30)
    RULECHECK MORE_CONT_SUBTAP_DFMC0004 ....................... TOTAL Result Count = 2    (10)
    RULECHECK SUBTAP_MISS_CONTS_DFMC0004 ...................... TOTAL Result Count = 5    (25)
    RULECHECK MORE_CONT_WELLTAP_DFMC0004 ...................... TOTAL Result Count = 4    (20)
    RULECHECK WELLTAP_MISS_CONTS_DFMC0004 ..................... TOTAL Result Count = 5    (25)
CELL PERI_SPACER_10_P ......................................... TOTAL Result Count = 6    (12)
    RULECHECK MORE_CONT_SUBTAP_DFMC0004 ....................... TOTAL Result Count = 1    (2)
    RULECHECK SUBTAP_MISS_CONTS_DFMC0004 ...................... TOTAL Result Count = 1    (2)
    RULECHECK MORE_CONT_WELLTAP_DFMC0004 ...................... TOTAL Result Count = 2    (4)
    RULECHECK WELLTAP_MISS_CONTS_DFMC0004 ..................... TOTAL Result Count = 2    (4)
CELL PERI_SPACER_5_P .......................................... TOTAL Result Count = 2    (4)
    RULECHECK SUBTAP_MISS_CONTS_DFMC0004 ...................... TOTAL Result Count = 1    (2)
    RULECHECK WELLTAP_MISS_CONTS_DFMC0004 ..................... TOTAL Result Count = 1    (2)
CELL PERI_SPACER_2_P .......................................... TOTAL Result Count = 3    (12)
    RULECHECK SUBTAP_MISS_CONTS_DFMC0004 ...................... TOTAL Result Count = 2    (8)
    RULECHECK WELLTAP_MISS_CONTS_DFMC0004 ..................... TOTAL Result Count = 1    (4)
CELL CORNERP .................................................. TOTAL Result Count = 9    (36)
    RULECHECK MORE_VIA3_M3M4_GT20LE30_DFMC0014 ................ TOTAL Result Count = 6    (24)
    RULECHECK SUBTAP_MISS_CONTS_DFMC0004 ...................... TOTAL Result Count = 2    (8)
    RULECHECK WELLTAP_MISS_CONTS_DFMC0004 ..................... TOTAL Result Count = 1    (4)
CELL PERI_SPACER_20_P ......................................... TOTAL Result Count = 21   (42)
    RULECHECK MORE_VIA_M1M2_GT15LE20_DFMC0008 ................. TOTAL Result Count = 2    (4)
    RULECHECK MORE_VIA2_M2M3_GT15LE20_DFMC0011 ................ TOTAL Result Count = 3    (6)
    RULECHECK MORE_CONT_SUBTAP_DFMC0004 ....................... TOTAL Result Count = 4    (8)
    RULECHECK SUBTAP_MISS_CONTS_DFMC0004 ...................... TOTAL Result Count = 3    (6)
    RULECHECK MORE_CONT_WELLTAP_DFMC0004 ...................... TOTAL Result Count = 4    (8)
    RULECHECK WELLTAP_MISS_CONTS_DFMC0004 ..................... TOTAL Result Count = 5    (10)
CELL V200_20 .................................................. TOTAL Result Count = 1    (36)
    RULECHECK INFO_DEV_CPOLY .................................. TOTAL Result Count = 1    (36)
CELL V500_20 .................................................. TOTAL Result Count = 1    (41)
    RULECHECK INFO_DEV_CPOLY .................................. TOTAL Result Count = 1    (41)
CELL cpolyc_CDNS_7811151460146 ................................ TOTAL Result Count = 1    (31)
    RULECHECK INFO_DEV_CPOLY .................................. TOTAL Result Count = 1    (31)
CELL cpolyc_CDNS_781115146010 ................................. TOTAL Result Count = 1    (4)
    RULECHECK INFO_DEV_CPOLY .................................. TOTAL Result Count = 1    (4)
CELL nmos4_CDNS_7811151460134 ................................. TOTAL Result Count = 1    (24)
    RULECHECK INFO_DEV_NMOS ................................... TOTAL Result Count = 1    (24)
CELL pmos4_CDNS_78111514601169 ................................ TOTAL Result Count = 1    (96)
    RULECHECK INFO_DEV_PMOS ................................... TOTAL Result Count = 1    (96)
CELL nmos4_CDNS_78111514601182 ................................ TOTAL Result Count = 1    (38)
    RULECHECK INFO_DEV_NMOS ................................... TOTAL Result Count = 1    (38)
CELL pmos4_CDNS_78111514601183 ................................ TOTAL Result Count = 1    (192)
    RULECHECK INFO_DEV_PMOS ................................... TOTAL Result Count = 1    (192)
CELL nmos4_CDNS_78111514601180 ................................ TOTAL Result Count = 4    (40)
    RULECHECK INFO_DEV_NMOS ................................... TOTAL Result Count = 4    (40)
CELL 6_CA_Front_Layout ........................................ TOTAL Result Count = 6    (12)
    RULECHECK INFO_DEV_RPOLYH ................................. TOTAL Result Count = 1    (2)
    RULECHECK INFO_DEV_NMOS ................................... TOTAL Result Count = 5    (10)
CELL rpolyhc_CDNS_78111514601172 .............................. TOTAL Result Count = 1    (9)
    RULECHECK INFO_DEV_RPOLYH ................................. TOTAL Result Count = 1    (9)
CELL vert10_4 ................................................. TOTAL Result Count = 1    (193)
    RULECHECK INFO_DEV_PNPVERT10 .............................. TOTAL Result Count = 1    (193)
CELL rpolyhc_CDNS_78111514601173 .............................. TOTAL Result Count = 1    (12)
    RULECHECK INFO_DEV_RPOLYH ................................. TOTAL Result Count = 1    (12)
CELL pmos4_CDNS_781115146013 .................................. TOTAL Result Count = 1    (409)
    RULECHECK INFO_DEV_PMOS ................................... TOTAL Result Count = 1    (409)
CELL nmos4_CDNS_781115146015 .................................. TOTAL Result Count = 1    (2)
    RULECHECK INFO_DEV_NMOS ................................... TOTAL Result Count = 1    (2)
CELL rpolyhc_CDNS_7811151460158 ............................... TOTAL Result Count = 2    (16)
    RULECHECK INFO_DEV_RPOLYH ................................. TOTAL Result Count = 1    (8)
    RULECHECK SPAC_MAX_RPOLYH_W_LT2_DUMMY_DFMA0044_DFMA0045 ... TOTAL Result Count = 1    (8)
CELL nmos4_CDNS_781115146016 .................................. TOTAL Result Count = 1    (72)
    RULECHECK INFO_DEV_NMOS ................................... TOTAL Result Count = 1    (72)
CELL pmos4_CDNS_781115146018 .................................. TOTAL Result Count = 1    (16)
    RULECHECK INFO_DEV_PMOS ................................... TOTAL Result Count = 1    (16)
CELL nmos4_CDNS_7811151460176 ................................. TOTAL Result Count = 2    (10)
    RULECHECK INFO_DEV_NMOS ................................... TOTAL Result Count = 2    (10)
CELL nmos4_CDNS_781115146014 .................................. TOTAL Result Count = 1    (69)
    RULECHECK INFO_DEV_NMOS ................................... TOTAL Result Count = 1    (69)
CELL pmos4_CDNS_78111514601142 ................................ TOTAL Result Count = 1    (68)
    RULECHECK INFO_DEV_PMOS ................................... TOTAL Result Count = 1    (68)
CELL nmos4_CDNS_78111514601174 ................................ TOTAL Result Count = 1    (4)
    RULECHECK INFO_DEV_NMOS ................................... TOTAL Result Count = 1    (4)
CELL 7_PTAT_Layout2 ........................................... TOTAL Result Count = 6    (6)
    RULECHECK INFO_DEV_RPOLYH ................................. TOTAL Result Count = 1    (1)
    RULECHECK INFO_DEV_CPOLY .................................. TOTAL Result Count = 4    (4)
    RULECHECK SPAC_MAX_RPOLYH_W_LT2_DUMMY_DFMA0044_DFMA0045 ... TOTAL Result Count = 1    (1)
CELL cpolyc_CDNS_78111514601198 ............................... TOTAL Result Count = 1    (10)
    RULECHECK INFO_DEV_CPOLY .................................. TOTAL Result Count = 1    (10)
CELL rpolyhc_CDNS_78111514601189 .............................. TOTAL Result Count = 1    (14)
    RULECHECK INFO_DEV_RPOLYH ................................. TOTAL Result Count = 1    (14)
CELL nmos4_CDNS_7811151460180 ................................. TOTAL Result Count = 1    (110)
    RULECHECK INFO_DEV_NMOS ................................... TOTAL Result Count = 1    (110)
CELL pmos4_CDNS_7811151460194 ................................. TOTAL Result Count = 1    (27)
    RULECHECK INFO_DEV_PMOS ................................... TOTAL Result Count = 1    (27)
CELL Inverter ................................................. TOTAL Result Count = 2    (20)
    RULECHECK INFO_DEV_NMOS ................................... TOTAL Result Count = 1    (10)
    RULECHECK INFO_DEV_PMOS ................................... TOTAL Result Count = 1    (10)
CELL 6_Resnet ................................................. TOTAL Result Count = 3    (3)
    RULECHECK INFO_DEV_RPOLYH ................................. TOTAL Result Count = 1    (1)
    RULECHECK INFO_DEV_NMOS ................................... TOTAL Result Count = 2    (2)
CELL cpolyc_CDNS_78111514601186 ............................... TOTAL Result Count = 1    (4)
    RULECHECK INFO_DEV_CPOLY .................................. TOTAL Result Count = 1    (4)
CELL pmos4_CDNS_78111514601118 ................................ TOTAL Result Count = 1    (96)
    RULECHECK INFO_DEV_PMOS ................................... TOTAL Result Count = 1    (96)
CELL 6_TIA_Front_Layout ....................................... TOTAL Result Count = 12   (12)
    RULECHECK INFO_DEV_RPOLYH ................................. TOTAL Result Count = 1    (1)
    RULECHECK INFO_DEV_CPOLY .................................. TOTAL Result Count = 1    (1)
    RULECHECK INFO_DEV_NMOS ................................... TOTAL Result Count = 10   (10)
CELL nmos4_CDNS_7811151460178 ................................. TOTAL Result Count = 2    (24)
    RULECHECK INFO_DEV_NMOS ................................... TOTAL Result Count = 2    (24)
CELL pmos4_CDNS_78111514601200 ................................ TOTAL Result Count = 4    (16)
    RULECHECK INFO_DEV_PMOS ................................... TOTAL Result Count = 4    (16)
CELL pmos4_CDNS_78111514601196 ................................ TOTAL Result Count = 1    (96)
    RULECHECK INFO_DEV_PMOS ................................... TOTAL Result Count = 1    (96)
CELL pmos4_CDNS_78111514601194 ................................ TOTAL Result Count = 2    (10)
    RULECHECK INFO_DEV_PMOS ................................... TOTAL Result Count = 2    (10)
CELL 7_Calibration_current .................................... TOTAL Result Count = 2    (2)
    RULECHECK INFO_DEV_NMOS ................................... TOTAL Result Count = 2    (2)
CELL 8_CA_TIA_Front_calib ..................................... TOTAL Result Count = 2    (2)
    RULECHECK INFO_DEV_CPOLY .................................. TOTAL Result Count = 2    (2)
CELL INVX1 .................................................... TOTAL Result Count = 2    (38)
    RULECHECK INFO_DEV_NMOS ................................... TOTAL Result Count = 1    (19)
    RULECHECK INFO_DEV_PMOS ................................... TOTAL Result Count = 1    (19)
CELL pmos4_CDNS_7811151460114 ................................. TOTAL Result Count = 1    (14)
    RULECHECK INFO_DEV_PMOS ................................... TOTAL Result Count = 1    (14)
CELL fbias_por2_fc ............................................ TOTAL Result Count = 10   (10)
    RULECHECK INFO_DEV_RPOLYH ................................. TOTAL Result Count = 2    (2)
    RULECHECK INFO_DEV_CPOLY .................................. TOTAL Result Count = 2    (2)
    RULECHECK INFO_DEV_NMOS ................................... TOTAL Result Count = 5    (5)
    RULECHECK INFO_DEV_PMOS ................................... TOTAL Result Count = 1    (1)
CELL pmos4_CDNS_7811151460133 ................................. TOTAL Result Count = 1    (29)
    RULECHECK INFO_DEV_PMOS ................................... TOTAL Result Count = 1    (29)
CELL pmos4_CDNS_7811151460117 ................................. TOTAL Result Count = 1    (8)
    RULECHECK INFO_DEV_PMOS ................................... TOTAL Result Count = 1    (8)
CELL pmos4_CDNS_7811151460130 ................................. TOTAL Result Count = 1    (5)
    RULECHECK INFO_DEV_PMOS ................................... TOTAL Result Count = 1    (5)
CELL fbias_gm_c1_f2c .......................................... TOTAL Result Count = 7    (7)
    RULECHECK INFO_DEV_RPOLYH ................................. TOTAL Result Count = 1    (1)
    RULECHECK INFO_DEV_CPOLY .................................. TOTAL Result Count = 1    (1)
    RULECHECK INFO_DEV_NMOS ................................... TOTAL Result Count = 5    (5)
CELL rpolyhc_CDNS_781115146011 ................................ TOTAL Result Count = 1    (45)
    RULECHECK INFO_DEV_RPOLYH ................................. TOTAL Result Count = 1    (45)
CELL pmos4_CDNS_781115146017 .................................. TOTAL Result Count = 1    (20)
    RULECHECK INFO_DEV_PMOS ................................... TOTAL Result Count = 1    (20)
CELL fecg_bandgap3_layout ..................................... TOTAL Result Count = 4    (4)
    RULECHECK INFO_DEV_RPOLYH ................................. TOTAL Result Count = 1    (1)
    RULECHECK INFO_DEV_NMOS ................................... TOTAL Result Count = 2    (2)
    RULECHECK SPAC_MAX_RPOLYH_W_LT2_DUMMY_DFMA0044_DFMA0045 ... TOTAL Result Count = 1    (1)
CELL pmos4_CDNS_7811151460119 ................................. TOTAL Result Count = 1    (47)
    RULECHECK INFO_DEV_PMOS ................................... TOTAL Result Count = 1    (47)
CELL pmos4_CDNS_7811151460118 ................................. TOTAL Result Count = 1    (28)
    RULECHECK INFO_DEV_PMOS ................................... TOTAL Result Count = 1    (28)
CELL nmos4_CDNS_7811151460122 ................................. TOTAL Result Count = 1    (32)
    RULECHECK INFO_DEV_NMOS ................................... TOTAL Result Count = 1    (32)
CELL pmos4_CDNS_7811151460123 ................................. TOTAL Result Count = 1    (16)
    RULECHECK INFO_DEV_PMOS ................................... TOTAL Result Count = 1    (16)
CELL fbias_cur_ref2_layout .................................... TOTAL Result Count = 3    (3)
    RULECHECK INFO_DEV_RPOLYH ................................. TOTAL Result Count = 1    (1)
    RULECHECK SPAC_MAX_RPOLYH_W_LT2_DUMMY_DFMA0044_DFMA0045 ... TOTAL Result Count = 2    (2)
CELL nmos4_CDNS_7811151460126 ................................. TOTAL Result Count = 1    (28)
    RULECHECK INFO_DEV_NMOS ................................... TOTAL Result Count = 1    (28)
CELL rpolyhc_CDNS_7811151460124 ............................... TOTAL Result Count = 1    (24)
    RULECHECK INFO_DEV_RPOLYH ................................. TOTAL Result Count = 1    (24)
CELL fbias_vol_ref1_layout .................................... TOTAL Result Count = 2    (2)
    RULECHECK INFO_DEV_RPOLYH ................................. TOTAL Result Count = 1    (1)
    RULECHECK INFO_DEV_PMOS ................................... TOTAL Result Count = 1    (1)
CELL pmos4_CDNS_78111514601122 ................................ TOTAL Result Count = 1    (8)
    RULECHECK INFO_DEV_PMOS ................................... TOTAL Result Count = 1    (8)
CELL cpolyc_CDNS_78111514601119 ............................... TOTAL Result Count = 1    (2)
    RULECHECK INFO_DEV_CPOLY .................................. TOTAL Result Count = 1    (2)
CELL pmos4_CDNS_78111514601117 ................................ TOTAL Result Count = 1    (41)
    RULECHECK INFO_DEV_PMOS ................................... TOTAL Result Count = 1    (41)
CELL Current_Voltage_Reference ................................ TOTAL Result Count = 14   (14)
    RULECHECK MORE_VIA_M1M2_R15_DFMC0008 ...................... TOTAL Result Count = 3    (3)
    RULECHECK MORE_VIA_M1M2_R20_DFMC0008 ...................... TOTAL Result Count = 6    (6)
    RULECHECK INFO_DEV_RPOLYH ................................. TOTAL Result Count = 3    (3)
    RULECHECK INFO_DEV_CPOLY .................................. TOTAL Result Count = 2    (2)
CELL rpolyhc_CDNS_78111514601126 .............................. TOTAL Result Count = 1    (2)
    RULECHECK INFO_DEV_RPOLYH ................................. TOTAL Result Count = 1    (2)
CELL nmos4_CDNS_78111514601132 ................................ TOTAL Result Count = 1    (8)
    RULECHECK INFO_DEV_NMOS ................................... TOTAL Result Count = 1    (8)
CELL pmos4_CDNS_78111514601133 ................................ TOTAL Result Count = 1    (12)
    RULECHECK INFO_DEV_PMOS ................................... TOTAL Result Count = 1    (12)
CELL nmos4_CDNS_78111514601131 ................................ TOTAL Result Count = 1    (8)
    RULECHECK INFO_DEV_NMOS ................................... TOTAL Result Count = 1    (8)
CELL nmos4_CDNS_78111514601127 ................................ TOTAL Result Count = 1    (3)
    RULECHECK INFO_DEV_NMOS ................................... TOTAL Result Count = 1    (3)
CELL ECG_bandgap_f_v1 ......................................... TOTAL Result Count = 5    (5)
    RULECHECK INFO_DEV_RPOLYH ................................. TOTAL Result Count = 2    (2)
    RULECHECK INFO_DEV_CPOLY .................................. TOTAL Result Count = 1    (1)
    RULECHECK INFO_DEV_NMOS ................................... TOTAL Result Count = 2    (2)
CELL pmos4_CDNS_78111514601116 ................................ TOTAL Result Count = 1    (8)
    RULECHECK INFO_DEV_PMOS ................................... TOTAL Result Count = 1    (8)
CELL Constant_gm .............................................. TOTAL Result Count = 1    (1)
    RULECHECK INFO_DEV_RPOLYH ................................. TOTAL Result Count = 1    (1)
CELL FILLCAPX2 ................................................ TOTAL Result Count = 2    (106)
    RULECHECK INFO_DEV_NMOS ................................... TOTAL Result Count = 1    (53)
    RULECHECK INFO_DEV_PMOS ................................... TOTAL Result Count = 1    (53)
CELL FILLCAPX4 ................................................ TOTAL Result Count = 2    (116)
    RULECHECK INFO_DEV_NMOS ................................... TOTAL Result Count = 1    (58)
    RULECHECK INFO_DEV_PMOS ................................... TOTAL Result Count = 1    (58)
CELL FILLCAPX8 ................................................ TOTAL Result Count = 2    (104)
    RULECHECK INFO_DEV_NMOS ................................... TOTAL Result Count = 1    (52)
    RULECHECK INFO_DEV_PMOS ................................... TOTAL Result Count = 1    (52)
CELL CLKBUFX16 ................................................ TOTAL Result Count = 10   (220)
    RULECHECK INFO_DEV_NMOS ................................... TOTAL Result Count = 4    (88)
    RULECHECK INFO_DEV_PMOS ................................... TOTAL Result Count = 6    (132)
CELL CLKBUFX4 ................................................. TOTAL Result Count = 4    (180)
    RULECHECK INFO_DEV_NMOS ................................... TOTAL Result Count = 2    (90)
    RULECHECK INFO_DEV_PMOS ................................... TOTAL Result Count = 2    (90)
CELL CLKBUFX2 ................................................. TOTAL Result Count = 4    (32)
    RULECHECK INFO_DEV_NMOS ................................... TOTAL Result Count = 2    (16)
    RULECHECK INFO_DEV_PMOS ................................... TOTAL Result Count = 2    (16)
CELL FILLCAPX16 ............................................... TOTAL Result Count = 2    (68)
    RULECHECK INFO_DEV_NMOS ................................... TOTAL Result Count = 1    (34)
    RULECHECK INFO_DEV_PMOS ................................... TOTAL Result Count = 1    (34)
CELL DFCSX4 ................................................... TOTAL Result Count = 38   (2014)
    RULECHECK INFO_DEV_NMOS ................................... TOTAL Result Count = 19   (1007)
    RULECHECK INFO_DEV_PMOS ................................... TOTAL Result Count = 19   (1007)
CELL CLKBUFX8 ................................................. TOTAL Result Count = 6    (18)
    RULECHECK INFO_DEV_NMOS ................................... TOTAL Result Count = 3    (9)
    RULECHECK INFO_DEV_PMOS ................................... TOTAL Result Count = 3    (9)
CELL CLKBUFX24 ................................................ TOTAL Result Count = 13   (26)
    RULECHECK INFO_DEV_NMOS ................................... TOTAL Result Count = 5    (10)
    RULECHECK INFO_DEV_PMOS ................................... TOTAL Result Count = 8    (16)
CELL CLKBUFX3 ................................................. TOTAL Result Count = 4    (12)
    RULECHECK INFO_DEV_NMOS ................................... TOTAL Result Count = 2    (6)
    RULECHECK INFO_DEV_PMOS ................................... TOTAL Result Count = 2    (6)
CELL FILLCAPX32 ............................................... TOTAL Result Count = 2    (32)
    RULECHECK INFO_DEV_NMOS ................................... TOTAL Result Count = 1    (16)
    RULECHECK INFO_DEV_PMOS ................................... TOTAL Result Count = 1    (16)
CELL DFCSX2 ................................................... TOTAL Result Count = 38   (76)
    RULECHECK INFO_DEV_NMOS ................................... TOTAL Result Count = 19   (38)
    RULECHECK INFO_DEV_PMOS ................................... TOTAL Result Count = 19   (38)
CELL BUFX16 ................................................... TOTAL Result Count = 10   (20)
    RULECHECK INFO_DEV_NMOS ................................... TOTAL Result Count = 4    (8)
    RULECHECK INFO_DEV_PMOS ................................... TOTAL Result Count = 6    (12)
CELL CLKINVX1 ................................................. TOTAL Result Count = 2    (6)
    RULECHECK INFO_DEV_NMOS ................................... TOTAL Result Count = 1    (3)
    RULECHECK INFO_DEV_PMOS ................................... TOTAL Result Count = 1    (3)
CELL DFCX4 .................................................... TOTAL Result Count = 30   (150)
    RULECHECK INFO_DEV_NMOS ................................... TOTAL Result Count = 15   (75)
    RULECHECK INFO_DEV_PMOS ................................... TOTAL Result Count = 15   (75)
CELL AND2X4 ................................................... TOTAL Result Count = 6    (12)
    RULECHECK INFO_DEV_NMOS ................................... TOTAL Result Count = 3    (6)
    RULECHECK INFO_DEV_PMOS ................................... TOTAL Result Count = 3    (6)
CELL HAX3 ..................................................... TOTAL Result Count = 14   (42)
    RULECHECK INFO_DEV_NMOS ................................... TOTAL Result Count = 7    (21)
    RULECHECK INFO_DEV_PMOS ................................... TOTAL Result Count = 7    (21)
CELL NOR2X3 ................................................... TOTAL Result Count = 4    (8)
    RULECHECK INFO_DEV_NMOS ................................... TOTAL Result Count = 2    (4)
    RULECHECK INFO_DEV_PMOS ................................... TOTAL Result Count = 2    (4)
CELL il2244_dig ............................................... TOTAL Result Count = 104  (104)
    RULECHECK INFO_DEV_NMOS ................................... TOTAL Result Count = 49   (49)
    RULECHECK INFO_DEV_PMOS ................................... TOTAL Result Count = 55   (55)
CELL cpolyc_CDNS_78111514601110 ............................... TOTAL Result Count = 1    (8)
    RULECHECK INFO_DEV_CPOLY .................................. TOTAL Result Count = 1    (8)
CELL rpolyhc_CDNS_78111514601114 .............................. TOTAL Result Count = 1    (2)
    RULECHECK INFO_DEV_RPOLYH ................................. TOTAL Result Count = 1    (2)
CELL pmos4_CDNS_78111514601111 ................................ TOTAL Result Count = 1    (68)
    RULECHECK INFO_DEV_PMOS ................................... TOTAL Result Count = 1    (68)
CELL pmos4_CDNS_7811151460179 ................................. TOTAL Result Count = 1    (166)
    RULECHECK INFO_DEV_PMOS ................................... TOTAL Result Count = 1    (166)
CELL nmos4_CDNS_7811151460151 ................................. TOTAL Result Count = 1    (28)
    RULECHECK INFO_DEV_NMOS ................................... TOTAL Result Count = 1    (28)
CELL nmos4_CDNS_7811151460186 ................................. TOTAL Result Count = 4    (28)
    RULECHECK INFO_DEV_NMOS ................................... TOTAL Result Count = 4    (28)
CELL cpolyc_CDNS_78111514601112 ............................... TOTAL Result Count = 1    (2)
    RULECHECK INFO_DEV_CPOLY .................................. TOTAL Result Count = 1    (2)
CELL buffer2_f_3c ............................................. TOTAL Result Count = 11   (11)
    RULECHECK INFO_DEV_RPOLYH ................................. TOTAL Result Count = 1    (1)
    RULECHECK INFO_DEV_CPOLY .................................. TOTAL Result Count = 2    (2)
    RULECHECK INFO_DEV_NMOS ................................... TOTAL Result Count = 8    (8)
CELL pmos4_CDNS_7811151460149 ................................. TOTAL Result Count = 1    (13)
    RULECHECK INFO_DEV_PMOS ................................... TOTAL Result Count = 1    (13)
CELL nmos4_CDNS_7811151460148 ................................. TOTAL Result Count = 1    (13)
    RULECHECK INFO_DEV_NMOS ................................... TOTAL Result Count = 1    (13)
CELL pmos4_CDNS_7811151460167 ................................. TOTAL Result Count = 2    (28)
    RULECHECK INFO_DEV_PMOS ................................... TOTAL Result Count = 2    (28)
CELL nmos4_CDNS_7811151460166 ................................. TOTAL Result Count = 1    (14)
    RULECHECK INFO_DEV_NMOS ................................... TOTAL Result Count = 1    (14)
CELL rpolyhc_CDNS_7811151460163 ............................... TOTAL Result Count = 1    (32)
    RULECHECK INFO_DEV_RPOLYH ................................. TOTAL Result Count = 1    (32)
CELL cpolyc_CDNS_7811151460161 ................................ TOTAL Result Count = 1    (2)
    RULECHECK INFO_DEV_CPOLY .................................. TOTAL Result Count = 1    (2)
CELL cpolyc_CDNS_7811151460168 ................................ TOTAL Result Count = 1    (6)
    RULECHECK INFO_DEV_CPOLY .................................. TOTAL Result Count = 1    (6)
CELL pmos4_CDNS_7811151460165 ................................. TOTAL Result Count = 10   (20)
    RULECHECK INFO_DEV_PMOS ................................... TOTAL Result Count = 10   (20)
CELL pmos4_CDNS_7811151460153 ................................. TOTAL Result Count = 1    (60)
    RULECHECK INFO_DEV_PMOS ................................... TOTAL Result Count = 1    (60)
CELL nmos4_CDNS_7811151460170 ................................. TOTAL Result Count = 1    (8)
    RULECHECK INFO_DEV_NMOS ................................... TOTAL Result Count = 1    (8)
CELL nmos4_CDNS_7811151460169 ................................. TOTAL Result Count = 1    (4)
    RULECHECK INFO_DEV_NMOS ................................... TOTAL Result Count = 1    (4)
CELL nmos4_CDNS_7811151460160 ................................. TOTAL Result Count = 2    (4)
    RULECHECK INFO_DEV_NMOS ................................... TOTAL Result Count = 2    (4)
CELL pmos4_CDNS_7811151460164 ................................. TOTAL Result Count = 1    (208)
    RULECHECK INFO_DEV_PMOS ................................... TOTAL Result Count = 1    (208)
CELL fecg_vga2_f_2 ............................................ TOTAL Result Count = 10   (10)
    RULECHECK INFO_DEV_RPOLYH ................................. TOTAL Result Count = 1    (1)
    RULECHECK INFO_DEV_CPOLY .................................. TOTAL Result Count = 1    (1)
    RULECHECK INFO_DEV_NMOS ................................... TOTAL Result Count = 8    (8)
CELL cpolyc_CDNS_7811151460198 ................................ TOTAL Result Count = 1    (72)
    RULECHECK INFO_DEV_CPOLY .................................. TOTAL Result Count = 1    (72)
CELL nmos4_CDNS_7811151460197 ................................. TOTAL Result Count = 1    (18)
    RULECHECK INFO_DEV_NMOS ................................... TOTAL Result Count = 1    (18)
CELL pmos4_CDNS_7811151460199 ................................. TOTAL Result Count = 1    (184)
    RULECHECK INFO_DEV_PMOS ................................... TOTAL Result Count = 1    (184)
CELL nmos4_CDNS_7811151460195 ................................. TOTAL Result Count = 1    (1320)
    RULECHECK INFO_DEV_NMOS ................................... TOTAL Result Count = 1    (1320)
CELL pmos4_CDNS_78111514601103 ................................ TOTAL Result Count = 20   (480)
    RULECHECK INFO_DEV_PMOS ................................... TOTAL Result Count = 20   (480)
CELL pmos4_CDNS_78111514601104 ................................ TOTAL Result Count = 1    (144)
    RULECHECK INFO_DEV_PMOS ................................... TOTAL Result Count = 1    (144)
CELL nmos4_CDNS_78111514601102 ................................ TOTAL Result Count = 1    (168)
    RULECHECK INFO_DEV_NMOS ................................... TOTAL Result Count = 1    (168)
CELL nmos4_CDNS_78111514601101 ................................ TOTAL Result Count = 1    (336)
    RULECHECK INFO_DEV_NMOS ................................... TOTAL Result Count = 1    (336)
CELL nmos4_CDNS_7811151460196 ................................. TOTAL Result Count = 2    (12)
    RULECHECK INFO_DEV_NMOS ................................... TOTAL Result Count = 2    (12)
CELL cpolyc_CDNS_78111514601100 ............................... TOTAL Result Count = 1    (6)
    RULECHECK INFO_DEV_CPOLY .................................. TOTAL Result Count = 1    (6)
CELL gmc_5_fc ................................................. TOTAL Result Count = 2    (6)
    RULECHECK INFO_DEV_RPOLYH ................................. TOTAL Result Count = 1    (3)
    RULECHECK INFO_DEV_CPOLY .................................. TOTAL Result Count = 1    (3)
CELL rpolyhc_CDNS_7811151460193 ............................... TOTAL Result Count = 1    (4)
    RULECHECK INFO_DEV_RPOLYH ................................. TOTAL Result Count = 1    (4)
CELL nmos4_CDNS_7811151460185 ................................. TOTAL Result Count = 1    (44)
    RULECHECK INFO_DEV_NMOS ................................... TOTAL Result Count = 1    (44)
CELL pmos4_CDNS_7811151460181 ................................. TOTAL Result Count = 1    (80)
    RULECHECK INFO_DEV_PMOS ................................... TOTAL Result Count = 1    (80)
CELL nmos4_CDNS_7811151460177 ................................. TOTAL Result Count = 1    (8)
    RULECHECK INFO_DEV_NMOS ................................... TOTAL Result Count = 1    (8)
CELL cmfb_opamp1_fc ........................................... TOTAL Result Count = 1    (4)
    RULECHECK INFO_DEV_CPOLY .................................. TOTAL Result Count = 1    (4)
CELL rpolyhc_CDNS_7811151460184 ............................... TOTAL Result Count = 1    (4)
    RULECHECK INFO_DEV_RPOLYH ................................. TOTAL Result Count = 1    (4)
CELL pmos4_CDNS_7811151460173 ................................. TOTAL Result Count = 2    (12)
    RULECHECK INFO_DEV_PMOS ................................... TOTAL Result Count = 2    (12)
CELL nmos4_CDNS_7811151460187 ................................. TOTAL Result Count = 1    (36)
    RULECHECK INFO_DEV_NMOS ................................... TOTAL Result Count = 1    (36)
CELL pmos4_CDNS_7811151460188 ................................. TOTAL Result Count = 1    (20)
    RULECHECK INFO_DEV_PMOS ................................... TOTAL Result Count = 1    (20)
CELL fecg_cmfb2_fc ............................................ TOTAL Result Count = 9    (18)
    RULECHECK INFO_DEV_RPOLYH ................................. TOTAL Result Count = 1    (2)
    RULECHECK INFO_DEV_CPOLY .................................. TOTAL Result Count = 4    (8)
    RULECHECK INFO_DEV_PMOS ................................... TOTAL Result Count = 4    (8)
CELL cpolyc_CDNS_7811151460137 ................................ TOTAL Result Count = 1    (9)
    RULECHECK INFO_DEV_CPOLY .................................. TOTAL Result Count = 1    (9)
CELL pmos4_CDNS_7811151460154 ................................. TOTAL Result Count = 1    (168)
    RULECHECK INFO_DEV_PMOS ................................... TOTAL Result Count = 1    (168)
CELL pmos4_CDNS_7811151460155 ................................. TOTAL Result Count = 1    (12)
    RULECHECK INFO_DEV_PMOS ................................... TOTAL Result Count = 1    (12)
CELL nmos4_CDNS_7811151460150 ................................. TOTAL Result Count = 1    (40)
    RULECHECK INFO_DEV_NMOS ................................... TOTAL Result Count = 1    (40)
CELL pmos4_CDNS_7811151460138 ................................. TOTAL Result Count = 10   (20)
    RULECHECK INFO_DEV_PMOS ................................... TOTAL Result Count = 10   (20)
CELL nmos4_CDNS_7811151460143 ................................. TOTAL Result Count = 10   (40)
    RULECHECK INFO_DEV_NMOS ................................... TOTAL Result Count = 10   (40)
CELL nmos4_CDNS_7811151460139 ................................. TOTAL Result Count = 1    (25)
    RULECHECK INFO_DEV_NMOS ................................... TOTAL Result Count = 1    (25)
CELL pmos4_CDNS_7811151460152 ................................. TOTAL Result Count = 6    (24)
    RULECHECK INFO_DEV_PMOS ................................... TOTAL Result Count = 6    (24)
CELL nmos4_CDNS_7811151460140 ................................. TOTAL Result Count = 2    (14)
    RULECHECK INFO_DEV_NMOS ................................... TOTAL Result Count = 2    (14)
CELL rpolyhc_CDNS_7811151460156 ............................... TOTAL Result Count = 1    (2)
    RULECHECK INFO_DEV_RPOLYH ................................. TOTAL Result Count = 1    (2)
CELL nmos4_CDNS_7811151460144 ................................. TOTAL Result Count = 2    (48)
    RULECHECK INFO_DEV_NMOS ................................... TOTAL Result Count = 2    (48)
CELL pmos4_CDNS_7811151460145 ................................. TOTAL Result Count = 4    (96)
    RULECHECK INFO_DEV_PMOS ................................... TOTAL Result Count = 4    (96)
CELL fecg_ia_5_fc ............................................. TOTAL Result Count = 15   (15)
    RULECHECK MORE_VIA3_M3M4_R10_DFMC0014 ..................... TOTAL Result Count = 2    (2)
    RULECHECK LONG_POLY1_GATE_CONT_DFMA0005 ................... TOTAL Result Count = 2    (2)
    RULECHECK INFO_DEV_RPOLYH ................................. TOTAL Result Count = 1    (1)
    RULECHECK INFO_DEV_CPOLY .................................. TOTAL Result Count = 2    (2)
    RULECHECK INFO_DEV_NMOS ................................... TOTAL Result Count = 8    (8)
CELL nmos4_CDNS_78111514601141 ................................ TOTAL Result Count = 1    (2)
    RULECHECK INFO_DEV_NMOS ................................... TOTAL Result Count = 1    (2)
CELL nmos4_CDNS_78111514601140 ................................ TOTAL Result Count = 1    (2)
    RULECHECK INFO_DEV_NMOS ................................... TOTAL Result Count = 1    (2)
CELL cpolyc_CDNS_78111514601138 ............................... TOTAL Result Count = 1    (2)
    RULECHECK INFO_DEV_CPOLY .................................. TOTAL Result Count = 1    (2)
CELL rpolyhc_CDNS_78111514601136 .............................. TOTAL Result Count = 1    (8)
    RULECHECK INFO_DEV_RPOLYH ................................. TOTAL Result Count = 1    (8)
CELL BUFFER ................................................... TOTAL Result Count = 12   (12)
    RULECHECK INFO_DEV_RPOLYH ................................. TOTAL Result Count = 1    (1)
    RULECHECK INFO_DEV_CPOLY .................................. TOTAL Result Count = 1    (1)
    RULECHECK INFO_DEV_NMOS ................................... TOTAL Result Count = 10   (10)
CELL rpolyhc_CDNS_78111514601166 .............................. TOTAL Result Count = 2    (4)
    RULECHECK INFO_DEV_RPOLYH ................................. TOTAL Result Count = 1    (2)
    RULECHECK SPAC_MAX_RPOLYH_W_LT2_DUMMY_DFMA0044_DFMA0045 ... TOTAL Result Count = 1    (2)
CELL cpolyc_CDNS_78111514601167 ............................... TOTAL Result Count = 1    (6)
    RULECHECK INFO_DEV_CPOLY .................................. TOTAL Result Count = 1    (6)
CELL nmos4_CDNS_78111514601168 ................................ TOTAL Result Count = 1    (12)
    RULECHECK INFO_DEV_NMOS ................................... TOTAL Result Count = 1    (12)
CELL nmos4_CDNS_78111514601165 ................................ TOTAL Result Count = 4    (8)
    RULECHECK INFO_DEV_NMOS ................................... TOTAL Result Count = 4    (8)
CELL VGA_1 .................................................... TOTAL Result Count = 2    (2)
    RULECHECK INFO_DEV_RPOLYH ................................. TOTAL Result Count = 1    (1)
    RULECHECK INFO_DEV_CPOLY .................................. TOTAL Result Count = 1    (1)
CELL cpolyc_CDNS_78111514601145 ............................... TOTAL Result Count = 1    (36)
    RULECHECK INFO_DEV_CPOLY .................................. TOTAL Result Count = 1    (36)
CELL cpolyc_CDNS_78111514601147 ............................... TOTAL Result Count = 1    (9)
    RULECHECK INFO_DEV_CPOLY .................................. TOTAL Result Count = 1    (9)
CELL cpolyc_CDNS_78111514601148 ............................... TOTAL Result Count = 1    (18)
    RULECHECK INFO_DEV_CPOLY .................................. TOTAL Result Count = 1    (18)
CELL cpolyc_CDNS_78111514601149 ............................... TOTAL Result Count = 1    (9)
    RULECHECK INFO_DEV_CPOLY .................................. TOTAL Result Count = 1    (9)
CELL Gm_C_filter .............................................. TOTAL Result Count = 4    (12)
    RULECHECK LONG_POLY1_GATE_CONT_DFMA0005 ................... TOTAL Result Count = 2    (6)
    RULECHECK INFO_DEV_RPOLYH ................................. TOTAL Result Count = 1    (3)
    RULECHECK INFO_DEV_CPOLY .................................. TOTAL Result Count = 1    (3)
CELL cpolyc_CDNS_78111514601157 ............................... TOTAL Result Count = 1    (9)
    RULECHECK INFO_DEV_CPOLY .................................. TOTAL Result Count = 1    (9)
CELL rpolyhc_CDNS_78111514601164 .............................. TOTAL Result Count = 2    (6)
    RULECHECK INFO_DEV_RPOLYH ................................. TOTAL Result Count = 1    (3)
    RULECHECK SPAC_MAX_RPOLYH_W_LT2_DUMMY_DFMA0044_DFMA0045 ... TOTAL Result Count = 1    (3)
CELL pmos4_CDNS_78111514601156 ................................ TOTAL Result Count = 10   (20)
    RULECHECK INFO_DEV_PMOS ................................... TOTAL Result Count = 10   (20)
CELL pmos4_CDNS_78111514601159 ................................ TOTAL Result Count = 1    (6)
    RULECHECK INFO_DEV_PMOS ................................... TOTAL Result Count = 1    (6)
CELL nmos4_CDNS_78111514601150 ................................ TOTAL Result Count = 1    (25)
    RULECHECK INFO_DEV_NMOS ................................... TOTAL Result Count = 1    (25)
CELL nmos4_CDNS_78111514601155 ................................ TOTAL Result Count = 10   (40)
    RULECHECK INFO_DEV_NMOS ................................... TOTAL Result Count = 10   (40)
CELL pmos4_CDNS_78111514601158 ................................ TOTAL Result Count = 6    (24)
    RULECHECK INFO_DEV_PMOS ................................... TOTAL Result Count = 6    (24)
CELL rpolyhc_CDNS_78111514601161 .............................. TOTAL Result Count = 1    (4)
    RULECHECK INFO_DEV_RPOLYH ................................. TOTAL Result Count = 1    (4)
CELL rpolyhc_CDNS_78111514601162 .............................. TOTAL Result Count = 1    (4)
    RULECHECK INFO_DEV_RPOLYH ................................. TOTAL Result Count = 1    (4)
CELL ia_new_f ................................................. TOTAL Result Count = 12   (12)
    RULECHECK LONG_POLY1_GATE_CONT_DFMA0005 ................... TOTAL Result Count = 6    (6)
    RULECHECK INFO_DEV_RPOLYH ................................. TOTAL Result Count = 1    (1)
    RULECHECK INFO_DEV_CPOLY .................................. TOTAL Result Count = 2    (2)
    RULECHECK INFO_DEV_NMOS ................................... TOTAL Result Count = 3    (3)
CELL ECG_Front_End ............................................ TOTAL Result Count = 2    (2)
    RULECHECK MORE_VIA_M1M2_R10_DFMC0008 ...................... TOTAL Result Count = 2    (2)
CELL ICP ...................................................... TOTAL Result Count = 67   (335)
    RULECHECK MORE_VIA3_M3M4_GT15LE20_DFMC0014 ................ TOTAL Result Count = 1    (5)
    RULECHECK MORE_VIA3_M3M4_GT20LE30_DFMC0014 ................ TOTAL Result Count = 6    (30)
    RULECHECK MORE_VIA3_M3M4_R10_DFMC0014 ..................... TOTAL Result Count = 1    (5)
    RULECHECK MORE_VIA3_M3M4_GT10LE20_R10_DFMC0014 ............ TOTAL Result Count = 1    (5)
    RULECHECK SUBTAP_MISS_CONTS_DFMC0004 ...................... TOTAL Result Count = 5    (25)
    RULECHECK WELLTAP_MISS_CONTS_DFMC0004 ..................... TOTAL Result Count = 7    (35)
    RULECHECK INFO_DEV_RPOLY1 ................................. TOTAL Result Count = 1    (5)
    RULECHECK INFO_DEV_RDIFFP ................................. TOTAL Result Count = 2    (10)
    RULECHECK INFO_DEV_NDIODE ................................. TOTAL Result Count = 1    (5)
    RULECHECK INFO_DEV_PDIODE ................................. TOTAL Result Count = 1    (5)
    RULECHECK INFO_DEV_NWDIODE ................................ TOTAL Result Count = 8    (40)
    RULECHECK INFO_DEV_NMOS ................................... TOTAL Result Count = 12   (60)
    RULECHECK INFO_DEV_PMOS ................................... TOTAL Result Count = 21   (105)
CELL GND3IP ................................................... TOTAL Result Count = 17   (17)
    RULECHECK MORE_VIA3_M3M4_GT15LE20_DFMC0014 ................ TOTAL Result Count = 1    (1)
    RULECHECK MORE_VIA3_M3M4_GT20LE30_DFMC0014 ................ TOTAL Result Count = 6    (6)
    RULECHECK MORE_VIA3_M3M4_R10_DFMC0014 ..................... TOTAL Result Count = 1    (1)
    RULECHECK MORE_VIA3_M3M4_GT10LE20_R10_DFMC0014 ............ TOTAL Result Count = 1    (1)
    RULECHECK INFO_DEV_PDIODE ................................. TOTAL Result Count = 4    (4)
    RULECHECK INFO_DEV_NWDIODE ................................ TOTAL Result Count = 4    (4)
CELL GND3OP ................................................... TOTAL Result Count = 25   (25)
    RULECHECK MORE_VIA3_M3M4_GT15LE20_DFMC0014 ................ TOTAL Result Count = 1    (1)
    RULECHECK MORE_VIA3_M3M4_GT20LE30_DFMC0014 ................ TOTAL Result Count = 6    (6)
    RULECHECK MORE_VIA3_M3M4_R10_DFMC0014 ..................... TOTAL Result Count = 1    (1)
    RULECHECK MORE_VIA3_M3M4_GT10LE20_R10_DFMC0014 ............ TOTAL Result Count = 1    (1)
    RULECHECK MORE_CONT_SUBTAP_DFMC0004 ....................... TOTAL Result Count = 1    (1)
    RULECHECK INFO_DEV_RPOLY1 ................................. TOTAL Result Count = 1    (1)
    RULECHECK INFO_DEV_PDIODE ................................. TOTAL Result Count = 2    (2)
    RULECHECK INFO_DEV_NWDIODE ................................ TOTAL Result Count = 6    (6)
    RULECHECK INFO_DEV_NMOS ................................... TOTAL Result Count = 6    (6)
CELL GND3RP ................................................... TOTAL Result Count = 27   (27)
    RULECHECK MORE_VIA3_M3M4_GT15LE20_DFMC0014 ................ TOTAL Result Count = 1    (1)
    RULECHECK MORE_VIA3_M3M4_GT20LE30_DFMC0014 ................ TOTAL Result Count = 6    (6)
    RULECHECK MORE_VIA3_M3M4_R10_DFMC0014 ..................... TOTAL Result Count = 1    (1)
    RULECHECK MORE_VIA3_M3M4_GT10LE20_R10_DFMC0014 ............ TOTAL Result Count = 1    (1)
    RULECHECK MORE_CONT_SUBTAP_DFMC0004 ....................... TOTAL Result Count = 1    (1)
    RULECHECK MORE_CONT_WELLTAP_DFMC0004 ...................... TOTAL Result Count = 1    (1)
    RULECHECK WELLTAP_MISS_CONTS_DFMC0004 ..................... TOTAL Result Count = 1    (1)
    RULECHECK INFO_DEV_RPOLY1 ................................. TOTAL Result Count = 1    (1)
    RULECHECK INFO_DEV_PDIODE ................................. TOTAL Result Count = 2    (2)
    RULECHECK INFO_DEV_NWDIODE ................................ TOTAL Result Count = 6    (6)
    RULECHECK INFO_DEV_NMOS ................................... TOTAL Result Count = 6    (6)
CELL VDD3IP ................................................... TOTAL Result Count = 35   (35)
    RULECHECK MORE_VIA_M1M2_GT10LE15_DFMC0008 ................. TOTAL Result Count = 2    (2)
    RULECHECK MORE_VIA2_M2M3_GT10LE15_DFMC0011 ................ TOTAL Result Count = 2    (2)
    RULECHECK MORE_VIA3_M3M4_GT15LE20_DFMC0014 ................ TOTAL Result Count = 1    (1)
    RULECHECK MORE_VIA3_M3M4_GT20LE30_DFMC0014 ................ TOTAL Result Count = 6    (6)
    RULECHECK MORE_VIA3_M3M4_R10_DFMC0014 ..................... TOTAL Result Count = 1    (1)
    RULECHECK MORE_VIA3_M3M4_GT10LE20_R10_DFMC0014 ............ TOTAL Result Count = 1    (1)
    RULECHECK MORE_CONT_SUBTAP_DFMC0004 ....................... TOTAL Result Count = 1    (1)
    RULECHECK SUBTAP_MISS_CONTS_DFMC0004 ...................... TOTAL Result Count = 3    (3)
    RULECHECK MORE_CONT_WELLTAP_DFMC0004 ...................... TOTAL Result Count = 1    (1)
    RULECHECK WELLTAP_MISS_CONTS_DFMC0004 ..................... TOTAL Result Count = 1    (1)
    RULECHECK INFO_DEV_RPOLY1 ................................. TOTAL Result Count = 1    (1)
    RULECHECK INFO_DEV_PDIODE ................................. TOTAL Result Count = 3    (3)
    RULECHECK INFO_DEV_NWDIODE ................................ TOTAL Result Count = 6    (6)
    RULECHECK INFO_DEV_NMOS ................................... TOTAL Result Count = 6    (6)
CELL VDD3RP ................................................... TOTAL Result Count = 25   (25)
    RULECHECK MORE_VIA3_M3M4_GT15LE20_DFMC0014 ................ TOTAL Result Count = 1    (1)
    RULECHECK MORE_VIA3_M3M4_GT20LE30_DFMC0014 ................ TOTAL Result Count = 6    (6)
    RULECHECK MORE_VIA3_M3M4_R10_DFMC0014 ..................... TOTAL Result Count = 1    (1)
    RULECHECK MORE_VIA3_M3M4_GT10LE20_R10_DFMC0014 ............ TOTAL Result Count = 1    (1)
    RULECHECK MORE_CONT_SUBTAP_DFMC0004 ....................... TOTAL Result Count = 1    (1)
    RULECHECK INFO_DEV_RPOLY1 ................................. TOTAL Result Count = 1    (1)
    RULECHECK INFO_DEV_PDIODE ................................. TOTAL Result Count = 2    (2)
    RULECHECK INFO_DEV_NWDIODE ................................ TOTAL Result Count = 6    (6)
    RULECHECK INFO_DEV_NMOS ................................... TOTAL Result Count = 6    (6)
CELL VDD3OP ................................................... TOTAL Result Count = 40   (40)
    RULECHECK MORE_VIA_M1M2_GT10LE15_DFMC0008 ................. TOTAL Result Count = 2    (2)
    RULECHECK MORE_VIA_M1M2_GT15LE20_DFMC0008 ................. TOTAL Result Count = 1    (1)
    RULECHECK MORE_VIA2_M2M3_GT10LE15_DFMC0011 ................ TOTAL Result Count = 3    (3)
    RULECHECK MORE_VIA2_M2M3_GT15LE20_DFMC0011 ................ TOTAL Result Count = 3    (3)
    RULECHECK MORE_VIA3_M3M4_GT15LE20_DFMC0014 ................ TOTAL Result Count = 1    (1)
    RULECHECK MORE_VIA3_M3M4_GT20LE30_DFMC0014 ................ TOTAL Result Count = 6    (6)
    RULECHECK MORE_VIA3_M3M4_R10_DFMC0014 ..................... TOTAL Result Count = 1    (1)
    RULECHECK MORE_VIA3_M3M4_GT10LE20_R10_DFMC0014 ............ TOTAL Result Count = 1    (1)
    RULECHECK MORE_CONT_SUBTAP_DFMC0004 ....................... TOTAL Result Count = 1    (1)
    RULECHECK SUBTAP_MISS_CONTS_DFMC0004 ...................... TOTAL Result Count = 1    (1)
    RULECHECK MORE_CONT_WELLTAP_DFMC0004 ...................... TOTAL Result Count = 1    (1)
    RULECHECK WELLTAP_MISS_CONTS_DFMC0004 ..................... TOTAL Result Count = 2    (2)
    RULECHECK INFO_DEV_RPOLY1 ................................. TOTAL Result Count = 1    (1)
    RULECHECK INFO_DEV_PDIODE ................................. TOTAL Result Count = 2    (2)
    RULECHECK INFO_DEV_NWDIODE ................................ TOTAL Result Count = 8    (8)
    RULECHECK INFO_DEV_NMOS ................................... TOTAL Result Count = 6    (6)
CELL topsyh ................................................... TOTAL Result Count = 1834 (1834)
    RULECHECK INFO_PROCESS_C35B4C3 ............................ TOTAL Result Count = 1    (1)
    RULECHECK MISS_MIDOX_DFM0001 .............................. TOTAL Result Count = 1    (1)
    RULECHECK MISS_SFCDEF_TPTXXX6 ............................. TOTAL Result Count = 1    (1)
    RULECHECK MORE_VIA2_M2M3_R10_DFMC0011 ..................... TOTAL Result Count = 2    (2)
    RULECHECK MORE_VIA3_M3M4_GT15LE20_DFMC0014 ................ TOTAL Result Count = 189  (189)
    RULECHECK MORE_VIA3_M3M4_GT20LE30_DFMC0014 ................ TOTAL Result Count = 922  (922)
    RULECHECK MORE_VIA3_M3M4_R10_DFMC0014 ..................... TOTAL Result Count = 151  (151)
    RULECHECK MORE_VIA3_M3M4_GT10LE20_R10_DFMC0014 ............ TOTAL Result Count = 90   (90)
    RULECHECK MORE_VIA3_M3M4_GT20LE30_R10_DFMC0014 ............ TOTAL Result Count = 62   (62)
    RULECHECK MORE_CONT_SUBTAP_DFMC0004 ....................... TOTAL Result Count = 4    (4)
    RULECHECK SUBTAP_MISS_CONTS_DFMC0004 ...................... TOTAL Result Count = 186  (186)
    RULECHECK MORE_CONT_WELLTAP_DFMC0004 ...................... TOTAL Result Count = 3    (3)
    RULECHECK WELLTAP_MISS_CONTS_DFMC0004 ..................... TOTAL Result Count = 157  (157)
    RULECHECK INFO_LOW_TRANS_DENSITY_DFM_ALL .................. TOTAL Result Count = 40   (40)
    RULECHECK INFO_LOW_TRANS_DENSITY_DFM_500 .................. TOTAL Result Count = 3    (3)
    RULECHECK INFO_LOW_TRANS_DENSITY_DFM_400 .................. TOTAL Result Count = 4    (4)
    RULECHECK INFO_LOW_TRANS_DENSITY_DFM_300 .................. TOTAL Result Count = 6    (6)
    RULECHECK INFO_LOW_TRANS_DENSITY_DFM_200 .................. TOTAL Result Count = 5    (5)
    RULECHECK INFO_LOW_TRANS_DENSITY_DFM_100 .................. TOTAL Result Count = 7    (7)
----------------------------------------------------------------------------------
--- SUMMARY
---
TOTAL CPU Time:                  18
TOTAL REAL Time:                 19
TOTAL Original Layer Geometries: 560956 (3331091)
TOTAL DRC RuleChecks Executed:   300
TOTAL DRC Results Generated:     2998 (15657)
TOTAL DFM RDB Results Generated: 6 (16)
