================================================================================
Rule No. 44 : # INFO: Don't use -resimulate_extracted- Switch for standard LVS but only for QRC! #

Real Error Count : 110; Flat Error Count : 995
================================================================================

--------------------------------------------------------------------------------
Cell Name : G14_1_2_5300_0_r270 sub_array

                   Cell Errors    Real Errors   Cell Placements     Environments
                             1              1                30                1
--------------------------------------------------------------------------------
Env.  Env. Placements            X1           Y1          X2           Y2

  1       30                259.550       72.700     271.950       85.100

Shape               Environments Status & Error Marker 

          1           X1         Y1         X2         Y2

   1      X       -1.200    -11.200     11.200      1.200

--------------------------------------------------------------------------------
Cell Name : G14_1_2_5300_0_r270_A4 array 3 10 5.3 18 r270

                   Cell Errors    Real Errors   Cell Placements     Environments
                             2              2                 2                1
--------------------------------------------------------------------------------
Env.  Env. Placements            X1           Y1          X2           Y2

  1        2                259.550       72.700     314.350      121.100

Shape               Environments Status & Error Marker 

          1           X1         Y1         X2         Y2

   1      X       -1.200      1.200     53.600      6.800
   2      X       -1.200     19.200     53.600     24.800

--------------------------------------------------------------------------------
Cell Name : G54_1_7_3250_0_r0 sub_array

                   Cell Errors    Real Errors   Cell Placements     Environments
                             1              1                45                1
--------------------------------------------------------------------------------
Env.  Env. Placements            X1           Y1          X2           Y2

  1       45                842.750       19.750     865.050       41.950

Shape               Environments Status & Error Marker 

          1           X1         Y1         X2         Y2

   1      X       -0.400     -0.250     21.900     21.950

--------------------------------------------------------------------------------
Cell Name : G54_1_7_3250_0_my sub_array

                   Cell Errors    Real Errors   Cell Placements     Environments
                             1              1                45                1
--------------------------------------------------------------------------------
Env.  Env. Placements            X1           Y1          X2           Y2

  1       45                752.100       19.750     774.400       41.950

Shape               Environments Status & Error Marker 

          1           X1         Y1         X2         Y2

   1      X       -2.400     -0.250     19.900     21.950

--------------------------------------------------------------------------------
Cell Name : pmos4 layout PRIMLIB l="15u" in1=MP428129

                   Cell Errors    Real Errors   Cell Placements     Environments
                             1              1               104                1
--------------------------------------------------------------------------------
Env.  Env. Placements            X1           Y1          X2           Y2

  1      104                999.200      266.350    1018.300      278.750

Shape               Environments Status & Error Marker 

          1           X1         Y1         X2         Y2

   1      X       -1.200     -1.200     11.200     17.900

--------------------------------------------------------------------------------
Cell Name : pmos4 layout PRIMLIB l="3u" in1=MP528329

                   Cell Errors    Real Errors   Cell Placements     Environments
                             1              1                40                1
--------------------------------------------------------------------------------
Env.  Env. Placements            X1           Y1          X2           Y2

  1       40               1633.650      410.850    1640.750      423.250

Shape               Environments Status & Error Marker 

          1           X1         Y1         X2         Y2

   1      X       -1.200     -1.200     11.200      5.900

--------------------------------------------------------------------------------
Cell Name : pmos4 layout PRIMLIB l="350n" w="5u" wtot="5u" in1=MP128729

                   Cell Errors    Real Errors   Cell Placements     Environments
                             1              1                40                1
--------------------------------------------------------------------------------
Env.  Env. Placements            X1           Y1          X2           Y2

  1       40                197.325       61.525     201.775       68.925

Shape               Environments Status & Error Marker 

          1           X1         Y1         X2         Y2

   1      X       -1.200     -1.200      6.200      3.250

--------------------------------------------------------------------------------
Cell Name : nmos4 layout PRIMLIB l="4u" w="4u" wtot="4u" in1=MN8

                   Cell Errors    Real Errors   Cell Placements     Environments
                             1              1                 4                1
--------------------------------------------------------------------------------
Env.  Env. Placements            X1           Y1          X2           Y2

  1        4                208.550       28.500     214.750       33.300

Shape               Environments Status & Error Marker 

          1           X1         Y1         X2         Y2

   1      X       -0.400     -0.250      4.400      5.950

--------------------------------------------------------------------------------
Cell Name : nmos4 layout PRIMLIB l="1u" ng="2" wtot="20u" in1=MN9

                   Cell Errors    Real Errors   Cell Placements     Environments
                             1              1                 4                1
--------------------------------------------------------------------------------
Env.  Env. Placements            X1           Y1          X2           Y2

  1        4                190.500       31.650     195.700       43.050

Shape               Environments Status & Error Marker 

          1           X1         Y1         X2         Y2

   1      X       -0.700     -0.250     10.700      4.950

--------------------------------------------------------------------------------
Cell Name : nmos4 layout PRIMLIB l="1u" w="5u" wtot="5u" in1=MN628129

                   Cell Errors    Real Errors   Cell Placements     Environments
                             1              1                52                1
--------------------------------------------------------------------------------
Env.  Env. Placements            X1           Y1          X2           Y2

  1       52                271.075       31.500     274.275       37.300

Shape               Environments Status & Error Marker 

          1           X1         Y1         X2         Y2

   1      X       -0.400     -0.250      5.400      2.950

--------------------------------------------------------------------------------
Cell Name : avPart1

                   Cell Errors    Real Errors   Cell Placements     Environments
                             1              1                42                1
--------------------------------------------------------------------------------
Env.  Env. Placements            X1           Y1          X2           Y2

  1       42                433.075      552.450     463.475      564.850

Shape               Environments Status & Error Marker 

          1           X1         Y1         X2         Y2

   1      X       -1.200     -1.200     11.200     29.200

--------------------------------------------------------------------------------
Cell Name : G54_1_7_3250_0_r0_A3 array 5 21 3.25 24.8 r0

                   Cell Errors    Real Errors   Cell Placements     Environments
                             3              3                 3                1
--------------------------------------------------------------------------------
Env.  Env. Placements            X1           Y1          X2           Y2

  1        3                842.750       19.750     910.550      141.150

Shape               Environments Status & Error Marker 

          1           X1         Y1         X2         Y2

   1      X       -0.400     -0.250     67.400     96.350
   2      X       -0.400     96.350     67.400    121.150
   3      X       44.650     74.150     45.100     96.350

--------------------------------------------------------------------------------
Cell Name : G54_1_7_3250_0_my_A2 array 5 21 3.25 24.8 my

                   Cell Errors    Real Errors   Cell Placements     Environments
                             3              3                 3                1
--------------------------------------------------------------------------------
Env.  Env. Placements            X1           Y1          X2           Y2

  1        3                752.100       19.750     819.900      141.150

Shape               Environments Status & Error Marker 

          1           X1         Y1         X2         Y2

   1      X       -2.400     -0.250     65.400     96.350
   2      X       -2.400     96.350     65.400    121.150
   3      X       42.650     74.150     43.100     96.350

--------------------------------------------------------------------------------
Cell Name : pmos4_A1 array 8 13 17.3 21.8 r90

                   Cell Errors    Real Errors   Cell Placements     Environments
                             7              7                 1                1
--------------------------------------------------------------------------------
Env.  Env. Placements            X1           Y1          X2           Y2

  1        1                999.200      266.350    1225.900      431.350

Shape               Environments Status & Error Marker 

          1           X1         Y1         X2         Y2

   1      X      -17.900     11.200    208.800     20.600
   2      X      -17.900     33.000    208.800     42.400
   3      X      -17.900     54.800    208.800     64.200
   4      X      -17.900     76.600    208.800     86.000
   5      X      -17.900     98.400    208.800    107.800
   6      X      -17.900    120.200    208.800    129.600
   7      X      -17.900    142.000    208.800    151.400

--------------------------------------------------------------------------------
Cell Name : rpolyhc layout PRIMLIB Bends=10 Dummy=TRUE ResShape="90_deg" l="500u" r="1M" w="0.8u" in1=R1

                   Cell Errors    Real Errors   Cell Placements     Environments
                             1              1                 2                1
--------------------------------------------------------------------------------
Env.  Env. Placements            X1           Y1          X2           Y2

  1        2                225.675      152.250     251.275      207.100

Shape               Environments Status & Error Marker 

          1           X1         Y1         X2         Y2

   1      X       -5.350     -4.650     49.500     20.950

--------------------------------------------------------------------------------
Cell Name : rpolyhc layout PRIMLIB Bends=28 Dummy=TRUE ResShape="90_deg" gwell="N-Well" l="5000u" r="10M" rleft="Cont" rright="Cont" id_=38be6356325ad8cb in1=R10

                   Cell Errors    Real Errors   Cell Placements     Environments
                             1              1                 2                1
--------------------------------------------------------------------------------
Env.  Env. Placements            X1           Y1          X2           Y2

  1        2                545.100       22.300     601.200      206.550

Shape               Environments Status & Error Marker 

          1           X1         Y1         X2         Y2

   1      X       -6.650     -5.950    177.600     50.150

--------------------------------------------------------------------------------
Cell Name : rpolyhc layout PRIMLIB Bends=10 Dummy=TRUE ResShape="90_deg" gwell="N-Well" l="500u" r="1M" w="0.8u" in1=R8

                   Cell Errors    Real Errors   Cell Placements     Environments
                             1              1                16                1
--------------------------------------------------------------------------------
Env.  Env. Placements            X1           Y1          X2           Y2

  1       16               1414.425      283.775    1469.275      309.375

Shape               Environments Status & Error Marker 

          1           X1         Y1         X2         Y2

   1      X       -5.350     -4.650     49.500     20.950

--------------------------------------------------------------------------------
Cell Name : rpolyhc layout PRIMLIB Bends=12 Dummy=TRUE ResShape="90_deg" gwell="N-Well" l="1000u" r="2M" rtop="Cont" w="0.8u" in1=R3

                   Cell Errors    Real Errors   Cell Placements     Environments
                             1              1                 2                1
--------------------------------------------------------------------------------
Env.  Env. Placements            X1           Y1          X2           Y2

  1        2               1748.100      289.125    1778.100      378.025

Shape               Environments Status & Error Marker 

          1           X1         Y1         X2         Y2

   1      X       -6.650     -4.650     82.250     25.350

--------------------------------------------------------------------------------
Cell Name : pmos4 layout PRIMLIB l="3u" w="5u" wtot="5u" in1=MP628129

                   Cell Errors    Real Errors   Cell Placements     Environments
                             1              1                10                1
--------------------------------------------------------------------------------
Env.  Env. Placements            X1           Y1          X2           Y2

  1       10                 88.125      186.350      95.225      193.750

Shape               Environments Status & Error Marker 

          1           X1         Y1         X2         Y2

   1      X       -1.200     -1.200      6.200      5.900

--------------------------------------------------------------------------------
Cell Name : pmos4 layout PRIMLIB jd=FALSE jg="no" js=FALSE l="1u" ng="2" w="5u" in1=MP4

                   Cell Errors    Real Errors   Cell Placements     Environments
                             1              1                 3                1
--------------------------------------------------------------------------------
Env.  Env. Placements            X1           Y1          X2           Y2

  1        3                139.850      186.150     146.950      193.550

Shape               Environments Status & Error Marker 

          1           X1         Y1         X2         Y2

   1      X       -1.200     -1.200      6.200      5.900

--------------------------------------------------------------------------------
Cell Name : pmos4 layout PRIMLIB l="4u" w="12.5u" wtot="12.5u" in1=MP928729

                   Cell Errors    Real Errors   Cell Placements     Environments
                             1              1                40                1
--------------------------------------------------------------------------------
Env.  Env. Placements            X1           Y1          X2           Y2

  1       40                681.725      656.675     689.825      671.575

Shape               Environments Status & Error Marker 

          1           X1         Y1         X2         Y2

   1      X       -1.200     -1.200     13.700      6.900

--------------------------------------------------------------------------------
Cell Name : pmos4 layout PRIMLIB l="5u" w="5u" wtot="5u" in1=MP8

                   Cell Errors    Real Errors   Cell Placements     Environments
                             1              1                12                1
--------------------------------------------------------------------------------
Env.  Env. Placements            X1           Y1          X2           Y2

  1       12                902.775      184.600     911.875      192.000

Shape               Environments Status & Error Marker 

          1           X1         Y1         X2         Y2

   1      X       -1.200     -1.200      6.200      7.900

--------------------------------------------------------------------------------
Cell Name : pmos4 layout PRIMLIB jd=FALSE js=FALSE l="350n" ng="20" w="15u" wtot="300u" in1=MP128129

                   Cell Errors    Real Errors   Cell Placements     Environments
                             1              1                12                1
--------------------------------------------------------------------------------
Env.  Env. Placements            X1           Y1          X2           Y2

  1       12                801.275      162.175     831.375      179.575

Shape               Environments Status & Error Marker 

          1           X1         Y1         X2         Y2

   1      X       -1.200     -1.200     16.200     28.900

--------------------------------------------------------------------------------
Cell Name : pmos4 layout PRIMLIB l="5u" w="6u" wtot="6u" in1=MP628129

                   Cell Errors    Real Errors   Cell Placements     Environments
                             1              1                66                1
--------------------------------------------------------------------------------
Env.  Env. Placements            X1           Y1          X2           Y2

  1       66                684.875      180.300     693.975      188.700

Shape               Environments Status & Error Marker 

          1           X1         Y1         X2         Y2

   1      X       -1.200     -1.200      7.200      7.900

--------------------------------------------------------------------------------
Cell Name : pmos4 layout PRIMLIB l="20u" w="12.5u" wtot="12.5u" in1=MP328329

                   Cell Errors    Real Errors   Cell Placements     Environments
                             1              1                12                1
--------------------------------------------------------------------------------
Env.  Env. Placements            X1           Y1          X2           Y2

  1       12                244.975      663.750     269.075      678.650

Shape               Environments Status & Error Marker 

          1           X1         Y1         X2         Y2

   1      X       -1.200     -1.200     13.700     22.900

--------------------------------------------------------------------------------
Cell Name : pmos4 layout PRIMLIB l="500n" w="12.5u" wtot="12.5u" in1=MP1283129

                   Cell Errors    Real Errors   Cell Placements     Environments
                             1              1                68                1
--------------------------------------------------------------------------------
Env.  Env. Placements            X1           Y1          X2           Y2

  1       68               1632.825      347.900    1637.425      362.800

Shape               Environments Status & Error Marker 

          1           X1         Y1         X2         Y2

   1      X       -1.200     -1.200     13.700      3.400

--------------------------------------------------------------------------------
Cell Name : pmos4 layout PRIMLIB jd=FALSE jg="no" js=FALSE l="4u" ng="6" w="33.35u" wtot="200u" in1=MP128129

                   Cell Errors    Real Errors   Cell Placements     Environments
                             1              1                 4                1
--------------------------------------------------------------------------------
Env.  Env. Placements            X1           Y1          X2           Y2

  1        4                133.925      591.075     167.025      626.825

Shape               Environments Status & Error Marker 

          1           X1         Y1         X2         Y2

   1      X       -1.200     -1.200     34.550     31.900

--------------------------------------------------------------------------------
Cell Name : pmos4 layout PRIMLIB jd=FALSE jg="no" js=FALSE l="4u" ng="10" wtot="100u" in1=MP7

                   Cell Errors    Real Errors   Cell Placements     Environments
                             1              1                 2                1
--------------------------------------------------------------------------------
Env.  Env. Placements            X1           Y1          X2           Y2

  1        2                255.325      623.350     308.425      635.750

Shape               Environments Status & Error Marker 

          1           X1         Y1         X2         Y2

   1      X       -1.200     -1.200     11.200     51.900

--------------------------------------------------------------------------------
Cell Name : nmos4 layout PRIMLIB jd=FALSE jg="no" js=FALSE l="1u" ng="4" w="5u" wtot="20u" in1=MN9

                   Cell Errors    Real Errors   Cell Placements     Environments
                             1              1                 4                1
--------------------------------------------------------------------------------
Env.  Env. Placements            X1           Y1          X2           Y2

  1        4               1583.100      350.825    1592.300      356.625

Shape               Environments Status & Error Marker 

          1           X1         Y1         X2         Y2

   1      X       -0.400     -0.250      5.400      8.950

--------------------------------------------------------------------------------
Cell Name : nmos4 layout PRIMLIB l="10u" w="8u" wtot="8u" in1=MN828129

                   Cell Errors    Real Errors   Cell Placements     Environments
                             1              1                18                1
--------------------------------------------------------------------------------
Env.  Env. Placements            X1           Y1          X2           Y2

  1       18                 45.025       40.700      57.225       49.500

Shape               Environments Status & Error Marker 

          1           X1         Y1         X2         Y2

   1      X       -0.400     -0.250      8.400     11.950

--------------------------------------------------------------------------------
Cell Name : nmos4 layout PRIMLIB l="350n" w="5u" wtot="5u" in1=MN128729

                   Cell Errors    Real Errors   Cell Placements     Environments
                             1              1                22                1
--------------------------------------------------------------------------------
Env.  Env. Placements            X1           Y1          X2           Y2

  1       22                473.700      164.500     479.500      167.050

Shape               Environments Status & Error Marker 

          1           X1         Y1         X2         Y2

   1      X       -0.400     -0.250      5.400      2.300

--------------------------------------------------------------------------------
Cell Name : nmos4 layout PRIMLIB jd=FALSE jg="no" js=FALSE l="2u" ng="2" wtot="20u" in1=MN9

                   Cell Errors    Real Errors   Cell Placements     Environments
                             1              1                 2                1
--------------------------------------------------------------------------------
Env.  Env. Placements            X1           Y1          X2           Y2

  1        2               1251.600      276.150    1258.800      286.950

Shape               Environments Status & Error Marker 

          1           X1         Y1         X2         Y2

   1      X       -0.400     -0.250     10.400      6.950

--------------------------------------------------------------------------------
Cell Name : nmos4 layout PRIMLIB l="4u" ng="2" wtot="20u" in1=MN5

                   Cell Errors    Real Errors   Cell Placements     Environments
                             1              1                 6                1
--------------------------------------------------------------------------------
Env.  Env. Placements            X1           Y1          X2           Y2

  1        6                678.100      107.600     689.300      119.000

Shape               Environments Status & Error Marker 

          1           X1         Y1         X2         Y2

   1      X       -0.700     -0.250     10.700     10.950

--------------------------------------------------------------------------------
Cell Name : nmos4 layout PRIMLIB l="12u" in1=MN728129

                   Cell Errors    Real Errors   Cell Placements     Environments
                             1              1                 4                1
--------------------------------------------------------------------------------
Env.  Env. Placements            X1           Y1          X2           Y2

  1        4               1289.775      276.525    1303.975      287.325

Shape               Environments Status & Error Marker 

          1           X1         Y1         X2         Y2

   1      X       -0.400     -0.250     10.400     13.950

--------------------------------------------------------------------------------
Cell Name : nmos4 layout PRIMLIB l="20u" w="15u" wtot="15u" in1=MN1628129

                   Cell Errors    Real Errors   Cell Placements     Environments
                             1              1                 4                1
--------------------------------------------------------------------------------
Env.  Env. Placements            X1           Y1          X2           Y2

  1        4               1267.200      336.800    1289.400      352.600

Shape               Environments Status & Error Marker 

          1           X1         Y1         X2         Y2

   1      X       -0.400     -0.250     15.400     21.950

--------------------------------------------------------------------------------
Cell Name : nmos4 layout PRIMLIB jd=FALSE jg="no" js=FALSE l="4u" ng="10" w="1u" in1=MN14

                   Cell Errors    Real Errors   Cell Placements     Environments
                             1              1                 4                1
--------------------------------------------------------------------------------
Env.  Env. Placements            X1           Y1          X2           Y2

  1        4                290.525      567.875     341.725      569.675

Shape               Environments Status & Error Marker 

          1           X1         Y1         X2         Y2

   1      X       -0.400     -0.250      1.400     50.950

--------------------------------------------------------------------------------
Cell Name : nmos4 layout PRIMLIB l="10u" in1=MN828129

                   Cell Errors    Real Errors   Cell Placements     Environments
                             1              1                 4                1
--------------------------------------------------------------------------------
Env.  Env. Placements            X1           Y1          X2           Y2

  1        4               1593.600      298.050    1605.800      308.850

Shape               Environments Status & Error Marker 

          1           X1         Y1         X2         Y2

   1      X       -0.400     -0.250     10.400     11.950

--------------------------------------------------------------------------------
Cell Name : nmos4 layout PRIMLIB l="8u" in1=MN728129

                   Cell Errors    Real Errors   Cell Placements     Environments
                             1              1                16                1
--------------------------------------------------------------------------------
Env.  Env. Placements            X1           Y1          X2           Y2

  1       16               1661.925      298.050    1672.125      308.850

Shape               Environments Status & Error Marker 

          1           X1         Y1         X2         Y2

   1      X       -0.400     -0.250     10.400      9.950

--------------------------------------------------------------------------------
Cell Name : nmos4 layout PRIMLIB l="12u" w="4u" wtot="4u" in1=MN328329

                   Cell Errors    Real Errors   Cell Placements     Environments
                             1              1                20                1
--------------------------------------------------------------------------------
Env.  Env. Placements            X1           Y1          X2           Y2

  1       20                287.775      511.750     292.575      525.950

Shape               Environments Status & Error Marker 

          1           X1         Y1         X2         Y2

   1      X       -0.400     -0.250      4.400     13.950

--------------------------------------------------------------------------------
Cell Name : mux21c_f layout FECG

                   Cell Errors    Real Errors   Cell Placements     Environments
                             1              1                 3                1
--------------------------------------------------------------------------------
Env.  Env. Placements            X1           Y1          X2           Y2

  1        3               1387.450      261.825    1416.350      280.725

Shape               Environments Status & Error Marker 

          1           X1         Y1         X2         Y2

   1      X        0.350      0.350     29.250     19.250

--------------------------------------------------------------------------------
Cell Name : cpolyc layout PRIMLIB area="3.5n" c="3.03p" gwell="N-Well" l="70u" perimeter="240u" rbottom="Cont" rleft="Cont" rright="Cont" id_=5d5c206d9147e606 in1=C928329

                   Cell Errors    Real Errors   Cell Placements     Environments
                             1              1                72                1
--------------------------------------------------------------------------------
Env.  Env. Placements            X1           Y1          X2           Y2

  1       72                974.900       27.550    1050.400       82.250

Shape               Environments Status & Error Marker 

          1           X1         Y1         X2         Y2

   1      X       -1.350     -1.350     74.150     53.350

--------------------------------------------------------------------------------
Cell Name : cpolyc layout PRIMLIB area="1.26n" c="1.09p" gwell="N-Well" l="41.95u" perimeter="143.9u" rbottom="Cont" rleft="Cont" id_=1eea3daa63e42b4e in1=C928129

                   Cell Errors    Real Errors   Cell Placements     Environments
                             1              1                 6                1
--------------------------------------------------------------------------------
Env.  Env. Placements            X1           Y1          X2           Y2

  1        6               1364.025      372.475    1411.275      407.175

Shape               Environments Status & Error Marker 

          1           X1         Y1         X2         Y2

   1      X       -1.350     -1.350     45.900     33.350

--------------------------------------------------------------------------------
Cell Name : cpolyc layout PRIMLIB area="2.56n" c="2.22p" gwell="N-Well" l="51u" perimeter="202.4u" rbottom="Cont" rleft="Cont" id_=d867af6116578121 in1=C228029

                   Cell Errors    Real Errors   Cell Placements     Environments
                             1              1                 9                1
--------------------------------------------------------------------------------
Env.  Env. Placements            X1           Y1          X2           Y2

  1        9                771.325      533.650     827.825      588.550

Shape               Environments Status & Error Marker 

          1           X1         Y1         X2         Y2

   1      X       -1.350     -1.350     55.150     53.550

--------------------------------------------------------------------------------
Cell Name : cpolyc layout PRIMLIB area="1.60n" c="1.39p" l="50u" perimeter="164u" rbottom="Cont" rleft="Cont" rright="Cont" rtop="Cont" id_=44e51500f779483f in1=C028729

                   Cell Errors    Real Errors   Cell Placements     Environments
                             1              1                 8                1
--------------------------------------------------------------------------------
Env.  Env. Placements            X1           Y1          X2           Y2

  1        8               1805.550      293.900    1861.050      330.600

Shape               Environments Status & Error Marker 

          1           X1         Y1         X2         Y2

   1      X       -1.350     -1.350     54.150     35.350

--------------------------------------------------------------------------------
Cell Name : cmfb_opamp1_fc layout FECG

                   Cell Errors    Real Errors   Cell Placements     Environments
                             8              8                 2                1
--------------------------------------------------------------------------------
Env.  Env. Placements            X1           Y1          X2           Y2

  1        2                182.225       13.100     329.450      139.900

Shape               Environments Status & Error Marker 

          1           X1         Y1         X2         Y2

   1      X        5.125     14.150     93.975    140.950
   2      X       77.150     14.150    152.350    140.950
   3      X       77.150     86.150     82.450     91.750
   4      X       77.150    104.150     82.450    109.750
   5      X       93.975     14.150    107.075     73.750
   6      X      107.075     14.150    120.375     73.750
   7      X      117.075     38.350    120.275     41.050
   8      X      120.375     14.150    133.475     73.750

--------------------------------------------------------------------------------
Cell Name : chopper2 layout FECG

                   Cell Errors    Real Errors   Cell Placements     Environments
                             1              1                 3                1
--------------------------------------------------------------------------------
Env.  Env. Placements            X1           Y1          X2           Y2

  1        3                 21.700      557.100     102.050      593.550

Shape               Environments Status & Error Marker 

          1           X1         Y1         X2         Y2

   1      X        6.700     18.050     87.050     54.500

--------------------------------------------------------------------------------
Cell Name : V500_20 layout POWER_TRACKS

                   Cell Errors    Real Errors   Cell Placements     Environments
                             1              1                11                1
--------------------------------------------------------------------------------
Env.  Env. Placements            X1           Y1          X2           Y2

  1       11               1038.900      -19.000    1539.150        5.150

Shape               Environments Status & Error Marker 

          1           X1         Y1         X2         Y2

   1      X       -0.200     -0.050    500.050     24.100

--------------------------------------------------------------------------------
Cell Name : INVX1 layout CORELIBD

                   Cell Errors    Real Errors   Cell Placements     Environments
                             1              1                 9                1
--------------------------------------------------------------------------------
Env.  Env. Placements            X1           Y1          X2           Y2

  1        9               1004.200      198.400    1008.700      211.500

Shape               Environments Status & Error Marker 

          1           X1         Y1         X2         Y2

   1      X       -0.850     -1.350      3.650     11.750

--------------------------------------------------------------------------------
Cell Name : gmc_5_fc layout FECG

                   Cell Errors    Real Errors   Cell Placements     Environments
                            10             10                 3                1
--------------------------------------------------------------------------------
Env.  Env. Placements            X1           Y1          X2           Y2

  1        3                666.550        6.000    1594.850      225.800

Shape               Environments Status & Error Marker 

          1           X1         Y1         X2         Y2

   1      X        0.400      0.400    165.225    220.200
   2      X      165.225      0.400    384.250    220.200
   3      X      308.750     76.650    384.250     77.650
   4      X      338.050    205.900    348.150    220.200
   5      X      348.150    188.050    384.250    220.200
   6      X      384.250      0.400    617.750    220.200
   7      X      542.250     76.650    617.750     77.650
   8      X      617.750      0.400    849.250    220.200
   9      X      773.750     76.650    849.250     77.650
  10      X      849.250      0.400    928.700    220.200

--------------------------------------------------------------------------------
Cell Name : fecg_vga2_f_2 layout FECG

                   Cell Errors    Real Errors   Cell Placements     Environments
                             4              4                 1                1
--------------------------------------------------------------------------------
Env.  Env. Placements            X1           Y1          X2           Y2

  1        1                977.075      250.475    1579.475      458.900

Shape               Environments Status & Error Marker 

          1           X1         Y1         X2         Y2

   1      X       -0.525      0.925    354.250    209.350
   2      X      312.175      0.925    433.675    209.350
   3      X      386.425    118.625    589.375    209.350
   4      X      409.850      0.925    601.875    209.350

--------------------------------------------------------------------------------
Cell Name : fecg_ia_5_fc layout FECG

                   Cell Errors    Real Errors   Cell Placements     Environments
                            10             10                 1                1
--------------------------------------------------------------------------------
Env.  Env. Placements            X1           Y1          X2           Y2

  1        1                 17.150      493.750     944.550      718.300

Shape               Environments Status & Error Marker 

          1           X1         Y1         X2         Y2

   1      X       50.250     31.150    288.425    255.700
   2      X      278.075     31.150    668.175    255.700
   3      X      288.425     31.150    374.825    160.750
   4      X      331.375     31.150    351.925    105.275
   5      X      351.925     31.150    374.825    105.275
   6      X      368.125     63.350    372.925     68.850
   7      X      668.175     31.150    779.625    255.700
   8      X      749.325     31.150    860.925    255.700
   9      X      804.425     31.150    977.650    255.700
  10      X      804.425    125.950    860.925    126.550

--------------------------------------------------------------------------------
Cell Name : fecg_cmfb2_fc layout FECG

                   Cell Errors    Real Errors   Cell Placements     Environments
                            11             11                 1                1
--------------------------------------------------------------------------------
Env.  Env. Placements            X1           Y1          X2           Y2

  1        1                 19.850       13.100     603.175      224.675

Shape               Environments Status & Error Marker 

          1           X1         Y1         X2         Y2

   1      X        2.350      2.100     65.325    213.675
   2      X       53.125     38.500     65.325     40.400
   3      X       65.325      2.100    103.725    213.675
   4      X       98.925     49.200    103.725    213.675
   5      X      103.725      2.100    161.875    213.675
   6      X      161.875      2.100    172.475    213.675
   7      X      169.825    181.150    172.375    187.650
   8      X      172.475    128.900    182.975    213.675
   9      X      182.975      2.100    462.000    213.675
  10      X      456.200    156.050    462.000    213.675
  11      X      462.000      2.100    585.675    213.675

--------------------------------------------------------------------------------
Cell Name : buffer2_f_3c layout FECG

                   Cell Errors    Real Errors   Cell Placements     Environments
                             4              4                 1                1
--------------------------------------------------------------------------------
Env.  Env. Placements            X1           Y1          X2           Y2

  1        1               1578.850      276.100    1919.100      458.900

Shape               Environments Status & Error Marker 

          1           X1         Y1         X2         Y2

   1      X        2.300      0.475     85.375    183.275
   2      X       56.275      0.475    227.150    183.275
   3      X      171.550    102.400    227.150    183.275
   4      X      227.150      0.475    342.550    183.275

--------------------------------------------------------------------------------
Cell Name : V200_20 layout POWER_TRACKS

                   Cell Errors    Real Errors   Cell Placements     Environments
                             1              1                 5                1
--------------------------------------------------------------------------------
Env.  Env. Placements            X1           Y1          X2           Y2

  1        5                617.600       13.875     641.700      213.875

Shape               Environments Status & Error Marker 

          1           X1         Y1         X2         Y2

   1      X        0.050     -0.050    200.050     24.050

--------------------------------------------------------------------------------
Cell Name : fecg_front_end_f_3 layout FECG

                   Cell Errors    Real Errors   Cell Placements     Environments
                             4              4                 1                1
--------------------------------------------------------------------------------
Env.  Env. Placements            X1           Y1          X2           Y2

  1        1                 -7.400      -19.000    1944.300      741.450

Shape               Environments Status & Error Marker 

          1           X1         Y1         X2         Y2

   1      X       -7.400    -19.000   1539.150    741.450
   2      X      666.550    225.800   1900.175    741.450
   3      X     1519.600    -19.000   1944.300    741.450
   4      X     1521.800    717.625   1900.175    741.450

================================================================================
Rule No. 45 : # C35B4 ENG - 183 Rev9 (Last updated 26-Apr-2017 12:48) #

Real Error Count : 110; Flat Error Count : 995
================================================================================

--------------------------------------------------------------------------------
Cell Name : G14_1_2_5300_0_r270 sub_array

                   Cell Errors    Real Errors   Cell Placements     Environments
                             1              1                30                1
--------------------------------------------------------------------------------
Env.  Env. Placements            X1           Y1          X2           Y2

  1       30                259.550       72.700     271.950       85.100

Shape               Environments Status & Error Marker 

          1           X1         Y1         X2         Y2

   1      X       -1.200    -11.200     11.200      1.200

--------------------------------------------------------------------------------
Cell Name : G14_1_2_5300_0_r270_A4 array 3 10 5.3 18 r270

                   Cell Errors    Real Errors   Cell Placements     Environments
                             2              2                 2                1
--------------------------------------------------------------------------------
Env.  Env. Placements            X1           Y1          X2           Y2

  1        2                259.550       72.700     314.350      121.100

Shape               Environments Status & Error Marker 

          1           X1         Y1         X2         Y2

   1      X       -1.200      1.200     53.600      6.800
   2      X       -1.200     19.200     53.600     24.800

--------------------------------------------------------------------------------
Cell Name : G54_1_7_3250_0_r0 sub_array

                   Cell Errors    Real Errors   Cell Placements     Environments
                             1              1                45                1
--------------------------------------------------------------------------------
Env.  Env. Placements            X1           Y1          X2           Y2

  1       45                842.750       19.750     865.050       41.950

Shape               Environments Status & Error Marker 

          1           X1         Y1         X2         Y2

   1      X       -0.400     -0.250     21.900     21.950

--------------------------------------------------------------------------------
Cell Name : G54_1_7_3250_0_my sub_array

                   Cell Errors    Real Errors   Cell Placements     Environments
                             1              1                45                1
--------------------------------------------------------------------------------
Env.  Env. Placements            X1           Y1          X2           Y2

  1       45                752.100       19.750     774.400       41.950

Shape               Environments Status & Error Marker 

          1           X1         Y1         X2         Y2

   1      X       -2.400     -0.250     19.900     21.950

--------------------------------------------------------------------------------
Cell Name : pmos4 layout PRIMLIB l="15u" in1=MP428129

                   Cell Errors    Real Errors   Cell Placements     Environments
                             1              1               104                1
--------------------------------------------------------------------------------
Env.  Env. Placements            X1           Y1          X2           Y2

  1      104                999.200      266.350    1018.300      278.750

Shape               Environments Status & Error Marker 

          1           X1         Y1         X2         Y2

   1      X       -1.200     -1.200     11.200     17.900

--------------------------------------------------------------------------------
Cell Name : pmos4 layout PRIMLIB l="3u" in1=MP528329

                   Cell Errors    Real Errors   Cell Placements     Environments
                             1              1                40                1
--------------------------------------------------------------------------------
Env.  Env. Placements            X1           Y1          X2           Y2

  1       40               1633.650      410.850    1640.750      423.250

Shape               Environments Status & Error Marker 

          1           X1         Y1         X2         Y2

   1      X       -1.200     -1.200     11.200      5.900

--------------------------------------------------------------------------------
Cell Name : pmos4 layout PRIMLIB l="350n" w="5u" wtot="5u" in1=MP128729

                   Cell Errors    Real Errors   Cell Placements     Environments
                             1              1                40                1
--------------------------------------------------------------------------------
Env.  Env. Placements            X1           Y1          X2           Y2

  1       40                197.325       61.525     201.775       68.925

Shape               Environments Status & Error Marker 

          1           X1         Y1         X2         Y2

   1      X       -1.200     -1.200      6.200      3.250

--------------------------------------------------------------------------------
Cell Name : nmos4 layout PRIMLIB l="4u" w="4u" wtot="4u" in1=MN8

                   Cell Errors    Real Errors   Cell Placements     Environments
                             1              1                 4                1
--------------------------------------------------------------------------------
Env.  Env. Placements            X1           Y1          X2           Y2

  1        4                208.550       28.500     214.750       33.300

Shape               Environments Status & Error Marker 

          1           X1         Y1         X2         Y2

   1      X       -0.400     -0.250      4.400      5.950

--------------------------------------------------------------------------------
Cell Name : nmos4 layout PRIMLIB l="1u" ng="2" wtot="20u" in1=MN9

                   Cell Errors    Real Errors   Cell Placements     Environments
                             1              1                 4                1
--------------------------------------------------------------------------------
Env.  Env. Placements            X1           Y1          X2           Y2

  1        4                190.500       31.650     195.700       43.050

Shape               Environments Status & Error Marker 

          1           X1         Y1         X2         Y2

   1      X       -0.700     -0.250     10.700      4.950

--------------------------------------------------------------------------------
Cell Name : nmos4 layout PRIMLIB l="1u" w="5u" wtot="5u" in1=MN628129

                   Cell Errors    Real Errors   Cell Placements     Environments
                             1              1                52                1
--------------------------------------------------------------------------------
Env.  Env. Placements            X1           Y1          X2           Y2

  1       52                271.075       31.500     274.275       37.300

Shape               Environments Status & Error Marker 

          1           X1         Y1         X2         Y2

   1      X       -0.400     -0.250      5.400      2.950

--------------------------------------------------------------------------------
Cell Name : avPart1

                   Cell Errors    Real Errors   Cell Placements     Environments
                             1              1                42                1
--------------------------------------------------------------------------------
Env.  Env. Placements            X1           Y1          X2           Y2

  1       42                433.075      552.450     463.475      564.850

Shape               Environments Status & Error Marker 

          1           X1         Y1         X2         Y2

   1      X       -1.200     -1.200     11.200     29.200

--------------------------------------------------------------------------------
Cell Name : G54_1_7_3250_0_r0_A3 array 5 21 3.25 24.8 r0

                   Cell Errors    Real Errors   Cell Placements     Environments
                             3              3                 3                1
--------------------------------------------------------------------------------
Env.  Env. Placements            X1           Y1          X2           Y2

  1        3                842.750       19.750     910.550      141.150

Shape               Environments Status & Error Marker 

          1           X1         Y1         X2         Y2

   1      X       -0.400     -0.250     67.400     96.350
   2      X       -0.400     96.350     67.400    121.150
   3      X       44.650     74.150     45.100     96.350

--------------------------------------------------------------------------------
Cell Name : G54_1_7_3250_0_my_A2 array 5 21 3.25 24.8 my

                   Cell Errors    Real Errors   Cell Placements     Environments
                             3              3                 3                1
--------------------------------------------------------------------------------
Env.  Env. Placements            X1           Y1          X2           Y2

  1        3                752.100       19.750     819.900      141.150

Shape               Environments Status & Error Marker 

          1           X1         Y1         X2         Y2

   1      X       -2.400     -0.250     65.400     96.350
   2      X       -2.400     96.350     65.400    121.150
   3      X       42.650     74.150     43.100     96.350

--------------------------------------------------------------------------------
Cell Name : pmos4_A1 array 8 13 17.3 21.8 r90

                   Cell Errors    Real Errors   Cell Placements     Environments
                             7              7                 1                1
--------------------------------------------------------------------------------
Env.  Env. Placements            X1           Y1          X2           Y2

  1        1                999.200      266.350    1225.900      431.350

Shape               Environments Status & Error Marker 

          1           X1         Y1         X2         Y2

   1      X      -17.900     11.200    208.800     20.600
   2      X      -17.900     33.000    208.800     42.400
   3      X      -17.900     54.800    208.800     64.200
   4      X      -17.900     76.600    208.800     86.000
   5      X      -17.900     98.400    208.800    107.800
   6      X      -17.900    120.200    208.800    129.600
   7      X      -17.900    142.000    208.800    151.400

--------------------------------------------------------------------------------
Cell Name : rpolyhc layout PRIMLIB Bends=10 Dummy=TRUE ResShape="90_deg" l="500u" r="1M" w="0.8u" in1=R1

                   Cell Errors    Real Errors   Cell Placements     Environments
                             1              1                 2                1
--------------------------------------------------------------------------------
Env.  Env. Placements            X1           Y1          X2           Y2

  1        2                225.675      152.250     251.275      207.100

Shape               Environments Status & Error Marker 

          1           X1         Y1         X2         Y2

   1      X       -5.350     -4.650     49.500     20.950

--------------------------------------------------------------------------------
Cell Name : rpolyhc layout PRIMLIB Bends=28 Dummy=TRUE ResShape="90_deg" gwell="N-Well" l="5000u" r="10M" rleft="Cont" rright="Cont" id_=38be6356325ad8cb in1=R10

                   Cell Errors    Real Errors   Cell Placements     Environments
                             1              1                 2                1
--------------------------------------------------------------------------------
Env.  Env. Placements            X1           Y1          X2           Y2

  1        2                545.100       22.300     601.200      206.550

Shape               Environments Status & Error Marker 

          1           X1         Y1         X2         Y2

   1      X       -6.650     -5.950    177.600     50.150

--------------------------------------------------------------------------------
Cell Name : rpolyhc layout PRIMLIB Bends=10 Dummy=TRUE ResShape="90_deg" gwell="N-Well" l="500u" r="1M" w="0.8u" in1=R8

                   Cell Errors    Real Errors   Cell Placements     Environments
                             1              1                16                1
--------------------------------------------------------------------------------
Env.  Env. Placements            X1           Y1          X2           Y2

  1       16               1414.425      283.775    1469.275      309.375

Shape               Environments Status & Error Marker 

          1           X1         Y1         X2         Y2

   1      X       -5.350     -4.650     49.500     20.950

--------------------------------------------------------------------------------
Cell Name : rpolyhc layout PRIMLIB Bends=12 Dummy=TRUE ResShape="90_deg" gwell="N-Well" l="1000u" r="2M" rtop="Cont" w="0.8u" in1=R3

                   Cell Errors    Real Errors   Cell Placements     Environments
                             1              1                 2                1
--------------------------------------------------------------------------------
Env.  Env. Placements            X1           Y1          X2           Y2

  1        2               1748.100      289.125    1778.100      378.025

Shape               Environments Status & Error Marker 

          1           X1         Y1         X2         Y2

   1      X       -6.650     -4.650     82.250     25.350

--------------------------------------------------------------------------------
Cell Name : pmos4 layout PRIMLIB l="3u" w="5u" wtot="5u" in1=MP628129

                   Cell Errors    Real Errors   Cell Placements     Environments
                             1              1                10                1
--------------------------------------------------------------------------------
Env.  Env. Placements            X1           Y1          X2           Y2

  1       10                 88.125      186.350      95.225      193.750

Shape               Environments Status & Error Marker 

          1           X1         Y1         X2         Y2

   1      X       -1.200     -1.200      6.200      5.900

--------------------------------------------------------------------------------
Cell Name : pmos4 layout PRIMLIB jd=FALSE jg="no" js=FALSE l="1u" ng="2" w="5u" in1=MP4

                   Cell Errors    Real Errors   Cell Placements     Environments
                             1              1                 3                1
--------------------------------------------------------------------------------
Env.  Env. Placements            X1           Y1          X2           Y2

  1        3                139.850      186.150     146.950      193.550

Shape               Environments Status & Error Marker 

          1           X1         Y1         X2         Y2

   1      X       -1.200     -1.200      6.200      5.900

--------------------------------------------------------------------------------
Cell Name : pmos4 layout PRIMLIB l="4u" w="12.5u" wtot="12.5u" in1=MP928729

                   Cell Errors    Real Errors   Cell Placements     Environments
                             1              1                40                1
--------------------------------------------------------------------------------
Env.  Env. Placements            X1           Y1          X2           Y2

  1       40                681.725      656.675     689.825      671.575

Shape               Environments Status & Error Marker 

          1           X1         Y1         X2         Y2

   1      X       -1.200     -1.200     13.700      6.900

--------------------------------------------------------------------------------
Cell Name : pmos4 layout PRIMLIB l="5u" w="5u" wtot="5u" in1=MP8

                   Cell Errors    Real Errors   Cell Placements     Environments
                             1              1                12                1
--------------------------------------------------------------------------------
Env.  Env. Placements            X1           Y1          X2           Y2

  1       12                902.775      184.600     911.875      192.000

Shape               Environments Status & Error Marker 

          1           X1         Y1         X2         Y2

   1      X       -1.200     -1.200      6.200      7.900

--------------------------------------------------------------------------------
Cell Name : pmos4 layout PRIMLIB jd=FALSE js=FALSE l="350n" ng="20" w="15u" wtot="300u" in1=MP128129

                   Cell Errors    Real Errors   Cell Placements     Environments
                             1              1                12                1
--------------------------------------------------------------------------------
Env.  Env. Placements            X1           Y1          X2           Y2

  1       12                801.275      162.175     831.375      179.575

Shape               Environments Status & Error Marker 

          1           X1         Y1         X2         Y2

   1      X       -1.200     -1.200     16.200     28.900

--------------------------------------------------------------------------------
Cell Name : pmos4 layout PRIMLIB l="5u" w="6u" wtot="6u" in1=MP628129

                   Cell Errors    Real Errors   Cell Placements     Environments
                             1              1                66                1
--------------------------------------------------------------------------------
Env.  Env. Placements            X1           Y1          X2           Y2

  1       66                684.875      180.300     693.975      188.700

Shape               Environments Status & Error Marker 

          1           X1         Y1         X2         Y2

   1      X       -1.200     -1.200      7.200      7.900

--------------------------------------------------------------------------------
Cell Name : pmos4 layout PRIMLIB l="20u" w="12.5u" wtot="12.5u" in1=MP328329

                   Cell Errors    Real Errors   Cell Placements     Environments
                             1              1                12                1
--------------------------------------------------------------------------------
Env.  Env. Placements            X1           Y1          X2           Y2

  1       12                244.975      663.750     269.075      678.650

Shape               Environments Status & Error Marker 

          1           X1         Y1         X2         Y2

   1      X       -1.200     -1.200     13.700     22.900

--------------------------------------------------------------------------------
Cell Name : pmos4 layout PRIMLIB l="500n" w="12.5u" wtot="12.5u" in1=MP1283129

                   Cell Errors    Real Errors   Cell Placements     Environments
                             1              1                68                1
--------------------------------------------------------------------------------
Env.  Env. Placements            X1           Y1          X2           Y2

  1       68               1632.825      347.900    1637.425      362.800

Shape               Environments Status & Error Marker 

          1           X1         Y1         X2         Y2

   1      X       -1.200     -1.200     13.700      3.400

--------------------------------------------------------------------------------
Cell Name : pmos4 layout PRIMLIB jd=FALSE jg="no" js=FALSE l="4u" ng="6" w="33.35u" wtot="200u" in1=MP128129

                   Cell Errors    Real Errors   Cell Placements     Environments
                             1              1                 4                1
--------------------------------------------------------------------------------
Env.  Env. Placements            X1           Y1          X2           Y2

  1        4                133.925      591.075     167.025      626.825

Shape               Environments Status & Error Marker 

          1           X1         Y1         X2         Y2

   1      X       -1.200     -1.200     34.550     31.900

--------------------------------------------------------------------------------
Cell Name : pmos4 layout PRIMLIB jd=FALSE jg="no" js=FALSE l="4u" ng="10" wtot="100u" in1=MP7

                   Cell Errors    Real Errors   Cell Placements     Environments
                             1              1                 2                1
--------------------------------------------------------------------------------
Env.  Env. Placements            X1           Y1          X2           Y2

  1        2                255.325      623.350     308.425      635.750

Shape               Environments Status & Error Marker 

          1           X1         Y1         X2         Y2

   1      X       -1.200     -1.200     11.200     51.900

--------------------------------------------------------------------------------
Cell Name : nmos4 layout PRIMLIB jd=FALSE jg="no" js=FALSE l="1u" ng="4" w="5u" wtot="20u" in1=MN9

                   Cell Errors    Real Errors   Cell Placements     Environments
                             1              1                 4                1
--------------------------------------------------------------------------------
Env.  Env. Placements            X1           Y1          X2           Y2

  1        4               1583.100      350.825    1592.300      356.625

Shape               Environments Status & Error Marker 

          1           X1         Y1         X2         Y2

   1      X       -0.400     -0.250      5.400      8.950

--------------------------------------------------------------------------------
Cell Name : nmos4 layout PRIMLIB l="10u" w="8u" wtot="8u" in1=MN828129

                   Cell Errors    Real Errors   Cell Placements     Environments
                             1              1                18                1
--------------------------------------------------------------------------------
Env.  Env. Placements            X1           Y1          X2           Y2

  1       18                 45.025       40.700      57.225       49.500

Shape               Environments Status & Error Marker 

          1           X1         Y1         X2         Y2

   1      X       -0.400     -0.250      8.400     11.950

--------------------------------------------------------------------------------
Cell Name : nmos4 layout PRIMLIB l="350n" w="5u" wtot="5u" in1=MN128729

                   Cell Errors    Real Errors   Cell Placements     Environments
                             1              1                22                1
--------------------------------------------------------------------------------
Env.  Env. Placements            X1           Y1          X2           Y2

  1       22                473.700      164.500     479.500      167.050

Shape               Environments Status & Error Marker 

          1           X1         Y1         X2         Y2

   1      X       -0.400     -0.250      5.400      2.300

--------------------------------------------------------------------------------
Cell Name : nmos4 layout PRIMLIB jd=FALSE jg="no" js=FALSE l="2u" ng="2" wtot="20u" in1=MN9

                   Cell Errors    Real Errors   Cell Placements     Environments
                             1              1                 2                1
--------------------------------------------------------------------------------
Env.  Env. Placements            X1           Y1          X2           Y2

  1        2               1251.600      276.150    1258.800      286.950

Shape               Environments Status & Error Marker 

          1           X1         Y1         X2         Y2

   1      X       -0.400     -0.250     10.400      6.950

--------------------------------------------------------------------------------
Cell Name : nmos4 layout PRIMLIB l="4u" ng="2" wtot="20u" in1=MN5

                   Cell Errors    Real Errors   Cell Placements     Environments
                             1              1                 6                1
--------------------------------------------------------------------------------
Env.  Env. Placements            X1           Y1          X2           Y2

  1        6                678.100      107.600     689.300      119.000

Shape               Environments Status & Error Marker 

          1           X1         Y1         X2         Y2

   1      X       -0.700     -0.250     10.700     10.950

--------------------------------------------------------------------------------
Cell Name : nmos4 layout PRIMLIB l="12u" in1=MN728129

                   Cell Errors    Real Errors   Cell Placements     Environments
                             1              1                 4                1
--------------------------------------------------------------------------------
Env.  Env. Placements            X1           Y1          X2           Y2

  1        4               1289.775      276.525    1303.975      287.325

Shape               Environments Status & Error Marker 

          1           X1         Y1         X2         Y2

   1      X       -0.400     -0.250     10.400     13.950

--------------------------------------------------------------------------------
Cell Name : nmos4 layout PRIMLIB l="20u" w="15u" wtot="15u" in1=MN1628129

                   Cell Errors    Real Errors   Cell Placements     Environments
                             1              1                 4                1
--------------------------------------------------------------------------------
Env.  Env. Placements            X1           Y1          X2           Y2

  1        4               1267.200      336.800    1289.400      352.600

Shape               Environments Status & Error Marker 

          1           X1         Y1         X2         Y2

   1      X       -0.400     -0.250     15.400     21.950

--------------------------------------------------------------------------------
Cell Name : nmos4 layout PRIMLIB jd=FALSE jg="no" js=FALSE l="4u" ng="10" w="1u" in1=MN14

                   Cell Errors    Real Errors   Cell Placements     Environments
                             1              1                 4                1
--------------------------------------------------------------------------------
Env.  Env. Placements            X1           Y1          X2           Y2

  1        4                290.525      567.875     341.725      569.675

Shape               Environments Status & Error Marker 

          1           X1         Y1         X2         Y2

   1      X       -0.400     -0.250      1.400     50.950

--------------------------------------------------------------------------------
Cell Name : nmos4 layout PRIMLIB l="10u" in1=MN828129

                   Cell Errors    Real Errors   Cell Placements     Environments
                             1              1                 4                1
--------------------------------------------------------------------------------
Env.  Env. Placements            X1           Y1          X2           Y2

  1        4               1593.600      298.050    1605.800      308.850

Shape               Environments Status & Error Marker 

          1           X1         Y1         X2         Y2

   1      X       -0.400     -0.250     10.400     11.950

--------------------------------------------------------------------------------
Cell Name : nmos4 layout PRIMLIB l="8u" in1=MN728129

                   Cell Errors    Real Errors   Cell Placements     Environments
                             1              1                16                1
--------------------------------------------------------------------------------
Env.  Env. Placements            X1           Y1          X2           Y2

  1       16               1661.925      298.050    1672.125      308.850

Shape               Environments Status & Error Marker 

          1           X1         Y1         X2         Y2

   1      X       -0.400     -0.250     10.400      9.950

--------------------------------------------------------------------------------
Cell Name : nmos4 layout PRIMLIB l="12u" w="4u" wtot="4u" in1=MN328329

                   Cell Errors    Real Errors   Cell Placements     Environments
                             1              1                20                1
--------------------------------------------------------------------------------
Env.  Env. Placements            X1           Y1          X2           Y2

  1       20                287.775      511.750     292.575      525.950

Shape               Environments Status & Error Marker 

          1           X1         Y1         X2         Y2

   1      X       -0.400     -0.250      4.400     13.950

--------------------------------------------------------------------------------
Cell Name : mux21c_f layout FECG

                   Cell Errors    Real Errors   Cell Placements     Environments
                             1              1                 3                1
--------------------------------------------------------------------------------
Env.  Env. Placements            X1           Y1          X2           Y2

  1        3               1387.450      261.825    1416.350      280.725

Shape               Environments Status & Error Marker 

          1           X1         Y1         X2         Y2

   1      X        0.350      0.350     29.250     19.250

--------------------------------------------------------------------------------
Cell Name : cpolyc layout PRIMLIB area="3.5n" c="3.03p" gwell="N-Well" l="70u" perimeter="240u" rbottom="Cont" rleft="Cont" rright="Cont" id_=5d5c206d9147e606 in1=C928329

                   Cell Errors    Real Errors   Cell Placements     Environments
                             1              1                72                1
--------------------------------------------------------------------------------
Env.  Env. Placements            X1           Y1          X2           Y2

  1       72                974.900       27.550    1050.400       82.250

Shape               Environments Status & Error Marker 

          1           X1         Y1         X2         Y2

   1      X       -1.350     -1.350     74.150     53.350

--------------------------------------------------------------------------------
Cell Name : cpolyc layout PRIMLIB area="1.26n" c="1.09p" gwell="N-Well" l="41.95u" perimeter="143.9u" rbottom="Cont" rleft="Cont" id_=1eea3daa63e42b4e in1=C928129

                   Cell Errors    Real Errors   Cell Placements     Environments
                             1              1                 6                1
--------------------------------------------------------------------------------
Env.  Env. Placements            X1           Y1          X2           Y2

  1        6               1364.025      372.475    1411.275      407.175

Shape               Environments Status & Error Marker 

          1           X1         Y1         X2         Y2

   1      X       -1.350     -1.350     45.900     33.350

--------------------------------------------------------------------------------
Cell Name : cpolyc layout PRIMLIB area="2.56n" c="2.22p" gwell="N-Well" l="51u" perimeter="202.4u" rbottom="Cont" rleft="Cont" id_=d867af6116578121 in1=C228029

                   Cell Errors    Real Errors   Cell Placements     Environments
                             1              1                 9                1
--------------------------------------------------------------------------------
Env.  Env. Placements            X1           Y1          X2           Y2

  1        9                771.325      533.650     827.825      588.550

Shape               Environments Status & Error Marker 

          1           X1         Y1         X2         Y2

   1      X       -1.350     -1.350     55.150     53.550

--------------------------------------------------------------------------------
Cell Name : cpolyc layout PRIMLIB area="1.60n" c="1.39p" l="50u" perimeter="164u" rbottom="Cont" rleft="Cont" rright="Cont" rtop="Cont" id_=44e51500f779483f in1=C028729

                   Cell Errors    Real Errors   Cell Placements     Environments
                             1              1                 8                1
--------------------------------------------------------------------------------
Env.  Env. Placements            X1           Y1          X2           Y2

  1        8               1805.550      293.900    1861.050      330.600

Shape               Environments Status & Error Marker 

          1           X1         Y1         X2         Y2

   1      X       -1.350     -1.350     54.150     35.350

--------------------------------------------------------------------------------
Cell Name : cmfb_opamp1_fc layout FECG

                   Cell Errors    Real Errors   Cell Placements     Environments
                             8              8                 2                1
--------------------------------------------------------------------------------
Env.  Env. Placements            X1           Y1          X2           Y2

  1        2                182.225       13.100     329.450      139.900

Shape               Environments Status & Error Marker 

          1           X1         Y1         X2         Y2

   1      X        5.125     14.150     93.975    140.950
   2      X       77.150     14.150    152.350    140.950
   3      X       77.150     86.150     82.450     91.750
   4      X       77.150    104.150     82.450    109.750
   5      X       93.975     14.150    107.075     73.750
   6      X      107.075     14.150    120.375     73.750
   7      X      117.075     38.350    120.275     41.050
   8      X      120.375     14.150    133.475     73.750

--------------------------------------------------------------------------------
Cell Name : chopper2 layout FECG

                   Cell Errors    Real Errors   Cell Placements     Environments
                             1              1                 3                1
--------------------------------------------------------------------------------
Env.  Env. Placements            X1           Y1          X2           Y2

  1        3                 21.700      557.100     102.050      593.550

Shape               Environments Status & Error Marker 

          1           X1         Y1         X2         Y2

   1      X        6.700     18.050     87.050     54.500

--------------------------------------------------------------------------------
Cell Name : V500_20 layout POWER_TRACKS

                   Cell Errors    Real Errors   Cell Placements     Environments
                             1              1                11                1
--------------------------------------------------------------------------------
Env.  Env. Placements            X1           Y1          X2           Y2

  1       11               1038.900      -19.000    1539.150        5.150

Shape               Environments Status & Error Marker 

          1           X1         Y1         X2         Y2

   1      X       -0.200     -0.050    500.050     24.100

--------------------------------------------------------------------------------
Cell Name : INVX1 layout CORELIBD

                   Cell Errors    Real Errors   Cell Placements     Environments
                             1              1                 9                1
--------------------------------------------------------------------------------
Env.  Env. Placements            X1           Y1          X2           Y2

  1        9               1004.200      198.400    1008.700      211.500

Shape               Environments Status & Error Marker 

          1           X1         Y1         X2         Y2

   1      X       -0.850     -1.350      3.650     11.750

--------------------------------------------------------------------------------
Cell Name : gmc_5_fc layout FECG

                   Cell Errors    Real Errors   Cell Placements     Environments
                            10             10                 3                1
--------------------------------------------------------------------------------
Env.  Env. Placements            X1           Y1          X2           Y2

  1        3                666.550        6.000    1594.850      225.800

Shape               Environments Status & Error Marker 

          1           X1         Y1         X2         Y2

   1      X        0.400      0.400    165.225    220.200
   2      X      165.225      0.400    384.250    220.200
   3      X      308.750     76.650    384.250     77.650
   4      X      338.050    205.900    348.150    220.200
   5      X      348.150    188.050    384.250    220.200
   6      X      384.250      0.400    617.750    220.200
   7      X      542.250     76.650    617.750     77.650
   8      X      617.750      0.400    849.250    220.200
   9      X      773.750     76.650    849.250     77.650
  10      X      849.250      0.400    928.700    220.200

--------------------------------------------------------------------------------
Cell Name : fecg_vga2_f_2 layout FECG

                   Cell Errors    Real Errors   Cell Placements     Environments
                             4              4                 1                1
--------------------------------------------------------------------------------
Env.  Env. Placements            X1           Y1          X2           Y2

  1        1                977.075      250.475    1579.475      458.900

Shape               Environments Status & Error Marker 

          1           X1         Y1         X2         Y2

   1      X       -0.525      0.925    354.250    209.350
   2      X      312.175      0.925    433.675    209.350
   3      X      386.425    118.625    589.375    209.350
   4      X      409.850      0.925    601.875    209.350

--------------------------------------------------------------------------------
Cell Name : fecg_ia_5_fc layout FECG

                   Cell Errors    Real Errors   Cell Placements     Environments
                            10             10                 1                1
--------------------------------------------------------------------------------
Env.  Env. Placements            X1           Y1          X2           Y2

  1        1                 17.150      493.750     944.550      718.300

Shape               Environments Status & Error Marker 

          1           X1         Y1         X2         Y2

   1      X       50.250     31.150    288.425    255.700
   2      X      278.075     31.150    668.175    255.700
   3      X      288.425     31.150    374.825    160.750
   4      X      331.375     31.150    351.925    105.275
   5      X      351.925     31.150    374.825    105.275
   6      X      368.125     63.350    372.925     68.850
   7      X      668.175     31.150    779.625    255.700
   8      X      749.325     31.150    860.925    255.700
   9      X      804.425     31.150    977.650    255.700
  10      X      804.425    125.950    860.925    126.550

--------------------------------------------------------------------------------
Cell Name : fecg_cmfb2_fc layout FECG

                   Cell Errors    Real Errors   Cell Placements     Environments
                            11             11                 1                1
--------------------------------------------------------------------------------
Env.  Env. Placements            X1           Y1          X2           Y2

  1        1                 19.850       13.100     603.175      224.675

Shape               Environments Status & Error Marker 

          1           X1         Y1         X2         Y2

   1      X        2.350      2.100     65.325    213.675
   2      X       53.125     38.500     65.325     40.400
   3      X       65.325      2.100    103.725    213.675
   4      X       98.925     49.200    103.725    213.675
   5      X      103.725      2.100    161.875    213.675
   6      X      161.875      2.100    172.475    213.675
   7      X      169.825    181.150    172.375    187.650
   8      X      172.475    128.900    182.975    213.675
   9      X      182.975      2.100    462.000    213.675
  10      X      456.200    156.050    462.000    213.675
  11      X      462.000      2.100    585.675    213.675

--------------------------------------------------------------------------------
Cell Name : buffer2_f_3c layout FECG

                   Cell Errors    Real Errors   Cell Placements     Environments
                             4              4                 1                1
--------------------------------------------------------------------------------
Env.  Env. Placements            X1           Y1          X2           Y2

  1        1               1578.850      276.100    1919.100      458.900

Shape               Environments Status & Error Marker 

          1           X1         Y1         X2         Y2

   1      X        2.300      0.475     85.375    183.275
   2      X       56.275      0.475    227.150    183.275
   3      X      171.550    102.400    227.150    183.275
   4      X      227.150      0.475    342.550    183.275

--------------------------------------------------------------------------------
Cell Name : V200_20 layout POWER_TRACKS

                   Cell Errors    Real Errors   Cell Placements     Environments
                             1              1                 5                1
--------------------------------------------------------------------------------
Env.  Env. Placements            X1           Y1          X2           Y2

  1        5                617.600       13.875     641.700      213.875

Shape               Environments Status & Error Marker 

          1           X1         Y1         X2         Y2

   1      X        0.050     -0.050    200.050     24.050

--------------------------------------------------------------------------------
Cell Name : fecg_front_end_f_3 layout FECG

                   Cell Errors    Real Errors   Cell Placements     Environments
                             4              4                 1                1
--------------------------------------------------------------------------------
Env.  Env. Placements            X1           Y1          X2           Y2

  1        1                 -7.400      -19.000    1944.300      741.450

Shape               Environments Status & Error Marker 

          1           X1         Y1         X2         Y2

   1      X       -7.400    -19.000   1539.150    741.450
   2      X      666.550    225.800   1900.175    741.450
   3      X     1519.600    -19.000   1944.300    741.450
   4      X     1521.800    717.625   1900.175    741.450

