================================================================================
Rule No. 44 : # INFO: Don't use -resimulate_extracted- Switch for standard LVS but only for QRC! #

Real Error Count : 17; Flat Error Count : 129
================================================================================

--------------------------------------------------------------------------------
Cell Name : G7_1_2_7300_0_r90 sub_array

                   Cell Errors    Real Errors   Cell Placements     Environments
                             1              1                80                1
--------------------------------------------------------------------------------
Env.  Env. Placements            X1           Y1          X2           Y2

  1       80                218.675       71.850     235.075       79.250

Shape               Environments Status & Error Marker 

          1           X1         Y1         X2         Y2

   1      X       -7.900     -1.200      8.500      6.200

--------------------------------------------------------------------------------
Cell Name : G7_1_2_7300_0_r90_A1 array 10 16 7.3 14.3 r90

                   Cell Errors    Real Errors   Cell Placements     Environments
                             9              9                 1                1
--------------------------------------------------------------------------------
Env.  Env. Placements            X1           Y1          X2           Y2

  1        1                218.675       71.850     337.275      207.950

Shape               Environments Status & Error Marker 

          1           X1         Y1         X2         Y2

   1      X       -7.900      6.200    110.700     13.100
   2      X       -7.900     20.500    110.700     27.400
   3      X       -7.900     34.800    110.700     41.700
   4      X       -7.900     49.100    110.700     56.000
   5      X       -7.900     63.400    110.700     70.300
   6      X       -7.900     77.700    110.700     84.600
   7      X       -7.900     92.000    110.700     98.900
   8      X       -7.900    106.300    110.700    113.200
   9      X       -7.900    120.600    110.700    127.500

--------------------------------------------------------------------------------
Cell Name : rpolyhc layout PRIMLIB Bends=4 Dummy=TRUE ResShape="90_deg" doubleCont="Horizontal" gwell="N-Well" l="250u" r="500K" w="800n" in1=R11

                   Cell Errors    Real Errors   Cell Placements     Environments
                             1              1                 8                1
--------------------------------------------------------------------------------
Env.  Env. Placements            X1           Y1          X2           Y2

  1        8                 21.025       84.100      82.025      100.400

Shape               Environments Status & Error Marker 

          1           X1         Y1         X2         Y2

   1      X       -6.000     -4.650     55.000     11.650

--------------------------------------------------------------------------------
Cell Name : pmos4 layout PRIMLIB l="2u" in1=dummy228029

                   Cell Errors    Real Errors   Cell Placements     Environments
                             1              1                24                1
--------------------------------------------------------------------------------
Env.  Env. Placements            X1           Y1          X2           Y2

  1       24                 66.450       33.600      72.550       46.000

Shape               Environments Status & Error Marker 

          1           X1         Y1         X2         Y2

   1      X       -1.200     -1.200     11.200      4.900

--------------------------------------------------------------------------------
Cell Name : nmos4 layout PRIMLIB l="4u" in1=MN2

                   Cell Errors    Real Errors   Cell Placements     Environments
                             1              1                 2                1
--------------------------------------------------------------------------------
Env.  Env. Placements            X1           Y1          X2           Y2

  1        2                144.325       25.700     150.525       36.500

Shape               Environments Status & Error Marker 

          1           X1         Y1         X2         Y2

   1      X       -0.400     -0.250     10.400      5.950

--------------------------------------------------------------------------------
Cell Name : nmos4 layout PRIMLIB l="10u" w="20u" wtot="20u" in1=MN3

                   Cell Errors    Real Errors   Cell Placements     Environments
                             1              1                 2                1
--------------------------------------------------------------------------------
Env.  Env. Placements            X1           Y1          X2           Y2

  1        2                170.075       25.700     182.275       46.500

Shape               Environments Status & Error Marker 

          1           X1         Y1         X2         Y2

   1      X       -0.400     -0.250     20.400     11.950

--------------------------------------------------------------------------------
Cell Name : cpolyc layout PRIMLIB area="6.94n" c="6p" l="83.75u" perimeter="333.3u" rbottom="Cont" rleft="Cont" rright="Cont" rtop="Cont" id_=f8dc73cbdd4c61d in1=C5

                   Cell Errors    Real Errors   Cell Placements     Environments
                             1              1                 2                1
--------------------------------------------------------------------------------
Env.  Env. Placements            X1           Y1          X2           Y2

  1        2                 15.875      137.500     105.125      225.100

Shape               Environments Status & Error Marker 

          1           X1         Y1         X2         Y2

   1      X       -1.350     -1.350     87.900     86.250

--------------------------------------------------------------------------------
Cell Name : BUFFER layout YAOWEN

                   Cell Errors    Real Errors   Cell Placements     Environments
                             2              2                 1                1
--------------------------------------------------------------------------------
Env.  Env. Placements            X1           Y1          X2           Y2

  1        1                  9.075        9.625     356.000      237.250

Shape               Environments Status & Error Marker 

          1           X1         Y1         X2         Y2

   1      X        9.075      9.625    195.725    237.250
   2      X      157.325      9.625    356.000    237.250

================================================================================
Rule No. 45 : # C35B4 ENG - 183 Rev9 (Last updated 26-Apr-2017 12:48) #

Real Error Count : 17; Flat Error Count : 129
================================================================================

--------------------------------------------------------------------------------
Cell Name : G7_1_2_7300_0_r90 sub_array

                   Cell Errors    Real Errors   Cell Placements     Environments
                             1              1                80                1
--------------------------------------------------------------------------------
Env.  Env. Placements            X1           Y1          X2           Y2

  1       80                218.675       71.850     235.075       79.250

Shape               Environments Status & Error Marker 

          1           X1         Y1         X2         Y2

   1      X       -7.900     -1.200      8.500      6.200

--------------------------------------------------------------------------------
Cell Name : G7_1_2_7300_0_r90_A1 array 10 16 7.3 14.3 r90

                   Cell Errors    Real Errors   Cell Placements     Environments
                             9              9                 1                1
--------------------------------------------------------------------------------
Env.  Env. Placements            X1           Y1          X2           Y2

  1        1                218.675       71.850     337.275      207.950

Shape               Environments Status & Error Marker 

          1           X1         Y1         X2         Y2

   1      X       -7.900      6.200    110.700     13.100
   2      X       -7.900     20.500    110.700     27.400
   3      X       -7.900     34.800    110.700     41.700
   4      X       -7.900     49.100    110.700     56.000
   5      X       -7.900     63.400    110.700     70.300
   6      X       -7.900     77.700    110.700     84.600
   7      X       -7.900     92.000    110.700     98.900
   8      X       -7.900    106.300    110.700    113.200
   9      X       -7.900    120.600    110.700    127.500

--------------------------------------------------------------------------------
Cell Name : rpolyhc layout PRIMLIB Bends=4 Dummy=TRUE ResShape="90_deg" doubleCont="Horizontal" gwell="N-Well" l="250u" r="500K" w="800n" in1=R11

                   Cell Errors    Real Errors   Cell Placements     Environments
                             1              1                 8                1
--------------------------------------------------------------------------------
Env.  Env. Placements            X1           Y1          X2           Y2

  1        8                 21.025       84.100      82.025      100.400

Shape               Environments Status & Error Marker 

          1           X1         Y1         X2         Y2

   1      X       -6.000     -4.650     55.000     11.650

--------------------------------------------------------------------------------
Cell Name : pmos4 layout PRIMLIB l="2u" in1=dummy228029

                   Cell Errors    Real Errors   Cell Placements     Environments
                             1              1                24                1
--------------------------------------------------------------------------------
Env.  Env. Placements            X1           Y1          X2           Y2

  1       24                 66.450       33.600      72.550       46.000

Shape               Environments Status & Error Marker 

          1           X1         Y1         X2         Y2

   1      X       -1.200     -1.200     11.200      4.900

--------------------------------------------------------------------------------
Cell Name : nmos4 layout PRIMLIB l="4u" in1=MN2

                   Cell Errors    Real Errors   Cell Placements     Environments
                             1              1                 2                1
--------------------------------------------------------------------------------
Env.  Env. Placements            X1           Y1          X2           Y2

  1        2                144.325       25.700     150.525       36.500

Shape               Environments Status & Error Marker 

          1           X1         Y1         X2         Y2

   1      X       -0.400     -0.250     10.400      5.950

--------------------------------------------------------------------------------
Cell Name : nmos4 layout PRIMLIB l="10u" w="20u" wtot="20u" in1=MN3

                   Cell Errors    Real Errors   Cell Placements     Environments
                             1              1                 2                1
--------------------------------------------------------------------------------
Env.  Env. Placements            X1           Y1          X2           Y2

  1        2                170.075       25.700     182.275       46.500

Shape               Environments Status & Error Marker 

          1           X1         Y1         X2         Y2

   1      X       -0.400     -0.250     20.400     11.950

--------------------------------------------------------------------------------
Cell Name : cpolyc layout PRIMLIB area="6.94n" c="6p" l="83.75u" perimeter="333.3u" rbottom="Cont" rleft="Cont" rright="Cont" rtop="Cont" id_=f8dc73cbdd4c61d in1=C5

                   Cell Errors    Real Errors   Cell Placements     Environments
                             1              1                 2                1
--------------------------------------------------------------------------------
Env.  Env. Placements            X1           Y1          X2           Y2

  1        2                 15.875      137.500     105.125      225.100

Shape               Environments Status & Error Marker 

          1           X1         Y1         X2         Y2

   1      X       -1.350     -1.350     87.900     86.250

--------------------------------------------------------------------------------
Cell Name : BUFFER layout YAOWEN

                   Cell Errors    Real Errors   Cell Placements     Environments
                             2              2                 1                1
--------------------------------------------------------------------------------
Env.  Env. Placements            X1           Y1          X2           Y2

  1        1                  9.075        9.625     356.000      237.250

Shape               Environments Status & Error Marker 

          1           X1         Y1         X2         Y2

   1      X        9.075      9.625    195.725    237.250
   2      X      157.325      9.625    356.000    237.250

