================================================================================
Rule No. 44 : # INFO: Don't use -resimulate_extracted- Switch for standard LVS but only for QRC! #

Real Error Count : 24; Flat Error Count : 105
================================================================================

--------------------------------------------------------------------------------
Cell Name : G5_1_7_3250_0_r0 sub_array

                   Cell Errors    Real Errors   Cell Placements     Environments
                             1              1                15                1
--------------------------------------------------------------------------------
Env.  Env. Placements            X1           Y1          X2           Y2

  1       15                176.600       14.150     198.900       36.350

Shape               Environments Status & Error Marker 

          1           X1         Y1         X2         Y2

   1      X       -0.400     -0.250     21.900     21.950

--------------------------------------------------------------------------------
Cell Name : G5_1_7_3250_0_my sub_array

                   Cell Errors    Real Errors   Cell Placements     Environments
                             1              1                15                1
--------------------------------------------------------------------------------
Env.  Env. Placements            X1           Y1          X2           Y2

  1       15                 85.950       14.150     108.250       36.350

Shape               Environments Status & Error Marker 

          1           X1         Y1         X2         Y2

   1      X       -2.400     -0.250     19.900     21.950

--------------------------------------------------------------------------------
Cell Name : G5_1_7_3250_0_r0_A2 array 5 21 3.25 24.8 r0

                   Cell Errors    Real Errors   Cell Placements     Environments
                             3              3                 1                1
--------------------------------------------------------------------------------
Env.  Env. Placements            X1           Y1          X2           Y2

  1        1                176.600       14.150     244.400      135.550

Shape               Environments Status & Error Marker 

          1           X1         Y1         X2         Y2

   1      X       -0.400     -0.250     67.400     96.350
   2      X       -0.400     96.350     67.400    121.150
   3      X       44.650     74.150     45.100     96.350

--------------------------------------------------------------------------------
Cell Name : G5_1_7_3250_0_my_A1 array 5 21 3.25 24.8 my

                   Cell Errors    Real Errors   Cell Placements     Environments
                             3              3                 1                1
--------------------------------------------------------------------------------
Env.  Env. Placements            X1           Y1          X2           Y2

  1        1                 85.950       14.150     153.750      135.550

Shape               Environments Status & Error Marker 

          1           X1         Y1         X2         Y2

   1      X       -2.400     -0.250     65.400     96.350
   2      X       -2.400     96.350     65.400    121.150
   3      X       42.650     74.150     43.100     96.350

--------------------------------------------------------------------------------
Cell Name : pmos4 layout PRIMLIB l="5u" w="5u" wtot="5u" in1=MP8

                   Cell Errors    Real Errors   Cell Placements     Environments
                             1              1                 4                1
--------------------------------------------------------------------------------
Env.  Env. Placements            X1           Y1          X2           Y2

  1        4                236.625      179.000     245.725      186.400

Shape               Environments Status & Error Marker 

          1           X1         Y1         X2         Y2

   1      X       -1.200     -1.200      6.200      7.900

--------------------------------------------------------------------------------
Cell Name : pmos4 layout PRIMLIB l="5u" w="6u" wtot="6u" in1=MP628129

                   Cell Errors    Real Errors   Cell Placements     Environments
                             1              1                22                1
--------------------------------------------------------------------------------
Env.  Env. Placements            X1           Y1          X2           Y2

  1       22                 18.725      174.700      27.825      183.100

Shape               Environments Status & Error Marker 

          1           X1         Y1         X2         Y2

   1      X       -1.200     -1.200      7.200      7.900

--------------------------------------------------------------------------------
Cell Name : pmos4 layout PRIMLIB jd=FALSE js=FALSE l="350n" ng="20" w="15u" wtot="300u" in1=MP128129

                   Cell Errors    Real Errors   Cell Placements     Environments
                             1              1                 4                1
--------------------------------------------------------------------------------
Env.  Env. Placements            X1           Y1          X2           Y2

  1        4                135.125      156.575     165.225      173.975

Shape               Environments Status & Error Marker 

          1           X1         Y1         X2         Y2

   1      X       -1.200     -1.200     16.200     28.900

--------------------------------------------------------------------------------
Cell Name : nmos4 layout PRIMLIB l="4u" ng="2" wtot="20u" in1=MN5

                   Cell Errors    Real Errors   Cell Placements     Environments
                             1              1                 2                1
--------------------------------------------------------------------------------
Env.  Env. Placements            X1           Y1          X2           Y2

  1        2                 11.950      102.000      23.150      113.400

Shape               Environments Status & Error Marker 

          1           X1         Y1         X2         Y2

   1      X       -0.700     -0.250     10.700     10.950

--------------------------------------------------------------------------------
Cell Name : cpolyc layout PRIMLIB area="3.5n" c="3.03p" gwell="N-Well" l="70u" perimeter="240u" rbottom="Cont" rleft="Cont" rright="Cont" id_=5d5c206d9147e606 in1=C928329

                   Cell Errors    Real Errors   Cell Placements     Environments
                             1              1                24                1
--------------------------------------------------------------------------------
Env.  Env. Placements            X1           Y1          X2           Y2

  1       24                308.750       21.950     384.250       76.650

Shape               Environments Status & Error Marker 

          1           X1         Y1         X2         Y2

   1      X       -1.350     -1.350     74.150     53.350

--------------------------------------------------------------------------------
Cell Name : INVX1 layout CORELIBD

                   Cell Errors    Real Errors   Cell Placements     Environments
                             1              1                 3                1
--------------------------------------------------------------------------------
Env.  Env. Placements            X1           Y1          X2           Y2

  1        3                338.050      192.800     342.550      205.900

Shape               Environments Status & Error Marker 

          1           X1         Y1         X2         Y2

   1      X       -0.850     -1.350      3.650     11.750

--------------------------------------------------------------------------------
Cell Name : gmc_5_fc layout FECG

                   Cell Errors    Real Errors   Cell Placements     Environments
                            10             10                 1                1
--------------------------------------------------------------------------------
Env.  Env. Placements            X1           Y1          X2           Y2

  1        1                  0.400        0.400     928.700      220.200

Shape               Environments Status & Error Marker 

          1           X1         Y1         X2         Y2

   1      X        0.400      0.400    165.225    220.200
   2      X      165.225      0.400    384.250    220.200
   3      X      308.750     76.650    384.250     77.650
   4      X      338.050    205.900    348.150    220.200
   5      X      348.150    188.050    384.250    220.200
   6      X      384.250      0.400    617.750    220.200
   7      X      542.250     76.650    617.750     77.650
   8      X      617.750      0.400    849.250    220.200
   9      X      773.750     76.650    849.250     77.650
  10      X      849.250      0.400    928.700    220.200

================================================================================
Rule No. 45 : # C35B4 ENG - 183 Rev9 (Last updated 26-Apr-2017 12:48) #

Real Error Count : 24; Flat Error Count : 105
================================================================================

--------------------------------------------------------------------------------
Cell Name : G5_1_7_3250_0_r0 sub_array

                   Cell Errors    Real Errors   Cell Placements     Environments
                             1              1                15                1
--------------------------------------------------------------------------------
Env.  Env. Placements            X1           Y1          X2           Y2

  1       15                176.600       14.150     198.900       36.350

Shape               Environments Status & Error Marker 

          1           X1         Y1         X2         Y2

   1      X       -0.400     -0.250     21.900     21.950

--------------------------------------------------------------------------------
Cell Name : G5_1_7_3250_0_my sub_array

                   Cell Errors    Real Errors   Cell Placements     Environments
                             1              1                15                1
--------------------------------------------------------------------------------
Env.  Env. Placements            X1           Y1          X2           Y2

  1       15                 85.950       14.150     108.250       36.350

Shape               Environments Status & Error Marker 

          1           X1         Y1         X2         Y2

   1      X       -2.400     -0.250     19.900     21.950

--------------------------------------------------------------------------------
Cell Name : G5_1_7_3250_0_r0_A2 array 5 21 3.25 24.8 r0

                   Cell Errors    Real Errors   Cell Placements     Environments
                             3              3                 1                1
--------------------------------------------------------------------------------
Env.  Env. Placements            X1           Y1          X2           Y2

  1        1                176.600       14.150     244.400      135.550

Shape               Environments Status & Error Marker 

          1           X1         Y1         X2         Y2

   1      X       -0.400     -0.250     67.400     96.350
   2      X       -0.400     96.350     67.400    121.150
   3      X       44.650     74.150     45.100     96.350

--------------------------------------------------------------------------------
Cell Name : G5_1_7_3250_0_my_A1 array 5 21 3.25 24.8 my

                   Cell Errors    Real Errors   Cell Placements     Environments
                             3              3                 1                1
--------------------------------------------------------------------------------
Env.  Env. Placements            X1           Y1          X2           Y2

  1        1                 85.950       14.150     153.750      135.550

Shape               Environments Status & Error Marker 

          1           X1         Y1         X2         Y2

   1      X       -2.400     -0.250     65.400     96.350
   2      X       -2.400     96.350     65.400    121.150
   3      X       42.650     74.150     43.100     96.350

--------------------------------------------------------------------------------
Cell Name : pmos4 layout PRIMLIB l="5u" w="5u" wtot="5u" in1=MP8

                   Cell Errors    Real Errors   Cell Placements     Environments
                             1              1                 4                1
--------------------------------------------------------------------------------
Env.  Env. Placements            X1           Y1          X2           Y2

  1        4                236.625      179.000     245.725      186.400

Shape               Environments Status & Error Marker 

          1           X1         Y1         X2         Y2

   1      X       -1.200     -1.200      6.200      7.900

--------------------------------------------------------------------------------
Cell Name : pmos4 layout PRIMLIB l="5u" w="6u" wtot="6u" in1=MP628129

                   Cell Errors    Real Errors   Cell Placements     Environments
                             1              1                22                1
--------------------------------------------------------------------------------
Env.  Env. Placements            X1           Y1          X2           Y2

  1       22                 18.725      174.700      27.825      183.100

Shape               Environments Status & Error Marker 

          1           X1         Y1         X2         Y2

   1      X       -1.200     -1.200      7.200      7.900

--------------------------------------------------------------------------------
Cell Name : pmos4 layout PRIMLIB jd=FALSE js=FALSE l="350n" ng="20" w="15u" wtot="300u" in1=MP128129

                   Cell Errors    Real Errors   Cell Placements     Environments
                             1              1                 4                1
--------------------------------------------------------------------------------
Env.  Env. Placements            X1           Y1          X2           Y2

  1        4                135.125      156.575     165.225      173.975

Shape               Environments Status & Error Marker 

          1           X1         Y1         X2         Y2

   1      X       -1.200     -1.200     16.200     28.900

--------------------------------------------------------------------------------
Cell Name : nmos4 layout PRIMLIB l="4u" ng="2" wtot="20u" in1=MN5

                   Cell Errors    Real Errors   Cell Placements     Environments
                             1              1                 2                1
--------------------------------------------------------------------------------
Env.  Env. Placements            X1           Y1          X2           Y2

  1        2                 11.950      102.000      23.150      113.400

Shape               Environments Status & Error Marker 

          1           X1         Y1         X2         Y2

   1      X       -0.700     -0.250     10.700     10.950

--------------------------------------------------------------------------------
Cell Name : cpolyc layout PRIMLIB area="3.5n" c="3.03p" gwell="N-Well" l="70u" perimeter="240u" rbottom="Cont" rleft="Cont" rright="Cont" id_=5d5c206d9147e606 in1=C928329

                   Cell Errors    Real Errors   Cell Placements     Environments
                             1              1                24                1
--------------------------------------------------------------------------------
Env.  Env. Placements            X1           Y1          X2           Y2

  1       24                308.750       21.950     384.250       76.650

Shape               Environments Status & Error Marker 

          1           X1         Y1         X2         Y2

   1      X       -1.350     -1.350     74.150     53.350

--------------------------------------------------------------------------------
Cell Name : INVX1 layout CORELIBD

                   Cell Errors    Real Errors   Cell Placements     Environments
                             1              1                 3                1
--------------------------------------------------------------------------------
Env.  Env. Placements            X1           Y1          X2           Y2

  1        3                338.050      192.800     342.550      205.900

Shape               Environments Status & Error Marker 

          1           X1         Y1         X2         Y2

   1      X       -0.850     -1.350      3.650     11.750

--------------------------------------------------------------------------------
Cell Name : gmc_5_fc layout FECG

                   Cell Errors    Real Errors   Cell Placements     Environments
                            10             10                 1                1
--------------------------------------------------------------------------------
Env.  Env. Placements            X1           Y1          X2           Y2

  1        1                  0.400        0.400     928.700      220.200

Shape               Environments Status & Error Marker 

          1           X1         Y1         X2         Y2

   1      X        0.400      0.400    165.225    220.200
   2      X      165.225      0.400    384.250    220.200
   3      X      308.750     76.650    384.250     77.650
   4      X      338.050    205.900    348.150    220.200
   5      X      348.150    188.050    384.250    220.200
   6      X      384.250      0.400    617.750    220.200
   7      X      542.250     76.650    617.750     77.650
   8      X      617.750      0.400    849.250    220.200
   9      X      773.750     76.650    849.250     77.650
  10      X      849.250      0.400    928.700    220.200

