================================================================================
Rule No. 44 : # INFO: Don't use -resimulate_extracted- Switch for standard LVS but only for QRC! #

Real Error Count : 34; Flat Error Count : 226
================================================================================

--------------------------------------------------------------------------------
Cell Name : G6_1_2_5300_0_r270 sub_array

                   Cell Errors    Real Errors   Cell Placements     Environments
                             1              1                30                1
--------------------------------------------------------------------------------
Env.  Env. Placements            X1           Y1          X2           Y2

  1       30                242.050       61.700     254.450       74.100

Shape               Environments Status & Error Marker 

          1           X1         Y1         X2         Y2

   1      X       -1.200    -11.200     11.200      1.200

--------------------------------------------------------------------------------
Cell Name : G6_1_2_5300_0_r270_A1 array 3 10 5.3 18 r270

                   Cell Errors    Real Errors   Cell Placements     Environments
                             2              2                 2                1
--------------------------------------------------------------------------------
Env.  Env. Placements            X1           Y1          X2           Y2

  1        2                242.050       61.700     296.850      110.100

Shape               Environments Status & Error Marker 

          1           X1         Y1         X2         Y2

   1      X       -1.200      1.200     53.600      6.800
   2      X       -1.200     19.200     53.600     24.800

--------------------------------------------------------------------------------
Cell Name : pmos4 layout PRIMLIB l="350n" w="5u" wtot="5u" in1=MP128729

                   Cell Errors    Real Errors   Cell Placements     Environments
                             1              1                40                1
--------------------------------------------------------------------------------
Env.  Env. Placements            X1           Y1          X2           Y2

  1       40                179.825       50.525     184.275       57.925

Shape               Environments Status & Error Marker 

          1           X1         Y1         X2         Y2

   1      X       -1.200     -1.200      6.200      3.250

--------------------------------------------------------------------------------
Cell Name : pmos4 layout PRIMLIB l="3u" in1=MP528129

                   Cell Errors    Real Errors   Cell Placements     Environments
                             1              1                 6                1
--------------------------------------------------------------------------------
Env.  Env. Placements            X1           Y1          X2           Y2

  1        6                236.750       61.700     243.850       74.100

Shape               Environments Status & Error Marker 

          1           X1         Y1         X2         Y2

   1      X       -1.200     -1.200     11.200      5.900

--------------------------------------------------------------------------------
Cell Name : nmos4 layout PRIMLIB l="4u" w="4u" wtot="4u" in1=MN8

                   Cell Errors    Real Errors   Cell Placements     Environments
                             1              1                 4                1
--------------------------------------------------------------------------------
Env.  Env. Placements            X1           Y1          X2           Y2

  1        4                191.050       17.500     197.250       22.300

Shape               Environments Status & Error Marker 

          1           X1         Y1         X2         Y2

   1      X       -0.400     -0.250      4.400      5.950

--------------------------------------------------------------------------------
Cell Name : nmos4 layout PRIMLIB l="1u" ng="2" wtot="20u" in1=MN9

                   Cell Errors    Real Errors   Cell Placements     Environments
                             1              1                 4                1
--------------------------------------------------------------------------------
Env.  Env. Placements            X1           Y1          X2           Y2

  1        4                173.000       20.650     178.200       32.050

Shape               Environments Status & Error Marker 

          1           X1         Y1         X2         Y2

   1      X       -0.700     -0.250     10.700      4.950

--------------------------------------------------------------------------------
Cell Name : nmos4 layout PRIMLIB l="1u" w="5u" wtot="5u" in1=MN628129

                   Cell Errors    Real Errors   Cell Placements     Environments
                             1              1                52                1
--------------------------------------------------------------------------------
Env.  Env. Placements            X1           Y1          X2           Y2

  1       52                253.575       20.500     256.775       26.300

Shape               Environments Status & Error Marker 

          1           X1         Y1         X2         Y2

   1      X       -0.400     -0.250      5.400      2.950

--------------------------------------------------------------------------------
Cell Name : rpolyhc layout PRIMLIB Bends=28 Dummy=TRUE ResShape="90_deg" gwell="N-Well" l="5000u" r="10M" rleft="Cont" rright="Cont" id_=38be6356325ad8cb in1=R10

                   Cell Errors    Real Errors   Cell Placements     Environments
                             1              1                 2                1
--------------------------------------------------------------------------------
Env.  Env. Placements            X1           Y1          X2           Y2

  1        2                527.600       11.300     583.700      195.550

Shape               Environments Status & Error Marker 

          1           X1         Y1         X2         Y2

   1      X       -6.650     -5.950    177.600     50.150

--------------------------------------------------------------------------------
Cell Name : rpolyhc layout PRIMLIB Bends=10 Dummy=TRUE ResShape="90_deg" l="500u" r="1M" w="0.8u" in1=R1

                   Cell Errors    Real Errors   Cell Placements     Environments
                             1              1                 2                1
--------------------------------------------------------------------------------
Env.  Env. Placements            X1           Y1          X2           Y2

  1        2                208.175      141.250     233.775      196.100

Shape               Environments Status & Error Marker 

          1           X1         Y1         X2         Y2

   1      X       -5.350     -4.650     49.500     20.950

--------------------------------------------------------------------------------
Cell Name : pmos4 layout PRIMLIB l="3u" w="5u" wtot="5u" in1=MP628129

                   Cell Errors    Real Errors   Cell Placements     Environments
                             1              1                10                1
--------------------------------------------------------------------------------
Env.  Env. Placements            X1           Y1          X2           Y2

  1       10                 70.625      175.350      77.725      182.750

Shape               Environments Status & Error Marker 

          1           X1         Y1         X2         Y2

   1      X       -1.200     -1.200      6.200      5.900

--------------------------------------------------------------------------------
Cell Name : pmos4 layout PRIMLIB jd=FALSE jg="no" js=FALSE l="1u" ng="2" w="5u" in1=MP4

                   Cell Errors    Real Errors   Cell Placements     Environments
                             1              1                 3                1
--------------------------------------------------------------------------------
Env.  Env. Placements            X1           Y1          X2           Y2

  1        3                122.350      175.150     129.450      182.550

Shape               Environments Status & Error Marker 

          1           X1         Y1         X2         Y2

   1      X       -1.200     -1.200      6.200      5.900

--------------------------------------------------------------------------------
Cell Name : nmos4 layout PRIMLIB l="350n" w="5u" wtot="5u" in1=MN128729

                   Cell Errors    Real Errors   Cell Placements     Environments
                             1              1                22                1
--------------------------------------------------------------------------------
Env.  Env. Placements            X1           Y1          X2           Y2

  1       22                456.200      153.500     462.000      156.050

Shape               Environments Status & Error Marker 

          1           X1         Y1         X2         Y2

   1      X       -0.400     -0.250      5.400      2.300

--------------------------------------------------------------------------------
Cell Name : nmos4 layout PRIMLIB jd=FALSE jg="no" js=FALSE l="1u" ng="4" w="5u" wtot="20u" in1=MN9

                   Cell Errors    Real Errors   Cell Placements     Environments
                             1              1                 2                1
--------------------------------------------------------------------------------
Env.  Env. Placements            X1           Y1          X2           Y2

  1        2                 12.525       75.025      21.725       80.825

Shape               Environments Status & Error Marker 

          1           X1         Y1         X2         Y2

   1      X       -0.400     -0.250      5.400      8.950

--------------------------------------------------------------------------------
Cell Name : nmos4 layout PRIMLIB l="10u" w="8u" wtot="8u" in1=MN828129

                   Cell Errors    Real Errors   Cell Placements     Environments
                             1              1                18                1
--------------------------------------------------------------------------------
Env.  Env. Placements            X1           Y1          X2           Y2

  1       18                 27.525       29.700      39.725       38.500

Shape               Environments Status & Error Marker 

          1           X1         Y1         X2         Y2

   1      X       -0.400     -0.250      8.400     11.950

--------------------------------------------------------------------------------
Cell Name : cmfb_opamp1_fc layout FECG

                   Cell Errors    Real Errors   Cell Placements     Environments
                             8              8                 2                1
--------------------------------------------------------------------------------
Env.  Env. Placements            X1           Y1          X2           Y2

  1        2                164.725        2.100     311.950      128.900

Shape               Environments Status & Error Marker 

          1           X1         Y1         X2         Y2

   1      X        5.125     14.150     93.975    140.950
   2      X       77.150     14.150    152.350    140.950
   3      X       77.150     86.150     82.450     91.750
   4      X       77.150    104.150     82.450    109.750
   5      X       93.975     14.150    107.075     73.750
   6      X      107.075     14.150    120.375     73.750
   7      X      117.075     38.350    120.275     41.050
   8      X      120.375     14.150    133.475     73.750

--------------------------------------------------------------------------------
Cell Name : fecg_cmfb2_fc layout FECG

                   Cell Errors    Real Errors   Cell Placements     Environments
                            11             11                 1                1
--------------------------------------------------------------------------------
Env.  Env. Placements            X1           Y1          X2           Y2

  1        1                  2.350        2.100     585.675      213.675

Shape               Environments Status & Error Marker 

          1           X1         Y1         X2         Y2

   1      X        2.350      2.100     65.325    213.675
   2      X       53.125     38.500     65.325     40.400
   3      X       65.325      2.100    103.725    213.675
   4      X       98.925     49.200    103.725    213.675
   5      X      103.725      2.100    161.875    213.675
   6      X      161.875      2.100    172.475    213.675
   7      X      169.825    181.150    172.375    187.650
   8      X      172.475    128.900    182.975    213.675
   9      X      182.975      2.100    462.000    213.675
  10      X      456.200    156.050    462.000    213.675
  11      X      462.000      2.100    585.675    213.675

================================================================================
Rule No. 45 : # C35B4 ENG - 183 Rev9 (Last updated 26-Apr-2017 12:48) #

Real Error Count : 34; Flat Error Count : 226
================================================================================

--------------------------------------------------------------------------------
Cell Name : G6_1_2_5300_0_r270 sub_array

                   Cell Errors    Real Errors   Cell Placements     Environments
                             1              1                30                1
--------------------------------------------------------------------------------
Env.  Env. Placements            X1           Y1          X2           Y2

  1       30                242.050       61.700     254.450       74.100

Shape               Environments Status & Error Marker 

          1           X1         Y1         X2         Y2

   1      X       -1.200    -11.200     11.200      1.200

--------------------------------------------------------------------------------
Cell Name : G6_1_2_5300_0_r270_A1 array 3 10 5.3 18 r270

                   Cell Errors    Real Errors   Cell Placements     Environments
                             2              2                 2                1
--------------------------------------------------------------------------------
Env.  Env. Placements            X1           Y1          X2           Y2

  1        2                242.050       61.700     296.850      110.100

Shape               Environments Status & Error Marker 

          1           X1         Y1         X2         Y2

   1      X       -1.200      1.200     53.600      6.800
   2      X       -1.200     19.200     53.600     24.800

--------------------------------------------------------------------------------
Cell Name : pmos4 layout PRIMLIB l="350n" w="5u" wtot="5u" in1=MP128729

                   Cell Errors    Real Errors   Cell Placements     Environments
                             1              1                40                1
--------------------------------------------------------------------------------
Env.  Env. Placements            X1           Y1          X2           Y2

  1       40                179.825       50.525     184.275       57.925

Shape               Environments Status & Error Marker 

          1           X1         Y1         X2         Y2

   1      X       -1.200     -1.200      6.200      3.250

--------------------------------------------------------------------------------
Cell Name : pmos4 layout PRIMLIB l="3u" in1=MP528129

                   Cell Errors    Real Errors   Cell Placements     Environments
                             1              1                 6                1
--------------------------------------------------------------------------------
Env.  Env. Placements            X1           Y1          X2           Y2

  1        6                236.750       61.700     243.850       74.100

Shape               Environments Status & Error Marker 

          1           X1         Y1         X2         Y2

   1      X       -1.200     -1.200     11.200      5.900

--------------------------------------------------------------------------------
Cell Name : nmos4 layout PRIMLIB l="4u" w="4u" wtot="4u" in1=MN8

                   Cell Errors    Real Errors   Cell Placements     Environments
                             1              1                 4                1
--------------------------------------------------------------------------------
Env.  Env. Placements            X1           Y1          X2           Y2

  1        4                191.050       17.500     197.250       22.300

Shape               Environments Status & Error Marker 

          1           X1         Y1         X2         Y2

   1      X       -0.400     -0.250      4.400      5.950

--------------------------------------------------------------------------------
Cell Name : nmos4 layout PRIMLIB l="1u" ng="2" wtot="20u" in1=MN9

                   Cell Errors    Real Errors   Cell Placements     Environments
                             1              1                 4                1
--------------------------------------------------------------------------------
Env.  Env. Placements            X1           Y1          X2           Y2

  1        4                173.000       20.650     178.200       32.050

Shape               Environments Status & Error Marker 

          1           X1         Y1         X2         Y2

   1      X       -0.700     -0.250     10.700      4.950

--------------------------------------------------------------------------------
Cell Name : nmos4 layout PRIMLIB l="1u" w="5u" wtot="5u" in1=MN628129

                   Cell Errors    Real Errors   Cell Placements     Environments
                             1              1                52                1
--------------------------------------------------------------------------------
Env.  Env. Placements            X1           Y1          X2           Y2

  1       52                253.575       20.500     256.775       26.300

Shape               Environments Status & Error Marker 

          1           X1         Y1         X2         Y2

   1      X       -0.400     -0.250      5.400      2.950

--------------------------------------------------------------------------------
Cell Name : rpolyhc layout PRIMLIB Bends=28 Dummy=TRUE ResShape="90_deg" gwell="N-Well" l="5000u" r="10M" rleft="Cont" rright="Cont" id_=38be6356325ad8cb in1=R10

                   Cell Errors    Real Errors   Cell Placements     Environments
                             1              1                 2                1
--------------------------------------------------------------------------------
Env.  Env. Placements            X1           Y1          X2           Y2

  1        2                527.600       11.300     583.700      195.550

Shape               Environments Status & Error Marker 

          1           X1         Y1         X2         Y2

   1      X       -6.650     -5.950    177.600     50.150

--------------------------------------------------------------------------------
Cell Name : rpolyhc layout PRIMLIB Bends=10 Dummy=TRUE ResShape="90_deg" l="500u" r="1M" w="0.8u" in1=R1

                   Cell Errors    Real Errors   Cell Placements     Environments
                             1              1                 2                1
--------------------------------------------------------------------------------
Env.  Env. Placements            X1           Y1          X2           Y2

  1        2                208.175      141.250     233.775      196.100

Shape               Environments Status & Error Marker 

          1           X1         Y1         X2         Y2

   1      X       -5.350     -4.650     49.500     20.950

--------------------------------------------------------------------------------
Cell Name : pmos4 layout PRIMLIB l="3u" w="5u" wtot="5u" in1=MP628129

                   Cell Errors    Real Errors   Cell Placements     Environments
                             1              1                10                1
--------------------------------------------------------------------------------
Env.  Env. Placements            X1           Y1          X2           Y2

  1       10                 70.625      175.350      77.725      182.750

Shape               Environments Status & Error Marker 

          1           X1         Y1         X2         Y2

   1      X       -1.200     -1.200      6.200      5.900

--------------------------------------------------------------------------------
Cell Name : pmos4 layout PRIMLIB jd=FALSE jg="no" js=FALSE l="1u" ng="2" w="5u" in1=MP4

                   Cell Errors    Real Errors   Cell Placements     Environments
                             1              1                 3                1
--------------------------------------------------------------------------------
Env.  Env. Placements            X1           Y1          X2           Y2

  1        3                122.350      175.150     129.450      182.550

Shape               Environments Status & Error Marker 

          1           X1         Y1         X2         Y2

   1      X       -1.200     -1.200      6.200      5.900

--------------------------------------------------------------------------------
Cell Name : nmos4 layout PRIMLIB l="350n" w="5u" wtot="5u" in1=MN128729

                   Cell Errors    Real Errors   Cell Placements     Environments
                             1              1                22                1
--------------------------------------------------------------------------------
Env.  Env. Placements            X1           Y1          X2           Y2

  1       22                456.200      153.500     462.000      156.050

Shape               Environments Status & Error Marker 

          1           X1         Y1         X2         Y2

   1      X       -0.400     -0.250      5.400      2.300

--------------------------------------------------------------------------------
Cell Name : nmos4 layout PRIMLIB jd=FALSE jg="no" js=FALSE l="1u" ng="4" w="5u" wtot="20u" in1=MN9

                   Cell Errors    Real Errors   Cell Placements     Environments
                             1              1                 2                1
--------------------------------------------------------------------------------
Env.  Env. Placements            X1           Y1          X2           Y2

  1        2                 12.525       75.025      21.725       80.825

Shape               Environments Status & Error Marker 

          1           X1         Y1         X2         Y2

   1      X       -0.400     -0.250      5.400      8.950

--------------------------------------------------------------------------------
Cell Name : nmos4 layout PRIMLIB l="10u" w="8u" wtot="8u" in1=MN828129

                   Cell Errors    Real Errors   Cell Placements     Environments
                             1              1                18                1
--------------------------------------------------------------------------------
Env.  Env. Placements            X1           Y1          X2           Y2

  1       18                 27.525       29.700      39.725       38.500

Shape               Environments Status & Error Marker 

          1           X1         Y1         X2         Y2

   1      X       -0.400     -0.250      8.400     11.950

--------------------------------------------------------------------------------
Cell Name : cmfb_opamp1_fc layout FECG

                   Cell Errors    Real Errors   Cell Placements     Environments
                             8              8                 2                1
--------------------------------------------------------------------------------
Env.  Env. Placements            X1           Y1          X2           Y2

  1        2                164.725        2.100     311.950      128.900

Shape               Environments Status & Error Marker 

          1           X1         Y1         X2         Y2

   1      X        5.125     14.150     93.975    140.950
   2      X       77.150     14.150    152.350    140.950
   3      X       77.150     86.150     82.450     91.750
   4      X       77.150    104.150     82.450    109.750
   5      X       93.975     14.150    107.075     73.750
   6      X      107.075     14.150    120.375     73.750
   7      X      117.075     38.350    120.275     41.050
   8      X      120.375     14.150    133.475     73.750

--------------------------------------------------------------------------------
Cell Name : fecg_cmfb2_fc layout FECG

                   Cell Errors    Real Errors   Cell Placements     Environments
                            11             11                 1                1
--------------------------------------------------------------------------------
Env.  Env. Placements            X1           Y1          X2           Y2

  1        1                  2.350        2.100     585.675      213.675

Shape               Environments Status & Error Marker 

          1           X1         Y1         X2         Y2

   1      X        2.350      2.100     65.325    213.675
   2      X       53.125     38.500     65.325     40.400
   3      X       65.325      2.100    103.725    213.675
   4      X       98.925     49.200    103.725    213.675
   5      X      103.725      2.100    161.875    213.675
   6      X      161.875      2.100    172.475    213.675
   7      X      169.825    181.150    172.375    187.650
   8      X      172.475    128.900    182.975    213.675
   9      X      182.975      2.100    462.000    213.675
  10      X      456.200    156.050    462.000    213.675
  11      X      462.000      2.100    585.675    213.675

