================================================================================
Rule No. 457 : PO_R_1 Minimum density of POLY1 area [%] = 14

Real Error Count : 1; Flat Error Count : 2
================================================================================

--------------------------------------------------------------------------------
Cell Name : Constant_gm layout YAOWEN

                   Cell Errors    Real Errors   Cell Placements     Environments
                             2              1                 1                1
--------------------------------------------------------------------------------
Env.  Env. Placements            X1           Y1          X2           Y2

  1        1                117.425     -172.000     411.150      -16.950

Shape               Environments Status & Error Marker 

          1           X1         Y1         X2         Y2

   1      X      117.425   -172.000    411.150    -16.950

================================================================================
Rule No. 510 : M1_R_1 Minimum density of MET1 area [%] = 30

Real Error Count : 1; Flat Error Count : 2
================================================================================

--------------------------------------------------------------------------------
Cell Name : Constant_gm layout YAOWEN

                   Cell Errors    Real Errors   Cell Placements     Environments
                             2              1                 1                1
--------------------------------------------------------------------------------
Env.  Env. Placements            X1           Y1          X2           Y2

  1        1                117.425     -172.000     411.150      -16.950

Shape               Environments Status & Error Marker 

          1           X1         Y1         X2         Y2

   1      X      117.425   -172.000    411.150    -16.950

================================================================================
Rule No. 521 : M2_R_1 Minimum density of MET2 area [%] = 30

Real Error Count : 1; Flat Error Count : 2
================================================================================

--------------------------------------------------------------------------------
Cell Name : Constant_gm layout YAOWEN

                   Cell Errors    Real Errors   Cell Placements     Environments
                             2              1                 1                1
--------------------------------------------------------------------------------
Env.  Env. Placements            X1           Y1          X2           Y2

  1        1                117.425     -172.000     411.150      -16.950

Shape               Environments Status & Error Marker 

          1           X1         Y1         X2         Y2

   1      X      117.425   -172.000    411.150    -16.950

================================================================================
Rule No. 532 : M3_R_1 Minimum density of MET3 area [%] = 30

Real Error Count : 1; Flat Error Count : 2
================================================================================

--------------------------------------------------------------------------------
Cell Name : Constant_gm layout YAOWEN

                   Cell Errors    Real Errors   Cell Placements     Environments
                             2              1                 1                1
--------------------------------------------------------------------------------
Env.  Env. Placements            X1           Y1          X2           Y2

  1        1                117.425     -172.000     411.150      -16.950

Shape               Environments Status & Error Marker 

          1           X1         Y1         X2         Y2

   1      X      117.425   -172.000    411.150    -16.950

================================================================================
Rule No. 772 : ERC Warning: Gates connected to VDD/VCC

Real Error Count : 20; Flat Error Count : 20
================================================================================

--------------------------------------------------------------------------------
Cell Name : Constant_gm layout YAOWEN

                   Cell Errors    Real Errors   Cell Placements     Environments
                            20             20                 1                1
--------------------------------------------------------------------------------
Env.  Env. Placements            X1           Y1          X2           Y2

  1        1                151.575     -152.050     223.075      -36.050

Shape               Environments Status & Error Marker 

          1           X1         Y1         X2         Y2

   1      X      151.575   -152.050    161.575   -151.050
   2      X      151.575   -136.250    161.575   -126.250
   3      X      151.575   -111.450    161.575   -101.450
   4      X      151.575    -86.650    161.575    -76.650
   5      X      151.575    -61.850    161.575    -51.850
   6      X      151.575    -37.050    161.575    -36.050
   7      X      163.875   -152.050    173.875   -151.050
   8      X      163.875    -37.050    173.875    -36.050
   9      X      176.175   -152.050    186.175   -151.050
  10      X      176.175    -37.050    186.175    -36.050
  11      X      188.475   -152.050    198.475   -151.050
  12      X      188.475    -37.050    198.475    -36.050
  13      X      200.775   -152.050    210.775   -151.050
  14      X      200.775    -37.050    210.775    -36.050
  15      X      213.075   -152.050    223.075   -151.050
  16      X      213.075   -136.250    223.075   -126.250
  17      X      213.075   -111.450    223.075   -101.450
  18      X      213.075    -86.650    223.075    -76.650
  19      X      213.075    -61.850    223.075    -51.850
  20      X      213.075    -37.050    223.075    -36.050

================================================================================
Rule No. 773 : ERC Warning: Gates connected to VSS/GND

Real Error Count : 2; Flat Error Count : 2
================================================================================

--------------------------------------------------------------------------------
Cell Name : Constant_gm layout YAOWEN

                   Cell Errors    Real Errors   Cell Placements     Environments
                             2              2                 1                1
--------------------------------------------------------------------------------
Env.  Env. Placements            X1           Y1          X2           Y2

  1        1                262.500     -153.800     346.300     -143.800

Shape               Environments Status & Error Marker 

          1           X1         Y1         X2         Y2

   1      X      262.500   -153.800    272.500   -143.800
   2      X      336.300   -153.800    346.300   -143.800

================================================================================
Rule No. 1476 : # INFO: C35B4/C35B3 ASSURA DRC DECK (REV9 DATE 26-Apr-2011) Last modified 07-Sept-2016 #

Real Error Count : 1; Flat Error Count : 1
================================================================================

--------------------------------------------------------------------------------
Cell Name : Constant_gm layout YAOWEN

                   Cell Errors    Real Errors   Cell Placements     Environments
                             1              1                 1                1
--------------------------------------------------------------------------------
Env.  Env. Placements            X1           Y1          X2           Y2

  1        1                117.425     -172.000     411.150      -16.950

Shape               Environments Status & Error Marker 

          1           X1         Y1         X2         Y2

   1      X      117.425   -172.000    411.150    -16.950

