================================================================================
Rule No. 44 : # INFO: Don't use -resimulate_extracted- Switch for standard LVS but only for QRC! #

Real Error Count : 19; Flat Error Count : 170
================================================================================

--------------------------------------------------------------------------------
Cell Name : pmos4 layout PRIMLIB l="15u" in1=MP428129

                   Cell Errors    Real Errors   Cell Placements     Environments
                             1              1               104                1
--------------------------------------------------------------------------------
Env.  Env. Placements            X1           Y1          X2           Y2

  1      104                 21.600       16.800      40.700       29.200

Shape               Environments Status & Error Marker 

          1           X1         Y1         X2         Y2

   1      X       -1.200     -1.200     11.200     17.900

--------------------------------------------------------------------------------
Cell Name : pmos4_A1 array 8 13 17.3 21.8 r90

                   Cell Errors    Real Errors   Cell Placements     Environments
                             7              7                 1                1
--------------------------------------------------------------------------------
Env.  Env. Placements            X1           Y1          X2           Y2

  1        1                 21.600       16.800     248.300      181.800

Shape               Environments Status & Error Marker 

          1           X1         Y1         X2         Y2

   1      X      -17.900     11.200    208.800     20.600
   2      X      -17.900     33.000    208.800     42.400
   3      X      -17.900     54.800    208.800     64.200
   4      X      -17.900     76.600    208.800     86.000
   5      X      -17.900     98.400    208.800    107.800
   6      X      -17.900    120.200    208.800    129.600
   7      X      -17.900    142.000    208.800    151.400

--------------------------------------------------------------------------------
Cell Name : rpolyhc layout PRIMLIB Bends=10 Dummy=TRUE ResShape="90_deg" gwell="N-Well" l="500u" r="1M" w="0.8u" in1=R8

                   Cell Errors    Real Errors   Cell Placements     Environments
                             1              1                16                1
--------------------------------------------------------------------------------
Env.  Env. Placements            X1           Y1          X2           Y2

  1       16                436.825       34.225     491.675       59.825

Shape               Environments Status & Error Marker 

          1           X1         Y1         X2         Y2

   1      X       -5.350     -4.650     49.500     20.950

--------------------------------------------------------------------------------
Cell Name : pmos4 layout PRIMLIB l="4u" w="12.5u" wtot="12.5u" in1=MP928729

                   Cell Errors    Real Errors   Cell Placements     Environments
                             1              1                20                1
--------------------------------------------------------------------------------
Env.  Env. Placements            X1           Y1          X2           Y2

  1       20                289.450      150.775     297.550      165.675

Shape               Environments Status & Error Marker 

          1           X1         Y1         X2         Y2

   1      X       -1.200     -1.200     13.700      6.900

--------------------------------------------------------------------------------
Cell Name : nmos4 layout PRIMLIB l="20u" w="15u" wtot="15u" in1=MN1628129

                   Cell Errors    Real Errors   Cell Placements     Environments
                             1              1                 4                1
--------------------------------------------------------------------------------
Env.  Env. Placements            X1           Y1          X2           Y2

  1        4                289.600       87.250     311.800      103.050

Shape               Environments Status & Error Marker 

          1           X1         Y1         X2         Y2

   1      X       -0.400     -0.250     15.400     21.950

--------------------------------------------------------------------------------
Cell Name : nmos4 layout PRIMLIB jd=FALSE jg="no" js=FALSE l="2u" ng="2" wtot="20u" in1=MN9

                   Cell Errors    Real Errors   Cell Placements     Environments
                             1              1                 2                1
--------------------------------------------------------------------------------
Env.  Env. Placements            X1           Y1          X2           Y2

  1        2                274.000       26.600     281.200       37.400

Shape               Environments Status & Error Marker 

          1           X1         Y1         X2         Y2

   1      X       -0.400     -0.250     10.400      6.950

--------------------------------------------------------------------------------
Cell Name : nmos4 layout PRIMLIB l="12u" in1=MN728129

                   Cell Errors    Real Errors   Cell Placements     Environments
                             1              1                 4                1
--------------------------------------------------------------------------------
Env.  Env. Placements            X1           Y1          X2           Y2

  1        4                312.175       26.975     326.375       37.775

Shape               Environments Status & Error Marker 

          1           X1         Y1         X2         Y2

   1      X       -0.400     -0.250     10.400     13.950

--------------------------------------------------------------------------------
Cell Name : mux21c_f layout FECG

                   Cell Errors    Real Errors   Cell Placements     Environments
                             1              1                 3                1
--------------------------------------------------------------------------------
Env.  Env. Placements            X1           Y1          X2           Y2

  1        3                409.850       12.275     438.750       31.175

Shape               Environments Status & Error Marker 

          1           X1         Y1         X2         Y2

   1      X        0.350      0.350     29.250     19.250

--------------------------------------------------------------------------------
Cell Name : cpolyc layout PRIMLIB area="1.26n" c="1.09p" gwell="N-Well" l="41.95u" perimeter="143.9u" rbottom="Cont" rleft="Cont" id_=1eea3daa63e42b4e in1=C928129

                   Cell Errors    Real Errors   Cell Placements     Environments
                             1              1                 6                1
--------------------------------------------------------------------------------
Env.  Env. Placements            X1           Y1          X2           Y2

  1        6                386.425      122.925     433.675      157.625

Shape               Environments Status & Error Marker 

          1           X1         Y1         X2         Y2

   1      X       -1.350     -1.350     45.900     33.350

--------------------------------------------------------------------------------
Cell Name : fecg_vga2_f_2 layout FECG

                   Cell Errors    Real Errors   Cell Placements     Environments
                             4              4                 1                1
--------------------------------------------------------------------------------
Env.  Env. Placements            X1           Y1          X2           Y2

  1        1                 -0.525        0.925     601.875      209.350

Shape               Environments Status & Error Marker 

          1           X1         Y1         X2         Y2

   1      X       -0.525      0.925    354.250    209.350
   2      X      312.175      0.925    433.675    209.350
   3      X      386.425    118.625    589.375    209.350
   4      X      409.850      0.925    601.875    209.350

================================================================================
Rule No. 45 : # C35B4 ENG - 183 Rev9 (Last updated 26-Apr-2017 12:48) #

Real Error Count : 19; Flat Error Count : 170
================================================================================

--------------------------------------------------------------------------------
Cell Name : pmos4 layout PRIMLIB l="15u" in1=MP428129

                   Cell Errors    Real Errors   Cell Placements     Environments
                             1              1               104                1
--------------------------------------------------------------------------------
Env.  Env. Placements            X1           Y1          X2           Y2

  1      104                 21.600       16.800      40.700       29.200

Shape               Environments Status & Error Marker 

          1           X1         Y1         X2         Y2

   1      X       -1.200     -1.200     11.200     17.900

--------------------------------------------------------------------------------
Cell Name : pmos4_A1 array 8 13 17.3 21.8 r90

                   Cell Errors    Real Errors   Cell Placements     Environments
                             7              7                 1                1
--------------------------------------------------------------------------------
Env.  Env. Placements            X1           Y1          X2           Y2

  1        1                 21.600       16.800     248.300      181.800

Shape               Environments Status & Error Marker 

          1           X1         Y1         X2         Y2

   1      X      -17.900     11.200    208.800     20.600
   2      X      -17.900     33.000    208.800     42.400
   3      X      -17.900     54.800    208.800     64.200
   4      X      -17.900     76.600    208.800     86.000
   5      X      -17.900     98.400    208.800    107.800
   6      X      -17.900    120.200    208.800    129.600
   7      X      -17.900    142.000    208.800    151.400

--------------------------------------------------------------------------------
Cell Name : rpolyhc layout PRIMLIB Bends=10 Dummy=TRUE ResShape="90_deg" gwell="N-Well" l="500u" r="1M" w="0.8u" in1=R8

                   Cell Errors    Real Errors   Cell Placements     Environments
                             1              1                16                1
--------------------------------------------------------------------------------
Env.  Env. Placements            X1           Y1          X2           Y2

  1       16                436.825       34.225     491.675       59.825

Shape               Environments Status & Error Marker 

          1           X1         Y1         X2         Y2

   1      X       -5.350     -4.650     49.500     20.950

--------------------------------------------------------------------------------
Cell Name : pmos4 layout PRIMLIB l="4u" w="12.5u" wtot="12.5u" in1=MP928729

                   Cell Errors    Real Errors   Cell Placements     Environments
                             1              1                20                1
--------------------------------------------------------------------------------
Env.  Env. Placements            X1           Y1          X2           Y2

  1       20                289.450      150.775     297.550      165.675

Shape               Environments Status & Error Marker 

          1           X1         Y1         X2         Y2

   1      X       -1.200     -1.200     13.700      6.900

--------------------------------------------------------------------------------
Cell Name : nmos4 layout PRIMLIB l="20u" w="15u" wtot="15u" in1=MN1628129

                   Cell Errors    Real Errors   Cell Placements     Environments
                             1              1                 4                1
--------------------------------------------------------------------------------
Env.  Env. Placements            X1           Y1          X2           Y2

  1        4                289.600       87.250     311.800      103.050

Shape               Environments Status & Error Marker 

          1           X1         Y1         X2         Y2

   1      X       -0.400     -0.250     15.400     21.950

--------------------------------------------------------------------------------
Cell Name : nmos4 layout PRIMLIB jd=FALSE jg="no" js=FALSE l="2u" ng="2" wtot="20u" in1=MN9

                   Cell Errors    Real Errors   Cell Placements     Environments
                             1              1                 2                1
--------------------------------------------------------------------------------
Env.  Env. Placements            X1           Y1          X2           Y2

  1        2                274.000       26.600     281.200       37.400

Shape               Environments Status & Error Marker 

          1           X1         Y1         X2         Y2

   1      X       -0.400     -0.250     10.400      6.950

--------------------------------------------------------------------------------
Cell Name : nmos4 layout PRIMLIB l="12u" in1=MN728129

                   Cell Errors    Real Errors   Cell Placements     Environments
                             1              1                 4                1
--------------------------------------------------------------------------------
Env.  Env. Placements            X1           Y1          X2           Y2

  1        4                312.175       26.975     326.375       37.775

Shape               Environments Status & Error Marker 

          1           X1         Y1         X2         Y2

   1      X       -0.400     -0.250     10.400     13.950

--------------------------------------------------------------------------------
Cell Name : mux21c_f layout FECG

                   Cell Errors    Real Errors   Cell Placements     Environments
                             1              1                 3                1
--------------------------------------------------------------------------------
Env.  Env. Placements            X1           Y1          X2           Y2

  1        3                409.850       12.275     438.750       31.175

Shape               Environments Status & Error Marker 

          1           X1         Y1         X2         Y2

   1      X        0.350      0.350     29.250     19.250

--------------------------------------------------------------------------------
Cell Name : cpolyc layout PRIMLIB area="1.26n" c="1.09p" gwell="N-Well" l="41.95u" perimeter="143.9u" rbottom="Cont" rleft="Cont" id_=1eea3daa63e42b4e in1=C928129

                   Cell Errors    Real Errors   Cell Placements     Environments
                             1              1                 6                1
--------------------------------------------------------------------------------
Env.  Env. Placements            X1           Y1          X2           Y2

  1        6                386.425      122.925     433.675      157.625

Shape               Environments Status & Error Marker 

          1           X1         Y1         X2         Y2

   1      X       -1.350     -1.350     45.900     33.350

--------------------------------------------------------------------------------
Cell Name : fecg_vga2_f_2 layout FECG

                   Cell Errors    Real Errors   Cell Placements     Environments
                             4              4                 1                1
--------------------------------------------------------------------------------
Env.  Env. Placements            X1           Y1          X2           Y2

  1        1                 -0.525        0.925     601.875      209.350

Shape               Environments Status & Error Marker 

          1           X1         Y1         X2         Y2

   1      X       -0.525      0.925    354.250    209.350
   2      X      312.175      0.925    433.675    209.350
   3      X      386.425    118.625    589.375    209.350
   4      X      409.850      0.925    601.875    209.350

