================================================================================
Rule No. 44 : # INFO: Don't use -resimulate_extracted- Switch for standard LVS but only for QRC! #

Real Error Count : 79; Flat Error Count : 539
================================================================================

--------------------------------------------------------------------------------
Cell Name : vert10_4 layout PRIMLIB

                   Cell Errors    Real Errors   Cell Placements     Environments
                             1              1                63                1
--------------------------------------------------------------------------------
Env.  Env. Placements            X1           Y1          X2           Y2

  1       63                657.975      152.550     674.775      169.350

Shape               Environments Status & Error Marker 

          1           X1         Y1         X2         Y2

   1      X        0.000      0.000     16.800     16.800

--------------------------------------------------------------------------------
Cell Name : cvar layout PRIMLIB col=10 row=15 in1=C128529

                   Cell Errors    Real Errors   Cell Placements     Environments
                             1              1                17                1
--------------------------------------------------------------------------------
Env.  Env. Placements            X1           Y1          X2           Y2

  1       17                949.525       42.750     971.625      167.250

Shape               Environments Status & Error Marker 

          1           X1         Y1         X2         Y2

   1      X       -2.275     -1.550     19.825    122.950

--------------------------------------------------------------------------------
Cell Name : vert10_4_A3 array 7 9 16.9 18.7 mx

                   Cell Errors    Real Errors   Cell Placements     Environments
                             9              9                 1                1
--------------------------------------------------------------------------------
Env.  Env. Placements            X1           Y1          X2           Y2

  1        1                657.975      152.550     809.975      281.550

Shape               Environments Status & Error Marker 

          1           X1         Y1         X2         Y2

   1      X        0.000    -16.800     33.700    112.200
   2      X       16.900    -16.800     50.700    112.200
   3      X       16.900     18.700     33.700     20.600
   4      X       50.700    -16.800     84.400    112.200
   5      X       67.600    -16.800    101.400    112.200
   6      X       67.600     18.700     84.400     20.600
   7      X      101.400    -16.800    135.100    112.200
   8      X      118.300    -16.800    152.000    112.200
   9      X      118.300     18.700    135.100     20.600

--------------------------------------------------------------------------------
Cell Name : cvar_A2 array 1 6 23.15 0 my

                   Cell Errors    Real Errors   Cell Placements     Environments
                             5              5                 1                1
--------------------------------------------------------------------------------
Env.  Env. Placements            X1           Y1          X2           Y2

  1        1                949.525       42.750    1087.375      167.250

Shape               Environments Status & Error Marker 

          1           X1         Y1         X2         Y2

   1      X        2.275     -1.550      3.325    122.950
   2      X       25.425     -1.550     26.475    122.950
   3      X       48.575     -1.550     49.625    122.950
   4      X       71.725     -1.550     72.775    122.950
   5      X       94.875     -1.550     95.925    122.950

--------------------------------------------------------------------------------
Cell Name : cvar_A1 array 11 1 0 23.15 r270

                   Cell Errors    Real Errors   Cell Placements     Environments
                            10             10                 1                1
--------------------------------------------------------------------------------
Env.  Env. Placements            X1           Y1          X2           Y2

  1        1               1247.825       36.800    1372.325      290.400

Shape               Environments Status & Error Marker 

          1           X1         Y1         X2         Y2

   1      X       -1.550      2.275    122.950      3.325
   2      X       -1.550     25.425    122.950     26.475
   3      X       -1.550     48.575    122.950     49.625
   4      X       -1.550     71.725    122.950     72.775
   5      X       -1.550     94.875    122.950     95.925
   6      X       -1.550    118.025    122.950    119.075
   7      X       -1.550    141.175    122.950    142.225
   8      X       -1.550    164.325    122.950    165.375
   9      X       -1.550    187.475    122.950    188.525
  10      X       -1.550    210.625    122.950    211.675

--------------------------------------------------------------------------------
Cell Name : rpolyhc layout PRIMLIB Bends=4 Dummy=TRUE ResShape="90_deg" doubleCont="Horizontal" gwell="N-Well" l="52.5u" r="35K" w="2u" in1=R50

                   Cell Errors    Real Errors   Cell Placements     Environments
                             1              1                45                1
--------------------------------------------------------------------------------
Env.  Env. Placements            X1           Y1          X2           Y2

  1       45                646.775       41.725     670.825       66.225

Shape               Environments Status & Error Marker 

          1           X1         Y1         X2         Y2

   1      X       -7.750     -5.750     16.300     18.750

--------------------------------------------------------------------------------
Cell Name : rpolyhc layout PRIMLIB Bends=4 Dummy=TRUE ResShape="90_deg" doubleCont="Horizontal" gwell="N-Well" l="25u" r="50K" w="800n" in1=R27

                   Cell Errors    Real Errors   Cell Placements     Environments
                             1              1                24                1
--------------------------------------------------------------------------------
Env.  Env. Placements            X1           Y1          X2           Y2

  1       24               1154.000      170.600    1170.300      186.600

Shape               Environments Status & Error Marker 

          1           X1         Y1         X2         Y2

   1      X       -6.000     -4.650     10.000     11.650

--------------------------------------------------------------------------------
Cell Name : pmos4 layout PRIMLIB l="10u" w="5u" wtot="5u" in1=MP428729

                   Cell Errors    Real Errors   Cell Placements     Environments
                             1              1               129                1
--------------------------------------------------------------------------------
Env.  Env. Placements            X1           Y1          X2           Y2

  1      129                 41.900      215.050      49.300      229.150

Shape               Environments Status & Error Marker 

          1           X1         Y1         X2         Y2

   1      X       -1.200     -1.200      6.200     12.900

--------------------------------------------------------------------------------
Cell Name : pmos4 layout PRIMLIB l="500n" w="5u" wtot="5u" in1=MP528129

                   Cell Errors    Real Errors   Cell Placements     Environments
                             1              1                 6                1
--------------------------------------------------------------------------------
Env.  Env. Placements            X1           Y1          X2           Y2

  1        6                 47.550      190.100      52.150      197.500

Shape               Environments Status & Error Marker 

          1           X1         Y1         X2         Y2

   1      X       -1.200     -1.200      6.200      3.400

--------------------------------------------------------------------------------
Cell Name : pmos4 layout PRIMLIB l="350n" in1=MP928329

                   Cell Errors    Real Errors   Cell Placements     Environments
                             1              1                 8                1
--------------------------------------------------------------------------------
Env.  Env. Placements            X1           Y1          X2           Y2

  1        8                612.375      141.300     616.825      153.700

Shape               Environments Status & Error Marker 

          1           X1         Y1         X2         Y2

   1      X       -1.200     -1.200     11.200      3.250

--------------------------------------------------------------------------------
Cell Name : pmos4 layout PRIMLIB l="30u" in1=MP2928129

                   Cell Errors    Real Errors   Cell Placements     Environments
                             1              1                19                1
--------------------------------------------------------------------------------
Env.  Env. Placements            X1           Y1          X2           Y2

  1       19                870.250      250.450     882.650      284.550

Shape               Environments Status & Error Marker 

          1           X1         Y1         X2         Y2

   1      X       -1.200     -1.200     11.200     32.900

--------------------------------------------------------------------------------
Cell Name : pmos4 layout PRIMLIB l="4u" w="25u" wtot="25u" in1=MP128729

                   Cell Errors    Real Errors   Cell Placements     Environments
                             1              1                20                1
--------------------------------------------------------------------------------
Env.  Env. Placements            X1           Y1          X2           Y2

  1       20                543.225       48.950     551.325       76.350

Shape               Environments Status & Error Marker 

          1           X1         Y1         X2         Y2

   1      X       -1.200     -1.200     26.200      6.900

--------------------------------------------------------------------------------
Cell Name : pmos4 layout PRIMLIB l="1u" w="5u" wtot="5u" in1=MP10

                   Cell Errors    Real Errors   Cell Placements     Environments
                             1              1                 2                1
--------------------------------------------------------------------------------
Env.  Env. Placements            X1           Y1          X2           Y2

  1        2                949.400      196.425     956.800      201.525

Shape               Environments Status & Error Marker 

          1           X1         Y1         X2         Y2

   1      X       -1.200     -1.200      6.200      3.900

--------------------------------------------------------------------------------
Cell Name : pmos4 layout PRIMLIB l="2u" w="5u" wtot="5u" in1=MP3028129

                   Cell Errors    Real Errors   Cell Placements     Environments
                             1              1                14                1
--------------------------------------------------------------------------------
Env.  Env. Placements            X1           Y1          X2           Y2

  1       14                966.550      195.875     973.950      201.975

Shape               Environments Status & Error Marker 

          1           X1         Y1         X2         Y2

   1      X       -1.200     -1.200      6.200      4.900

--------------------------------------------------------------------------------
Cell Name : pmos4 layout PRIMLIB l="5u" w="8.35u" wtot="8.35u" in1=MP428529

                   Cell Errors    Real Errors   Cell Placements     Environments
                             1              1                16                1
--------------------------------------------------------------------------------
Env.  Env. Placements            X1           Y1          X2           Y2

  1       16                870.600      177.975     879.700      188.725

Shape               Environments Status & Error Marker 

          1           X1         Y1         X2         Y2

   1      X       -1.200     -1.200      9.550      7.900

--------------------------------------------------------------------------------
Cell Name : nmos4 layout PRIMLIB l="10u" w="5u" wtot="5u" in1=MN428129

                   Cell Errors    Real Errors   Cell Placements     Environments
                             1              1                29                1
--------------------------------------------------------------------------------
Env.  Env. Placements            X1           Y1          X2           Y2

  1       29                868.700      146.075     874.500      158.275

Shape               Environments Status & Error Marker 

          1           X1         Y1         X2         Y2

   1      X       -0.400     -0.250      5.400     11.950

--------------------------------------------------------------------------------
Cell Name : nmos4 layout PRIMLIB l="10u" in1=MN928129

                   Cell Errors    Real Errors   Cell Placements     Environments
                             1              1                12                1
--------------------------------------------------------------------------------
Env.  Env. Placements            X1           Y1          X2           Y2

  1       12                 54.675      141.850      66.875      152.650

Shape               Environments Status & Error Marker 

          1           X1         Y1         X2         Y2

   1      X       -0.400     -0.250     10.400     11.950

--------------------------------------------------------------------------------
Cell Name : nmos4 layout PRIMLIB l="5u" w="33u" wtot="33u" in1=MN528329

                   Cell Errors    Real Errors   Cell Placements     Environments
                             1              1                28                1
--------------------------------------------------------------------------------
Env.  Env. Placements            X1           Y1          X2           Y2

  1       28               1120.400       74.350    1127.600      108.150

Shape               Environments Status & Error Marker 

          1           X1         Y1         X2         Y2

   1      X       -0.400     -0.250     33.400      6.950

--------------------------------------------------------------------------------
Cell Name : nmos4 layout PRIMLIB l="1u" w="28.5u" wtot="28.5u" in1=MN528329

                   Cell Errors    Real Errors   Cell Placements     Environments
                             1              1                32                1
--------------------------------------------------------------------------------
Env.  Env. Placements            X1           Y1          X2           Y2

  1       32                877.750       58.225     880.950       87.525

Shape               Environments Status & Error Marker 

          1           X1         Y1         X2         Y2

   1      X       -0.400     -0.250     28.900      2.950

--------------------------------------------------------------------------------
Cell Name : cvar layout PRIMLIB col=12 row=10 in1=C028029

                   Cell Errors    Real Errors   Cell Placements     Environments
                             1              1                 6                1
--------------------------------------------------------------------------------
Env.  Env. Placements            X1           Y1          X2           Y2

  1        6                159.525      116.150     184.925      199.650

Shape               Environments Status & Error Marker 

          1           X1         Y1         X2         Y2

   1      X       -2.275     -1.550     23.125     81.950

--------------------------------------------------------------------------------
Cell Name : INVX2 layout CORELIBD

                   Cell Errors    Real Errors   Cell Placements     Environments
                             1              1                 1                1
--------------------------------------------------------------------------------
Env.  Env. Placements            X1           Y1          X2           Y2

  1        1                148.400      102.150     152.900      115.250

Shape               Environments Status & Error Marker 

          1           X1         Y1         X2         Y2

   1      X       -0.850     -1.350      3.650     11.750

--------------------------------------------------------------------------------
Cell Name : INVX1 layout CORELIBD

                   Cell Errors    Real Errors   Cell Placements     Environments
                             1              1                 1                1
--------------------------------------------------------------------------------
Env.  Env. Placements            X1           Y1          X2           Y2

  1        1                145.600      102.150     150.100      115.250

Shape               Environments Status & Error Marker 

          1           X1         Y1         X2         Y2

   1      X       -0.850     -1.350      3.650     11.750

--------------------------------------------------------------------------------
Cell Name : fecg_bandgap3_layout layout FBIAS

                   Cell Errors    Real Errors   Cell Placements     Environments
                             7              7                 1                1
--------------------------------------------------------------------------------
Env.  Env. Placements            X1           Y1          X2           Y2

  1        1                408.525       27.500     818.875      301.450

Shape               Environments Status & Error Marker 

          1           X1         Y1         X2         Y2

   1      X        2.275    107.800    165.475    381.750
   2      X       83.625    144.525     95.825    147.125
   3      X       95.825    107.800    214.375    381.750
   4      X      202.175    107.800    227.525    381.750
   5      X      206.125    234.000    218.525    237.750
   6      X      219.600    201.950    225.400    277.150
   7      X      225.400    107.800    412.625    381.750

--------------------------------------------------------------------------------
Cell Name : fbias_vol_ref1_layout layout FBIAS

                   Cell Errors    Real Errors   Cell Placements     Environments
                             7              7                 1                1
--------------------------------------------------------------------------------
Env.  Env. Placements            X1           Y1          X2           Y2

  1        1               1096.300       26.750    1374.725      301.450

Shape               Environments Status & Error Marker 

          1           X1         Y1         X2         Y2

   1      X      219.650     12.200    315.975    286.900
   2      X      251.050     12.200    280.150    230.100
   3      X      272.950     93.600    280.150     99.100
   4      X      277.350     12.200    498.075    286.900
   5      X      280.150     12.200    309.450    156.050
   6      X      302.150     93.600    309.350     99.100
   7      X      309.450     12.200    338.550    156.050

--------------------------------------------------------------------------------
Cell Name : fbias_por2_fc layout FBIAS

                   Cell Errors    Real Errors   Cell Placements     Environments
                             6              6                 1                1
--------------------------------------------------------------------------------
Env.  Env. Placements            X1           Y1          X2           Y2

  1        1                 35.700       91.150     239.800      301.450

Shape               Environments Status & Error Marker 

          1           X1         Y1         X2         Y2

   1      X       -0.350      0.000     58.850    210.300
   2      X       30.575      0.000     61.375    123.900
   3      X       55.575     25.750     61.375    123.900
   4      X       58.850      0.000    148.875    210.300
   5      X      123.475      0.000    203.750    210.300
   6      X      123.475    108.500    148.875    112.750

--------------------------------------------------------------------------------
Cell Name : fbias_gm_c1_f2c layout FBIAS

                   Cell Errors    Real Errors   Cell Placements     Environments
                             1              1                 1                1
--------------------------------------------------------------------------------
Env.  Env. Placements            X1           Y1          X2           Y2

  1        1                241.950       99.600     404.300      301.450

Shape               Environments Status & Error Marker 

          1           X1         Y1         X2         Y2

   1      X        5.100      4.700    167.450    206.550

--------------------------------------------------------------------------------
Cell Name : fbias_cur_ref2_layout layout FBIAS

                   Cell Errors    Real Errors   Cell Placements     Environments
                            11             11                 1                1
--------------------------------------------------------------------------------
Env.  Env. Placements            X1           Y1          X2           Y2

  1        1                847.750       30.800    1099.700      301.450

Shape               Environments Status & Error Marker 

          1           X1         Y1         X2         Y2

   1      X       -1.400      1.300    236.000    271.950
   2      X       31.600     94.175     31.800    148.475
   3      X       31.800      1.300     44.100    148.475
   4      X       38.500     58.025     41.700     64.875
   5      X       41.800      1.300     51.600    148.475
   6      X       50.800      1.300     62.850    148.475
   7      X       61.500      1.300     74.700    148.475
   8      X       71.500     58.025     74.700     64.875
   9      X       74.700      1.300    238.225    220.950
  10      X      199.800    137.750    238.225    271.950
  11      X      238.225      1.300    250.550    271.950

--------------------------------------------------------------------------------
Cell Name : V500_20 layout POWER_TRACKS

                   Cell Errors    Real Errors   Cell Placements     Environments
                             1              1                 4                1
--------------------------------------------------------------------------------
Env.  Env. Placements            X1           Y1          X2           Y2

  1        4                212.350       -0.600     712.600       23.550

Shape               Environments Status & Error Marker 

          1           X1         Y1         X2         Y2

   1      X       -0.200     -0.050    500.050     24.100

--------------------------------------------------------------------------------
Cell Name : V200_20 layout POWER_TRACKS

                   Cell Errors    Real Errors   Cell Placements     Environments
                             1              1                 5                1
--------------------------------------------------------------------------------
Env.  Env. Placements            X1           Y1          X2           Y2

  1        5                184.875       29.600     384.875       53.700

Shape               Environments Status & Error Marker 

          1           X1         Y1         X2         Y2

   1      X        0.050     -0.050    200.050     24.050

--------------------------------------------------------------------------------
Cell Name : fbias_bias2_f layout FBIAS

                   Cell Errors    Real Errors   Cell Placements     Environments
                             2              2                 1                1
--------------------------------------------------------------------------------
Env.  Env. Placements            X1           Y1          X2           Y2

  1        1                 -0.225       -0.600    1401.775      330.300

Shape               Environments Status & Error Marker 

          1           X1         Y1         X2         Y2

   1      X       -0.225     -0.600    728.150    330.300
   2      X      712.600     -0.600   1401.775    330.300

================================================================================
Rule No. 45 : # C35B4 ENG - 183 Rev9 (Last updated 26-Apr-2017 12:48) #

Real Error Count : 79; Flat Error Count : 539
================================================================================

--------------------------------------------------------------------------------
Cell Name : vert10_4 layout PRIMLIB

                   Cell Errors    Real Errors   Cell Placements     Environments
                             1              1                63                1
--------------------------------------------------------------------------------
Env.  Env. Placements            X1           Y1          X2           Y2

  1       63                657.975      152.550     674.775      169.350

Shape               Environments Status & Error Marker 

          1           X1         Y1         X2         Y2

   1      X        0.000      0.000     16.800     16.800

--------------------------------------------------------------------------------
Cell Name : cvar layout PRIMLIB col=10 row=15 in1=C128529

                   Cell Errors    Real Errors   Cell Placements     Environments
                             1              1                17                1
--------------------------------------------------------------------------------
Env.  Env. Placements            X1           Y1          X2           Y2

  1       17                949.525       42.750     971.625      167.250

Shape               Environments Status & Error Marker 

          1           X1         Y1         X2         Y2

   1      X       -2.275     -1.550     19.825    122.950

--------------------------------------------------------------------------------
Cell Name : vert10_4_A3 array 7 9 16.9 18.7 mx

                   Cell Errors    Real Errors   Cell Placements     Environments
                             9              9                 1                1
--------------------------------------------------------------------------------
Env.  Env. Placements            X1           Y1          X2           Y2

  1        1                657.975      152.550     809.975      281.550

Shape               Environments Status & Error Marker 

          1           X1         Y1         X2         Y2

   1      X        0.000    -16.800     33.700    112.200
   2      X       16.900    -16.800     50.700    112.200
   3      X       16.900     18.700     33.700     20.600
   4      X       50.700    -16.800     84.400    112.200
   5      X       67.600    -16.800    101.400    112.200
   6      X       67.600     18.700     84.400     20.600
   7      X      101.400    -16.800    135.100    112.200
   8      X      118.300    -16.800    152.000    112.200
   9      X      118.300     18.700    135.100     20.600

--------------------------------------------------------------------------------
Cell Name : cvar_A2 array 1 6 23.15 0 my

                   Cell Errors    Real Errors   Cell Placements     Environments
                             5              5                 1                1
--------------------------------------------------------------------------------
Env.  Env. Placements            X1           Y1          X2           Y2

  1        1                949.525       42.750    1087.375      167.250

Shape               Environments Status & Error Marker 

          1           X1         Y1         X2         Y2

   1      X        2.275     -1.550      3.325    122.950
   2      X       25.425     -1.550     26.475    122.950
   3      X       48.575     -1.550     49.625    122.950
   4      X       71.725     -1.550     72.775    122.950
   5      X       94.875     -1.550     95.925    122.950

--------------------------------------------------------------------------------
Cell Name : cvar_A1 array 11 1 0 23.15 r270

                   Cell Errors    Real Errors   Cell Placements     Environments
                            10             10                 1                1
--------------------------------------------------------------------------------
Env.  Env. Placements            X1           Y1          X2           Y2

  1        1               1247.825       36.800    1372.325      290.400

Shape               Environments Status & Error Marker 

          1           X1         Y1         X2         Y2

   1      X       -1.550      2.275    122.950      3.325
   2      X       -1.550     25.425    122.950     26.475
   3      X       -1.550     48.575    122.950     49.625
   4      X       -1.550     71.725    122.950     72.775
   5      X       -1.550     94.875    122.950     95.925
   6      X       -1.550    118.025    122.950    119.075
   7      X       -1.550    141.175    122.950    142.225
   8      X       -1.550    164.325    122.950    165.375
   9      X       -1.550    187.475    122.950    188.525
  10      X       -1.550    210.625    122.950    211.675

--------------------------------------------------------------------------------
Cell Name : rpolyhc layout PRIMLIB Bends=4 Dummy=TRUE ResShape="90_deg" doubleCont="Horizontal" gwell="N-Well" l="52.5u" r="35K" w="2u" in1=R50

                   Cell Errors    Real Errors   Cell Placements     Environments
                             1              1                45                1
--------------------------------------------------------------------------------
Env.  Env. Placements            X1           Y1          X2           Y2

  1       45                646.775       41.725     670.825       66.225

Shape               Environments Status & Error Marker 

          1           X1         Y1         X2         Y2

   1      X       -7.750     -5.750     16.300     18.750

--------------------------------------------------------------------------------
Cell Name : rpolyhc layout PRIMLIB Bends=4 Dummy=TRUE ResShape="90_deg" doubleCont="Horizontal" gwell="N-Well" l="25u" r="50K" w="800n" in1=R27

                   Cell Errors    Real Errors   Cell Placements     Environments
                             1              1                24                1
--------------------------------------------------------------------------------
Env.  Env. Placements            X1           Y1          X2           Y2

  1       24               1154.000      170.600    1170.300      186.600

Shape               Environments Status & Error Marker 

          1           X1         Y1         X2         Y2

   1      X       -6.000     -4.650     10.000     11.650

--------------------------------------------------------------------------------
Cell Name : pmos4 layout PRIMLIB l="10u" w="5u" wtot="5u" in1=MP428729

                   Cell Errors    Real Errors   Cell Placements     Environments
                             1              1               129                1
--------------------------------------------------------------------------------
Env.  Env. Placements            X1           Y1          X2           Y2

  1      129                 41.900      215.050      49.300      229.150

Shape               Environments Status & Error Marker 

          1           X1         Y1         X2         Y2

   1      X       -1.200     -1.200      6.200     12.900

--------------------------------------------------------------------------------
Cell Name : pmos4 layout PRIMLIB l="500n" w="5u" wtot="5u" in1=MP528129

                   Cell Errors    Real Errors   Cell Placements     Environments
                             1              1                 6                1
--------------------------------------------------------------------------------
Env.  Env. Placements            X1           Y1          X2           Y2

  1        6                 47.550      190.100      52.150      197.500

Shape               Environments Status & Error Marker 

          1           X1         Y1         X2         Y2

   1      X       -1.200     -1.200      6.200      3.400

--------------------------------------------------------------------------------
Cell Name : pmos4 layout PRIMLIB l="350n" in1=MP928329

                   Cell Errors    Real Errors   Cell Placements     Environments
                             1              1                 8                1
--------------------------------------------------------------------------------
Env.  Env. Placements            X1           Y1          X2           Y2

  1        8                612.375      141.300     616.825      153.700

Shape               Environments Status & Error Marker 

          1           X1         Y1         X2         Y2

   1      X       -1.200     -1.200     11.200      3.250

--------------------------------------------------------------------------------
Cell Name : pmos4 layout PRIMLIB l="30u" in1=MP2928129

                   Cell Errors    Real Errors   Cell Placements     Environments
                             1              1                19                1
--------------------------------------------------------------------------------
Env.  Env. Placements            X1           Y1          X2           Y2

  1       19                870.250      250.450     882.650      284.550

Shape               Environments Status & Error Marker 

          1           X1         Y1         X2         Y2

   1      X       -1.200     -1.200     11.200     32.900

--------------------------------------------------------------------------------
Cell Name : pmos4 layout PRIMLIB l="4u" w="25u" wtot="25u" in1=MP128729

                   Cell Errors    Real Errors   Cell Placements     Environments
                             1              1                20                1
--------------------------------------------------------------------------------
Env.  Env. Placements            X1           Y1          X2           Y2

  1       20                543.225       48.950     551.325       76.350

Shape               Environments Status & Error Marker 

          1           X1         Y1         X2         Y2

   1      X       -1.200     -1.200     26.200      6.900

--------------------------------------------------------------------------------
Cell Name : pmos4 layout PRIMLIB l="1u" w="5u" wtot="5u" in1=MP10

                   Cell Errors    Real Errors   Cell Placements     Environments
                             1              1                 2                1
--------------------------------------------------------------------------------
Env.  Env. Placements            X1           Y1          X2           Y2

  1        2                949.400      196.425     956.800      201.525

Shape               Environments Status & Error Marker 

          1           X1         Y1         X2         Y2

   1      X       -1.200     -1.200      6.200      3.900

--------------------------------------------------------------------------------
Cell Name : pmos4 layout PRIMLIB l="2u" w="5u" wtot="5u" in1=MP3028129

                   Cell Errors    Real Errors   Cell Placements     Environments
                             1              1                14                1
--------------------------------------------------------------------------------
Env.  Env. Placements            X1           Y1          X2           Y2

  1       14                966.550      195.875     973.950      201.975

Shape               Environments Status & Error Marker 

          1           X1         Y1         X2         Y2

   1      X       -1.200     -1.200      6.200      4.900

--------------------------------------------------------------------------------
Cell Name : pmos4 layout PRIMLIB l="5u" w="8.35u" wtot="8.35u" in1=MP428529

                   Cell Errors    Real Errors   Cell Placements     Environments
                             1              1                16                1
--------------------------------------------------------------------------------
Env.  Env. Placements            X1           Y1          X2           Y2

  1       16                870.600      177.975     879.700      188.725

Shape               Environments Status & Error Marker 

          1           X1         Y1         X2         Y2

   1      X       -1.200     -1.200      9.550      7.900

--------------------------------------------------------------------------------
Cell Name : nmos4 layout PRIMLIB l="10u" w="5u" wtot="5u" in1=MN428129

                   Cell Errors    Real Errors   Cell Placements     Environments
                             1              1                29                1
--------------------------------------------------------------------------------
Env.  Env. Placements            X1           Y1          X2           Y2

  1       29                868.700      146.075     874.500      158.275

Shape               Environments Status & Error Marker 

          1           X1         Y1         X2         Y2

   1      X       -0.400     -0.250      5.400     11.950

--------------------------------------------------------------------------------
Cell Name : nmos4 layout PRIMLIB l="10u" in1=MN928129

                   Cell Errors    Real Errors   Cell Placements     Environments
                             1              1                12                1
--------------------------------------------------------------------------------
Env.  Env. Placements            X1           Y1          X2           Y2

  1       12                 54.675      141.850      66.875      152.650

Shape               Environments Status & Error Marker 

          1           X1         Y1         X2         Y2

   1      X       -0.400     -0.250     10.400     11.950

--------------------------------------------------------------------------------
Cell Name : nmos4 layout PRIMLIB l="5u" w="33u" wtot="33u" in1=MN528329

                   Cell Errors    Real Errors   Cell Placements     Environments
                             1              1                28                1
--------------------------------------------------------------------------------
Env.  Env. Placements            X1           Y1          X2           Y2

  1       28               1120.400       74.350    1127.600      108.150

Shape               Environments Status & Error Marker 

          1           X1         Y1         X2         Y2

   1      X       -0.400     -0.250     33.400      6.950

--------------------------------------------------------------------------------
Cell Name : nmos4 layout PRIMLIB l="1u" w="28.5u" wtot="28.5u" in1=MN528329

                   Cell Errors    Real Errors   Cell Placements     Environments
                             1              1                32                1
--------------------------------------------------------------------------------
Env.  Env. Placements            X1           Y1          X2           Y2

  1       32                877.750       58.225     880.950       87.525

Shape               Environments Status & Error Marker 

          1           X1         Y1         X2         Y2

   1      X       -0.400     -0.250     28.900      2.950

--------------------------------------------------------------------------------
Cell Name : cvar layout PRIMLIB col=12 row=10 in1=C028029

                   Cell Errors    Real Errors   Cell Placements     Environments
                             1              1                 6                1
--------------------------------------------------------------------------------
Env.  Env. Placements            X1           Y1          X2           Y2

  1        6                159.525      116.150     184.925      199.650

Shape               Environments Status & Error Marker 

          1           X1         Y1         X2         Y2

   1      X       -2.275     -1.550     23.125     81.950

--------------------------------------------------------------------------------
Cell Name : INVX2 layout CORELIBD

                   Cell Errors    Real Errors   Cell Placements     Environments
                             1              1                 1                1
--------------------------------------------------------------------------------
Env.  Env. Placements            X1           Y1          X2           Y2

  1        1                148.400      102.150     152.900      115.250

Shape               Environments Status & Error Marker 

          1           X1         Y1         X2         Y2

   1      X       -0.850     -1.350      3.650     11.750

--------------------------------------------------------------------------------
Cell Name : INVX1 layout CORELIBD

                   Cell Errors    Real Errors   Cell Placements     Environments
                             1              1                 1                1
--------------------------------------------------------------------------------
Env.  Env. Placements            X1           Y1          X2           Y2

  1        1                145.600      102.150     150.100      115.250

Shape               Environments Status & Error Marker 

          1           X1         Y1         X2         Y2

   1      X       -0.850     -1.350      3.650     11.750

--------------------------------------------------------------------------------
Cell Name : fecg_bandgap3_layout layout FBIAS

                   Cell Errors    Real Errors   Cell Placements     Environments
                             7              7                 1                1
--------------------------------------------------------------------------------
Env.  Env. Placements            X1           Y1          X2           Y2

  1        1                408.525       27.500     818.875      301.450

Shape               Environments Status & Error Marker 

          1           X1         Y1         X2         Y2

   1      X        2.275    107.800    165.475    381.750
   2      X       83.625    144.525     95.825    147.125
   3      X       95.825    107.800    214.375    381.750
   4      X      202.175    107.800    227.525    381.750
   5      X      206.125    234.000    218.525    237.750
   6      X      219.600    201.950    225.400    277.150
   7      X      225.400    107.800    412.625    381.750

--------------------------------------------------------------------------------
Cell Name : fbias_vol_ref1_layout layout FBIAS

                   Cell Errors    Real Errors   Cell Placements     Environments
                             7              7                 1                1
--------------------------------------------------------------------------------
Env.  Env. Placements            X1           Y1          X2           Y2

  1        1               1096.300       26.750    1374.725      301.450

Shape               Environments Status & Error Marker 

          1           X1         Y1         X2         Y2

   1      X      219.650     12.200    315.975    286.900
   2      X      251.050     12.200    280.150    230.100
   3      X      272.950     93.600    280.150     99.100
   4      X      277.350     12.200    498.075    286.900
   5      X      280.150     12.200    309.450    156.050
   6      X      302.150     93.600    309.350     99.100
   7      X      309.450     12.200    338.550    156.050

--------------------------------------------------------------------------------
Cell Name : fbias_por2_fc layout FBIAS

                   Cell Errors    Real Errors   Cell Placements     Environments
                             6              6                 1                1
--------------------------------------------------------------------------------
Env.  Env. Placements            X1           Y1          X2           Y2

  1        1                 35.700       91.150     239.800      301.450

Shape               Environments Status & Error Marker 

          1           X1         Y1         X2         Y2

   1      X       -0.350      0.000     58.850    210.300
   2      X       30.575      0.000     61.375    123.900
   3      X       55.575     25.750     61.375    123.900
   4      X       58.850      0.000    148.875    210.300
   5      X      123.475      0.000    203.750    210.300
   6      X      123.475    108.500    148.875    112.750

--------------------------------------------------------------------------------
Cell Name : fbias_gm_c1_f2c layout FBIAS

                   Cell Errors    Real Errors   Cell Placements     Environments
                             1              1                 1                1
--------------------------------------------------------------------------------
Env.  Env. Placements            X1           Y1          X2           Y2

  1        1                241.950       99.600     404.300      301.450

Shape               Environments Status & Error Marker 

          1           X1         Y1         X2         Y2

   1      X        5.100      4.700    167.450    206.550

--------------------------------------------------------------------------------
Cell Name : fbias_cur_ref2_layout layout FBIAS

                   Cell Errors    Real Errors   Cell Placements     Environments
                            11             11                 1                1
--------------------------------------------------------------------------------
Env.  Env. Placements            X1           Y1          X2           Y2

  1        1                847.750       30.800    1099.700      301.450

Shape               Environments Status & Error Marker 

          1           X1         Y1         X2         Y2

   1      X       -1.400      1.300    236.000    271.950
   2      X       31.600     94.175     31.800    148.475
   3      X       31.800      1.300     44.100    148.475
   4      X       38.500     58.025     41.700     64.875
   5      X       41.800      1.300     51.600    148.475
   6      X       50.800      1.300     62.850    148.475
   7      X       61.500      1.300     74.700    148.475
   8      X       71.500     58.025     74.700     64.875
   9      X       74.700      1.300    238.225    220.950
  10      X      199.800    137.750    238.225    271.950
  11      X      238.225      1.300    250.550    271.950

--------------------------------------------------------------------------------
Cell Name : V500_20 layout POWER_TRACKS

                   Cell Errors    Real Errors   Cell Placements     Environments
                             1              1                 4                1
--------------------------------------------------------------------------------
Env.  Env. Placements            X1           Y1          X2           Y2

  1        4                212.350       -0.600     712.600       23.550

Shape               Environments Status & Error Marker 

          1           X1         Y1         X2         Y2

   1      X       -0.200     -0.050    500.050     24.100

--------------------------------------------------------------------------------
Cell Name : V200_20 layout POWER_TRACKS

                   Cell Errors    Real Errors   Cell Placements     Environments
                             1              1                 5                1
--------------------------------------------------------------------------------
Env.  Env. Placements            X1           Y1          X2           Y2

  1        5                184.875       29.600     384.875       53.700

Shape               Environments Status & Error Marker 

          1           X1         Y1         X2         Y2

   1      X        0.050     -0.050    200.050     24.050

--------------------------------------------------------------------------------
Cell Name : fbias_bias2_f layout FBIAS

                   Cell Errors    Real Errors   Cell Placements     Environments
                             2              2                 1                1
--------------------------------------------------------------------------------
Env.  Env. Placements            X1           Y1          X2           Y2

  1        1                 -0.225       -0.600    1401.775      330.300

Shape               Environments Status & Error Marker 

          1           X1         Y1         X2         Y2

   1      X       -0.225     -0.600    728.150    330.300
   2      X      712.600     -0.600   1401.775    330.300

