Starting Single Run, Sweeps and Corners...

Current time: Thu Apr 16 13:43:12 2026 
Best design point: 1
Design specs: 
	myproject_bgp_bias_1	corner	CMOSresbipcap_0 - 
	V/V /V0; xf dB20(V/V)		Error	No
	myproject_bgp_bias_1	corner	CMOSresbipcap_1 - 
	V/V /V0; xf dB20(V/V)		Error	No
	myproject_bgp_bias_1	corner	CMOSresbipcap_2 - 
	V/V /V0; xf dB20(V/V)		Error	No
	myproject_bgp_bias_1	corner	CMOSresbipcap_3 - 
	V/V /V0; xf dB20(V/V)		Error	No
	myproject_bgp_bias_1	corner	CMOSresbipcap_4 - 
	V/V /V0; xf dB20(V/V)		Error	No
	myproject_bgp_bias_1	corner	CMOSresbipcap_5 - 
	V/V /V0; xf dB20(V/V)		Error	No
	myproject_bgp_bias_1	corner	CMOSresbipcap_6 - 
	V/V /V0; xf dB20(V/V)		Error	No
	myproject_bgp_bias_1	corner	CMOSresbipcap_7 - 
	V/V /V0; xf dB20(V/V)		Error	No
	myproject_bgp_bias_1	corner	CMOSresbipcap_8 - 
	V/V /V0; xf dB20(V/V)		Error	No
	myproject_bgp_bias_1	corner	CMOSresbipcap_9 - 
	V/V /V0; xf dB20(V/V)		Error	No
	myproject_bgp_bias_1	corner	CMOSresbipcap_10 - 
	V/V /V0; xf dB20(V/V)		Error	No
	myproject_bgp_bias_1	corner	CMOSresbipcap_11 - 
	V/V /V0; xf dB20(V/V)		Error	No
	myproject_bgp_bias_1	corner	CMOSresbipcap_12 - 
	V/V /V0; xf dB20(V/V)		Error	No
	myproject_bgp_bias_1	corner	CMOSresbipcap_13 - 
	V/V /V0; xf dB20(V/V)		Error	No
	myproject_bgp_bias_1	corner	CMOSresbipcap_14 - 
	V/V /V0; xf dB20(V/V)		Error	No
	myproject_bgp_bias_1	corner	CMOSresbipcap_15 - 
	V/V /V0; xf dB20(V/V)		Error	No
	myproject_bgp_bias_1	corner	CMOSresbipcap_16 - 
	V/V /V0; xf dB20(V/V)		Error	No
	myproject_bgp_bias_1	corner	CMOSresbipcap_17 - 
	V/V /V0; xf dB20(V/V)		Error	No
	myproject_bgp_bias_1	corner	CMOSresbipcap_18 - 
	V/V /V0; xf dB20(V/V)		Error	No
	myproject_bgp_bias_1	corner	CMOSresbipcap_19 - 
	V/V /V0; xf dB20(V/V)		Error	No
	myproject_bgp_bias_1	corner	CMOSresbipcap_20 - 
	V/V /V0; xf dB20(V/V)		Error	No
	myproject_bgp_bias_1	corner	CMOSresbipcap_21 - 
	V/V /V0; xf dB20(V/V)		Error	No
	myproject_bgp_bias_1	corner	CMOSresbipcap_22 - 
	V/V /V0; xf dB20(V/V)		Error	No
	myproject_bgp_bias_1	corner	CMOSresbipcap_23 - 
	V/V /V0; xf dB20(V/V)		Error	No
	myproject_bgp_bias_1	corner	CMOSresbipcap_24 - 
	V/V /V0; xf dB20(V/V)		Error	No
	myproject_bgp_bias_1	corner	CMOSresbipcap_25 - 
	V/V /V0; xf dB20(V/V)		Error	No
	myproject_bgp_bias_1	corner	CMOSresbipcap_26 - 
	V/V /V0; xf dB20(V/V)		Error	No
	myproject_bgp_bias_1	corner	CMOSresbipcap_27 - 
	V/V /V0; xf dB20(V/V)		Error	No
	myproject_bgp_bias_1	corner	CMOSresbipcap_28 - 
	V/V /V0; xf dB20(V/V)		Error	No
	myproject_bgp_bias_1	corner	CMOSresbipcap_29 - 
	V/V /V0; xf dB20(V/V)		Error	No
	myproject_bgp_bias_1	corner	CMOSresbipcap_30 - 
	V/V /V0; xf dB20(V/V)		Error	No
	myproject_bgp_bias_1	corner	CMOSresbipcap_31 - 
	V/V /V0; xf dB20(V/V)		Error	No
	myproject_bgp_bias_1	corner	CMOSresbipcap_32 - 
	V/V /V0; xf dB20(V/V)		Error	No
	myproject_bgp_bias_1	corner	CMOSresbipcap_33 - 
	V/V /V0; xf dB20(V/V)		Error	No
	myproject_bgp_bias_1	corner	CMOSresbipcap_34 - 
	V/V /V0; xf dB20(V/V)		Error	No
	myproject_bgp_bias_1	corner	CMOSresbipcap_35 - 
	V/V /V0; xf dB20(V/V)		Error	No
	myproject_bgp_bias_1	corner	CMOSresbipcap_36 - 
	V/V /V0; xf dB20(V/V)		Error	No
	myproject_bgp_bias_1	corner	CMOSresbipcap_37 - 
	V/V /V0; xf dB20(V/V)		Error	No
	myproject_bgp_bias_1	corner	CMOSresbipcap_38 - 
	V/V /V0; xf dB20(V/V)		Error	No
	myproject_bgp_bias_1	corner	CMOSresbipcap_39 - 
	V/V /V0; xf dB20(V/V)		Error	No
	myproject_bgp_bias_1	corner	CMOSresbipcap_40 - 
	V/V /V0; xf dB20(V/V)		Error	No
	myproject_bgp_bias_1	corner	CMOSresbipcap_41 - 
	V/V /V0; xf dB20(V/V)		Error	No
	myproject_bgp_bias_1	corner	CMOSresbipcap_42 - 
	V/V /V0; xf dB20(V/V)		Error	No
	myproject_bgp_bias_1	corner	CMOSresbipcap_43 - 
	V/V /V0; xf dB20(V/V)		Error	No
	myproject_bgp_bias_1	corner	CMOSresbipcap_44 - 
	V/V /V0; xf dB20(V/V)		Error	No
	myproject_bgp_bias_1	corner	CMOSresbipcap_45 - 
	V/V /V0; xf dB20(V/V)		Error	No
	myproject_bgp_bias_1	corner	CMOSresbipcap_46 - 
	V/V /V0; xf dB20(V/V)		Error	No
	myproject_bgp_bias_1	corner	CMOSresbipcap_47 - 
	V/V /V0; xf dB20(V/V)		Error	No
	myproject_bgp_bias_1	corner	CMOSresbipcap_48 - 
	V/V /V0; xf dB20(V/V)		Error	No
	myproject_bgp_bias_1	corner	CMOSresbipcap_49 - 
	V/V /V0; xf dB20(V/V)		Error	No
	myproject_bgp_bias_1	corner	CMOSresbipcap_50 - 
	V/V /V0; xf dB20(V/V)		Error	No
	myproject_bgp_bias_1	corner	CMOSresbipcap_51 - 
	V/V /V0; xf dB20(V/V)		Error	No
	myproject_bgp_bias_1	corner	CMOSresbipcap_52 - 
	V/V /V0; xf dB20(V/V)		Error	No
	myproject_bgp_bias_1	corner	CMOSresbipcap_53 - 
	V/V /V0; xf dB20(V/V)		Error	No
	myproject_bgp_bias_1	corner	CMOSresbipcap_54 - 
	V/V /V0; xf dB20(V/V)		Error	No
	myproject_bgp_bias_1	corner	CMOSresbipcap_55 - 
	V/V /V0; xf dB20(V/V)		Error	No
	myproject_bgp_bias_1	corner	CMOSresbipcap_56 - 
	V/V /V0; xf dB20(V/V)		Error	No
	myproject_bgp_bias_1	corner	CMOSresbipcap_57 - 
	V/V /V0; xf dB20(V/V)		Error	No
	myproject_bgp_bias_1	corner	CMOSresbipcap_58 - 
	V/V /V0; xf dB20(V/V)		Error	No
	myproject_bgp_bias_1	corner	CMOSresbipcap_59 - 
	V/V /V0; xf dB20(V/V)		Error	No
	myproject_bgp_bias_1	corner	CMOSresbipcap_60 - 
	V/V /V0; xf dB20(V/V)		Error	No
	myproject_bgp_bias_1	corner	CMOSresbipcap_61 - 
	V/V /V0; xf dB20(V/V)		Error	No
	myproject_bgp_bias_1	corner	CMOSresbipcap_62 - 
	V/V /V0; xf dB20(V/V)		Error	No
	myproject_bgp_bias_1	corner	CMOSresbipcap_63 - 
	V/V /V0; xf dB20(V/V)		Error	No
	myproject_bgp_bias_1	corner	CMOSresbipcap_64 - 
	V/V /V0; xf dB20(V/V)		Error	No
	myproject_bgp_bias_1	corner	CMOSresbipcap_65 - 
	V/V /V0; xf dB20(V/V)		Error	No
	myproject_bgp_bias_1	corner	CMOSresbipcap_66 - 
	V/V /V0; xf dB20(V/V)		Error	No
	myproject_bgp_bias_1	corner	CMOSresbipcap_67 - 
	V/V /V0; xf dB20(V/V)		Error	No
	myproject_bgp_bias_1	corner	CMOSresbipcap_68 - 
	V/V /V0; xf dB20(V/V)		Error	No
	myproject_bgp_bias_1	corner	CMOSresbipcap_69 - 
	V/V /V0; xf dB20(V/V)		Error	No
	myproject_bgp_bias_1	corner	CMOSresbipcap_70 - 
	V/V /V0; xf dB20(V/V)		Error	No
	myproject_bgp_bias_1	corner	CMOSresbipcap_71 - 
	V/V /V0; xf dB20(V/V)		Error	No
	myproject_bgp_bias_1	corner	CMOSresbipcap_72 - 
	V/V /V0; xf dB20(V/V)		Error	No
	myproject_bgp_bias_1	corner	CMOSresbipcap_73 - 
	V/V /V0; xf dB20(V/V)		Error	No
	myproject_bgp_bias_1	corner	CMOSresbipcap_74 - 
	V/V /V0; xf dB20(V/V)		Error	No
	myproject_bgp_bias_1	corner	CMOSresbipcap_75 - 
	V/V /V0; xf dB20(V/V)		Error	No
	myproject_bgp_bias_1	corner	CMOSresbipcap_76 - 
	V/V /V0; xf dB20(V/V)		Error	No
	myproject_bgp_bias_1	corner	CMOSresbipcap_77 - 
	V/V /V0; xf dB20(V/V)		Error	No
	myproject_bgp_bias_1	corner	CMOSresbipcap_78 - 
	V/V /V0; xf dB20(V/V)		Error	No
	myproject_bgp_bias_1	corner	CMOSresbipcap_79 - 
	V/V /V0; xf dB20(V/V)		Error	No
	myproject_bgp_bias_1	corner	CMOSresbipcap_80 - 
	V/V /V0; xf dB20(V/V)		Error	No
	myproject_bgp_bias_1	corner	CMOSresbipcap_81 - 
	V/V /V0; xf dB20(V/V)		Error	No
	myproject_bgp_bias_1	corner	CMOSresbipcap_82 - 
	V/V /V0; xf dB20(V/V)		Error	No
	myproject_bgp_bias_1	corner	CMOSresbipcap_83 - 
	V/V /V0; xf dB20(V/V)		Error	No
	myproject_bgp_bias_1	corner	CMOSresbipcap_84 - 
	V/V /V0; xf dB20(V/V)		Error	No
	myproject_bgp_bias_1	corner	CMOSresbipcap_85 - 
	V/V /V0; xf dB20(V/V)		Error	No
	myproject_bgp_bias_1	corner	CMOSresbipcap_86 - 
	V/V /V0; xf dB20(V/V)		Error	No
	myproject_bgp_bias_1	corner	CMOSresbipcap_87 - 
	V/V /V0; xf dB20(V/V)		Error	No
	myproject_bgp_bias_1	corner	CMOSresbipcap_88 - 
	V/V /V0; xf dB20(V/V)		Error	No
	myproject_bgp_bias_1	corner	CMOSresbipcap_89 - 
	V/V /V0; xf dB20(V/V)		Error	No
	myproject_bgp_bias_1	corner	CMOSresbipcap_90 - 
	V/V /V0; xf dB20(V/V)		Error	No
	myproject_bgp_bias_1	corner	CMOSresbipcap_91 - 
	V/V /V0; xf dB20(V/V)		Error	No
	myproject_bgp_bias_1	corner	CMOSresbipcap_92 - 
	V/V /V0; xf dB20(V/V)		Error	No
	myproject_bgp_bias_1	corner	CMOSresbipcap_93 - 
	V/V /V0; xf dB20(V/V)		Error	No
	myproject_bgp_bias_1	corner	CMOSresbipcap_94 - 
	V/V /V0; xf dB20(V/V)		Error	No
	myproject_bgp_bias_1	corner	CMOSresbipcap_95 - 
	V/V /V0; xf dB20(V/V)		Error	No
	myproject_bgp_bias_1	corner	Nominal - 
	V/V /V0; xf dB20(V/V)		Error	No
Design parameters: 

Interactive.67
Number of points completed: 1
Number of simulation errors: 0
Interactive.67 completed. 
Current time: Thu Apr 16 13:44:35 2026 
