Starting Single Run, Sweeps and Corners...

Current time: Tue May 26 05:51:10 2026 
Best design point: 1
Design specs: 
	PSS_PXF_PNOISE_MC	corner	Nominal - 
	Output_Noise_Vrms		923.3u
	CM_Gain_50Hz		3.641m
	CM_Gain_50Hz_dB		-48.78
	Diff_Gain_50Hz		1.232K
	Diff_Gain_50Hz_dB		61.81
	CMRR_50Hz_dB		110.6
	Input_ref_noise_Vrms		749.5n
	Output_noise_Vrms		923.3u
	VOUT_V_DC		1.511	Yes
Design parameters: 
	FC		4K
	F0		3.3
	F1		3.3
	F2		0
	S0		3.3
	S1		0
	S2		0
	EN_CMFB		0

Interactive.80
Number of points completed: 1
Number of simulation errors: 0
Interactive.80 completed. 
Current time: Tue May 26 05:51:28 2026 
