Starting Single Run, Sweeps and Corners...

Current time: Tue May 26 04:57:18 2026 
Best design point: 1
Design specs: 
	PSS_PXF_PNOISE	corner	CMOS_RES_CAP_VDD_TEMP_0 - 
	Output_Noise_Vrms		908.4u
	CM_Gain_50Hz		9.169m
	CM_Gain_50Hz_dB		-40.75
	Diff_Gain_50Hz		1.227K
	Diff_Gain_50Hz_dB		61.78
	CMRR_50Hz_dB		102.5
	Input_ref_noise_Vrms		740.3n
	Output_noise_Vrms		908.4u
	VOUT_V_DC		1.505	Yes
	PSS_PXF_PNOISE	corner	CMOS_RES_CAP_VDD_TEMP_1 - 
	Output_Noise_Vrms		1.077m
	CM_Gain_50Hz		3.046m
	CM_Gain_50Hz_dB		-50.32
	Diff_Gain_50Hz		1.19K
	Diff_Gain_50Hz_dB		61.51
	CMRR_50Hz_dB		111.8
	Input_ref_noise_Vrms		905.3n
	Output_noise_Vrms		1.077m
	VOUT_V_DC		1.505	Yes
	PSS_PXF_PNOISE	corner	CMOS_RES_CAP_VDD_TEMP_2 - 
	Output_Noise_Vrms		916.7u
	CM_Gain_50Hz		3.689m
	CM_Gain_50Hz_dB		-48.66
	Diff_Gain_50Hz		1.244K
	Diff_Gain_50Hz_dB		61.89
	CMRR_50Hz_dB		110.6
	Input_ref_noise_Vrms		737.1n
	Output_noise_Vrms		916.7u
	VOUT_V_DC		1.512	Yes
	PSS_PXF_PNOISE	corner	CMOS_RES_CAP_VDD_TEMP_3 - 
	Output_Noise_Vrms		1.089m
	CM_Gain_50Hz		2.75m
	CM_Gain_50Hz_dB		-51.21
	Diff_Gain_50Hz		1.208K
	Diff_Gain_50Hz_dB		61.64
	CMRR_50Hz_dB		112.9
	Input_ref_noise_Vrms		901.5n
	Output_noise_Vrms		1.089m
	VOUT_V_DC		1.513	Yes
	PSS_PXF_PNOISE	corner	CMOS_RES_CAP_VDD_TEMP_4 - 
	Output_Noise_Vrms		897.8u
	CM_Gain_50Hz		4.878m
	CM_Gain_50Hz_dB		-46.24
	Diff_Gain_50Hz		1.238K
	Diff_Gain_50Hz_dB		61.86
	CMRR_50Hz_dB		108.1
	Input_ref_noise_Vrms		725.1n
	Output_noise_Vrms		897.8u
	VOUT_V_DC		1.507	Yes
	PSS_PXF_PNOISE	corner	CMOS_RES_CAP_VDD_TEMP_5 - 
	Output_Noise_Vrms		1.057m
	CM_Gain_50Hz		3.379m
	CM_Gain_50Hz_dB		-49.43
	Diff_Gain_50Hz		1.209K
	Diff_Gain_50Hz_dB		61.64
	CMRR_50Hz_dB		111.1
	Input_ref_noise_Vrms		874.2n
	Output_noise_Vrms		1.057m
	VOUT_V_DC		1.508	Yes
	PSS_PXF_PNOISE	corner	CMOS_RES_CAP_VDD_TEMP_6 - 
	Output_Noise_Vrms		904.7u
	CM_Gain_50Hz		3.508m
	CM_Gain_50Hz_dB		-49.1
	Diff_Gain_50Hz		1.249K
	Diff_Gain_50Hz_dB		61.93
	CMRR_50Hz_dB		111
	Input_ref_noise_Vrms		724.3n
	Output_noise_Vrms		904.7u
	VOUT_V_DC		1.518	Yes
	PSS_PXF_PNOISE	corner	CMOS_RES_CAP_VDD_TEMP_7 - 
	Output_Noise_Vrms		1.065m
	CM_Gain_50Hz		3.058m
	CM_Gain_50Hz_dB		-50.29
	Diff_Gain_50Hz		1.216K
	Diff_Gain_50Hz_dB		61.7
	CMRR_50Hz_dB		112
	Input_ref_noise_Vrms		875.2n
	Output_noise_Vrms		1.065m
	VOUT_V_DC		1.521	Yes
	PSS_PXF_PNOISE	corner	CMOS_RES_CAP_VDD_TEMP_8 - 
	Output_Noise_Vrms		906.8u
	CM_Gain_50Hz		8.666m
	CM_Gain_50Hz_dB		-41.24
	Diff_Gain_50Hz		1.226K
	Diff_Gain_50Hz_dB		61.77
	CMRR_50Hz_dB		103
	Input_ref_noise_Vrms		739.4n
	Output_noise_Vrms		906.8u
	VOUT_V_DC		1.505	Yes
	PSS_PXF_PNOISE	corner	CMOS_RES_CAP_VDD_TEMP_9 - 
	Output_Noise_Vrms		1.085m
	CM_Gain_50Hz		2.921m
	CM_Gain_50Hz_dB		-50.69
	Diff_Gain_50Hz		1.197K
	Diff_Gain_50Hz_dB		61.56
	CMRR_50Hz_dB		112.2
	Input_ref_noise_Vrms		906.8n
	Output_noise_Vrms		1.085m
	VOUT_V_DC		1.506	Yes
	PSS_PXF_PNOISE	corner	CMOS_RES_CAP_VDD_TEMP_10 - 
	Output_Noise_Vrms		908.4u
	CM_Gain_50Hz		4.07m
	CM_Gain_50Hz_dB		-47.81
	Diff_Gain_50Hz		1.225K
	Diff_Gain_50Hz_dB		61.76
	CMRR_50Hz_dB		109.6
	Input_ref_noise_Vrms		741.5n
	Output_noise_Vrms		908.4u
	VOUT_V_DC		1.512	Yes
	PSS_PXF_PNOISE	corner	CMOS_RES_CAP_VDD_TEMP_11 - 
	Output_Noise_Vrms		1.093m
	CM_Gain_50Hz		3.589m
	CM_Gain_50Hz_dB		-48.9
	Diff_Gain_50Hz		1.21K
	Diff_Gain_50Hz_dB		61.65
	CMRR_50Hz_dB		110.6
	Input_ref_noise_Vrms		903.6n
	Output_noise_Vrms		1.093m
	VOUT_V_DC		1.513	Yes
	PSS_PXF_PNOISE	corner	CMOS_RES_CAP_VDD_TEMP_12 - 
	Output_Noise_Vrms		894.2u
	CM_Gain_50Hz		4.71m
	CM_Gain_50Hz_dB		-46.54
	Diff_Gain_50Hz		1.237K
	Diff_Gain_50Hz_dB		61.85
	CMRR_50Hz_dB		108.4
	Input_ref_noise_Vrms		723n
	Output_noise_Vrms		894.2u
	VOUT_V_DC		1.508	Yes
	PSS_PXF_PNOISE	corner	CMOS_RES_CAP_VDD_TEMP_13 - 
	Output_Noise_Vrms		1.061m
	CM_Gain_50Hz		3.303m
	CM_Gain_50Hz_dB		-49.62
	Diff_Gain_50Hz		1.216K
	Diff_Gain_50Hz_dB		61.7
	CMRR_50Hz_dB		111.3
	Input_ref_noise_Vrms		872.2n
	Output_noise_Vrms		1.061m
	VOUT_V_DC		1.509	Yes
	PSS_PXF_PNOISE	corner	CMOS_RES_CAP_VDD_TEMP_14 - 
	Output_Noise_Vrms		898.6u
	CM_Gain_50Hz		3.934m
	CM_Gain_50Hz_dB		-48.1
	Diff_Gain_50Hz		1.241K
	Diff_Gain_50Hz_dB		61.87
	CMRR_50Hz_dB		110
	Input_ref_noise_Vrms		724.3n
	Output_noise_Vrms		898.6u
	VOUT_V_DC		1.519	Yes
	PSS_PXF_PNOISE	corner	CMOS_RES_CAP_VDD_TEMP_15 - 
	Output_Noise_Vrms		1.069m
	CM_Gain_50Hz		3.576m
	CM_Gain_50Hz_dB		-48.93
	Diff_Gain_50Hz		1.227K
	Diff_Gain_50Hz_dB		61.78
	CMRR_50Hz_dB		110.7
	Input_ref_noise_Vrms		871.1n
	Output_noise_Vrms		1.069m
	VOUT_V_DC		1.522	Yes
	PSS_PXF_PNOISE	corner	CMOS_RES_CAP_VDD_TEMP_16 - 
	Output_Noise_Vrms		1.012m
	CM_Gain_50Hz		13.1m
	CM_Gain_50Hz_dB		-37.65
	Diff_Gain_50Hz		1.237K
	Diff_Gain_50Hz_dB		61.85
	CMRR_50Hz_dB		99.5
	Input_ref_noise_Vrms		818n
	Output_noise_Vrms		1.012m
	VOUT_V_DC		1.508	Yes
	PSS_PXF_PNOISE	corner	CMOS_RES_CAP_VDD_TEMP_17 - 
	Output_Noise_Vrms		1.135m
	CM_Gain_50Hz		4.219m
	CM_Gain_50Hz_dB		-47.5
	Diff_Gain_50Hz		1.212K
	Diff_Gain_50Hz_dB		61.67
	CMRR_50Hz_dB		109.2
	Input_ref_noise_Vrms		936.1n
	Output_noise_Vrms		1.135m
	VOUT_V_DC		1.508	Yes
	PSS_PXF_PNOISE	corner	CMOS_RES_CAP_VDD_TEMP_18 - 
	Output_Noise_Vrms		1.02m
	CM_Gain_50Hz		4.555m
	CM_Gain_50Hz_dB		-46.83
	Diff_Gain_50Hz		1.249K
	Diff_Gain_50Hz_dB		61.93
	CMRR_50Hz_dB		108.8
	Input_ref_noise_Vrms		816.6n
	Output_noise_Vrms		1.02m
	VOUT_V_DC		1.518	Yes
	PSS_PXF_PNOISE	corner	CMOS_RES_CAP_VDD_TEMP_19 - 
	Output_Noise_Vrms		1.144m
	CM_Gain_50Hz		3.123m
	CM_Gain_50Hz_dB		-50.11
	Diff_Gain_50Hz		1.225K
	Diff_Gain_50Hz_dB		61.76
	CMRR_50Hz_dB		111.9
	Input_ref_noise_Vrms		933.6n
	Output_noise_Vrms		1.144m
	VOUT_V_DC		1.52	Yes
	PSS_PXF_PNOISE	corner	CMOS_RES_CAP_VDD_TEMP_20 - 
	Output_Noise_Vrms		1.015m
	CM_Gain_50Hz		6.52m
	CM_Gain_50Hz_dB		-43.71
	Diff_Gain_50Hz		1.244K
	Diff_Gain_50Hz_dB		61.89
	CMRR_50Hz_dB		105.6
	Input_ref_noise_Vrms		816n
	Output_noise_Vrms		1.015m
	VOUT_V_DC		1.511	Yes
	PSS_PXF_PNOISE	corner	CMOS_RES_CAP_VDD_TEMP_21 - 
	Output_Noise_Vrms		1.13m
	CM_Gain_50Hz		3.903m
	CM_Gain_50Hz_dB		-48.17
	Diff_Gain_50Hz		1.224K
	Diff_Gain_50Hz_dB		61.76
	CMRR_50Hz_dB		109.9
	Input_ref_noise_Vrms		922.8n
	Output_noise_Vrms		1.13m
	VOUT_V_DC		1.513	Yes
	PSS_PXF_PNOISE	corner	CMOS_RES_CAP_VDD_TEMP_22 - 
	Output_Noise_Vrms		1.023m
	CM_Gain_50Hz		4.235m
	CM_Gain_50Hz_dB		-47.46
	Diff_Gain_50Hz		1.252K
	Diff_Gain_50Hz_dB		61.95
	CMRR_50Hz_dB		109.4
	Input_ref_noise_Vrms		816.9n
	Output_noise_Vrms		1.023m
	VOUT_V_DC		1.529	Yes
	PSS_PXF_PNOISE	corner	CMOS_RES_CAP_VDD_TEMP_23 - 
	Output_Noise_Vrms		1.138m
	CM_Gain_50Hz		3.44m
	CM_Gain_50Hz_dB		-49.27
	Diff_Gain_50Hz		1.23K
	Diff_Gain_50Hz_dB		61.8
	CMRR_50Hz_dB		111.1
	Input_ref_noise_Vrms		925n
	Output_noise_Vrms		1.138m
	VOUT_V_DC		1.533	Yes
	PSS_PXF_PNOISE	corner	CMOS_RES_CAP_VDD_TEMP_24 - 
	Output_Noise_Vrms		1.009m
	CM_Gain_50Hz		12.71m
	CM_Gain_50Hz_dB		-37.92
	Diff_Gain_50Hz		1.237K
	Diff_Gain_50Hz_dB		61.85
	CMRR_50Hz_dB		99.76
	Input_ref_noise_Vrms		815.5n
	Output_noise_Vrms		1.009m
	VOUT_V_DC		1.507	Yes
	PSS_PXF_PNOISE	corner	CMOS_RES_CAP_VDD_TEMP_25 - 
	Output_Noise_Vrms		1.139m
	CM_Gain_50Hz		3.833m
	CM_Gain_50Hz_dB		-48.33
	Diff_Gain_50Hz		1.219K
	Diff_Gain_50Hz_dB		61.72
	CMRR_50Hz_dB		110
	Input_ref_noise_Vrms		934.1n
	Output_noise_Vrms		1.139m
	VOUT_V_DC		1.507	Yes
	PSS_PXF_PNOISE	corner	CMOS_RES_CAP_VDD_TEMP_26 - 
	Output_Noise_Vrms		1.014m
	CM_Gain_50Hz		4.224m
	CM_Gain_50Hz_dB		-47.49
	Diff_Gain_50Hz		1.237K
	Diff_Gain_50Hz_dB		61.85
	CMRR_50Hz_dB		109.3
	Input_ref_noise_Vrms		819.3n
	Output_noise_Vrms		1.014m
	VOUT_V_DC		1.518	Yes
	PSS_PXF_PNOISE	corner	CMOS_RES_CAP_VDD_TEMP_27 - 
	Output_Noise_Vrms		1.145m
	CM_Gain_50Hz		3.812m
	CM_Gain_50Hz_dB		-48.38
	Diff_Gain_50Hz		1.229K
	Diff_Gain_50Hz_dB		61.79
	CMRR_50Hz_dB		110.2
	Input_ref_noise_Vrms		932.2n
	Output_noise_Vrms		1.145m
	VOUT_V_DC		1.52	Yes
	PSS_PXF_PNOISE	corner	CMOS_RES_CAP_VDD_TEMP_28 - 
	Output_Noise_Vrms		1.011m
	CM_Gain_50Hz		6.34m
	CM_Gain_50Hz_dB		-43.96
	Diff_Gain_50Hz		1.243K
	Diff_Gain_50Hz_dB		61.89
	CMRR_50Hz_dB		105.8
	Input_ref_noise_Vrms		813.5n
	Output_noise_Vrms		1.011m
	VOUT_V_DC		1.512	Yes
	PSS_PXF_PNOISE	corner	CMOS_RES_CAP_VDD_TEMP_29 - 
	Output_Noise_Vrms		1.131m
	CM_Gain_50Hz		3.856m
	CM_Gain_50Hz_dB		-48.28
	Diff_Gain_50Hz		1.231K
	Diff_Gain_50Hz_dB		61.81
	CMRR_50Hz_dB		110.1
	Input_ref_noise_Vrms		918.8n
	Output_noise_Vrms		1.131m
	VOUT_V_DC		1.513	Yes
	PSS_PXF_PNOISE	corner	CMOS_RES_CAP_VDD_TEMP_30 - 
	Output_Noise_Vrms		1.018m
	CM_Gain_50Hz		4.463m
	CM_Gain_50Hz_dB		-47.01
	Diff_Gain_50Hz		1.247K
	Diff_Gain_50Hz_dB		61.92
	CMRR_50Hz_dB		108.9
	Input_ref_noise_Vrms		816.2n
	Output_noise_Vrms		1.018m
	VOUT_V_DC		1.529	Yes
	PSS_PXF_PNOISE	corner	CMOS_RES_CAP_VDD_TEMP_31 - 
	Output_Noise_Vrms		1.139m
	CM_Gain_50Hz		3.953m
	CM_Gain_50Hz_dB		-48.06
	Diff_Gain_50Hz		1.239K
	Diff_Gain_50Hz_dB		61.86
	CMRR_50Hz_dB		109.9
	Input_ref_noise_Vrms		918.9n
	Output_noise_Vrms		1.139m
	VOUT_V_DC		1.533	Yes
	PSS_PXF_PNOISE	corner	CMOS_RES_CAP_VDD_TEMP_32 - 
	Output_Noise_Vrms		826.5u
	CM_Gain_50Hz		9.053m
	CM_Gain_50Hz_dB		-40.86
	Diff_Gain_50Hz		1.227K
	Diff_Gain_50Hz_dB		61.78
	CMRR_50Hz_dB		102.6
	Input_ref_noise_Vrms		673.7n
	Output_noise_Vrms		826.5u
	VOUT_V_DC		1.505	Yes
	PSS_PXF_PNOISE	corner	CMOS_RES_CAP_VDD_TEMP_33 - 
	Output_Noise_Vrms		976.7u
	CM_Gain_50Hz		3.09m
	CM_Gain_50Hz_dB		-50.2
	Diff_Gain_50Hz		1.19K
	Diff_Gain_50Hz_dB		61.51
	CMRR_50Hz_dB		111.7
	Input_ref_noise_Vrms		820.8n
	Output_noise_Vrms		976.7u
	VOUT_V_DC		1.505	Yes
	PSS_PXF_PNOISE	corner	CMOS_RES_CAP_VDD_TEMP_34 - 
	Output_Noise_Vrms		834.1u
	CM_Gain_50Hz		3.751m
	CM_Gain_50Hz_dB		-48.52
	Diff_Gain_50Hz		1.244K
	Diff_Gain_50Hz_dB		61.89
	CMRR_50Hz_dB		110.4
	Input_ref_noise_Vrms		670.7n
	Output_noise_Vrms		834.1u
	VOUT_V_DC		1.512	Yes
	PSS_PXF_PNOISE	corner	CMOS_RES_CAP_VDD_TEMP_35 - 
	Output_Noise_Vrms		987.2u
	CM_Gain_50Hz		2.778m
	CM_Gain_50Hz_dB		-51.13
	Diff_Gain_50Hz		1.208K
	Diff_Gain_50Hz_dB		61.64
	CMRR_50Hz_dB		112.8
	Input_ref_noise_Vrms		817.4n
	Output_noise_Vrms		987.2u
	VOUT_V_DC		1.513	Yes
	PSS_PXF_PNOISE	corner	CMOS_RES_CAP_VDD_TEMP_36 - 
	Output_Noise_Vrms		817.7u
	CM_Gain_50Hz		4.944m
	CM_Gain_50Hz_dB		-46.12
	Diff_Gain_50Hz		1.238K
	Diff_Gain_50Hz_dB		61.86
	CMRR_50Hz_dB		108
	Input_ref_noise_Vrms		660.4n
	Output_noise_Vrms		817.7u
	VOUT_V_DC		1.507	Yes
	PSS_PXF_PNOISE	corner	CMOS_RES_CAP_VDD_TEMP_37 - 
	Output_Noise_Vrms		958.7u
	CM_Gain_50Hz		3.318m
	CM_Gain_50Hz_dB		-49.58
	Diff_Gain_50Hz		1.208K
	Diff_Gain_50Hz_dB		61.64
	CMRR_50Hz_dB		111.2
	Input_ref_noise_Vrms		793.3n
	Output_noise_Vrms		958.7u
	VOUT_V_DC		1.508	Yes
	PSS_PXF_PNOISE	corner	CMOS_RES_CAP_VDD_TEMP_38 - 
	Output_Noise_Vrms		824u
	CM_Gain_50Hz		3.481m
	CM_Gain_50Hz_dB		-49.17
	Diff_Gain_50Hz		1.249K
	Diff_Gain_50Hz_dB		61.93
	CMRR_50Hz_dB		111.1
	Input_ref_noise_Vrms		659.8n
	Output_noise_Vrms		824u
	VOUT_V_DC		1.518	Yes
	PSS_PXF_PNOISE	corner	CMOS_RES_CAP_VDD_TEMP_39 - 
	Output_Noise_Vrms		965.9u
	CM_Gain_50Hz		3.085m
	CM_Gain_50Hz_dB		-50.22
	Diff_Gain_50Hz		1.216K
	Diff_Gain_50Hz_dB		61.7
	CMRR_50Hz_dB		111.9
	Input_ref_noise_Vrms		794.2n
	Output_noise_Vrms		965.9u
	VOUT_V_DC		1.521	Yes
	PSS_PXF_PNOISE	corner	CMOS_RES_CAP_VDD_TEMP_40 - 
	Output_Noise_Vrms		825.3u
	CM_Gain_50Hz		8.835m
	CM_Gain_50Hz_dB		-41.08
	Diff_Gain_50Hz		1.226K
	Diff_Gain_50Hz_dB		61.77
	CMRR_50Hz_dB		102.8
	Input_ref_noise_Vrms		672.9n
	Output_noise_Vrms		825.3u
	VOUT_V_DC		1.506	Yes
	PSS_PXF_PNOISE	corner	CMOS_RES_CAP_VDD_TEMP_41 - 
	Output_Noise_Vrms		983.8u
	CM_Gain_50Hz		2.897m
	CM_Gain_50Hz_dB		-50.76
	Diff_Gain_50Hz		1.197K
	Diff_Gain_50Hz_dB		61.56
	CMRR_50Hz_dB		112.3
	Input_ref_noise_Vrms		822.2n
	Output_noise_Vrms		983.8u
	VOUT_V_DC		1.506	Yes
	PSS_PXF_PNOISE	corner	CMOS_RES_CAP_VDD_TEMP_42 - 
	Output_Noise_Vrms		826.9u
	CM_Gain_50Hz		3.591m
	CM_Gain_50Hz_dB		-48.9
	Diff_Gain_50Hz		1.225K
	Diff_Gain_50Hz_dB		61.76
	CMRR_50Hz_dB		110.7
	Input_ref_noise_Vrms		674.9n
	Output_noise_Vrms		826.9u
	VOUT_V_DC		1.512	Yes
	PSS_PXF_PNOISE	corner	CMOS_RES_CAP_VDD_TEMP_43 - 
	Output_Noise_Vrms		991.2u
	CM_Gain_50Hz		3.556m
	CM_Gain_50Hz_dB		-48.98
	Diff_Gain_50Hz		1.21K
	Diff_Gain_50Hz_dB		61.66
	CMRR_50Hz_dB		110.6
	Input_ref_noise_Vrms		819.3n
	Output_noise_Vrms		991.2u
	VOUT_V_DC		1.513	Yes
	PSS_PXF_PNOISE	corner	CMOS_RES_CAP_VDD_TEMP_44 - 
	Output_Noise_Vrms		814.7u
	CM_Gain_50Hz		4.773m
	CM_Gain_50Hz_dB		-46.42
	Diff_Gain_50Hz		1.237K
	Diff_Gain_50Hz_dB		61.85
	CMRR_50Hz_dB		108.3
	Input_ref_noise_Vrms		658.8n
	Output_noise_Vrms		814.7u
	VOUT_V_DC		1.508	Yes
	PSS_PXF_PNOISE	corner	CMOS_RES_CAP_VDD_TEMP_45 - 
	Output_Noise_Vrms		962.6u
	CM_Gain_50Hz		3.241m
	CM_Gain_50Hz_dB		-49.79
	Diff_Gain_50Hz		1.216K
	Diff_Gain_50Hz_dB		61.7
	CMRR_50Hz_dB		111.5
	Input_ref_noise_Vrms		791.5n
	Output_noise_Vrms		962.6u
	VOUT_V_DC		1.508	Yes
	PSS_PXF_PNOISE	corner	CMOS_RES_CAP_VDD_TEMP_46 - 
	Output_Noise_Vrms		818.8u
	CM_Gain_50Hz		3.779m
	CM_Gain_50Hz_dB		-48.45
	Diff_Gain_50Hz		1.241K
	Diff_Gain_50Hz_dB		61.87
	CMRR_50Hz_dB		110.3
	Input_ref_noise_Vrms		660n
	Output_noise_Vrms		818.8u
	VOUT_V_DC		1.519	Yes
	PSS_PXF_PNOISE	corner	CMOS_RES_CAP_VDD_TEMP_47 - 
	Output_Noise_Vrms		970.4u
	CM_Gain_50Hz		3.573m
	CM_Gain_50Hz_dB		-48.94
	Diff_Gain_50Hz		1.227K
	Diff_Gain_50Hz_dB		61.78
	CMRR_50Hz_dB		110.7
	Input_ref_noise_Vrms		790.5n
	Output_noise_Vrms		970.4u
	VOUT_V_DC		1.522	Yes
	PSS_PXF_PNOISE	corner	CMOS_RES_CAP_VDD_TEMP_48 - 
	Output_Noise_Vrms		929.7u
	CM_Gain_50Hz		13.01m
	CM_Gain_50Hz_dB		-37.71
	Diff_Gain_50Hz		1.236K
	Diff_Gain_50Hz_dB		61.84
	CMRR_50Hz_dB		99.55
	Input_ref_noise_Vrms		752.4n
	Output_noise_Vrms		929.7u
	VOUT_V_DC		1.507	Yes
	PSS_PXF_PNOISE	corner	CMOS_RES_CAP_VDD_TEMP_49 - 
	Output_Noise_Vrms		1.038m
	CM_Gain_50Hz		4.267m
	CM_Gain_50Hz_dB		-47.4
	Diff_Gain_50Hz		1.212K
	Diff_Gain_50Hz_dB		61.67
	CMRR_50Hz_dB		109.1
	Input_ref_noise_Vrms		856.6n
	Output_noise_Vrms		1.038m
	VOUT_V_DC		1.508	Yes
	PSS_PXF_PNOISE	corner	CMOS_RES_CAP_VDD_TEMP_50 - 
	Output_Noise_Vrms		937.2u
	CM_Gain_50Hz		4.537m
	CM_Gain_50Hz_dB		-46.86
	Diff_Gain_50Hz		1.248K
	Diff_Gain_50Hz_dB		61.92
	CMRR_50Hz_dB		108.8
	Input_ref_noise_Vrms		751.1n
	Output_noise_Vrms		937.2u
	VOUT_V_DC		1.518	Yes
	PSS_PXF_PNOISE	corner	CMOS_RES_CAP_VDD_TEMP_51 - 
	Output_Noise_Vrms		1.046m
	CM_Gain_50Hz		3.089m
	CM_Gain_50Hz_dB		-50.2
	Diff_Gain_50Hz		1.224K
	Diff_Gain_50Hz_dB		61.76
	CMRR_50Hz_dB		112
	Input_ref_noise_Vrms		854.2n
	Output_noise_Vrms		1.046m
	VOUT_V_DC		1.52	Yes
	PSS_PXF_PNOISE	corner	CMOS_RES_CAP_VDD_TEMP_52 - 
	Output_Noise_Vrms		933.5u
	CM_Gain_50Hz		6.505m
	CM_Gain_50Hz_dB		-43.74
	Diff_Gain_50Hz		1.242K
	Diff_Gain_50Hz_dB		61.88
	CMRR_50Hz_dB		105.6
	Input_ref_noise_Vrms		751.6n
	Output_noise_Vrms		933.5u
	VOUT_V_DC		1.512	Yes
	PSS_PXF_PNOISE	corner	CMOS_RES_CAP_VDD_TEMP_53 - 
	Output_Noise_Vrms		1.034m
	CM_Gain_50Hz		3.936m
	CM_Gain_50Hz_dB		-48.1
	Diff_Gain_50Hz		1.223K
	Diff_Gain_50Hz_dB		61.75
	CMRR_50Hz_dB		109.8
	Input_ref_noise_Vrms		845.5n
	Output_noise_Vrms		1.034m
	VOUT_V_DC		1.513	Yes
	PSS_PXF_PNOISE	corner	CMOS_RES_CAP_VDD_TEMP_54 - 
	Output_Noise_Vrms		941.1u
	CM_Gain_50Hz		4.171m
	CM_Gain_50Hz_dB		-47.59
	Diff_Gain_50Hz		1.251K
	Diff_Gain_50Hz_dB		61.94
	CMRR_50Hz_dB		109.5
	Input_ref_noise_Vrms		752.5n
	Output_noise_Vrms		941.1u
	VOUT_V_DC		1.529	Yes
	PSS_PXF_PNOISE	corner	CMOS_RES_CAP_VDD_TEMP_55 - 
	Output_Noise_Vrms		1.042m
	CM_Gain_50Hz		3.448m
	CM_Gain_50Hz_dB		-49.25
	Diff_Gain_50Hz		1.229K
	Diff_Gain_50Hz_dB		61.79
	CMRR_50Hz_dB		111
	Input_ref_noise_Vrms		847.6n
	Output_noise_Vrms		1.042m
	VOUT_V_DC		1.533	Yes
	PSS_PXF_PNOISE	corner	CMOS_RES_CAP_VDD_TEMP_56 - 
	Output_Noise_Vrms		927.1u
	CM_Gain_50Hz		12.64m
	CM_Gain_50Hz_dB		-37.97
	Diff_Gain_50Hz		1.236K
	Diff_Gain_50Hz_dB		61.84
	CMRR_50Hz_dB		99.81
	Input_ref_noise_Vrms		750.3n
	Output_noise_Vrms		927.1u
	VOUT_V_DC		1.509	Yes
	PSS_PXF_PNOISE	corner	CMOS_RES_CAP_VDD_TEMP_57 - 
	Output_Noise_Vrms		1.041m
	CM_Gain_50Hz		3.904m
	CM_Gain_50Hz_dB		-48.17
	Diff_Gain_50Hz		1.218K
	Diff_Gain_50Hz_dB		61.71
	CMRR_50Hz_dB		109.9
	Input_ref_noise_Vrms		854.9n
	Output_noise_Vrms		1.041m
	VOUT_V_DC		1.508	Yes
	PSS_PXF_PNOISE	corner	CMOS_RES_CAP_VDD_TEMP_58 - 
	Output_Noise_Vrms		931.9u
	CM_Gain_50Hz		4.221m
	CM_Gain_50Hz_dB		-47.49
	Diff_Gain_50Hz		1.236K
	Diff_Gain_50Hz_dB		61.84
	CMRR_50Hz_dB		109.3
	Input_ref_noise_Vrms		754n
	Output_noise_Vrms		931.9u
	VOUT_V_DC		1.519	Yes
	PSS_PXF_PNOISE	corner	CMOS_RES_CAP_VDD_TEMP_59 - 
	Output_Noise_Vrms		1.048m
	CM_Gain_50Hz		3.711m
	CM_Gain_50Hz_dB		-48.61
	Diff_Gain_50Hz		1.228K
	Diff_Gain_50Hz_dB		61.78
	CMRR_50Hz_dB		110.4
	Input_ref_noise_Vrms		853.1n
	Output_noise_Vrms		1.048m
	VOUT_V_DC		1.52	Yes
	PSS_PXF_PNOISE	corner	CMOS_RES_CAP_VDD_TEMP_60 - 
	Output_Noise_Vrms		930.7u
	CM_Gain_50Hz		6.337m
	CM_Gain_50Hz_dB		-43.96
	Diff_Gain_50Hz		1.241K
	Diff_Gain_50Hz_dB		61.88
	CMRR_50Hz_dB		105.8
	Input_ref_noise_Vrms		749.7n
	Output_noise_Vrms		930.7u
	VOUT_V_DC		1.513	Yes
	PSS_PXF_PNOISE	corner	CMOS_RES_CAP_VDD_TEMP_61 - 
	Output_Noise_Vrms		1.036m
	CM_Gain_50Hz		3.789m
	CM_Gain_50Hz_dB		-48.43
	Diff_Gain_50Hz		1.23K
	Diff_Gain_50Hz_dB		61.8
	CMRR_50Hz_dB		110.2
	Input_ref_noise_Vrms		842.2n
	Output_noise_Vrms		1.036m
	VOUT_V_DC		1.513	Yes
	PSS_PXF_PNOISE	corner	CMOS_RES_CAP_VDD_TEMP_62 - 
	Output_Noise_Vrms		937u
	CM_Gain_50Hz		4.424m
	CM_Gain_50Hz_dB		-47.08
	Diff_Gain_50Hz		1.245K
	Diff_Gain_50Hz_dB		61.91
	CMRR_50Hz_dB		109
	Input_ref_noise_Vrms		752.3n
	Output_noise_Vrms		937u
	VOUT_V_DC		1.528	Yes
	PSS_PXF_PNOISE	corner	CMOS_RES_CAP_VDD_TEMP_63 - 
	Output_Noise_Vrms		1.043m
	CM_Gain_50Hz		3.955m
	CM_Gain_50Hz_dB		-48.06
	Diff_Gain_50Hz		1.239K
	Diff_Gain_50Hz_dB		61.86
	CMRR_50Hz_dB		109.9
	Input_ref_noise_Vrms		842.2n
	Output_noise_Vrms		1.043m
	VOUT_V_DC		1.533	Yes
	PSS_PXF_PNOISE	corner	Nominal - 
	Output_Noise_Vrms		906.9u
	CM_Gain_50Hz		3.705m
	CM_Gain_50Hz_dB		-48.63
	Diff_Gain_50Hz		1.232K
	Diff_Gain_50Hz_dB		61.81
	CMRR_50Hz_dB		110.4
	Input_ref_noise_Vrms		736.4n
	Output_noise_Vrms		906.9u
	VOUT_V_DC		1.511	Yes
Design parameters: 
	FC		4K
	F0		3.3
	F1		3.3
	F2		0
	S0		3.3
	S1		0
	S2		0
	EN_CMFB		0

Interactive.78
Number of points completed: 1
Number of simulation errors: 0
Interactive.78 completed. 
Current time: Tue May 26 05:16:09 2026 
