Starting Single Run, Sweeps and Corners...

Current time: Tue May 26 04:40:39 2026 
Best design point: 1
Design specs: 
	PSS_VIN	corner	CMOS_RES_CAP_VDD_TEMP_0 - 
	VIA_d2_dB		116.6
	VLF1_d2_dB		76.37
	VGA_d2_dB		78.01
	VLF2_d2_dB1		58.99
	VOUT_d2_dB		59.1	Near
	VOUT_V		1.225	Yes
	VOUT_V_DC		1.505	Yes
	DC current consumption		-48.13u
	PSS_VIN	corner	CMOS_RES_CAP_VDD_TEMP_1 - 
	VIA_d2_dB		102.1
	VLF1_d2_dB		91.95
	VGA_d2_dB		86.14
	VLF2_d2_dB1		74.75
	VOUT_d2_dB		74.96	Yes
	VOUT_V		1.188	Yes
	VOUT_V_DC		1.505	Yes
	DC current consumption		-48.31u
	PSS_VIN	corner	CMOS_RES_CAP_VDD_TEMP_2 - 
	VIA_d2_dB		101.7
	VLF1_d2_dB		85.23
	VGA_d2_dB		85.42
	VLF2_d2_dB1		70.13
	VOUT_d2_dB		70.13	Yes
	VOUT_V		1.241	Yes
	VOUT_V_DC		1.512	Yes
	DC current consumption		-48.44u
	PSS_VIN	corner	CMOS_RES_CAP_VDD_TEMP_3 - 
	VIA_d2_dB		103.8
	VLF1_d2_dB		87.5
	VGA_d2_dB		86.05
	VLF2_d2_dB1		77.41
	VOUT_d2_dB		78.17	Yes
	VOUT_V		1.205	Yes
	VOUT_V_DC		1.513	Yes
	DC current consumption		-48.69u
	PSS_VIN	corner	CMOS_RES_CAP_VDD_TEMP_4 - 
	VIA_d2_dB		106.6
	VLF1_d2_dB		77.65
	VGA_d2_dB		78.61
	VLF2_d2_dB1		65.97
	VOUT_d2_dB		65.45	Yes
	VOUT_V		1.236	Yes
	VOUT_V_DC		1.508	Yes
	DC current consumption		-48.36u
	PSS_VIN	corner	CMOS_RES_CAP_VDD_TEMP_5 - 
	VIA_d2_dB		114.4
	VLF1_d2_dB		90.17
	VGA_d2_dB		92.82
	VLF2_d2_dB1		73.4
	VOUT_d2_dB		71.52	Yes
	VOUT_V		1.206	Yes
	VOUT_V_DC		1.508	Yes
	DC current consumption		-48.56u
	PSS_VIN	corner	CMOS_RES_CAP_VDD_TEMP_6 - 
	VIA_d2_dB		102.6
	VLF1_d2_dB		86.24
	VGA_d2_dB		86.58
	VLF2_d2_dB1		70.97
	VOUT_d2_dB		70.33	Yes
	VOUT_V		1.246	Yes
	VOUT_V_DC		1.519	Yes
	DC current consumption		-48.73u
	PSS_VIN	corner	CMOS_RES_CAP_VDD_TEMP_7 - 
	VIA_d2_dB		114.6
	VLF1_d2_dB		87.82
	VGA_d2_dB		88.12
	VLF2_d2_dB1		75.01
	VOUT_d2_dB		72.64	Yes
	VOUT_V		1.214	Yes
	VOUT_V_DC		1.521	Yes
	DC current consumption		-50.27u
	PSS_VIN	corner	CMOS_RES_CAP_VDD_TEMP_8 - 
	VIA_d2_dB		99.2
	VLF1_d2_dB		77.56
	VGA_d2_dB		79.18
	VLF2_d2_dB1		58.58
	VOUT_d2_dB		58.69	Near
	VOUT_V		1.224	Yes
	VOUT_V_DC		1.506	Yes
	DC current consumption		-43.62u
	PSS_VIN	corner	CMOS_RES_CAP_VDD_TEMP_9 - 
	VIA_d2_dB		96.77
	VLF1_d2_dB		88.9
	VGA_d2_dB		85.09
	VLF2_d2_dB1		73.52
	VOUT_d2_dB		73.61	Yes
	VOUT_V		1.194	Yes
	VOUT_V_DC		1.506	Yes
	DC current consumption		-47.83u
	PSS_VIN	corner	CMOS_RES_CAP_VDD_TEMP_10 - 
	VIA_d2_dB		102.2
	VLF1_d2_dB		84.47
	VGA_d2_dB		86.77
	VLF2_d2_dB1		69.68
	VOUT_d2_dB		69.68	Yes
	VOUT_V		1.223	Yes
	VOUT_V_DC		1.512	Yes
	DC current consumption		-45.28u
	PSS_VIN	corner	CMOS_RES_CAP_VDD_TEMP_11 - 
	VIA_d2_dB		100.8
	VLF1_d2_dB		84.06
	VGA_d2_dB		89.57
	VLF2_d2_dB1		75.26
	VOUT_d2_dB		74.15	Yes
	VOUT_V		1.208	Yes
	VOUT_V_DC		1.513	Yes
	DC current consumption		-48.14u
	PSS_VIN	corner	CMOS_RES_CAP_VDD_TEMP_12 - 
	VIA_d2_dB		107
	VLF1_d2_dB		77.67
	VGA_d2_dB		78.38
	VLF2_d2_dB1		66.26
	VOUT_d2_dB		65.63	Yes
	VOUT_V		1.234	Yes
	VOUT_V_DC		1.508	Yes
	DC current consumption		-43.76u
	PSS_VIN	corner	CMOS_RES_CAP_VDD_TEMP_13 - 
	VIA_d2_dB		103.3
	VLF1_d2_dB		85.97
	VGA_d2_dB		84.52
	VLF2_d2_dB1		71.91
	VOUT_d2_dB		71.79	Yes
	VOUT_V		1.214	Yes
	VOUT_V_DC		1.509	Yes
	DC current consumption		-48.11u
	PSS_VIN	corner	CMOS_RES_CAP_VDD_TEMP_14 - 
	VIA_d2_dB		100.8
	VLF1_d2_dB		83.4
	VGA_d2_dB		84.16
	VLF2_d2_dB1		69.31
	VOUT_d2_dB		68.85	Yes
	VOUT_V		1.238	Yes
	VOUT_V_DC		1.519	Yes
	DC current consumption		-45.43u
	PSS_VIN	corner	CMOS_RES_CAP_VDD_TEMP_15 - 
	VIA_d2_dB		120.2
	VLF1_d2_dB		85.15
	VGA_d2_dB		85.83
	VLF2_d2_dB1		72.86
	VOUT_d2_dB		71.35	Yes
	VOUT_V		1.225	Yes
	VOUT_V_DC		1.522	Yes
	DC current consumption		-49.56u
	PSS_VIN	corner	CMOS_RES_CAP_VDD_TEMP_16 - 
	VIA_d2_dB		106.4
	VLF1_d2_dB		67.04
	VGA_d2_dB		67.22
	VLF2_d2_dB1		48.88
	VOUT_d2_dB		48.92	No
	VOUT_V		1.236	Yes
	VOUT_V_DC		1.509	Yes
	DC current consumption		-48.06u
	PSS_VIN	corner	CMOS_RES_CAP_VDD_TEMP_17 - 
	VIA_d2_dB		102.5
	VLF1_d2_dB		77.41
	VGA_d2_dB		78.35
	VLF2_d2_dB1		65.88
	VOUT_d2_dB		65.87	Yes
	VOUT_V		1.209	Yes
	VOUT_V_DC		1.508	Yes
	DC current consumption		-48.22u
	PSS_VIN	corner	CMOS_RES_CAP_VDD_TEMP_18 - 
	VIA_d2_dB		98.8
	VLF1_d2_dB		71.76
	VGA_d2_dB		71.76
	VLF2_d2_dB1		60.25
	VOUT_d2_dB		60.32	Yes
	VOUT_V		1.245	Yes
	VOUT_V_DC		1.519	Yes
	DC current consumption		-48.37u
	PSS_VIN	corner	CMOS_RES_CAP_VDD_TEMP_19 - 
	VIA_d2_dB		99.4
	VLF1_d2_dB		78.71
	VGA_d2_dB		79.02
	VLF2_d2_dB1		68.97
	VOUT_d2_dB		68.78	Yes
	VOUT_V		1.222	Yes
	VOUT_V_DC		1.52	Yes
	DC current consumption		-48.61u
	PSS_VIN	corner	CMOS_RES_CAP_VDD_TEMP_20 - 
	VIA_d2_dB		98.2
	VLF1_d2_dB		70.2
	VGA_d2_dB		70.4
	VLF2_d2_dB1		59.33
	VOUT_d2_dB		59.3	Near
	VOUT_V		1.24	Yes
	VOUT_V_DC		1.512	Yes
	DC current consumption		-48.29u
	PSS_VIN	corner	CMOS_RES_CAP_VDD_TEMP_21 - 
	VIA_d2_dB		102.8
	VLF1_d2_dB		76.95
	VGA_d2_dB		77.33
	VLF2_d2_dB1		66.12
	VOUT_d2_dB		65.66	Yes
	VOUT_V		1.22	Yes
	VOUT_V_DC		1.513	Yes
	DC current consumption		-48.47u
	PSS_VIN	corner	CMOS_RES_CAP_VDD_TEMP_22 - 
	VIA_d2_dB		113.2
	VLF1_d2_dB		74.44
	VGA_d2_dB		74.51
	VLF2_d2_dB1		63.04
	VOUT_d2_dB		62.99	Yes
	VOUT_V		1.248	Yes
	VOUT_V_DC		1.529	Yes
	DC current consumption		-48.66u
	PSS_VIN	corner	CMOS_RES_CAP_VDD_TEMP_23 - 
	VIA_d2_dB		96.35
	VLF1_d2_dB		82.98
	VGA_d2_dB		82.93
	VLF2_d2_dB1		69.29
	VOUT_d2_dB		69.21	Yes
	VOUT_V		1.226	Yes
	VOUT_V_DC		1.533	Yes
	DC current consumption		-50.18u
	PSS_VIN	corner	CMOS_RES_CAP_VDD_TEMP_24 - 
	VIA_d2_dB		96.27
	VLF1_d2_dB		67.12
	VGA_d2_dB		67.21
	VLF2_d2_dB1		48.38
	VOUT_d2_dB		48.42	No
	VOUT_V		1.236	Yes
	VOUT_V_DC		1.509	Yes
	DC current consumption		-43.55u
	PSS_VIN	corner	CMOS_RES_CAP_VDD_TEMP_25 - 
	VIA_d2_dB		104.4
	VLF1_d2_dB		74.97
	VGA_d2_dB		76.26
	VLF2_d2_dB1		65.01
	VOUT_d2_dB		64.99	Yes
	VOUT_V		1.215	Yes
	VOUT_V_DC		1.508	Yes
	DC current consumption		-47.9u
	PSS_VIN	corner	CMOS_RES_CAP_VDD_TEMP_26 - 
	VIA_d2_dB		102.9
	VLF1_d2_dB		71.09
	VGA_d2_dB		71.41
	VLF2_d2_dB1		60.01
	VOUT_d2_dB		60.05	Yes
	VOUT_V		1.233	Yes
	VOUT_V_DC		1.518	Yes
	DC current consumption		-45.08u
	PSS_VIN	corner	CMOS_RES_CAP_VDD_TEMP_27 - 
	VIA_d2_dB		95.97
	VLF1_d2_dB		75.3
	VGA_d2_dB		76.13
	VLF2_d2_dB1		67.74
	VOUT_d2_dB		67.53	Yes
	VOUT_V		1.225	Yes
	VOUT_V_DC		1.52	Yes
	DC current consumption		-48.21u
	PSS_VIN	corner	CMOS_RES_CAP_VDD_TEMP_28 - 
	VIA_d2_dB		120.1
	VLF1_d2_dB		69.95
	VGA_d2_dB		70.03
	VLF2_d2_dB1		58.63
	VOUT_d2_dB		58.64	Near
	VOUT_V		1.239	Yes
	VOUT_V_DC		1.512	Yes
	DC current consumption		-43.7u
	PSS_VIN	corner	CMOS_RES_CAP_VDD_TEMP_29 - 
	VIA_d2_dB		98.81
	VLF1_d2_dB		74.4
	VGA_d2_dB		74.63
	VLF2_d2_dB1		65.02
	VOUT_d2_dB		64.57	Yes
	VOUT_V		1.227	Yes
	VOUT_V_DC		1.513	Yes
	DC current consumption		-48.17u
	PSS_VIN	corner	CMOS_RES_CAP_VDD_TEMP_30 - 
	VIA_d2_dB		97.41
	VLF1_d2_dB		71.8
	VGA_d2_dB		71.93
	VLF2_d2_dB1		61.88
	VOUT_d2_dB		61.8	Yes
	VOUT_V		1.243	Yes
	VOUT_V_DC		1.529	Yes
	DC current consumption		-45.2u
	PSS_VIN	corner	CMOS_RES_CAP_VDD_TEMP_31 - 
	VIA_d2_dB		107.4
	VLF1_d2_dB		77.73
	VGA_d2_dB		77.88
	VLF2_d2_dB1		67.21
	VOUT_d2_dB		66.84	Yes
	VOUT_V		1.236	Yes
	VOUT_V_DC		1.534	Yes
	DC current consumption		-49.61u
	PSS_VIN	corner	CMOS_RES_CAP_VDD_TEMP_32 - 
	VIA_d2_dB		103.2
	VLF1_d2_dB		75.97
	VGA_d2_dB		76.27
	VLF2_d2_dB1		56.43
	VOUT_d2_dB		56.55	Near
	VOUT_V		1.225	Yes
	VOUT_V_DC		1.506	Yes
	DC current consumption		-48.13u
	PSS_VIN	corner	CMOS_RES_CAP_VDD_TEMP_33 - 
	VIA_d2_dB		99
	VLF1_d2_dB		79.03
	VGA_d2_dB		81.79
	VLF2_d2_dB1		71.73
	VOUT_d2_dB		70.84	Yes
	VOUT_V		1.187	Yes
	VOUT_V_DC		1.505	Yes
	DC current consumption		-48.31u
	PSS_VIN	corner	CMOS_RES_CAP_VDD_TEMP_34 - 
	VIA_d2_dB		106
	VLF1_d2_dB		78.1
	VGA_d2_dB		78.44
	VLF2_d2_dB1		67.73
	VOUT_d2_dB		67.66	Yes
	VOUT_V		1.24	Yes
	VOUT_V_DC		1.512	Yes
	DC current consumption		-48.44u
	PSS_VIN	corner	CMOS_RES_CAP_VDD_TEMP_35 - 
	VIA_d2_dB		104.4
	VLF1_d2_dB		86.57
	VGA_d2_dB		87.87
	VLF2_d2_dB1		75.97
	VOUT_d2_dB		74.95	Yes
	VOUT_V		1.205	Yes
	VOUT_V_DC		1.513	Yes
	DC current consumption		-48.69u
	PSS_VIN	corner	CMOS_RES_CAP_VDD_TEMP_36 - 
	VIA_d2_dB		105.1
	VLF1_d2_dB		75.16
	VGA_d2_dB		75.89
	VLF2_d2_dB1		64.91
	VOUT_d2_dB		64.53	Yes
	VOUT_V		1.235	Yes
	VOUT_V_DC		1.508	Yes
	DC current consumption		-48.36u
	PSS_VIN	corner	CMOS_RES_CAP_VDD_TEMP_37 - 
	VIA_d2_dB		99.4
	VLF1_d2_dB		90.25
	VGA_d2_dB		89.43
	VLF2_d2_dB1		72.44
	VOUT_d2_dB		71.66	Yes
	VOUT_V		1.205	Yes
	VOUT_V_DC		1.508	Yes
	DC current consumption		-48.56u
	PSS_VIN	corner	CMOS_RES_CAP_VDD_TEMP_38 - 
	VIA_d2_dB		114
	VLF1_d2_dB		84.08
	VGA_d2_dB		84.39
	VLF2_d2_dB1		70.22
	VOUT_d2_dB		69.78	Yes
	VOUT_V		1.246	Yes
	VOUT_V_DC		1.519	Yes
	DC current consumption		-48.73u
	PSS_VIN	corner	CMOS_RES_CAP_VDD_TEMP_39 - 
	VIA_d2_dB		113.5
	VLF1_d2_dB		90.2
	VGA_d2_dB		90.3
	VLF2_d2_dB1		74.67
	VOUT_d2_dB		73.51	Yes
	VOUT_V		1.213	Yes
	VOUT_V_DC		1.522	Yes
	DC current consumption		-50.27u
	PSS_VIN	corner	CMOS_RES_CAP_VDD_TEMP_40 - 
	VIA_d2_dB		109.2
	VLF1_d2_dB		75.27
	VGA_d2_dB		76.66
	VLF2_d2_dB1		56.76
	VOUT_d2_dB		56.88	Near
	VOUT_V		1.224	Yes
	VOUT_V_DC		1.506	Yes
	DC current consumption		-43.62u
	PSS_VIN	corner	CMOS_RES_CAP_VDD_TEMP_41 - 
	VIA_d2_dB		98.58
	VLF1_d2_dB		87.43
	VGA_d2_dB		82.76
	VLF2_d2_dB1		71.66
	VOUT_d2_dB		72.16	Yes
	VOUT_V		1.194	Yes
	VOUT_V_DC		1.506	Yes
	DC current consumption		-47.83u
	PSS_VIN	corner	CMOS_RES_CAP_VDD_TEMP_42 - 
	VIA_d2_dB		98.9
	VLF1_d2_dB		82.61
	VGA_d2_dB		83.14
	VLF2_d2_dB1		68.18
	VOUT_d2_dB		68.3	Yes
	VOUT_V		1.222	Yes
	VOUT_V_DC		1.512	Yes
	DC current consumption		-45.28u
	PSS_VIN	corner	CMOS_RES_CAP_VDD_TEMP_43 - 
	VIA_d2_dB		106.7
	VLF1_d2_dB		87.8
	VGA_d2_dB		90.05
	VLF2_d2_dB1		75.07
	VOUT_d2_dB		74.92	Yes
	VOUT_V		1.207	Yes
	VOUT_V_DC		1.513	Yes
	DC current consumption		-48.14u
	PSS_VIN	corner	CMOS_RES_CAP_VDD_TEMP_44 - 
	VIA_d2_dB		98.14
	VLF1_d2_dB		73.85
	VGA_d2_dB		74.22
	VLF2_d2_dB1		64.36
	VOUT_d2_dB		63.93	Yes
	VOUT_V		1.233	Yes
	VOUT_V_DC		1.508	Yes
	DC current consumption		-43.76u
	PSS_VIN	corner	CMOS_RES_CAP_VDD_TEMP_45 - 
	VIA_d2_dB		100.7
	VLF1_d2_dB		85.79
	VGA_d2_dB		86.57
	VLF2_d2_dB1		70.44
	VOUT_d2_dB		69.79	Yes
	VOUT_V		1.213	Yes
	VOUT_V_DC		1.509	Yes
	DC current consumption		-48.11u
	PSS_VIN	corner	CMOS_RES_CAP_VDD_TEMP_46 - 
	VIA_d2_dB		111.3
	VLF1_d2_dB		83.51
	VGA_d2_dB		84.07
	VLF2_d2_dB1		69.14
	VOUT_d2_dB		68.95	Yes
	VOUT_V		1.237	Yes
	VOUT_V_DC		1.519	Yes
	DC current consumption		-45.43u
	PSS_VIN	corner	CMOS_RES_CAP_VDD_TEMP_47 - 
	VIA_d2_dB		108
	VLF1_d2_dB		83.99
	VGA_d2_dB		84.39
	VLF2_d2_dB1		71.85
	VOUT_d2_dB		71.05	Yes
	VOUT_V		1.224	Yes
	VOUT_V_DC		1.522	Yes
	DC current consumption		-49.56u
	PSS_VIN	corner	CMOS_RES_CAP_VDD_TEMP_48 - 
	VIA_d2_dB		104.9
	VLF1_d2_dB		63.67
	VGA_d2_dB		63.72
	VLF2_d2_dB1		45.89
	VOUT_d2_dB		45.93	No
	VOUT_V		1.236	Yes
	VOUT_V_DC		1.509	Yes
	DC current consumption		-48.06u
	PSS_VIN	corner	CMOS_RES_CAP_VDD_TEMP_49 - 
	VIA_d2_dB		102.4
	VLF1_d2_dB		75.7
	VGA_d2_dB		75.89
	VLF2_d2_dB1		63.8
	VOUT_d2_dB		63.98	Yes
	VOUT_V		1.208	Yes
	VOUT_V_DC		1.508	Yes
	DC current consumption		-48.22u
	PSS_VIN	corner	CMOS_RES_CAP_VDD_TEMP_50 - 
	VIA_d2_dB		104.8
	VLF1_d2_dB		68.38
	VGA_d2_dB		68.42
	VLF2_d2_dB1		58.72
	VOUT_d2_dB		58.78	Near
	VOUT_V		1.243	Yes
	VOUT_V_DC		1.518	Yes
	DC current consumption		-48.37u
	PSS_VIN	corner	CMOS_RES_CAP_VDD_TEMP_51 - 
	VIA_d2_dB		97.34
	VLF1_d2_dB		79.32
	VGA_d2_dB		79.64
	VLF2_d2_dB1		68.83
	VOUT_d2_dB		68.85	Yes
	VOUT_V		1.22	Yes
	VOUT_V_DC		1.52	Yes
	DC current consumption		-48.61u
	PSS_VIN	corner	CMOS_RES_CAP_VDD_TEMP_52 - 
	VIA_d2_dB		103.7
	VLF1_d2_dB		67.03
	VGA_d2_dB		67.12
	VLF2_d2_dB1		57.68
	VOUT_d2_dB		57.71	Near
	VOUT_V		1.238	Yes
	VOUT_V_DC		1.512	Yes
	DC current consumption		-48.29u
	PSS_VIN	corner	CMOS_RES_CAP_VDD_TEMP_53 - 
	VIA_d2_dB		112
	VLF1_d2_dB		76.33
	VGA_d2_dB		76.62
	VLF2_d2_dB1		65.63
	VOUT_d2_dB		65.45	Yes
	VOUT_V		1.219	Yes
	VOUT_V_DC		1.513	Yes
	DC current consumption		-48.47u
	PSS_VIN	corner	CMOS_RES_CAP_VDD_TEMP_54 - 
	VIA_d2_dB		101
	VLF1_d2_dB		72.88
	VGA_d2_dB		72.85
	VLF2_d2_dB1		61.87
	VOUT_d2_dB		61.98	Yes
	VOUT_V		1.246	Yes
	VOUT_V_DC		1.529	Yes
	DC current consumption		-48.66u
	PSS_VIN	corner	CMOS_RES_CAP_VDD_TEMP_55 - 
	VIA_d2_dB		95.71
	VLF1_d2_dB		79.85
	VGA_d2_dB		79.86
	VLF2_d2_dB1		67.9
	VOUT_d2_dB		67.94	Yes
	VOUT_V		1.225	Yes
	VOUT_V_DC		1.533	Yes
	DC current consumption		-50.18u
	PSS_VIN	corner	CMOS_RES_CAP_VDD_TEMP_56 - 
	VIA_d2_dB		97.38
	VLF1_d2_dB		64.08
	VGA_d2_dB		64.13
	VLF2_d2_dB1		45.69
	VOUT_d2_dB		45.72	No
	VOUT_V		1.236	Yes
	VOUT_V_DC		1.51	Yes
	DC current consumption		-43.55u
	PSS_VIN	corner	CMOS_RES_CAP_VDD_TEMP_57 - 
	VIA_d2_dB		94.51
	VLF1_d2_dB		75.94
	VGA_d2_dB		76.42
	VLF2_d2_dB1		63.75
	VOUT_d2_dB		63.93	Yes
	VOUT_V		1.214	Yes
	VOUT_V_DC		1.508	Yes
	DC current consumption		-47.9u
	PSS_VIN	corner	CMOS_RES_CAP_VDD_TEMP_58 - 
	VIA_d2_dB		103.4
	VLF1_d2_dB		68.44
	VGA_d2_dB		68.53
	VLF2_d2_dB1		58.21
	VOUT_d2_dB		58.27	Near
	VOUT_V		1.232	Yes
	VOUT_V_DC		1.519	Yes
	DC current consumption		-45.08u
	PSS_VIN	corner	CMOS_RES_CAP_VDD_TEMP_59 - 
	VIA_d2_dB		103.1
	VLF1_d2_dB		76.64
	VGA_d2_dB		77.38
	VLF2_d2_dB1		66.87
	VOUT_d2_dB		66.94	Yes
	VOUT_V		1.224	Yes
	VOUT_V_DC		1.52	Yes
	DC current consumption		-48.21u
	PSS_VIN	corner	CMOS_RES_CAP_VDD_TEMP_60 - 
	VIA_d2_dB		103.8
	VLF1_d2_dB		66.91
	VGA_d2_dB		66.96
	VLF2_d2_dB1		57.27
	VOUT_d2_dB		57.31	Near
	VOUT_V		1.237	Yes
	VOUT_V_DC		1.512	Yes
	DC current consumption		-43.7u
	PSS_VIN	corner	CMOS_RES_CAP_VDD_TEMP_61 - 
	VIA_d2_dB		123.3
	VLF1_d2_dB		73.65
	VGA_d2_dB		73.82
	VLF2_d2_dB1		64.16
	VOUT_d2_dB		63.98	Yes
	VOUT_V		1.225	Yes
	VOUT_V_DC		1.513	Yes
	DC current consumption		-48.17u
	PSS_VIN	corner	CMOS_RES_CAP_VDD_TEMP_62 - 
	VIA_d2_dB		97.23
	VLF1_d2_dB		70.53
	VGA_d2_dB		70.49
	VLF2_d2_dB1		60.1
	VOUT_d2_dB		60.23	Yes
	VOUT_V		1.241	Yes
	VOUT_V_DC		1.529	Yes
	DC current consumption		-45.2u
	PSS_VIN	corner	CMOS_RES_CAP_VDD_TEMP_63 - 
	VIA_d2_dB		96.17
	VLF1_d2_dB		74.58
	VGA_d2_dB		74.7
	VLF2_d2_dB1		66.77
	VOUT_d2_dB		66.45	Yes
	VOUT_V		1.234	Yes
	VOUT_V_DC		1.534	Yes
	DC current consumption		-49.61u
	PSS_VIN	corner	Nominal - 
	VIA_d2_dB		113.1
	VLF1_d2_dB		80.16
	VGA_d2_dB		81.11
	VLF2_d2_dB1		67.12
	VOUT_d2_dB		67.11	Yes
	VOUT_V		1.228	Yes
	VOUT_V_DC		1.512	Yes
	DC current consumption		-48.25u
Design parameters: 
	FC		4K
	F0		3.3
	F1		3.3
	F2		0
	S0		3.3
	S1		0
	S2		0
	EN_CMFB		0

Interactive.76
Number of points completed: 1
Number of simulation errors: 0
Interactive.76 completed. 
Current time: Tue May 26 04:47:46 2026 
