Starting Monte Carlo Sampling...

Current time: Tue May 26 05:40:49 2026 

Variation: All
Sampling Method: Low-Discrepancy Sequence
Seed: 12345

MonteCarlo.1
Number of points completed: 100
Number of simulation errors: 0
MonteCarlo.1 completed. 
Current time: Tue May 26 05:43:02 2026 
Monte Carlo Sampling yield summary:
Number of spec values are in this yield data: 11
PSS_PXF_PNOISE_MC	Nominal - 
	CMRR_50Hz_dB:	Yield	0%
		Min 0	Max 0	Mean 0	Number of errors 100
PSS_PXF_PNOISE_MC	Nominal - 
	CM_Gain_50Hz:	Yield	0%
		Min 0	Max 0	Mean 0	Number of errors 100
PSS_PXF_PNOISE_MC	Nominal - 
	CM_Gain_50Hz_dB:	Yield	0%
		Min 0	Max 0	Mean 0	Number of errors 100
PSS_PXF_PNOISE_MC	Nominal - 
	CM_Gain_dB:	Yield	0%
		Min 0	Max 0	Mean 0	Number of errors 100
PSS_PXF_PNOISE_MC	Nominal - 
	Diff_Gain_50Hz:	Yield	0%
		Min 0	Max 0	Mean 0	Number of errors 100
PSS_PXF_PNOISE_MC	Nominal - 
	Diff_Gain_50Hz_dB:	Yield	0%
		Min 0	Max 0	Mean 0	Number of errors 100
PSS_PXF_PNOISE_MC	Nominal - 
	Diff_Gain_dB:	Yield	0%
		Min 0	Max 0	Mean 0	Number of errors 100
PSS_PXF_PNOISE_MC	Nominal - 
	Input_ref_noise_Vrms:	Yield	0%
		Min 0	Max 0	Mean 0	Number of errors 100
PSS_PXF_PNOISE_MC	Nominal - 
	Output_Noise_Vrms:	Yield	0%
		Min 0	Max 0	Mean 0	Number of errors 100
PSS_PXF_PNOISE_MC	Nominal - 
	Output_noise_Vrms:	Yield	0%
		Min 0	Max 0	Mean 0	Number of errors 100
PSS_PXF_PNOISE_MC	Nominal - 
	VOUT_V_DC:	Yield	100%
		Min 1.41495	Max 1.62374	Mean 1.51222	Sigma to Target 11.6985	Number of errors 0

PSS_PXF_PNOISE_MC
	Overall Yield	100%	Number of points passed	100	Total number of points	100

Estimated yield = 100% (100/100), 100 errors
Estimated yield (No opregions) = 100% (100/100)
