Starting Monte Carlo Sampling...

Current time: Tue May 26 05:17:09 2026 

Variation: All
Sampling Method: Low-Discrepancy Sequence
Seed: 12345

MonteCarlo.0
Number of points completed: 100
Number of simulation errors: 0
MonteCarlo.0 completed. 
Current time: Tue May 26 05:38:36 2026 
Monte Carlo Sampling yield summary:
Number of spec values are in this yield data: 13
PSS_VIN_MC	Nominal - 
	VGA_d2_dB:	Yield	100%
		Min 77.7557	Max 85.3435	Mean 81.418	Number of errors 0
PSS_VIN_MC	Nominal - 
	VIA_d2_dB:	Yield	100%
		Min 55.6426	Max 82.9389	Mean 69.3958	Number of errors 0
PSS_VIN_MC	Nominal - 
	VLF1_d2_dB:	Yield	100%
		Min 77.5345	Max 83.7066	Mean 80.6146	Number of errors 0
PSS_VIN_MC	Nominal - 
	VLF2_d2_dB1:	Yield	100%
		Min 67.7557	Max 72.7165	Mean 69.8863	Number of errors 0
PSS_VIN_MC	Nominal - 
	VOUT_V:	Yield	100%
		Min 1.21758	Max 1.23782	Mean 1.22882	Sigma to Target 27.8577	Number of errors 0
PSS_VIN_MC	Nominal - 
	VOUT_V_DC:	Yield	100%
		Min 1.44513	Max 1.52908	Mean 1.47873	Sigma to Target 13.6114	Number of errors 0
PSS_VIN_MC	Nominal - 
	VOUT_d2_dB:	Yield	100%
		Min 67.6258	Max 73.1293	Mean 69.8102	Sigma to Target 4.53108	Number of errors 0
PSS_VIN_MC	Nominal - 
	v /I19/VGA; pss (V):	Yield	0%
		Min 0	Max 0	Mean 0	Number of errors 0
PSS_VIN_MC	Nominal - 
	v /I19/VIA; pss (V):	Yield	0%
		Min 0	Max 0	Mean 0	Number of errors 0
PSS_VIN_MC	Nominal - 
	v /I19/VLF1; pss (V):	Yield	0%
		Min 0	Max 0	Mean 0	Number of errors 0
PSS_VIN_MC	Nominal - 
	v /I19/VLF2; pss (V):	Yield	0%
		Min 0	Max 0	Mean 0	Number of errors 0
PSS_VIN_MC	Nominal - 
	v /VOUT; pss (V):	Yield	0%
		Min 0	Max 0	Mean 0	Number of errors 0
PSS_VIN_MC	Nominal - 
	v /VOUT; pss dB20(V):	Yield	0%
		Min 0	Max 0	Mean 0	Number of errors 0

PSS_VIN_MC
	Overall Yield	100%	Number of points passed	6	Total number of points	6

Estimated yield = 100% (6/6), 0 errors
Estimated yield (No opregions) = 100% (6/6)
