Starting Monte Carlo Sampling...

Current time: Tue May 26 05:51:46 2026 

Variation: All
Sampling Method: Low-Discrepancy Sequence
Seed: 12345

MonteCarlo.2
Number of points completed: 100
Number of simulation errors: 0
MonteCarlo.2 completed. 
Current time: Tue May 26 06:27:39 2026 
Monte Carlo Sampling yield summary:
Number of spec values are in this yield data: 11
PSS_PXF_PNOISE_MC	Nominal - 
	CMRR_50Hz_dB:	Yield	0%
		Min 0	Max 0	Mean 0	Number of errors 0
PSS_PXF_PNOISE_MC	Nominal - 
	CM_Gain_50Hz:	Yield	0%
		Min 0	Max 0	Mean 0	Number of errors 0
PSS_PXF_PNOISE_MC	Nominal - 
	CM_Gain_50Hz_dB:	Yield	0%
		Min 0	Max 0	Mean 0	Number of errors 0
PSS_PXF_PNOISE_MC	Nominal - 
	CM_Gain_dB:	Yield	0%
		Min 0	Max 0	Mean 0	Number of errors 0
PSS_PXF_PNOISE_MC	Nominal - 
	Diff_Gain_50Hz:	Yield	0%
		Min 0	Max 0	Mean 0	Number of errors 0
PSS_PXF_PNOISE_MC	Nominal - 
	Diff_Gain_50Hz_dB:	Yield	0%
		Min 0	Max 0	Mean 0	Number of errors 0
PSS_PXF_PNOISE_MC	Nominal - 
	Diff_Gain_dB:	Yield	0%
		Min 0	Max 0	Mean 0	Number of errors 0
PSS_PXF_PNOISE_MC	Nominal - 
	Input_ref_noise_Vrms:	Yield	0%
		Min 0	Max 0	Mean 0	Number of errors 0
PSS_PXF_PNOISE_MC	Nominal - 
	Output_Noise_Vrms:	Yield	0%
		Min 0	Max 0	Mean 0	Number of errors 0
PSS_PXF_PNOISE_MC	Nominal - 
	Output_noise_Vrms:	Yield	0%
		Min 0	Max 0	Mean 0	Number of errors 0
PSS_PXF_PNOISE_MC	Nominal - 
	VOUT_V_DC:	Yield	0%
		Min 0	Max 0	Mean 0	Number of errors 0

PSS_PXF_PNOISE_MC
	Overall Yield	0%	Number of points passed	0	Total number of points	0

Estimated yield = 0% (0/0), 0 errors
Estimated yield (No opregions) = 0% (0/0)
