================================================================================
Rule No. 44 : # INFO: Don't use -resimulate_extracted- Switch for standard LVS but only for QRC! #

Real Error Count : 21; Flat Error Count : 185
================================================================================

--------------------------------------------------------------------------------
Cell Name : pmos4 layout PRIMLIB l="15u" in1=MP428029

                   Cell Errors    Real Errors   Cell Placements     Environments
                             1              1               104                1
--------------------------------------------------------------------------------
Env.  Env. Placements            X1           Y1          X2           Y2

  1      104                 24.125        1.525      43.225       13.925

Shape               Environments Status & Error Marker 

          1           X1         Y1         X2         Y2

   1      X       -1.200     -1.200     11.200     17.900

--------------------------------------------------------------------------------
Cell Name : pmos4_A1 array 8 13 17.3 21.8 r90

                   Cell Errors    Real Errors   Cell Placements     Environments
                             7              7                 1                1
--------------------------------------------------------------------------------
Env.  Env. Placements            X1           Y1          X2           Y2

  1        1                 24.125        1.525     250.825      166.525

Shape               Environments Status & Error Marker 

          1           X1         Y1         X2         Y2

   1      X      -17.900     11.200    208.800     20.600
   2      X      -17.900     33.000    208.800     42.400
   3      X      -17.900     54.800    208.800     64.200
   4      X      -17.900     76.600    208.800     86.000
   5      X      -17.900     98.400    208.800    107.800
   6      X      -17.900    120.200    208.800    129.600
   7      X      -17.900    142.000    208.800    151.400

--------------------------------------------------------------------------------
Cell Name : rpolyhc layout PRIMLIB Bends=10 Dummy=TRUE ResShape="90_deg" gwell="N-Well" l="500u" r="1M" w="0.8u" in1=R15

                   Cell Errors    Real Errors   Cell Placements     Environments
                             1              1                16                1
--------------------------------------------------------------------------------
Env.  Env. Placements            X1           Y1          X2           Y2

  1       16                469.100       12.400     523.950       38.000

Shape               Environments Status & Error Marker 

          1           X1         Y1         X2         Y2

   1      X       -5.350     -4.650     49.500     20.950

--------------------------------------------------------------------------------
Cell Name : pmos4 layout PRIMLIB l="4u" in1=MP128929

                   Cell Errors    Real Errors   Cell Placements     Environments
                             1              1                24                1
--------------------------------------------------------------------------------
Env.  Env. Placements            X1           Y1          X2           Y2

  1       24                295.125      138.700     303.225      151.100

Shape               Environments Status & Error Marker 

          1           X1         Y1         X2         Y2

   1      X       -1.200     -1.200     11.200      6.900

--------------------------------------------------------------------------------
Cell Name : nmos4 layout PRIMLIB jd=FALSE jg="no" js=FALSE l="8u" ng="4" w="5u" wtot="20u" in1=MN2

                   Cell Errors    Real Errors   Cell Placements     Environments
                             1              1                 2                1
--------------------------------------------------------------------------------
Env.  Env. Placements            X1           Y1          X2           Y2

  1        2                281.375       59.950     318.575       65.750

Shape               Environments Status & Error Marker 

          1           X1         Y1         X2         Y2

   1      X       -0.400     -0.250      5.400     36.950

--------------------------------------------------------------------------------
Cell Name : nmos4 layout PRIMLIB l="12u" in1=MN428129

                   Cell Errors    Real Errors   Cell Placements     Environments
                             1              1                 4                1
--------------------------------------------------------------------------------
Env.  Env. Placements            X1           Y1          X2           Y2

  1        4                298.250       14.050     312.450       24.850

Shape               Environments Status & Error Marker 

          1           X1         Y1         X2         Y2

   1      X       -0.400     -0.250     10.400     13.950

--------------------------------------------------------------------------------
Cell Name : nmos4 layout PRIMLIB l="15u" w="7.5u" wtot="7.5u" in1=MN928329

                   Cell Errors    Real Errors   Cell Placements     Environments
                             1              1                12                1
--------------------------------------------------------------------------------
Env.  Env. Placements            X1           Y1          X2           Y2

  1       12                291.325       85.150     308.525       93.450

Shape               Environments Status & Error Marker 

          1           X1         Y1         X2         Y2

   1      X       -0.400     -0.250      7.900     16.950

--------------------------------------------------------------------------------
Cell Name : mux21 layout YAOWEN

                   Cell Errors    Real Errors   Cell Placements     Environments
                             1              1                 4                1
--------------------------------------------------------------------------------
Env.  Env. Placements            X1           Y1          X2           Y2

  1        4                415.000       -9.450     443.900        9.450

Shape               Environments Status & Error Marker 

          1           X1         Y1         X2         Y2

   1      X        0.350      0.350     29.250     19.250

--------------------------------------------------------------------------------
Cell Name : cpolyc layout PRIMLIB area="1.23n" c="1.07p" gwell="N-Well" l="35.45u" perimeter="140.3u" rbottom="Cont" rleft="Cont" id_=d867af619ef89a5c in1=C528129

                   Cell Errors    Real Errors   Cell Placements     Environments
                             1              1                 6                1
--------------------------------------------------------------------------------
Env.  Env. Placements            X1           Y1          X2           Y2

  1        6                430.525      101.350     471.475      140.750

Shape               Environments Status & Error Marker 

          1           X1         Y1         X2         Y2

   1      X       -1.350     -1.350     39.600     38.050

--------------------------------------------------------------------------------
Cell Name : VGA_1 layout YAOWEN

                   Cell Errors    Real Errors   Cell Placements     Environments
                             6              6                 1                1
--------------------------------------------------------------------------------
Env.  Env. Placements            X1           Y1          X2           Y2

  1        1                  1.700      -18.025     630.000      196.650

Shape               Environments Status & Error Marker 

          1           X1         Y1         X2         Y2

   1      X        1.700    -18.025    372.525    196.650
   2      X      308.625    -18.025    355.875    138.700
   3      X      343.225    -18.025    443.900    196.650
   4      X      343.225     65.750    355.875     85.150
   5      X      420.250     96.800    621.650    196.650
   6      X      443.900    -18.025    630.000    196.650

================================================================================
Rule No. 45 : # C35B4 ENG - 183 Rev9 (Last updated 26-Apr-2017 12:48) #

Real Error Count : 21; Flat Error Count : 185
================================================================================

--------------------------------------------------------------------------------
Cell Name : pmos4 layout PRIMLIB l="15u" in1=MP428029

                   Cell Errors    Real Errors   Cell Placements     Environments
                             1              1               104                1
--------------------------------------------------------------------------------
Env.  Env. Placements            X1           Y1          X2           Y2

  1      104                 24.125        1.525      43.225       13.925

Shape               Environments Status & Error Marker 

          1           X1         Y1         X2         Y2

   1      X       -1.200     -1.200     11.200     17.900

--------------------------------------------------------------------------------
Cell Name : pmos4_A1 array 8 13 17.3 21.8 r90

                   Cell Errors    Real Errors   Cell Placements     Environments
                             7              7                 1                1
--------------------------------------------------------------------------------
Env.  Env. Placements            X1           Y1          X2           Y2

  1        1                 24.125        1.525     250.825      166.525

Shape               Environments Status & Error Marker 

          1           X1         Y1         X2         Y2

   1      X      -17.900     11.200    208.800     20.600
   2      X      -17.900     33.000    208.800     42.400
   3      X      -17.900     54.800    208.800     64.200
   4      X      -17.900     76.600    208.800     86.000
   5      X      -17.900     98.400    208.800    107.800
   6      X      -17.900    120.200    208.800    129.600
   7      X      -17.900    142.000    208.800    151.400

--------------------------------------------------------------------------------
Cell Name : rpolyhc layout PRIMLIB Bends=10 Dummy=TRUE ResShape="90_deg" gwell="N-Well" l="500u" r="1M" w="0.8u" in1=R15

                   Cell Errors    Real Errors   Cell Placements     Environments
                             1              1                16                1
--------------------------------------------------------------------------------
Env.  Env. Placements            X1           Y1          X2           Y2

  1       16                469.100       12.400     523.950       38.000

Shape               Environments Status & Error Marker 

          1           X1         Y1         X2         Y2

   1      X       -5.350     -4.650     49.500     20.950

--------------------------------------------------------------------------------
Cell Name : pmos4 layout PRIMLIB l="4u" in1=MP128929

                   Cell Errors    Real Errors   Cell Placements     Environments
                             1              1                24                1
--------------------------------------------------------------------------------
Env.  Env. Placements            X1           Y1          X2           Y2

  1       24                295.125      138.700     303.225      151.100

Shape               Environments Status & Error Marker 

          1           X1         Y1         X2         Y2

   1      X       -1.200     -1.200     11.200      6.900

--------------------------------------------------------------------------------
Cell Name : nmos4 layout PRIMLIB jd=FALSE jg="no" js=FALSE l="8u" ng="4" w="5u" wtot="20u" in1=MN2

                   Cell Errors    Real Errors   Cell Placements     Environments
                             1              1                 2                1
--------------------------------------------------------------------------------
Env.  Env. Placements            X1           Y1          X2           Y2

  1        2                281.375       59.950     318.575       65.750

Shape               Environments Status & Error Marker 

          1           X1         Y1         X2         Y2

   1      X       -0.400     -0.250      5.400     36.950

--------------------------------------------------------------------------------
Cell Name : nmos4 layout PRIMLIB l="12u" in1=MN428129

                   Cell Errors    Real Errors   Cell Placements     Environments
                             1              1                 4                1
--------------------------------------------------------------------------------
Env.  Env. Placements            X1           Y1          X2           Y2

  1        4                298.250       14.050     312.450       24.850

Shape               Environments Status & Error Marker 

          1           X1         Y1         X2         Y2

   1      X       -0.400     -0.250     10.400     13.950

--------------------------------------------------------------------------------
Cell Name : nmos4 layout PRIMLIB l="15u" w="7.5u" wtot="7.5u" in1=MN928329

                   Cell Errors    Real Errors   Cell Placements     Environments
                             1              1                12                1
--------------------------------------------------------------------------------
Env.  Env. Placements            X1           Y1          X2           Y2

  1       12                291.325       85.150     308.525       93.450

Shape               Environments Status & Error Marker 

          1           X1         Y1         X2         Y2

   1      X       -0.400     -0.250      7.900     16.950

--------------------------------------------------------------------------------
Cell Name : mux21 layout YAOWEN

                   Cell Errors    Real Errors   Cell Placements     Environments
                             1              1                 4                1
--------------------------------------------------------------------------------
Env.  Env. Placements            X1           Y1          X2           Y2

  1        4                415.000       -9.450     443.900        9.450

Shape               Environments Status & Error Marker 

          1           X1         Y1         X2         Y2

   1      X        0.350      0.350     29.250     19.250

--------------------------------------------------------------------------------
Cell Name : cpolyc layout PRIMLIB area="1.23n" c="1.07p" gwell="N-Well" l="35.45u" perimeter="140.3u" rbottom="Cont" rleft="Cont" id_=d867af619ef89a5c in1=C528129

                   Cell Errors    Real Errors   Cell Placements     Environments
                             1              1                 6                1
--------------------------------------------------------------------------------
Env.  Env. Placements            X1           Y1          X2           Y2

  1        6                430.525      101.350     471.475      140.750

Shape               Environments Status & Error Marker 

          1           X1         Y1         X2         Y2

   1      X       -1.350     -1.350     39.600     38.050

--------------------------------------------------------------------------------
Cell Name : VGA_1 layout YAOWEN

                   Cell Errors    Real Errors   Cell Placements     Environments
                             6              6                 1                1
--------------------------------------------------------------------------------
Env.  Env. Placements            X1           Y1          X2           Y2

  1        1                  1.700      -18.025     630.000      196.650

Shape               Environments Status & Error Marker 

          1           X1         Y1         X2         Y2

   1      X        1.700    -18.025    372.525    196.650
   2      X      308.625    -18.025    355.875    138.700
   3      X      343.225    -18.025    443.900    196.650
   4      X      343.225     65.750    355.875     85.150
   5      X      420.250     96.800    621.650    196.650
   6      X      443.900    -18.025    630.000    196.650

