================================================================================
Rule No. 421 : INFO: hot nwell

Real Error Count : 11; Flat Error Count : 37
================================================================================

--------------------------------------------------------------------------------
Cell Name : pmos4 layout PRIMLIB jd=FALSE js=FALSE l="350n" ng="20" w="15u" wtot="300u" in1=MP128129

                   Cell Errors    Real Errors   Cell Placements     Environments
                             1              1                 4                1
--------------------------------------------------------------------------------
Env.  Env. Placements            X1           Y1          X2           Y2

  1        4                135.125      156.575     165.225      173.975

Shape               Environments Status & Error Marker 

          1           X1         Y1         X2         Y2

   1      X       -1.200     -1.200     16.200     28.900

--------------------------------------------------------------------------------
Cell Name : cpolyc layout PRIMLIB area="3.5n" c="3.03p" gwell="N-Well" l="70u" perimeter="240u" rbottom="Cont" rleft="Cont" rright="Cont" id_=5d5c206d9147e606 in1=C928329

                   Cell Errors    Real Errors   Cell Placements     Environments
                             1              1                24                1
--------------------------------------------------------------------------------
Env.  Env. Placements            X1           Y1          X2           Y2

  1       24                308.750       21.950     384.250       76.650

Shape               Environments Status & Error Marker 

          1           X1         Y1         X2         Y2

   1      X       -1.350     -1.350     74.150     53.350

--------------------------------------------------------------------------------
Cell Name : gmc_5_fc layout FECG

                   Cell Errors    Real Errors   Cell Placements     Environments
                             9              9                 1                1
--------------------------------------------------------------------------------
Env.  Env. Placements            X1           Y1          X2           Y2

  1        1                133.900       13.950     925.750      195.150

Shape               Environments Status & Error Marker 

          1           X1         Y1         X2         Y2

   1      X      133.900    156.550    166.450    174.000
   2      X      133.900    177.700    166.450    195.150
   3      X      170.000    156.550    202.550    174.000
   4      X      170.000    177.700    202.550    195.150
   5      X      256.925     13.950    541.250    190.100
   6      X      465.750     16.700    772.750    190.100
   7      X      465.750     76.650    541.250     77.650
   8      X      697.250     16.700    925.750    190.100
   9      X      697.250     76.650    772.750     77.650

================================================================================
Rule No. 510 : M1_R_1 Minimum density of MET1 area [%] = 30

Real Error Count : 1; Flat Error Count : 2
================================================================================

--------------------------------------------------------------------------------
Cell Name : gmc_5_fc layout FECG

                   Cell Errors    Real Errors   Cell Placements     Environments
                             2              1                 1                1
--------------------------------------------------------------------------------
Env.  Env. Placements            X1           Y1          X2           Y2

  1        1                  0.400        0.400     928.700      220.200

Shape               Environments Status & Error Marker 

          1           X1         Y1         X2         Y2

   1      X        0.400      0.400    928.700    220.200

================================================================================
Rule No. 521 : M2_R_1 Minimum density of MET2 area [%] = 30

Real Error Count : 1; Flat Error Count : 2
================================================================================

--------------------------------------------------------------------------------
Cell Name : gmc_5_fc layout FECG

                   Cell Errors    Real Errors   Cell Placements     Environments
                             2              1                 1                1
--------------------------------------------------------------------------------
Env.  Env. Placements            X1           Y1          X2           Y2

  1        1                  0.400        0.400     928.700      220.200

Shape               Environments Status & Error Marker 

          1           X1         Y1         X2         Y2

   1      X        0.400      0.400    928.700    220.200

================================================================================
Rule No. 532 : M3_R_1 Minimum density of MET3 area [%] = 30

Real Error Count : 1; Flat Error Count : 2
================================================================================

--------------------------------------------------------------------------------
Cell Name : gmc_5_fc layout FECG

                   Cell Errors    Real Errors   Cell Placements     Environments
                             2              1                 1                1
--------------------------------------------------------------------------------
Env.  Env. Placements            X1           Y1          X2           Y2

  1        1                  0.400        0.400     928.700      220.200

Shape               Environments Status & Error Marker 

          1           X1         Y1         X2         Y2

   1      X        0.400      0.400    928.700    220.200

================================================================================
Rule No. 544 : M4_R_1 Minimum density of MET4 area [%] = 30

Real Error Count : 1; Flat Error Count : 2
================================================================================

--------------------------------------------------------------------------------
Cell Name : gmc_5_fc layout FECG

                   Cell Errors    Real Errors   Cell Placements     Environments
                             2              1                 1                1
--------------------------------------------------------------------------------
Env.  Env. Placements            X1           Y1          X2           Y2

  1        1                  0.400        0.400     928.700      220.200

Shape               Environments Status & Error Marker 

          1           X1         Y1         X2         Y2

   1      X        0.400      0.400    928.700    220.200

================================================================================
Rule No. 719 : AMTS1 Maximum MTOP spacing when the width of one or both MTOP shapes is less than 10um = 10

Real Error Count : 1; Flat Error Count : 1
================================================================================

--------------------------------------------------------------------------------
Cell Name : gmc_5_fc layout FECG

                   Cell Errors    Real Errors   Cell Placements     Environments
                             1              1                 1                1
--------------------------------------------------------------------------------
Env.  Env. Placements            X1           Y1          X2           Y2

  1        1                103.675       45.700     314.450      220.200

Shape               Environments Status & Error Marker 

          1           X1         Y1         X2         Y2

   1      X      103.675     45.700    314.450    220.200

================================================================================
Rule No. 773 : ERC Warning: Gates connected to VSS/GND

Real Error Count : 28; Flat Error Count : 28
================================================================================

--------------------------------------------------------------------------------
Cell Name : gmc_5_fc layout FECG

                   Cell Errors    Real Errors   Cell Placements     Environments
                            28             28                 1                1
--------------------------------------------------------------------------------
Env.  Env. Placements            X1           Y1          X2           Y2

  1        1                  7.300       17.050      51.550       89.550

Shape               Environments Status & Error Marker 

          1           X1         Y1         X2         Y2

   1      X        7.300     17.050      9.300     21.050
   2      X        7.300     85.550      9.300     89.550
   3      X       10.550     17.050     12.550     21.050
   4      X       10.550     85.550     12.550     89.550
   5      X       13.800     17.050     15.800     21.050
   6      X       13.800     85.550     15.800     89.550
   7      X       17.050     17.050     19.050     21.050
   8      X       17.050     85.550     19.050     89.550
   9      X       20.300     17.050     22.300     21.050
  10      X       20.300     85.550     22.300     89.550
  11      X       23.550     17.050     25.550     21.050
  12      X       23.550     85.550     25.550     89.550
  13      X       26.800     17.050     28.800     21.050
  14      X       26.800     85.550     28.800     89.550
  15      X       30.050     17.050     32.050     21.050
  16      X       30.050     85.550     32.050     89.550
  17      X       33.300     17.050     35.300     21.050
  18      X       33.300     85.550     35.300     89.550
  19      X       36.550     17.050     38.550     21.050
  20      X       36.550     85.550     38.550     89.550
  21      X       39.800     17.050     41.800     21.050
  22      X       39.800     85.550     41.800     89.550
  23      X       43.050     17.050     45.050     21.050
  24      X       43.050     85.550     45.050     89.550
  25      X       46.300     17.050     48.300     21.050
  26      X       46.300     85.550     48.300     89.550
  27      X       49.550     17.050     51.550     21.050
  28      X       49.550     85.550     51.550     89.550

================================================================================
Rule No. 1476 : # INFO: C35B4/C35B3 ASSURA DRC DECK (REV9 DATE 26-Apr-2011) Last modified 07-Sept-2016 #

Real Error Count : 1; Flat Error Count : 1
================================================================================

--------------------------------------------------------------------------------
Cell Name : gmc_5_fc layout FECG

                   Cell Errors    Real Errors   Cell Placements     Environments
                             1              1                 1                1
--------------------------------------------------------------------------------
Env.  Env. Placements            X1           Y1          X2           Y2

  1        1                  0.400        0.400     928.700      220.200

Shape               Environments Status & Error Marker 

          1           X1         Y1         X2         Y2

   1      X        0.400      0.400    928.700    220.200

