================================================================================
Rule No. 44 : # INFO: Don't use -resimulate_extracted- Switch for standard LVS but only for QRC! #

Real Error Count : 23; Flat Error Count : 112
================================================================================

--------------------------------------------------------------------------------
Cell Name : cvar layout PRIMLIB col=10 row=15 in1=C128529

                   Cell Errors    Real Errors   Cell Placements     Environments
                             1              1                 6                1
--------------------------------------------------------------------------------
Env.  Env. Placements            X1           Y1          X2           Y2

  1        6                100.375       13.250     122.475      137.750

Shape               Environments Status & Error Marker 

          1           X1         Y1         X2         Y2

   1      X       -2.275     -1.550     19.825    122.950

--------------------------------------------------------------------------------
Cell Name : cvar_A1 array 1 6 23.15 0 my

                   Cell Errors    Real Errors   Cell Placements     Environments
                             5              5                 1                1
--------------------------------------------------------------------------------
Env.  Env. Placements            X1           Y1          X2           Y2

  1        1                100.375       13.250     238.225      137.750

Shape               Environments Status & Error Marker 

          1           X1         Y1         X2         Y2

   1      X        2.275     -1.550      3.325    122.950
   2      X       25.425     -1.550     26.475    122.950
   3      X       48.575     -1.550     49.625    122.950
   4      X       71.725     -1.550     72.775    122.950
   5      X       94.875     -1.550     95.925    122.950

--------------------------------------------------------------------------------
Cell Name : pmos4 layout PRIMLIB l="1u" w="5u" wtot="5u" in1=MP5

                   Cell Errors    Real Errors   Cell Placements     Environments
                             1              1                 2                1
--------------------------------------------------------------------------------
Env.  Env. Placements            X1           Y1          X2           Y2

  1        2                100.250      166.925     107.650      172.025

Shape               Environments Status & Error Marker 

          1           X1         Y1         X2         Y2

   1      X       -1.200     -1.200      6.200      3.900

--------------------------------------------------------------------------------
Cell Name : pmos4 layout PRIMLIB l="2u" w="5u" wtot="5u" in1=MP3028129

                   Cell Errors    Real Errors   Cell Placements     Environments
                             1              1                14                1
--------------------------------------------------------------------------------
Env.  Env. Placements            X1           Y1          X2           Y2

  1       14                117.400      166.375     124.800      172.475

Shape               Environments Status & Error Marker 

          1           X1         Y1         X2         Y2

   1      X       -1.200     -1.200      6.200      4.900

--------------------------------------------------------------------------------
Cell Name : pmos4 layout PRIMLIB l="5u" w="8.35u" wtot="8.35u" in1=MP428529

                   Cell Errors    Real Errors   Cell Placements     Environments
                             1              1                16                1
--------------------------------------------------------------------------------
Env.  Env. Placements            X1           Y1          X2           Y2

  1       16                 21.450      148.475      30.550      159.225

Shape               Environments Status & Error Marker 

          1           X1         Y1         X2         Y2

   1      X       -1.200     -1.200      9.550      7.900

--------------------------------------------------------------------------------
Cell Name : pmos4 layout PRIMLIB l="30u" in1=MP2928129

                   Cell Errors    Real Errors   Cell Placements     Environments
                             1              1                19                1
--------------------------------------------------------------------------------
Env.  Env. Placements            X1           Y1          X2           Y2

  1       19                 21.100      220.950      33.500      255.050

Shape               Environments Status & Error Marker 

          1           X1         Y1         X2         Y2

   1      X       -1.200     -1.200     11.200     32.900

--------------------------------------------------------------------------------
Cell Name : nmos4 layout PRIMLIB l="10u" w="5u" wtot="5u" in1=MN628129

                   Cell Errors    Real Errors   Cell Placements     Environments
                             1              1                 7                1
--------------------------------------------------------------------------------
Env.  Env. Placements            X1           Y1          X2           Y2

  1        7                 19.550      116.575      25.350      128.775

Shape               Environments Status & Error Marker 

          1           X1         Y1         X2         Y2

   1      X       -0.400     -0.250      5.400     11.950

--------------------------------------------------------------------------------
Cell Name : nmos4 layout PRIMLIB l="1u" w="28.5u" wtot="28.5u" in1=MN528329

                   Cell Errors    Real Errors   Cell Placements     Environments
                             1              1                32                1
--------------------------------------------------------------------------------
Env.  Env. Placements            X1           Y1          X2           Y2

  1       32                 28.600       28.725      31.800       58.025

Shape               Environments Status & Error Marker 

          1           X1         Y1         X2         Y2

   1      X       -0.400     -0.250     28.900      2.950

--------------------------------------------------------------------------------
Cell Name : fbias_cur_ref2_layout layout FBIAS

                   Cell Errors    Real Errors   Cell Placements     Environments
                            11             11                 1                1
--------------------------------------------------------------------------------
Env.  Env. Placements            X1           Y1          X2           Y2

  1        1                 -1.400        1.300     250.550      271.950

Shape               Environments Status & Error Marker 

          1           X1         Y1         X2         Y2

   1      X       -1.400      1.300    236.000    271.950
   2      X       31.600     94.175     31.800    148.475
   3      X       31.800      1.300     44.100    148.475
   4      X       38.500     58.025     41.700     64.875
   5      X       41.800      1.300     51.600    148.475
   6      X       50.800      1.300     62.850    148.475
   7      X       61.500      1.300     74.700    148.475
   8      X       71.500     58.025     74.700     64.875
   9      X       74.700      1.300    238.225    220.950
  10      X      199.800    137.750    238.225    271.950
  11      X      238.225      1.300    250.550    271.950

================================================================================
Rule No. 45 : # C35B4 ENG - 183 Rev9 (Last updated 26-Apr-2017 12:48) #

Real Error Count : 23; Flat Error Count : 112
================================================================================

--------------------------------------------------------------------------------
Cell Name : cvar layout PRIMLIB col=10 row=15 in1=C128529

                   Cell Errors    Real Errors   Cell Placements     Environments
                             1              1                 6                1
--------------------------------------------------------------------------------
Env.  Env. Placements            X1           Y1          X2           Y2

  1        6                100.375       13.250     122.475      137.750

Shape               Environments Status & Error Marker 

          1           X1         Y1         X2         Y2

   1      X       -2.275     -1.550     19.825    122.950

--------------------------------------------------------------------------------
Cell Name : cvar_A1 array 1 6 23.15 0 my

                   Cell Errors    Real Errors   Cell Placements     Environments
                             5              5                 1                1
--------------------------------------------------------------------------------
Env.  Env. Placements            X1           Y1          X2           Y2

  1        1                100.375       13.250     238.225      137.750

Shape               Environments Status & Error Marker 

          1           X1         Y1         X2         Y2

   1      X        2.275     -1.550      3.325    122.950
   2      X       25.425     -1.550     26.475    122.950
   3      X       48.575     -1.550     49.625    122.950
   4      X       71.725     -1.550     72.775    122.950
   5      X       94.875     -1.550     95.925    122.950

--------------------------------------------------------------------------------
Cell Name : pmos4 layout PRIMLIB l="1u" w="5u" wtot="5u" in1=MP5

                   Cell Errors    Real Errors   Cell Placements     Environments
                             1              1                 2                1
--------------------------------------------------------------------------------
Env.  Env. Placements            X1           Y1          X2           Y2

  1        2                100.250      166.925     107.650      172.025

Shape               Environments Status & Error Marker 

          1           X1         Y1         X2         Y2

   1      X       -1.200     -1.200      6.200      3.900

--------------------------------------------------------------------------------
Cell Name : pmos4 layout PRIMLIB l="2u" w="5u" wtot="5u" in1=MP3028129

                   Cell Errors    Real Errors   Cell Placements     Environments
                             1              1                14                1
--------------------------------------------------------------------------------
Env.  Env. Placements            X1           Y1          X2           Y2

  1       14                117.400      166.375     124.800      172.475

Shape               Environments Status & Error Marker 

          1           X1         Y1         X2         Y2

   1      X       -1.200     -1.200      6.200      4.900

--------------------------------------------------------------------------------
Cell Name : pmos4 layout PRIMLIB l="5u" w="8.35u" wtot="8.35u" in1=MP428529

                   Cell Errors    Real Errors   Cell Placements     Environments
                             1              1                16                1
--------------------------------------------------------------------------------
Env.  Env. Placements            X1           Y1          X2           Y2

  1       16                 21.450      148.475      30.550      159.225

Shape               Environments Status & Error Marker 

          1           X1         Y1         X2         Y2

   1      X       -1.200     -1.200      9.550      7.900

--------------------------------------------------------------------------------
Cell Name : pmos4 layout PRIMLIB l="30u" in1=MP2928129

                   Cell Errors    Real Errors   Cell Placements     Environments
                             1              1                19                1
--------------------------------------------------------------------------------
Env.  Env. Placements            X1           Y1          X2           Y2

  1       19                 21.100      220.950      33.500      255.050

Shape               Environments Status & Error Marker 

          1           X1         Y1         X2         Y2

   1      X       -1.200     -1.200     11.200     32.900

--------------------------------------------------------------------------------
Cell Name : nmos4 layout PRIMLIB l="10u" w="5u" wtot="5u" in1=MN628129

                   Cell Errors    Real Errors   Cell Placements     Environments
                             1              1                 7                1
--------------------------------------------------------------------------------
Env.  Env. Placements            X1           Y1          X2           Y2

  1        7                 19.550      116.575      25.350      128.775

Shape               Environments Status & Error Marker 

          1           X1         Y1         X2         Y2

   1      X       -0.400     -0.250      5.400     11.950

--------------------------------------------------------------------------------
Cell Name : nmos4 layout PRIMLIB l="1u" w="28.5u" wtot="28.5u" in1=MN528329

                   Cell Errors    Real Errors   Cell Placements     Environments
                             1              1                32                1
--------------------------------------------------------------------------------
Env.  Env. Placements            X1           Y1          X2           Y2

  1       32                 28.600       28.725      31.800       58.025

Shape               Environments Status & Error Marker 

          1           X1         Y1         X2         Y2

   1      X       -0.400     -0.250     28.900      2.950

--------------------------------------------------------------------------------
Cell Name : fbias_cur_ref2_layout layout FBIAS

                   Cell Errors    Real Errors   Cell Placements     Environments
                            11             11                 1                1
--------------------------------------------------------------------------------
Env.  Env. Placements            X1           Y1          X2           Y2

  1        1                 -1.400        1.300     250.550      271.950

Shape               Environments Status & Error Marker 

          1           X1         Y1         X2         Y2

   1      X       -1.400      1.300    236.000    271.950
   2      X       31.600     94.175     31.800    148.475
   3      X       31.800      1.300     44.100    148.475
   4      X       38.500     58.025     41.700     64.875
   5      X       41.800      1.300     51.600    148.475
   6      X       50.800      1.300     62.850    148.475
   7      X       61.500      1.300     74.700    148.475
   8      X       71.500     58.025     74.700     64.875
   9      X       74.700      1.300    238.225    220.950
  10      X      199.800    137.750    238.225    271.950
  11      X      238.225      1.300    250.550    271.950

