================================================================================
Rule No. 421 : INFO: hot nwell

Real Error Count : 5; Flat Error Count : 71
================================================================================

--------------------------------------------------------------------------------
Cell Name : vert10_4 layout PRIMLIB

                   Cell Errors    Real Errors   Cell Placements     Environments
                             1              1                49                1
--------------------------------------------------------------------------------
Env.  Env. Placements            X1           Y1          X2           Y2

  1       49                293.300      545.100     307.100      558.900

Shape               Environments Status & Error Marker 

          1           X1         Y1         X2         Y2

   1      X        1.500      1.500     15.300     15.300

--------------------------------------------------------------------------------
Cell Name : pmos4 layout PRIMLIB l="500n" w="5u" wtot="5u" in1=MP2528329

                   Cell Errors    Real Errors   Cell Placements     Environments
                             1              1                 8                1
--------------------------------------------------------------------------------
Env.  Env. Placements            X1           Y1          X2           Y2

  1        8                 91.875      762.300      96.475      769.700

Shape               Environments Status & Error Marker 

          1           X1         Y1         X2         Y2

   1      X       -1.200     -1.200      6.200      3.400

--------------------------------------------------------------------------------
Cell Name : pmos4 layout PRIMLIB l="4u" w="5u" wtot="5u" in1=MP828329

                   Cell Errors    Real Errors   Cell Placements     Environments
                             1              1                12                1
--------------------------------------------------------------------------------
Env.  Env. Placements            X1           Y1          X2           Y2

  1       12                137.425      762.300     145.525      769.700

Shape               Environments Status & Error Marker 

          1           X1         Y1         X2         Y2

   1      X       -1.200     -1.200      6.200      6.900

--------------------------------------------------------------------------------
Cell Name : ECG_bandgap_f_v1 layout YAOWEN

                   Cell Errors    Real Errors   Cell Placements     Environments
                             2              2                 1                1
--------------------------------------------------------------------------------
Env.  Env. Placements            X1           Y1          X2           Y2

  1        1                 78.700      545.100     411.500      791.025

Shape               Environments Status & Error Marker 

          1           X1         Y1         X2         Y2

   1      X       78.700    752.075    118.100    791.025
   2      X      124.200    752.075    190.250    791.025

================================================================================
Rule No. 457 : PO_R_1 Minimum density of POLY1 area [%] = 14

Real Error Count : 1; Flat Error Count : 2
================================================================================

--------------------------------------------------------------------------------
Cell Name : ECG_bandgap_f_v1 layout YAOWEN

                   Cell Errors    Real Errors   Cell Placements     Environments
                             2              1                 1                1
--------------------------------------------------------------------------------
Env.  Env. Placements            X1           Y1          X2           Y2

  1        1                 14.100      530.400     766.450      897.650

Shape               Environments Status & Error Marker 

          1           X1         Y1         X2         Y2

   1      X       14.100    530.400    766.450    897.650

================================================================================
Rule No. 510 : M1_R_1 Minimum density of MET1 area [%] = 30

Real Error Count : 1; Flat Error Count : 2
================================================================================

--------------------------------------------------------------------------------
Cell Name : ECG_bandgap_f_v1 layout YAOWEN

                   Cell Errors    Real Errors   Cell Placements     Environments
                             2              1                 1                1
--------------------------------------------------------------------------------
Env.  Env. Placements            X1           Y1          X2           Y2

  1        1                 14.100      530.400     766.450      897.650

Shape               Environments Status & Error Marker 

          1           X1         Y1         X2         Y2

   1      X       14.100    530.400    766.450    897.650

================================================================================
Rule No. 521 : M2_R_1 Minimum density of MET2 area [%] = 30

Real Error Count : 1; Flat Error Count : 2
================================================================================

--------------------------------------------------------------------------------
Cell Name : ECG_bandgap_f_v1 layout YAOWEN

                   Cell Errors    Real Errors   Cell Placements     Environments
                             2              1                 1                1
--------------------------------------------------------------------------------
Env.  Env. Placements            X1           Y1          X2           Y2

  1        1                 14.100      530.400     766.450      897.650

Shape               Environments Status & Error Marker 

          1           X1         Y1         X2         Y2

   1      X       14.100    530.400    766.450    897.650

================================================================================
Rule No. 532 : M3_R_1 Minimum density of MET3 area [%] = 30

Real Error Count : 1; Flat Error Count : 2
================================================================================

--------------------------------------------------------------------------------
Cell Name : ECG_bandgap_f_v1 layout YAOWEN

                   Cell Errors    Real Errors   Cell Placements     Environments
                             2              1                 1                1
--------------------------------------------------------------------------------
Env.  Env. Placements            X1           Y1          X2           Y2

  1        1                 14.100      530.400     766.450      897.650

Shape               Environments Status & Error Marker 

          1           X1         Y1         X2         Y2

   1      X       14.100    530.400    766.450    897.650

================================================================================
Rule No. 772 : ERC Warning: Gates connected to VDD/VCC

Real Error Count : 54; Flat Error Count : 54
================================================================================

--------------------------------------------------------------------------------
Cell Name : ECG_bandgap_f_v1 layout YAOWEN

                   Cell Errors    Real Errors   Cell Placements     Environments
                            54             54                 1                1
--------------------------------------------------------------------------------
Env.  Env. Placements            X1           Y1          X2           Y2

  1        1                 46.225      686.950     394.625      878.950

Shape               Environments Status & Error Marker 

          1           X1         Y1         X2         Y2

   1      X       46.225    858.950     56.225    863.950
   2      X       46.225    869.950     56.225    874.950
   3      X      193.825    858.950    203.825    863.950
   4      X      193.825    869.950    203.825    874.950
   5      X      249.325    686.950    259.325    691.950
   6      X      249.325    705.650    259.325    710.650
   7      X      249.325    724.350    259.325    729.350
   8      X      249.325    743.050    259.325    748.050
   9      X      249.325    761.750    259.325    766.750
  10      X      249.325    780.450    259.325    785.450
  11      X      249.325    799.150    259.325    804.150
  12      X      249.325    817.850    259.325    822.850
  13      X      249.325    836.550    259.325    841.550
  14      X      249.325    855.250    259.325    860.250
  15      X      249.325    873.950    259.325    878.950
  16      X      261.625    686.950    271.625    691.950
  17      X      261.625    705.650    271.625    710.650
  18      X      261.625    724.350    271.625    729.350
  19      X      261.625    836.550    271.625    841.550
  20      X      261.625    855.250    271.625    860.250
  21      X      261.625    873.950    271.625    878.950
  22      X      273.925    686.950    283.925    691.950
  23      X      273.925    873.950    283.925    878.950
  24      X      286.225    686.950    296.225    691.950
  25      X      286.225    873.950    296.225    878.950
  26      X      298.525    686.950    308.525    691.950
  27      X      298.525    873.950    308.525    878.950
  28      X      310.825    686.950    320.825    691.950
  29      X      310.825    873.950    320.825    878.950
  30      X      323.125    686.950    333.125    691.950
  31      X      323.125    873.950    333.125    878.950
  32      X      335.425    686.950    345.425    691.950
  33      X      335.425    873.950    345.425    878.950
  34      X      347.725    686.950    357.725    691.950
  35      X      347.725    873.950    357.725    878.950
  36      X      360.025    686.950    370.025    691.950
  37      X      360.025    873.950    370.025    878.950
  38      X      372.325    686.950    382.325    691.950
  39      X      372.325    705.650    382.325    710.650
  40      X      372.325    724.350    382.325    729.350
  41      X      372.325    836.550    382.325    841.550
  42      X      372.325    855.250    382.325    860.250
  43      X      372.325    873.950    382.325    878.950
  44      X      384.625    686.950    394.625    691.950
  45      X      384.625    705.650    394.625    710.650
  46      X      384.625    724.350    394.625    729.350
  47      X      384.625    743.050    394.625    748.050
  48      X      384.625    761.750    394.625    766.750
  49      X      384.625    780.450    394.625    785.450
  50      X      384.625    799.150    394.625    804.150
  51      X      384.625    817.850    394.625    822.850
  52      X      384.625    836.550    394.625    841.550
  53      X      384.625    855.250    394.625    860.250
  54      X      384.625    873.950    394.625    878.950

================================================================================
Rule No. 773 : ERC Warning: Gates connected to VSS/GND

Real Error Count : 12; Flat Error Count : 12
================================================================================

--------------------------------------------------------------------------------
Cell Name : ECG_bandgap_f_v1 layout YAOWEN

                   Cell Errors    Real Errors   Cell Placements     Environments
                            12             12                 1                1
--------------------------------------------------------------------------------
Env.  Env. Placements            X1           Y1          X2           Y2

  1        1                 38.400      707.500     209.650      834.200

Shape               Environments Status & Error Marker 

          1           X1         Y1         X2         Y2

   1      X       38.400    707.500     78.400    717.500
   2      X       38.400    721.900     78.400    731.900
   3      X       44.250    762.400     44.750    767.400
   4      X       44.250    771.800     44.750    776.800
   5      X       52.650    762.400     53.150    767.400
   6      X       52.650    771.800     53.150    776.800
   7      X       83.225    819.800     93.225    824.800
   8      X       83.225    829.200     93.225    834.200
   9      X      132.425    819.800    142.425    824.800
  10      X      132.425    829.200    142.425    834.200
  11      X      165.300    707.500    205.300    717.500
  12      X      165.300    721.900    205.300    731.900

================================================================================
Rule No. 1476 : # INFO: C35B4/C35B3 ASSURA DRC DECK (REV9 DATE 26-Apr-2011) Last modified 07-Sept-2016 #

Real Error Count : 1; Flat Error Count : 1
================================================================================

--------------------------------------------------------------------------------
Cell Name : ECG_bandgap_f_v1 layout YAOWEN

                   Cell Errors    Real Errors   Cell Placements     Environments
                             1              1                 1                1
--------------------------------------------------------------------------------
Env.  Env. Placements            X1           Y1          X2           Y2

  1        1                 14.100      530.400     766.450      897.650

Shape               Environments Status & Error Marker 

          1           X1         Y1         X2         Y2

   1      X       14.100    530.400    766.450    897.650

