================================================================================
Rule No. 421 : INFO: hot nwell

Real Error Count : 3; Flat Error Count : 5
================================================================================

--------------------------------------------------------------------------------
Cell Name : rpolyhc layout PRIMLIB Bends=28 Dummy=TRUE ResShape="90_deg" gwell="N-Well" l="5000u" r="10M" rleft="Cont" rright="Cont" id_=38be6356325ad8cb in1=R10

                   Cell Errors    Real Errors   Cell Placements     Environments
                             1              1                 2                1
--------------------------------------------------------------------------------
Env.  Env. Placements            X1           Y1          X2           Y2

  1        2                527.600       11.300     583.700      195.550

Shape               Environments Status & Error Marker 

          1           X1         Y1         X2         Y2

   1      X       -6.650     -5.950    177.600     50.150

--------------------------------------------------------------------------------
Cell Name : cmfb_opamp1_fc layout FECG

                   Cell Errors    Real Errors   Cell Placements     Environments
                             1              1                 2                1
--------------------------------------------------------------------------------
Env.  Env. Placements            X1           Y1          X2           Y2

  1        2                166.725       41.425     221.225       80.025

Shape               Environments Status & Error Marker 

          1           X1         Y1         X2         Y2

   1      X        7.125     53.475     61.625     92.075

--------------------------------------------------------------------------------
Cell Name : fecg_cmfb2_fc layout FECG

                   Cell Errors    Real Errors   Cell Placements     Environments
                             1              1                 1                1
--------------------------------------------------------------------------------
Env.  Env. Placements            X1           Y1          X2           Y2

  1        1                166.725       11.300     583.700      198.250

Shape               Environments Status & Error Marker 

          1           X1         Y1         X2         Y2

   1      X      206.625    139.700    432.075    198.250

================================================================================
Rule No. 510 : M1_R_1 Minimum density of MET1 area [%] = 30

Real Error Count : 1; Flat Error Count : 2
================================================================================

--------------------------------------------------------------------------------
Cell Name : fecg_cmfb2_fc layout FECG

                   Cell Errors    Real Errors   Cell Placements     Environments
                             2              1                 1                1
--------------------------------------------------------------------------------
Env.  Env. Placements            X1           Y1          X2           Y2

  1        1                  2.350        2.100     585.675      213.675

Shape               Environments Status & Error Marker 

          1           X1         Y1         X2         Y2

   1      X        2.350      2.100    585.675    213.675

================================================================================
Rule No. 521 : M2_R_1 Minimum density of MET2 area [%] = 30

Real Error Count : 1; Flat Error Count : 2
================================================================================

--------------------------------------------------------------------------------
Cell Name : fecg_cmfb2_fc layout FECG

                   Cell Errors    Real Errors   Cell Placements     Environments
                             2              1                 1                1
--------------------------------------------------------------------------------
Env.  Env. Placements            X1           Y1          X2           Y2

  1        1                  2.350        2.100     585.675      213.675

Shape               Environments Status & Error Marker 

          1           X1         Y1         X2         Y2

   1      X        2.350      2.100    585.675    213.675

================================================================================
Rule No. 532 : M3_R_1 Minimum density of MET3 area [%] = 30

Real Error Count : 1; Flat Error Count : 2
================================================================================

--------------------------------------------------------------------------------
Cell Name : fecg_cmfb2_fc layout FECG

                   Cell Errors    Real Errors   Cell Placements     Environments
                             2              1                 1                1
--------------------------------------------------------------------------------
Env.  Env. Placements            X1           Y1          X2           Y2

  1        1                  2.350        2.100     585.675      213.675

Shape               Environments Status & Error Marker 

          1           X1         Y1         X2         Y2

   1      X        2.350      2.100    585.675    213.675

================================================================================
Rule No. 544 : M4_R_1 Minimum density of MET4 area [%] = 30

Real Error Count : 1; Flat Error Count : 2
================================================================================

--------------------------------------------------------------------------------
Cell Name : fecg_cmfb2_fc layout FECG

                   Cell Errors    Real Errors   Cell Placements     Environments
                             2              1                 1                1
--------------------------------------------------------------------------------
Env.  Env. Placements            X1           Y1          X2           Y2

  1        1                  2.350        2.100     585.675      213.675

Shape               Environments Status & Error Marker 

          1           X1         Y1         X2         Y2

   1      X        2.350      2.100    585.675    213.675

================================================================================
Rule No. 669 : RPOLYH_G2 Minimum high precision RPOLYH width = 2

Real Error Count : 639; Flat Error Count : 809
================================================================================

--------------------------------------------------------------------------------
Cell Name : rpolyhc layout PRIMLIB Bends=28 Dummy=TRUE ResShape="90_deg" gwell="N-Well" l="5000u" r="10M" rleft="Cont" rright="Cont" id_=38be6356325ad8cb in1=R10

                   Cell Errors    Real Errors   Cell Placements     Environments
                           121            121                 2                1
--------------------------------------------------------------------------------
Env.  Env. Placements            X1           Y1          X2           Y2

  1        2                531.900       15.600     579.400      191.250

Shape               Environments Status & Error Marker 

          1           X1         Y1         X2         Y2

   1      X       -2.350     -1.033     -1.550     45.850
   2      X       -2.350     44.950    171.736     45.850
   3      X       -0.800     -0.100      0.250      1.702
   4      X       -0.800      1.550      0.000      3.900
   5      X       -0.800      1.550    171.750      2.350
   6      X       -0.800      2.817      0.000      4.933
   7      X       -0.800      3.100    171.750      3.900
   8      X       -0.800      3.617      0.000      5.733
   9      X       -0.800      4.650      0.000      7.000
  10      X       -0.800      4.650    171.750      5.450
  11      X       -0.800      5.917      0.000      8.033
  12      X       -0.800      6.200    171.750      7.000
  13      X       -0.800      6.717      0.000      8.833
  14      X       -0.800      7.750      0.000     10.100
  15      X       -0.800      7.750    171.750      8.550
  16      X       -0.800      9.017      0.000     11.133
  17      X       -0.800      9.300    171.750     10.100
  18      X       -0.800      9.817      0.000     11.933
  19      X       -0.800     10.850      0.000     13.200
  20      X       -0.800     10.850    171.750     11.650
  21      X       -0.800     12.117      0.000     14.233
  22      X       -0.800     12.400    171.750     13.200
  23      X       -0.800     12.917      0.000     15.033
  24      X       -0.800     13.950      0.000     16.300
  25      X       -0.800     13.950    171.750     14.750
  26      X       -0.800     15.217      0.000     17.333
  27      X       -0.800     15.500    171.750     16.300
  28      X       -0.800     16.017      0.000     18.133
  29      X       -0.800     17.050      0.000     19.400
  30      X       -0.800     17.050    171.750     17.850
  31      X       -0.800     18.317      0.000     20.433
  32      X       -0.800     18.600    171.750     19.400
  33      X       -0.800     19.117      0.000     21.233
  34      X       -0.800     20.150      0.000     22.500
  35      X       -0.800     20.150    171.750     20.950
  36      X       -0.800     21.417      0.000     23.533
  37      X       -0.800     21.700    171.750     22.500
  38      X       -0.800     22.217      0.000     24.333
  39      X       -0.800     23.250      0.000     25.600
  40      X       -0.800     23.250    171.750     24.050
  41      X       -0.800     24.517      0.000     26.633
  42      X       -0.800     24.800    171.750     25.600
  43      X       -0.800     25.317      0.000     27.433
  44      X       -0.800     26.350      0.000     28.700
  45      X       -0.800     26.350    171.750     27.150
  46      X       -0.800     27.617      0.000     29.733
  47      X       -0.800     27.900    171.750     28.700
  48      X       -0.800     28.417      0.000     30.533
  49      X       -0.800     29.450      0.000     31.800
  50      X       -0.800     29.450    171.750     30.250
  51      X       -0.800     30.717      0.000     32.833
  52      X       -0.800     31.000    171.750     31.800
  53      X       -0.800     31.517      0.000     33.633
  54      X       -0.800     32.550      0.000     34.900
  55      X       -0.800     32.550    171.750     33.350
  56      X       -0.800     33.817      0.000     35.933
  57      X       -0.800     34.100    171.750     34.900
  58      X       -0.800     34.617      0.000     36.733
  59      X       -0.800     35.650      0.000     38.000
  60      X       -0.800     35.650    171.750     36.450
  61      X       -0.800     36.917      0.000     39.033
  62      X       -0.800     37.200    171.750     38.000
  63      X       -0.800     37.717      0.000     39.833
  64      X       -0.800     38.750      0.000     41.100
  65      X       -0.800     38.750    171.750     39.550
  66      X       -0.800     40.017      0.000     42.133
  67      X       -0.800     40.300    171.750     41.100
  68      X       -0.800     40.817      0.000     42.933
  69      X       -0.800     41.850      0.000     44.200
  70      X       -0.800     41.850    171.750     42.650
  71      X       -0.800     43.400    171.600     44.200
  72      X       -0.650     -0.100      0.250      0.800
  73      X       -0.650     -0.100      2.036      0.800
  74      X       -0.650      0.000    171.750      0.800
  75      X       -0.650      0.459      0.000      2.691
  76      X      168.117     45.050    173.300     45.850
  77      X      168.914     43.400    171.600     44.300
  78      X      170.700     42.498    171.750     44.300
  79      X      170.700     43.400    171.600     44.300
  80      X      170.950      0.000    171.750      2.350
  81      X      170.950      1.267    171.750      3.383
  82      X      170.950      2.067    171.750      4.183
  83      X      170.950      3.100    171.750      5.450
  84      X      170.950      4.367    171.750      6.483
  85      X      170.950      5.167    171.750      7.283
  86      X      170.950      6.200    171.750      8.550
  87      X      170.950      7.467    171.750      9.583
  88      X      170.950      8.267    171.750     10.383
  89      X      170.950      9.300    171.750     11.650
  90      X      170.950     10.567    171.750     12.683
  91      X      170.950     11.367    171.750     13.483
  92      X      170.950     12.400    171.750     14.750
  93      X      170.950     13.667    171.750     15.783
  94      X      170.950     14.467    171.750     16.583
  95      X      170.950     15.500    171.750     17.850
  96      X      170.950     16.767    171.750     18.883
  97      X      170.950     17.567    171.750     19.683
  98      X      170.950     18.600    171.750     20.950
  99      X      170.950     19.867    171.750     21.983
 100      X      170.950     20.667    171.750     22.783
 101      X      170.950     21.700    171.750     24.050
 102      X      170.950     22.967    171.750     25.083
 103      X      170.950     23.767    171.750     25.883
 104      X      170.950     24.800    171.750     27.150
 105      X      170.950     26.067    171.750     28.183
 106      X      170.950     26.867    171.750     28.983
 107      X      170.950     27.900    171.750     30.250
 108      X      170.950     29.167    171.750     31.283
 109      X      170.950     29.967    171.750     32.083
 110      X      170.950     31.000    171.750     33.350
 111      X      170.950     32.267    171.750     34.383
 112      X      170.950     33.067    171.750     35.183
 113      X      170.950     34.100    171.750     36.450
 114      X      170.950     35.367    171.750     37.483
 115      X      170.950     36.167    171.750     38.283
 116      X      170.950     37.200    171.750     39.550
 117      X      170.950     38.467    171.750     40.583
 118      X      170.950     39.267    171.750     41.383
 119      X      170.950     40.300    171.750     42.650
 120      X      170.950     41.509    171.600     43.741
 121      X      172.350     41.640    173.300     45.850

--------------------------------------------------------------------------------
Cell Name : rpolyhc layout PRIMLIB Bends=10 Dummy=TRUE ResShape="90_deg" l="500u" r="1M" w="0.8u" in1=R1

                   Cell Errors    Real Errors   Cell Placements     Environments
                            49             49                 2                1
--------------------------------------------------------------------------------
Env.  Env. Placements            X1           Y1          X2           Y2

  1        2                211.175      144.250     230.775      193.100

Shape               Environments Status & Error Marker 

          1           X1         Y1         X2         Y2

   1      X       -2.350     -1.650     -1.400      2.560
   2      X       -2.350     -1.650      2.833     -0.850
   3      X       -0.800     -0.100      0.250      1.702
   4      X       -0.800      1.550      0.000      3.900
   5      X       -0.800      1.550     44.950      2.350
   6      X       -0.800      2.817      0.000      4.933
   7      X       -0.800      3.100     44.950      3.900
   8      X       -0.800      3.617      0.000      5.733
   9      X       -0.800      4.650      0.000      7.000
  10      X       -0.800      4.650     44.950      5.450
  11      X       -0.800      5.917      0.000      8.033
  12      X       -0.800      6.200     44.950      7.000
  13      X       -0.800      6.717      0.000      8.833
  14      X       -0.800      7.750      0.000     10.100
  15      X       -0.800      7.750     44.950      8.550
  16      X       -0.800      9.017      0.000     11.133
  17      X       -0.800      9.300     44.950     10.100
  18      X       -0.800      9.817      0.000     11.933
  19      X       -0.800     10.850      0.000     13.200
  20      X       -0.800     10.850     44.950     11.650
  21      X       -0.800     12.117      0.000     14.233
  22      X       -0.800     12.400     44.950     13.200
  23      X       -0.800     12.917      0.000     15.033
  24      X       -0.800     13.950      0.000     16.300
  25      X       -0.800     13.950     44.950     14.750
  26      X       -0.800     15.500     44.800     16.300
  27      X       -0.650     -0.100      0.250      0.800
  28      X       -0.650     -0.100      2.036      0.800
  29      X       -0.650      0.000     44.950      0.800
  30      X       -0.650      0.459      0.000      2.691
  31      X       41.317     17.150     46.500     17.950
  32      X       42.114     15.500     44.800     16.400
  33      X       43.900     14.598     44.950     16.400
  34      X       43.900     15.500     44.800     16.400
  35      X       44.150      0.000     44.950      2.350
  36      X       44.150      1.267     44.950      3.383
  37      X       44.150      2.067     44.950      4.183
  38      X       44.150      3.100     44.950      5.450
  39      X       44.150      4.367     44.950      6.483
  40      X       44.150      5.167     44.950      7.283
  41      X       44.150      6.200     44.950      8.550
  42      X       44.150      7.467     44.950      9.583
  43      X       44.150      8.267     44.950     10.383
  44      X       44.150      9.300     44.950     11.650
  45      X       44.150     10.567     44.950     12.683
  46      X       44.150     11.367     44.950     13.483
  47      X       44.150     12.400     44.950     14.750
  48      X       44.150     13.609     44.800     15.841
  49      X       45.550     13.740     46.500     17.950

--------------------------------------------------------------------------------
Cell Name : fecg_cmfb2_fc layout FECG

                   Cell Errors    Real Errors   Cell Placements     Environments
                           469            469                 1                1
--------------------------------------------------------------------------------
Env.  Env. Placements            X1           Y1          X2           Y2

  1        1                211.175       15.600     579.400      193.700

Shape               Environments Status & Error Marker 

          1           X1         Y1         X2         Y2

   1      X      211.175    144.250    212.075    191.536
   2      X      211.175    144.250    230.158    145.050
   3      X      211.792    192.300    231.708    193.100
   4      X      228.942    192.300    233.983    193.100
   5      X      229.875    145.814    230.775    192.300
   6      X      230.364    192.200    234.836    193.100
   7      X      231.217    192.300    236.208    193.100
   8      X      232.150    192.200    233.050    192.300
   9      X      233.442    192.300    253.358    193.100
  10      X      234.375    145.814    235.275    192.300
  11      X      234.992    144.250    254.908    145.050
  12      X      252.142    144.250    257.183    145.050
  13      X      253.075    145.050    253.975    191.536
  14      X      253.564    144.250    258.036    145.150
  15      X      254.417    144.250    259.408    145.050
  16      X      255.350    145.050    256.250    145.150
  17      X      256.642    144.250    427.525    145.050
  18      X      257.575    145.050    258.475    192.136
  19      X      257.575    188.517    258.375    193.700
  20      X      257.575    192.750    261.785    193.700
  21      X      258.192    192.900    426.908    193.700
  22      X      259.125    189.314    260.025    192.000
  23      X      259.125    191.100    260.025    192.000
  24      X      259.125    191.100    260.927    192.150
  25      X      259.225    145.800    260.025    192.000
  26      X      259.225    145.800    261.575    146.600
  27      X      259.684    191.350    261.916    192.000
  28      X      260.492    145.800    262.608    146.600
  29      X      260.775    145.800    261.575    192.150
  30      X      260.775    191.350    263.125    192.150
  31      X      261.292    145.800    263.408    146.600
  32      X      262.042    191.350    264.158    192.150
  33      X      262.325    145.800    263.125    192.150
  34      X      262.325    145.800    264.675    146.600
  35      X      262.842    191.350    264.958    192.150
  36      X      263.592    145.800    265.708    146.600
  37      X      263.875    145.800    264.675    192.150
  38      X      263.875    191.350    266.225    192.150
  39      X      264.392    145.800    266.508    146.600
  40      X      265.142    191.350    267.258    192.150
  41      X      265.425    145.800    266.225    192.150
  42      X      265.425    145.800    267.775    146.600
  43      X      265.942    191.350    268.058    192.150
  44      X      266.692    145.800    268.808    146.600
  45      X      266.975    145.800    267.775    192.150
  46      X      266.975    191.350    269.325    192.150
  47      X      267.492    145.800    269.608    146.600
  48      X      268.242    191.350    270.358    192.150
  49      X      268.525    145.800    269.325    192.150
  50      X      268.525    145.800    270.875    146.600
  51      X      269.042    191.350    271.158    192.150
  52      X      269.792    145.800    271.908    146.600
  53      X      270.075    145.800    270.875    192.150
  54      X      270.075    191.350    272.425    192.150
  55      X      270.592    145.800    272.708    146.600
  56      X      271.342    191.350    273.458    192.150
  57      X      271.625    145.800    272.425    192.150
  58      X      271.625    145.800    273.975    146.600
  59      X      272.142    191.350    274.258    192.150
  60      X      272.892    145.800    275.008    146.600
  61      X      273.175    145.800    273.975    192.150
  62      X      273.175    191.350    275.525    192.150
  63      X      273.692    145.800    275.808    146.600
  64      X      274.442    191.350    276.558    192.150
  65      X      274.725    145.800    275.525    192.150
  66      X      274.725    145.800    277.075    146.600
  67      X      275.242    191.350    277.358    192.150
  68      X      275.992    145.800    278.108    146.600
  69      X      276.275    145.800    277.075    192.150
  70      X      276.275    191.350    278.625    192.150
  71      X      276.792    145.800    278.908    146.600
  72      X      277.542    191.350    279.658    192.150
  73      X      277.825    145.800    278.625    192.150
  74      X      277.825    145.800    280.175    146.600
  75      X      278.342    191.350    280.458    192.150
  76      X      279.092    145.800    281.208    146.600
  77      X      279.375    145.800    280.175    192.150
  78      X      279.375    191.350    281.725    192.150
  79      X      279.892    145.800    282.008    146.600
  80      X      280.642    191.350    282.758    192.150
  81      X      280.925    145.800    281.725    192.150
  82      X      280.925    145.800    283.275    146.600
  83      X      281.442    191.350    283.558    192.150
  84      X      282.192    145.800    284.308    146.600
  85      X      282.475    145.800    283.275    192.150
  86      X      282.475    191.350    284.825    192.150
  87      X      282.992    145.800    285.108    146.600
  88      X      283.742    191.350    285.858    192.150
  89      X      284.025    145.800    284.825    192.150
  90      X      284.025    145.800    286.375    146.600
  91      X      284.542    191.350    286.658    192.150
  92      X      285.292    145.800    287.408    146.600
  93      X      285.575    145.800    286.375    192.150
  94      X      285.575    191.350    287.925    192.150
  95      X      286.092    145.800    288.208    146.600
  96      X      286.842    191.350    288.958    192.150
  97      X      287.125    145.800    287.925    192.150
  98      X      287.125    145.800    289.475    146.600
  99      X      287.642    191.350    289.758    192.150
 100      X      288.392    145.800    290.508    146.600
 101      X      288.675    145.800    289.475    192.150
 102      X      288.675    191.350    291.025    192.150
 103      X      289.192    145.800    291.308    146.600
 104      X      289.942    191.350    292.058    192.150
 105      X      290.225    145.800    291.025    192.150
 106      X      290.225    145.800    292.575    146.600
 107      X      290.742    191.350    292.858    192.150
 108      X      291.492    145.800    293.608    146.600
 109      X      291.775    145.800    292.575    192.150
 110      X      291.775    191.350    294.125    192.150
 111      X      292.292    145.800    294.408    146.600
 112      X      293.042    191.350    295.158    192.150
 113      X      293.325    145.800    294.125    192.150
 114      X      293.325    145.800    295.675    146.600
 115      X      293.842    191.350    295.958    192.150
 116      X      294.592    145.800    296.708    146.600
 117      X      294.875    145.800    295.675    192.150
 118      X      294.875    191.350    297.225    192.150
 119      X      295.392    145.800    297.508    146.600
 120      X      296.142    191.350    298.258    192.150
 121      X      296.425    145.800    297.225    192.150
 122      X      296.425    145.800    298.775    146.600
 123      X      296.942    191.350    299.058    192.150
 124      X      297.692    145.800    299.808    146.600
 125      X      297.975    145.800    298.775    192.150
 126      X      297.975    191.350    300.325    192.150
 127      X      298.492    145.800    300.608    146.600
 128      X      299.242    191.350    301.358    192.150
 129      X      299.525    145.800    300.325    192.150
 130      X      299.525    145.800    301.875    146.600
 131      X      300.042    191.350    302.158    192.150
 132      X      300.792    145.800    302.908    146.600
 133      X      301.075    145.800    301.875    192.150
 134      X      301.075    191.350    303.425    192.150
 135      X      301.592    145.800    303.708    146.600
 136      X      302.342    191.350    304.458    192.150
 137      X      302.625    145.800    303.425    192.150
 138      X      302.625    145.800    304.975    146.600
 139      X      303.142    191.350    305.258    192.150
 140      X      303.892    145.800    306.008    146.600
 141      X      304.175    145.800    304.975    192.150
 142      X      304.175    191.350    306.525    192.150
 143      X      304.692    145.800    306.808    146.600
 144      X      305.442    191.350    307.558    192.150
 145      X      305.725    145.800    306.525    192.150
 146      X      305.725    145.800    308.075    146.600
 147      X      306.242    191.350    308.358    192.150
 148      X      306.992    145.800    309.108    146.600
 149      X      307.275    145.800    308.075    192.150
 150      X      307.275    191.350    309.625    192.150
 151      X      307.792    145.800    309.908    146.600
 152      X      308.542    191.350    310.658    192.150
 153      X      308.825    145.800    309.625    192.150
 154      X      308.825    145.800    311.175    146.600
 155      X      309.342    191.350    311.458    192.150
 156      X      310.092    145.800    312.208    146.600
 157      X      310.375    145.800    311.175    192.150
 158      X      310.375    191.350    312.725    192.150
 159      X      310.892    145.800    313.008    146.600
 160      X      311.642    191.350    313.758    192.150
 161      X      311.925    145.800    312.725    192.150
 162      X      311.925    145.800    314.275    146.600
 163      X      312.442    191.350    314.558    192.150
 164      X      313.192    145.800    315.308    146.600
 165      X      313.475    145.800    314.275    192.150
 166      X      313.475    191.350    315.825    192.150
 167      X      313.992    145.800    316.108    146.600
 168      X      314.742    191.350    316.858    192.150
 169      X      315.025    145.800    315.825    192.150
 170      X      315.025    145.800    317.375    146.600
 171      X      315.542    191.350    317.658    192.150
 172      X      316.292    145.800    318.408    146.600
 173      X      316.575    145.800    317.375    192.150
 174      X      316.575    191.350    318.925    192.150
 175      X      317.092    145.800    319.208    146.600
 176      X      317.842    191.350    319.958    192.150
 177      X      318.125    145.800    318.925    192.150
 178      X      318.125    145.800    320.475    146.600
 179      X      318.642    191.350    320.758    192.150
 180      X      319.392    145.800    321.508    146.600
 181      X      319.675    145.800    320.475    192.150
 182      X      319.675    191.350    322.025    192.150
 183      X      320.192    145.800    322.308    146.600
 184      X      320.942    191.350    323.058    192.150
 185      X      321.225    145.800    322.025    192.150
 186      X      321.225    145.800    323.575    146.600
 187      X      321.742    191.350    323.858    192.150
 188      X      322.492    145.800    324.608    146.600
 189      X      322.775    145.800    323.575    192.150
 190      X      322.775    191.350    325.125    192.150
 191      X      323.292    145.800    325.408    146.600
 192      X      324.042    191.350    326.158    192.150
 193      X      324.325    145.800    325.125    192.150
 194      X      324.325    145.800    326.675    146.600
 195      X      324.842    191.350    326.958    192.150
 196      X      325.592    145.800    327.708    146.600
 197      X      325.875    145.800    326.675    192.150
 198      X      325.875    191.350    328.225    192.150
 199      X      326.392    145.800    328.508    146.600
 200      X      327.142    191.350    329.258    192.150
 201      X      327.425    145.800    328.225    192.150
 202      X      327.425    145.800    329.775    146.600
 203      X      327.942    191.350    330.058    192.150
 204      X      328.692    145.800    330.808    146.600
 205      X      328.975    145.800    329.775    192.150
 206      X      328.975    191.350    331.325    192.150
 207      X      329.492    145.800    331.608    146.600
 208      X      330.242    191.350    332.358    192.150
 209      X      330.525    145.800    331.325    192.150
 210      X      330.525    145.800    332.875    146.600
 211      X      331.042    191.350    333.158    192.150
 212      X      331.792    145.800    333.908    146.600
 213      X      332.075    145.800    332.875    192.150
 214      X      332.075    191.350    334.425    192.150
 215      X      332.592    145.800    334.708    146.600
 216      X      333.342    191.350    335.458    192.150
 217      X      333.625    145.800    334.425    192.150
 218      X      333.625    145.800    335.975    146.600
 219      X      334.142    191.350    336.258    192.150
 220      X      334.892    145.800    337.008    146.600
 221      X      335.175    145.800    335.975    192.150
 222      X      335.175    191.350    337.525    192.150
 223      X      335.692    145.800    337.808    146.600
 224      X      336.442    191.350    338.558    192.150
 225      X      336.725    145.800    337.525    192.150
 226      X      336.725    145.800    339.075    146.600
 227      X      337.242    191.350    339.358    192.150
 228      X      337.992    145.800    340.108    146.600
 229      X      338.275    145.800    339.075    192.150
 230      X      338.275    191.350    340.625    192.150
 231      X      338.792    145.800    340.908    146.600
 232      X      339.542    191.350    341.658    192.150
 233      X      339.825    145.800    340.625    192.150
 234      X      339.825    145.800    342.175    146.600
 235      X      340.342    191.350    342.458    192.150
 236      X      341.092    145.800    343.208    146.600
 237      X      341.375    145.800    342.175    192.150
 238      X      341.375    191.350    343.725    192.150
 239      X      341.892    145.800    344.008    146.600
 240      X      342.642    191.350    344.758    192.150
 241      X      342.925    145.800    343.725    192.150
 242      X      342.925    145.800    345.275    146.600
 243      X      343.442    191.350    345.558    192.150
 244      X      344.192    145.800    346.308    146.600
 245      X      344.475    145.800    345.275    192.150
 246      X      344.475    191.350    346.825    192.150
 247      X      344.992    145.800    347.108    146.600
 248      X      345.742    191.350    347.858    192.150
 249      X      346.025    145.800    346.825    192.150
 250      X      346.025    145.800    348.375    146.600
 251      X      346.542    191.350    348.658    192.150
 252      X      347.292    145.800    349.408    146.600
 253      X      347.575    145.800    348.375    192.150
 254      X      347.575    191.350    349.925    192.150
 255      X      348.092    145.800    350.208    146.600
 256      X      348.842    191.350    350.958    192.150
 257      X      349.125    145.800    349.925    192.150
 258      X      349.125    145.800    351.475    146.600
 259      X      349.642    191.350    351.758    192.150
 260      X      350.392    145.800    352.508    146.600
 261      X      350.675    145.800    351.475    192.150
 262      X      350.675    191.350    353.025    192.150
 263      X      351.192    145.800    353.308    146.600
 264      X      351.942    191.350    354.058    192.150
 265      X      352.225    145.800    353.025    192.150
 266      X      352.225    145.800    354.575    146.600
 267      X      352.742    191.350    354.858    192.150
 268      X      353.492    145.800    355.608    146.600
 269      X      353.775    145.800    354.575    192.150
 270      X      353.775    191.350    356.125    192.150
 271      X      354.292    145.800    356.408    146.600
 272      X      355.042    191.350    357.158    192.150
 273      X      355.325    145.800    356.125    192.150
 274      X      355.325    145.800    357.675    146.600
 275      X      355.842    191.350    357.958    192.150
 276      X      356.592    145.800    358.708    146.600
 277      X      356.875    145.800    357.675    192.150
 278      X      356.875    191.350    359.225    192.150
 279      X      357.392    145.800    359.508    146.600
 280      X      358.142    191.350    360.258    192.150
 281      X      358.425    145.800    359.225    192.150
 282      X      358.425    145.800    360.775    146.600
 283      X      358.942    191.350    361.058    192.150
 284      X      359.692    145.800    361.808    146.600
 285      X      359.975    145.800    360.775    192.150
 286      X      359.975    191.350    362.325    192.150
 287      X      360.492    145.800    362.608    146.600
 288      X      361.242    191.350    363.358    192.150
 289      X      361.525    145.800    362.325    192.150
 290      X      361.525    145.800    363.875    146.600
 291      X      362.042    191.350    364.158    192.150
 292      X      362.792    145.800    364.908    146.600
 293      X      363.075    145.800    363.875    192.150
 294      X      363.075    191.350    365.425    192.150
 295      X      363.592    145.800    365.708    146.600
 296      X      364.342    191.350    366.458    192.150
 297      X      364.625    145.800    365.425    192.150
 298      X      364.625    145.800    366.975    146.600
 299      X      365.142    191.350    367.258    192.150
 300      X      365.892    145.800    368.008    146.600
 301      X      366.175    145.800    366.975    192.150
 302      X      366.175    191.350    368.525    192.150
 303      X      366.692    145.800    368.808    146.600
 304      X      367.442    191.350    369.558    192.150
 305      X      367.725    145.800    368.525    192.150
 306      X      367.725    145.800    370.075    146.600
 307      X      368.242    191.350    370.358    192.150
 308      X      368.992    145.800    371.108    146.600
 309      X      369.275    145.800    370.075    192.150
 310      X      369.275    191.350    371.625    192.150
 311      X      369.792    145.800    371.908    146.600
 312      X      370.542    191.350    372.658    192.150
 313      X      370.825    145.800    371.625    192.150
 314      X      370.825    145.800    373.175    146.600
 315      X      371.342    191.350    373.458    192.150
 316      X      372.092    145.800    374.208    146.600
 317      X      372.375    145.800    373.175    192.150
 318      X      372.375    191.350    374.725    192.150
 319      X      372.892    145.800    375.008    146.600
 320      X      373.642    191.350    375.758    192.150
 321      X      373.925    145.800    374.725    192.150
 322      X      373.925    145.800    376.275    146.600
 323      X      374.442    191.350    376.558    192.150
 324      X      375.192    145.800    377.308    146.600
 325      X      375.475    145.800    376.275    192.150
 326      X      375.475    191.350    377.825    192.150
 327      X      375.992    145.800    378.108    146.600
 328      X      376.742    191.350    378.858    192.150
 329      X      377.025    145.800    377.825    192.150
 330      X      377.025    145.800    379.375    146.600
 331      X      377.542    191.350    379.658    192.150
 332      X      378.292    145.800    380.408    146.600
 333      X      378.575    145.800    379.375    192.150
 334      X      378.575    191.350    380.925    192.150
 335      X      379.092    145.800    381.208    146.600
 336      X      379.842    191.350    381.958    192.150
 337      X      380.125    145.800    380.925    192.150
 338      X      380.125    145.800    382.475    146.600
 339      X      380.642    191.350    382.758    192.150
 340      X      381.392    145.800    383.508    146.600
 341      X      381.675    145.800    382.475    192.150
 342      X      381.675    191.350    384.025    192.150
 343      X      382.192    145.800    384.308    146.600
 344      X      382.942    191.350    385.058    192.150
 345      X      383.225    145.800    384.025    192.150
 346      X      383.225    145.800    385.575    146.600
 347      X      383.742    191.350    385.858    192.150
 348      X      384.492    145.800    386.608    146.600
 349      X      384.775    145.800    385.575    192.150
 350      X      384.775    191.350    387.125    192.150
 351      X      385.292    145.800    387.408    146.600
 352      X      386.042    191.350    388.158    192.150
 353      X      386.325    145.800    387.125    192.150
 354      X      386.325    145.800    388.675    146.600
 355      X      386.842    191.350    388.958    192.150
 356      X      387.592    145.800    389.708    146.600
 357      X      387.875    145.800    388.675    192.150
 358      X      387.875    191.350    390.225    192.150
 359      X      388.392    145.800    390.508    146.600
 360      X      389.142    191.350    391.258    192.150
 361      X      389.425    145.800    390.225    192.150
 362      X      389.425    145.800    391.775    146.600
 363      X      389.942    191.350    392.058    192.150
 364      X      390.692    145.800    392.808    146.600
 365      X      390.975    145.800    391.775    192.150
 366      X      390.975    191.350    393.325    192.150
 367      X      391.492    145.800    393.608    146.600
 368      X      392.242    191.350    394.358    192.150
 369      X      392.525    145.800    393.325    192.150
 370      X      392.525    145.800    394.875    146.600
 371      X      393.042    191.350    395.158    192.150
 372      X      393.792    145.800    395.908    146.600
 373      X      394.075    145.800    394.875    192.150
 374      X      394.075    191.350    396.425    192.150
 375      X      394.592    145.800    396.708    146.600
 376      X      395.342    191.350    397.458    192.150
 377      X      395.625    145.800    396.425    192.150
 378      X      395.625    145.800    397.975    146.600
 379      X      396.142    191.350    398.258    192.150
 380      X      396.892    145.800    399.008    146.600
 381      X      397.175    145.800    397.975    192.150
 382      X      397.175    191.350    399.525    192.150
 383      X      397.692    145.800    399.808    146.600
 384      X      398.442    191.350    400.558    192.150
 385      X      398.725    145.800    399.525    192.150
 386      X      398.725    145.800    401.075    146.600
 387      X      399.242    191.350    401.358    192.150
 388      X      399.992    145.800    402.108    146.600
 389      X      400.275    145.800    401.075    192.150
 390      X      400.275    191.350    402.625    192.150
 391      X      400.792    145.800    402.908    146.600
 392      X      401.542    191.350    403.658    192.150
 393      X      401.825    145.800    402.625    192.150
 394      X      401.825    145.800    404.175    146.600
 395      X      402.342    191.350    404.458    192.150
 396      X      403.092    145.800    405.208    146.600
 397      X      403.375    145.800    404.175    192.150
 398      X      403.375    191.350    405.725    192.150
 399      X      403.892    145.800    406.008    146.600
 400      X      404.642    191.350    406.758    192.150
 401      X      404.925    145.800    405.725    192.150
 402      X      404.925    145.800    407.275    146.600
 403      X      405.442    191.350    407.558    192.150
 404      X      406.192    145.800    408.308    146.600
 405      X      406.475    145.800    407.275    192.150
 406      X      406.475    191.350    408.825    192.150
 407      X      406.992    145.800    409.108    146.600
 408      X      407.742    191.350    409.858    192.150
 409      X      408.025    145.800    408.825    192.150
 410      X      408.025    145.800    410.375    146.600
 411      X      408.542    191.350    410.658    192.150
 412      X      409.292    145.800    411.408    146.600
 413      X      409.575    145.800    410.375    192.150
 414      X      409.575    191.350    411.925    192.150
 415      X      410.092    145.800    412.208    146.600
 416      X      410.842    191.350    412.958    192.150
 417      X      411.125    145.800    411.925    192.150
 418      X      411.125    145.800    413.475    146.600
 419      X      411.642    191.350    413.758    192.150
 420      X      412.392    145.800    414.508    146.600
 421      X      412.675    145.800    413.475    192.150
 422      X      412.675    191.350    415.025    192.150
 423      X      413.192    145.800    415.308    146.600
 424      X      413.942    191.350    416.058    192.150
 425      X      414.225    145.800    415.025    192.150
 426      X      414.225    145.800    416.575    146.600
 427      X      414.742    191.350    416.858    192.150
 428      X      415.492    145.800    417.608    146.600
 429      X      415.775    145.800    416.575    192.150
 430      X      415.775    191.350    418.125    192.150
 431      X      416.292    145.800    418.408    146.600
 432      X      417.042    191.350    419.158    192.150
 433      X      417.325    145.800    418.125    192.150
 434      X      417.325    145.800    419.675    146.600
 435      X      417.842    191.350    419.958    192.150
 436      X      418.592    145.800    420.708    146.600
 437      X      418.875    145.800    419.675    192.150
 438      X      418.875    191.350    421.225    192.150
 439      X      419.392    145.800    421.508    146.600
 440      X      420.142    191.350    422.258    192.150
 441      X      420.425    145.800    421.225    192.150
 442      X      420.425    145.800    422.775    146.600
 443      X      420.942    191.350    423.058    192.150
 444      X      421.692    145.800    423.808    146.600
 445      X      421.975    145.800    422.775    192.150
 446      X      421.975    191.350    424.325    192.150
 447      X      422.492    145.800    424.608    146.600
 448      X      423.184    191.350    425.416    192.000
 449      X      423.315    192.750    427.525    193.700
 450      X      423.525    145.800    424.325    192.150
 451      X      423.525    145.800    425.875    146.600
 452      X      424.173    191.100    425.975    192.150
 453      X      425.075    145.800    425.875    192.000
 454      X      425.075    189.314    425.975    192.000
 455      X      425.075    191.100    425.975    192.000
 456      X      426.625    144.250    427.525    192.136
 457      X      426.725    188.517    427.525    193.700
 458      X      474.417     15.600    522.233     16.400
 459      X      517.090    190.300    521.300    191.250
 460      X      519.467     15.600    528.133     16.400
 461      X      520.400     16.400    521.300    189.686
 462      X      520.500    186.067    521.300    191.250
 463      X      524.514     15.600    528.986     16.500
 464      X      525.367     15.600    533.733     16.400
 465      X      526.300     16.400    527.200     16.500
 466      X      530.940     15.600    536.110     16.550
 467      X      531.900     16.400    532.700     20.783
 468      X      531.900     17.164    532.800    191.250
 469      X      531.900    190.450    578.783    191.250

================================================================================
Rule No. 719 : AMTS1 Maximum MTOP spacing when the width of one or both MTOP shapes is less than 10um = 10

Real Error Count : 5; Flat Error Count : 5
================================================================================

--------------------------------------------------------------------------------
Cell Name : fecg_cmfb2_fc layout FECG

                   Cell Errors    Real Errors   Cell Placements     Environments
                             5              5                 1                1
--------------------------------------------------------------------------------
Env.  Env. Placements            X1           Y1          X2           Y2

  1        1                 50.650       14.275     547.275      213.675

Shape               Environments Status & Error Marker 

          1           X1         Y1         X2         Y2

   1      X       50.650     14.275    297.150    213.675
   2      X      152.650    138.575    442.175    213.675
   3      X      296.750     36.200    297.150    120.575
   4      X      297.150     14.275    442.175    126.700
   5      X      410.125     36.700    547.275    213.675

================================================================================
Rule No. 772 : ERC Warning: Gates connected to VDD/VCC

Real Error Count : 6; Flat Error Count : 8
================================================================================

--------------------------------------------------------------------------------
Cell Name : cmfb_opamp1_fc layout FECG

                   Cell Errors    Real Errors   Cell Placements     Environments
                             2              2                 2                1
--------------------------------------------------------------------------------
Env.  Env. Placements            X1           Y1          X2           Y2

  1        2                291.800       62.900     294.800       90.900

Shape               Environments Status & Error Marker 

          1           X1         Y1         X2         Y2

   1      X      132.200     74.950    135.200     84.950
   2      X      132.200     92.950    135.200    102.950

--------------------------------------------------------------------------------
Cell Name : fecg_cmfb2_fc layout FECG

                   Cell Errors    Real Errors   Cell Placements     Environments
                             4              4                 1                1
--------------------------------------------------------------------------------
Env.  Env. Placements            X1           Y1          X2           Y2

  1        1                 72.675       62.900     448.750      191.350

Shape               Environments Status & Error Marker 

          1           X1         Y1         X2         Y2

   1      X       72.675    176.550     75.675    181.550
   2      X       72.675    186.350     75.675    191.350
   3      X       93.875    176.550     96.875    181.550
   4      X       93.875    186.350     96.875    191.350

================================================================================
Rule No. 773 : ERC Warning: Gates connected to VSS/GND

Real Error Count : 12; Flat Error Count : 16
================================================================================

--------------------------------------------------------------------------------
Cell Name : cmfb_opamp1_fc layout FECG

                   Cell Errors    Real Errors   Cell Placements     Environments
                             4              4                 2                1
--------------------------------------------------------------------------------
Env.  Env. Placements            X1           Y1          X2           Y2

  1        2                254.675       20.900     295.275       34.400

Shape               Environments Status & Error Marker 

          1           X1         Y1         X2         Y2

   1      X       95.075     32.950     96.075     37.950
   2      X       95.075     41.450     96.075     46.450
   3      X      134.675     32.950    135.675     37.950
   4      X      134.675     41.450    135.675     46.450

--------------------------------------------------------------------------------
Cell Name : fecg_cmfb2_fc layout FECG

                   Cell Errors    Real Errors   Cell Placements     Environments
                             8              8                 1                1
--------------------------------------------------------------------------------
Env.  Env. Placements            X1           Y1          X2           Y2

  1        1                 28.625       20.900     456.600      193.050

Shape               Environments Status & Error Marker 

          1           X1         Y1         X2         Y2

   1      X       28.625     30.100     38.625     38.100
   2      X       28.625     40.800     38.625     48.800
   3      X      131.025     30.100    141.025     38.100
   4      X      131.025     40.800    141.025     48.800
   5      X      162.975    175.750    163.325    180.750
   6      X      162.975    188.050    163.325    193.050
   7      X      186.825    175.750    187.175    180.750
   8      X      186.825    188.050    187.175    193.050

================================================================================
Rule No. 1476 : # INFO: C35B4/C35B3 ASSURA DRC DECK (REV9 DATE 26-Apr-2011) Last modified 07-Sept-2016 #

Real Error Count : 1; Flat Error Count : 1
================================================================================

--------------------------------------------------------------------------------
Cell Name : fecg_cmfb2_fc layout FECG

                   Cell Errors    Real Errors   Cell Placements     Environments
                             1              1                 1                1
--------------------------------------------------------------------------------
Env.  Env. Placements            X1           Y1          X2           Y2

  1        1                  2.350        2.100     585.675      213.675

Shape               Environments Status & Error Marker 

          1           X1         Y1         X2         Y2

   1      X        2.350      2.100    585.675    213.675

