================================================================================
Rule No. 44 : # INFO: Set -resimulate_extracted- Switch for QRC! #

Real Error Count : 22; Flat Error Count : 90
================================================================================

--------------------------------------------------------------------------------
Cell Name : G10_1_7_3250_0_r0 sub_array

                   Cell Errors    Real Errors   Cell Placements     Environments
                             1              1                15                1
--------------------------------------------------------------------------------
Env.  Env. Placements            X1           Y1          X2           Y2

  1       15                203.625     -259.500     225.925     -237.300

Shape               Environments Status & Error Marker 

          1           X1         Y1         X2         Y2

   1      X       -0.400     -0.250     21.900     21.950

--------------------------------------------------------------------------------
Cell Name : G10_1_7_3250_0_r0_A1 array 5 21 3.25 25.8 r0

                   Cell Errors    Real Errors   Cell Placements     Environments
                             3              3                 1                1
--------------------------------------------------------------------------------
Env.  Env. Placements            X1           Y1          X2           Y2

  1        1                203.625     -259.500     271.425     -134.100

Shape               Environments Status & Error Marker 

          1           X1         Y1         X2         Y2

   1      X       -0.400     -0.250     67.400     99.350
   2      X       -0.400     99.350     67.400    125.150
   3      X       44.650     77.150     45.100     99.350

--------------------------------------------------------------------------------
Cell Name : pmos4 layout PRIMLIB l="5u" w="5u" wtot="5u" in1=MP24

                   Cell Errors    Real Errors   Cell Placements     Environments
                             1              1                 4                1
--------------------------------------------------------------------------------
Env.  Env. Placements            X1           Y1          X2           Y2

  1        4                289.625      -71.000     298.725      -63.600

Shape               Environments Status & Error Marker 

          1           X1         Y1         X2         Y2

   1      X       -1.200     -1.200      6.200      7.900

--------------------------------------------------------------------------------
Cell Name : pmos4 layout PRIMLIB jd=FALSE js=FALSE l="350n" ng="20" w="15u" wtot="300u" in1=MP1728129

                   Cell Errors    Real Errors   Cell Placements     Environments
                             1              1                 4                1
--------------------------------------------------------------------------------
Env.  Env. Placements            X1           Y1          X2           Y2

  1        4                193.725     -102.300     223.825      -84.900

Shape               Environments Status & Error Marker 

          1           X1         Y1         X2         Y2

   1      X       -1.200     -1.200     16.200     28.900

--------------------------------------------------------------------------------
Cell Name : pmos4 layout PRIMLIB l="5u" w="6u" wtot="6u" in1=MP2528329

                   Cell Errors    Real Errors   Cell Placements     Environments
                             1              1                26                1
--------------------------------------------------------------------------------
Env.  Env. Placements            X1           Y1          X2           Y2

  1       26                 48.025      -84.400      57.125      -76.000

Shape               Environments Status & Error Marker 

          1           X1         Y1         X2         Y2

   1      X       -1.200     -1.200      7.200      7.900

--------------------------------------------------------------------------------
Cell Name : nmos4 layout PRIMLIB jd=FALSE js=FALSE l="4u" ng="2" wtot="20u" in1=MN23

                   Cell Errors    Real Errors   Cell Placements     Environments
                             1              1                 2                1
--------------------------------------------------------------------------------
Env.  Env. Placements            X1           Y1          X2           Y2

  1        2                 44.175     -127.450      55.375     -116.500

Shape               Environments Status & Error Marker 

          1           X1         Y1         X2         Y2

   1      X       -0.400     -0.250     10.550     10.950

--------------------------------------------------------------------------------
Cell Name : cpolyc layout PRIMLIB area="4.28n" c="3.7p" l="65.8u" perimeter="261.6u" rbottom="Cont" rleft="Cont" rright="Cont" rtop="Cont" id_=44e5150040ff667 in1=C128229

                   Cell Errors    Real Errors   Cell Placements     Environments
                             1              1                 3                1
--------------------------------------------------------------------------------
Env.  Env. Placements            X1           Y1          X2           Y2

  1        3                576.600     -109.200     646.300      -37.900

Shape               Environments Status & Error Marker 

          1           X1         Y1         X2         Y2

   1      X       -1.350     -1.350     69.950     68.350

--------------------------------------------------------------------------------
Cell Name : cpolyc layout PRIMLIB area="3.5n" c="3.03p" l="70u" perimeter="240u" rbottom="Cont" rleft="Cont" rright="Cont" rtop="Cont" id_=44e51500712df12b in1=C2281129

                   Cell Errors    Real Errors   Cell Placements     Environments
                             1              1                12                1
--------------------------------------------------------------------------------
Env.  Env. Placements            X1           Y1          X2           Y2

  1       12                796.250     -263.100     871.750     -208.400

Shape               Environments Status & Error Marker 

          1           X1         Y1         X2         Y2

   1      X       -1.350     -1.350     74.150     53.350

--------------------------------------------------------------------------------
Cell Name : cpolyc layout PRIMLIB area="3.47n" c="3p" l="59.25u" perimeter="235.5u" rbottom="Cont" rleft="Cont" rright="Cont" rtop="Cont" id_=e2439322f0930082 in1=C328529

                   Cell Errors    Real Errors   Cell Placements     Environments
                             1              1                 6                1
--------------------------------------------------------------------------------
Env.  Env. Placements            X1           Y1          X2           Y2

  1        6                576.600     -263.100     641.350     -199.900

Shape               Environments Status & Error Marker 

          1           X1         Y1         X2         Y2

   1      X       -1.350     -1.350     63.400     61.850

--------------------------------------------------------------------------------
Cell Name : cpolyc layout PRIMLIB area="11.58n" c="10p" l="108.05u" perimeter="430.5u" rbottom="Cont" rleft="Cont" rright="Cont" id_=8d84e36816c15e1c in1=C628029

                   Cell Errors    Real Errors   Cell Placements     Environments
                             1              1                 3                1
--------------------------------------------------------------------------------
Env.  Env. Placements            X1           Y1          X2           Y2

  1        3                344.650     -263.100     458.200     -151.200

Shape               Environments Status & Error Marker 

          1           X1         Y1         X2         Y2

   1      X       -1.350     -1.350    112.200    110.550

--------------------------------------------------------------------------------
Cell Name : INVX1 layout CORELIBD

                   Cell Errors    Real Errors   Cell Placements     Environments
                             1              1                 3                1
--------------------------------------------------------------------------------
Env.  Env. Placements            X1           Y1          X2           Y2

  1        3                333.550      -67.250     338.050      -54.150

Shape               Environments Status & Error Marker 

          1           X1         Y1         X2         Y2

   1      X       -0.850     -1.350      3.650     11.750

--------------------------------------------------------------------------------
Cell Name : Gm_C_filter layout YAOWEN

                   Cell Errors    Real Errors   Cell Placements     Environments
                             9              9                 1                1
--------------------------------------------------------------------------------
Env.  Env. Placements            X1           Y1          X2           Y2

  1        1                 27.525     -281.800    1027.700      -15.850

Shape               Environments Status & Error Marker 

          1           X1         Y1         X2         Y2

   1      X       27.525   -281.800    271.425    -15.850
   2      X      232.825   -134.100    271.425    -15.850
   3      X      271.425   -281.800    572.850    -15.850
   4      X      459.300   -151.200    572.850    -15.850
   5      X      572.850   -281.800    772.850    -15.850
   6      X      708.100   -199.900    772.850   -198.900
   7      X      718.850   -281.800    948.250    -15.850
   8      X      872.750   -208.400    948.250   -207.400
   9      X      948.250   -281.800   1027.700    -15.850

================================================================================
Rule No. 45 : # C35B4 ENG - 183 Rev9 (Last updated 26-Apr-2017 12:48) #

Real Error Count : 22; Flat Error Count : 90
================================================================================

--------------------------------------------------------------------------------
Cell Name : G10_1_7_3250_0_r0 sub_array

                   Cell Errors    Real Errors   Cell Placements     Environments
                             1              1                15                1
--------------------------------------------------------------------------------
Env.  Env. Placements            X1           Y1          X2           Y2

  1       15                203.625     -259.500     225.925     -237.300

Shape               Environments Status & Error Marker 

          1           X1         Y1         X2         Y2

   1      X       -0.400     -0.250     21.900     21.950

--------------------------------------------------------------------------------
Cell Name : G10_1_7_3250_0_r0_A1 array 5 21 3.25 25.8 r0

                   Cell Errors    Real Errors   Cell Placements     Environments
                             3              3                 1                1
--------------------------------------------------------------------------------
Env.  Env. Placements            X1           Y1          X2           Y2

  1        1                203.625     -259.500     271.425     -134.100

Shape               Environments Status & Error Marker 

          1           X1         Y1         X2         Y2

   1      X       -0.400     -0.250     67.400     99.350
   2      X       -0.400     99.350     67.400    125.150
   3      X       44.650     77.150     45.100     99.350

--------------------------------------------------------------------------------
Cell Name : pmos4 layout PRIMLIB l="5u" w="5u" wtot="5u" in1=MP24

                   Cell Errors    Real Errors   Cell Placements     Environments
                             1              1                 4                1
--------------------------------------------------------------------------------
Env.  Env. Placements            X1           Y1          X2           Y2

  1        4                289.625      -71.000     298.725      -63.600

Shape               Environments Status & Error Marker 

          1           X1         Y1         X2         Y2

   1      X       -1.200     -1.200      6.200      7.900

--------------------------------------------------------------------------------
Cell Name : pmos4 layout PRIMLIB jd=FALSE js=FALSE l="350n" ng="20" w="15u" wtot="300u" in1=MP1728129

                   Cell Errors    Real Errors   Cell Placements     Environments
                             1              1                 4                1
--------------------------------------------------------------------------------
Env.  Env. Placements            X1           Y1          X2           Y2

  1        4                193.725     -102.300     223.825      -84.900

Shape               Environments Status & Error Marker 

          1           X1         Y1         X2         Y2

   1      X       -1.200     -1.200     16.200     28.900

--------------------------------------------------------------------------------
Cell Name : pmos4 layout PRIMLIB l="5u" w="6u" wtot="6u" in1=MP2528329

                   Cell Errors    Real Errors   Cell Placements     Environments
                             1              1                26                1
--------------------------------------------------------------------------------
Env.  Env. Placements            X1           Y1          X2           Y2

  1       26                 48.025      -84.400      57.125      -76.000

Shape               Environments Status & Error Marker 

          1           X1         Y1         X2         Y2

   1      X       -1.200     -1.200      7.200      7.900

--------------------------------------------------------------------------------
Cell Name : nmos4 layout PRIMLIB jd=FALSE js=FALSE l="4u" ng="2" wtot="20u" in1=MN23

                   Cell Errors    Real Errors   Cell Placements     Environments
                             1              1                 2                1
--------------------------------------------------------------------------------
Env.  Env. Placements            X1           Y1          X2           Y2

  1        2                 44.175     -127.450      55.375     -116.500

Shape               Environments Status & Error Marker 

          1           X1         Y1         X2         Y2

   1      X       -0.400     -0.250     10.550     10.950

--------------------------------------------------------------------------------
Cell Name : cpolyc layout PRIMLIB area="4.28n" c="3.7p" l="65.8u" perimeter="261.6u" rbottom="Cont" rleft="Cont" rright="Cont" rtop="Cont" id_=44e5150040ff667 in1=C128229

                   Cell Errors    Real Errors   Cell Placements     Environments
                             1              1                 3                1
--------------------------------------------------------------------------------
Env.  Env. Placements            X1           Y1          X2           Y2

  1        3                576.600     -109.200     646.300      -37.900

Shape               Environments Status & Error Marker 

          1           X1         Y1         X2         Y2

   1      X       -1.350     -1.350     69.950     68.350

--------------------------------------------------------------------------------
Cell Name : cpolyc layout PRIMLIB area="3.5n" c="3.03p" l="70u" perimeter="240u" rbottom="Cont" rleft="Cont" rright="Cont" rtop="Cont" id_=44e51500712df12b in1=C2281129

                   Cell Errors    Real Errors   Cell Placements     Environments
                             1              1                12                1
--------------------------------------------------------------------------------
Env.  Env. Placements            X1           Y1          X2           Y2

  1       12                796.250     -263.100     871.750     -208.400

Shape               Environments Status & Error Marker 

          1           X1         Y1         X2         Y2

   1      X       -1.350     -1.350     74.150     53.350

--------------------------------------------------------------------------------
Cell Name : cpolyc layout PRIMLIB area="3.47n" c="3p" l="59.25u" perimeter="235.5u" rbottom="Cont" rleft="Cont" rright="Cont" rtop="Cont" id_=e2439322f0930082 in1=C328529

                   Cell Errors    Real Errors   Cell Placements     Environments
                             1              1                 6                1
--------------------------------------------------------------------------------
Env.  Env. Placements            X1           Y1          X2           Y2

  1        6                576.600     -263.100     641.350     -199.900

Shape               Environments Status & Error Marker 

          1           X1         Y1         X2         Y2

   1      X       -1.350     -1.350     63.400     61.850

--------------------------------------------------------------------------------
Cell Name : cpolyc layout PRIMLIB area="11.58n" c="10p" l="108.05u" perimeter="430.5u" rbottom="Cont" rleft="Cont" rright="Cont" id_=8d84e36816c15e1c in1=C628029

                   Cell Errors    Real Errors   Cell Placements     Environments
                             1              1                 3                1
--------------------------------------------------------------------------------
Env.  Env. Placements            X1           Y1          X2           Y2

  1        3                344.650     -263.100     458.200     -151.200

Shape               Environments Status & Error Marker 

          1           X1         Y1         X2         Y2

   1      X       -1.350     -1.350    112.200    110.550

--------------------------------------------------------------------------------
Cell Name : INVX1 layout CORELIBD

                   Cell Errors    Real Errors   Cell Placements     Environments
                             1              1                 3                1
--------------------------------------------------------------------------------
Env.  Env. Placements            X1           Y1          X2           Y2

  1        3                333.550      -67.250     338.050      -54.150

Shape               Environments Status & Error Marker 

          1           X1         Y1         X2         Y2

   1      X       -0.850     -1.350      3.650     11.750

--------------------------------------------------------------------------------
Cell Name : Gm_C_filter layout YAOWEN

                   Cell Errors    Real Errors   Cell Placements     Environments
                             9              9                 1                1
--------------------------------------------------------------------------------
Env.  Env. Placements            X1           Y1          X2           Y2

  1        1                 27.525     -281.800    1027.700      -15.850

Shape               Environments Status & Error Marker 

          1           X1         Y1         X2         Y2

   1      X       27.525   -281.800    271.425    -15.850
   2      X      232.825   -134.100    271.425    -15.850
   3      X      271.425   -281.800    572.850    -15.850
   4      X      459.300   -151.200    572.850    -15.850
   5      X      572.850   -281.800    772.850    -15.850
   6      X      708.100   -199.900    772.850   -198.900
   7      X      718.850   -281.800    948.250    -15.850
   8      X      872.750   -208.400    948.250   -207.400
   9      X      948.250   -281.800   1027.700    -15.850

