================================================================================
Rule No. 44 : # INFO: Don't use -resimulate_extracted- Switch for standard LVS but only for QRC! #

Real Error Count : 34; Flat Error Count : 176
================================================================================

--------------------------------------------------------------------------------
Cell Name : avPart1

                   Cell Errors    Real Errors   Cell Placements     Environments
                             1              1                42                1
--------------------------------------------------------------------------------
Env.  Env. Placements            X1           Y1          X2           Y2

  1       42                523.225      240.250     553.625      252.650

Shape               Environments Status & Error Marker 

          1           X1         Y1         X2         Y2

   1      X       -1.200     -1.200     11.200     29.200

--------------------------------------------------------------------------------
Cell Name : rpolyhc layout PRIMLIB doubleCont="Horizontal" gwell="N-Well" l="18.75u" r="12.5K" w="2u" in1=R2

                   Cell Errors    Real Errors   Cell Placements     Environments
                             1              1                 4                1
--------------------------------------------------------------------------------
Env.  Env. Placements            X1           Y1          X2           Y2

  1        4                109.750      311.300     139.300      320.000

Shape               Environments Status & Error Marker 

          1           X1         Y1         X2         Y2

   1      X       -4.800     -3.350     24.750      5.350

--------------------------------------------------------------------------------
Cell Name : rpolyhc layout PRIMLIB Dummy=TRUE doubleCont="Horizontal" gwell="N-Well" l="18.75u" r="12.5K" w="2u" in1=R7

                   Cell Errors    Real Errors   Cell Placements     Environments
                             1              1                 4                1
--------------------------------------------------------------------------------
Env.  Env. Placements            X1           Y1          X2           Y2

  1        4                104.950      297.800     139.300      311.300

Shape               Environments Status & Error Marker 

          1           X1         Y1         X2         Y2

   1      X       -7.200     -5.750     27.150      7.750

--------------------------------------------------------------------------------
Cell Name : pmos4 layout PRIMLIB jd=FALSE js=FALSE l="4u" ng="6" w="33.35u" wtot="200u" in1=MP028129

                   Cell Errors    Real Errors   Cell Placements     Environments
                             1              1                 4                1
--------------------------------------------------------------------------------
Env.  Env. Placements            X1           Y1          X2           Y2

  1        4                201.400      295.350     234.500      331.100

Shape               Environments Status & Error Marker 

          1           X1         Y1         X2         Y2

   1      X       -1.200     -1.200     34.550     31.900

--------------------------------------------------------------------------------
Cell Name : pmos4 layout PRIMLIB l="4u" w="12.5u" wtot="12.5u" in1=MP928729

                   Cell Errors    Real Errors   Cell Placements     Environments
                             1              1                20                1
--------------------------------------------------------------------------------
Env.  Env. Placements            X1           Y1          X2           Y2

  1       20                409.375      164.950     417.475      179.850

Shape               Environments Status & Error Marker 

          1           X1         Y1         X2         Y2

   1      X       -1.200     -1.200     13.700      6.900

--------------------------------------------------------------------------------
Cell Name : pmos4 layout PRIMLIB l="4u" ng="10" wtot="100u" in1=MP7

                   Cell Errors    Real Errors   Cell Placements     Environments
                             1              1                 2                1
--------------------------------------------------------------------------------
Env.  Env. Placements            X1           Y1          X2           Y2

  1        2                373.475      279.650     426.575      292.050

Shape               Environments Status & Error Marker 

          1           X1         Y1         X2         Y2

   1      X       -1.200     -1.200     11.200     51.900

--------------------------------------------------------------------------------
Cell Name : pmos4 layout PRIMLIB l="20u" w="25u" wtot="25u" in1=MP328129

                   Cell Errors    Real Errors   Cell Placements     Environments
                             1              1                 6                1
--------------------------------------------------------------------------------
Env.  Env. Placements            X1           Y1          X2           Y2

  1        6                303.675      347.900     327.775      375.300

Shape               Environments Status & Error Marker 

          1           X1         Y1         X2         Y2

   1      X       -1.200     -1.200     26.200     22.900

--------------------------------------------------------------------------------
Cell Name : nmos4 layout PRIMLIB l="12u" w="4u" wtot="4u" in1=MN328329

                   Cell Errors    Real Errors   Cell Placements     Environments
                             1              1                20                1
--------------------------------------------------------------------------------
Env.  Env. Placements            X1           Y1          X2           Y2

  1       20                 49.900      166.950      54.700      181.150

Shape               Environments Status & Error Marker 

          1           X1         Y1         X2         Y2

   1      X       -0.400     -0.250      4.400     13.950

--------------------------------------------------------------------------------
Cell Name : nmos4 layout PRIMLIB l="4u" ng="10" w="1u" in1=MN14

                   Cell Errors    Real Errors   Cell Placements     Environments
                             1              1                 4                1
--------------------------------------------------------------------------------
Env.  Env. Placements            X1           Y1          X2           Y2

  1        4                300.475      275.750     351.675      278.350

Shape               Environments Status & Error Marker 

          1           X1         Y1         X2         Y2

   1      X       -0.800     -0.250      1.800     50.950

--------------------------------------------------------------------------------
Cell Name : nmos4 layout PRIMLIB l="8u" in1=MN3728329

                   Cell Errors    Real Errors   Cell Placements     Environments
                             1              1                12                1
--------------------------------------------------------------------------------
Env.  Env. Placements            X1           Y1          X2           Y2

  1       12                391.175      223.850     401.375      234.650

Shape               Environments Status & Error Marker 

          1           X1         Y1         X2         Y2

   1      X       -0.400     -0.250     10.400      9.950

--------------------------------------------------------------------------------
Cell Name : nmos4 layout PRIMLIB l="80u" w="8u" wtot="8u" in1=MN728129

                   Cell Errors    Real Errors   Cell Placements     Environments
                             1              1                25                1
--------------------------------------------------------------------------------
Env.  Env. Placements            X1           Y1          X2           Y2

  1       25                136.900      167.150     145.700      249.350

Shape               Environments Status & Error Marker 

          1           X1         Y1         X2         Y2

   1      X       -0.400     -0.250      8.400     81.950

--------------------------------------------------------------------------------
Cell Name : cpolyc layout PRIMLIB area="2.6n" c="2.25p" gwell="N-Well" l="51u" perimeter="204u" rbottom="Cont" rleft="Cont" rright="Cont" id_=318ecccaa27aadb6 in1=C228829

                   Cell Errors    Real Errors   Cell Placements     Environments
                             1              1                 9                1
--------------------------------------------------------------------------------
Env.  Env. Placements            X1           Y1          X2           Y2

  1        9                752.250      210.950     808.650      266.650

Shape               Environments Status & Error Marker 

          1           X1         Y1         X2         Y2

   1      X       -1.350     -1.350     55.050     54.350

--------------------------------------------------------------------------------
Cell Name : chopper_f layout YAOWEN

                   Cell Errors    Real Errors   Cell Placements     Environments
                             1              1                 3                1
--------------------------------------------------------------------------------
Env.  Env. Placements            X1           Y1          X2           Y2

  1        3                 21.400      246.450      91.100      277.250

Shape               Environments Status & Error Marker 

          1           X1         Y1         X2         Y2

   1      X       -3.250      0.500     66.450     31.300

--------------------------------------------------------------------------------
Cell Name : ia_new_f layout YAOWEN

                   Cell Errors    Real Errors   Cell Placements     Environments
                            21             21                 1                1
--------------------------------------------------------------------------------
Env.  Env. Placements            X1           Y1          X2           Y2

  1        1                 -2.400      132.200     926.400      395.525

Shape               Environments Status & Error Marker 

          1           X1         Y1         X2         Y2

   1      X       -2.400    132.200     91.400    395.525
   2      X       60.400    181.150     65.200    186.650
   3      X       65.200    132.200     86.650    246.450
   4      X       81.400    181.150     86.200    186.650
   5      X       86.650    132.200    136.900    395.525
   6      X      104.950    132.200    183.150    395.525
   7      X      104.950    311.300    109.750    328.700
   8      X      183.150    132.200    234.500    395.525
   9      X      229.400    132.200    275.200    395.525
  10      X      271.600    249.350    275.200    395.525
  11      X      275.200    132.200    351.675    395.525
  12      X      303.400    249.350    312.200    275.750
  13      X      303.675    302.650    351.675    347.900
  14      X      303.675    375.300    439.275    395.525
  15      X      312.200    132.200    367.700    347.900
  16      X      367.700    132.200    474.175    347.900
  17      X      411.775    234.650    421.975    236.550
  18      X      421.975    198.450    474.175    279.650
  19      X      439.275    132.200    808.650    395.525
  20      X      752.250    132.200    926.400    395.525
  21      X      752.250    266.650    808.650    267.250

================================================================================
Rule No. 45 : # C35B4 ENG - 183 Rev9 (Last updated 26-Apr-2017 12:48) #

Real Error Count : 34; Flat Error Count : 176
================================================================================

--------------------------------------------------------------------------------
Cell Name : avPart1

                   Cell Errors    Real Errors   Cell Placements     Environments
                             1              1                42                1
--------------------------------------------------------------------------------
Env.  Env. Placements            X1           Y1          X2           Y2

  1       42                523.225      240.250     553.625      252.650

Shape               Environments Status & Error Marker 

          1           X1         Y1         X2         Y2

   1      X       -1.200     -1.200     11.200     29.200

--------------------------------------------------------------------------------
Cell Name : rpolyhc layout PRIMLIB doubleCont="Horizontal" gwell="N-Well" l="18.75u" r="12.5K" w="2u" in1=R2

                   Cell Errors    Real Errors   Cell Placements     Environments
                             1              1                 4                1
--------------------------------------------------------------------------------
Env.  Env. Placements            X1           Y1          X2           Y2

  1        4                109.750      311.300     139.300      320.000

Shape               Environments Status & Error Marker 

          1           X1         Y1         X2         Y2

   1      X       -4.800     -3.350     24.750      5.350

--------------------------------------------------------------------------------
Cell Name : rpolyhc layout PRIMLIB Dummy=TRUE doubleCont="Horizontal" gwell="N-Well" l="18.75u" r="12.5K" w="2u" in1=R7

                   Cell Errors    Real Errors   Cell Placements     Environments
                             1              1                 4                1
--------------------------------------------------------------------------------
Env.  Env. Placements            X1           Y1          X2           Y2

  1        4                104.950      297.800     139.300      311.300

Shape               Environments Status & Error Marker 

          1           X1         Y1         X2         Y2

   1      X       -7.200     -5.750     27.150      7.750

--------------------------------------------------------------------------------
Cell Name : pmos4 layout PRIMLIB jd=FALSE js=FALSE l="4u" ng="6" w="33.35u" wtot="200u" in1=MP028129

                   Cell Errors    Real Errors   Cell Placements     Environments
                             1              1                 4                1
--------------------------------------------------------------------------------
Env.  Env. Placements            X1           Y1          X2           Y2

  1        4                201.400      295.350     234.500      331.100

Shape               Environments Status & Error Marker 

          1           X1         Y1         X2         Y2

   1      X       -1.200     -1.200     34.550     31.900

--------------------------------------------------------------------------------
Cell Name : pmos4 layout PRIMLIB l="4u" w="12.5u" wtot="12.5u" in1=MP928729

                   Cell Errors    Real Errors   Cell Placements     Environments
                             1              1                20                1
--------------------------------------------------------------------------------
Env.  Env. Placements            X1           Y1          X2           Y2

  1       20                409.375      164.950     417.475      179.850

Shape               Environments Status & Error Marker 

          1           X1         Y1         X2         Y2

   1      X       -1.200     -1.200     13.700      6.900

--------------------------------------------------------------------------------
Cell Name : pmos4 layout PRIMLIB l="4u" ng="10" wtot="100u" in1=MP7

                   Cell Errors    Real Errors   Cell Placements     Environments
                             1              1                 2                1
--------------------------------------------------------------------------------
Env.  Env. Placements            X1           Y1          X2           Y2

  1        2                373.475      279.650     426.575      292.050

Shape               Environments Status & Error Marker 

          1           X1         Y1         X2         Y2

   1      X       -1.200     -1.200     11.200     51.900

--------------------------------------------------------------------------------
Cell Name : pmos4 layout PRIMLIB l="20u" w="25u" wtot="25u" in1=MP328129

                   Cell Errors    Real Errors   Cell Placements     Environments
                             1              1                 6                1
--------------------------------------------------------------------------------
Env.  Env. Placements            X1           Y1          X2           Y2

  1        6                303.675      347.900     327.775      375.300

Shape               Environments Status & Error Marker 

          1           X1         Y1         X2         Y2

   1      X       -1.200     -1.200     26.200     22.900

--------------------------------------------------------------------------------
Cell Name : nmos4 layout PRIMLIB l="12u" w="4u" wtot="4u" in1=MN328329

                   Cell Errors    Real Errors   Cell Placements     Environments
                             1              1                20                1
--------------------------------------------------------------------------------
Env.  Env. Placements            X1           Y1          X2           Y2

  1       20                 49.900      166.950      54.700      181.150

Shape               Environments Status & Error Marker 

          1           X1         Y1         X2         Y2

   1      X       -0.400     -0.250      4.400     13.950

--------------------------------------------------------------------------------
Cell Name : nmos4 layout PRIMLIB l="4u" ng="10" w="1u" in1=MN14

                   Cell Errors    Real Errors   Cell Placements     Environments
                             1              1                 4                1
--------------------------------------------------------------------------------
Env.  Env. Placements            X1           Y1          X2           Y2

  1        4                300.475      275.750     351.675      278.350

Shape               Environments Status & Error Marker 

          1           X1         Y1         X2         Y2

   1      X       -0.800     -0.250      1.800     50.950

--------------------------------------------------------------------------------
Cell Name : nmos4 layout PRIMLIB l="8u" in1=MN3728329

                   Cell Errors    Real Errors   Cell Placements     Environments
                             1              1                12                1
--------------------------------------------------------------------------------
Env.  Env. Placements            X1           Y1          X2           Y2

  1       12                391.175      223.850     401.375      234.650

Shape               Environments Status & Error Marker 

          1           X1         Y1         X2         Y2

   1      X       -0.400     -0.250     10.400      9.950

--------------------------------------------------------------------------------
Cell Name : nmos4 layout PRIMLIB l="80u" w="8u" wtot="8u" in1=MN728129

                   Cell Errors    Real Errors   Cell Placements     Environments
                             1              1                25                1
--------------------------------------------------------------------------------
Env.  Env. Placements            X1           Y1          X2           Y2

  1       25                136.900      167.150     145.700      249.350

Shape               Environments Status & Error Marker 

          1           X1         Y1         X2         Y2

   1      X       -0.400     -0.250      8.400     81.950

--------------------------------------------------------------------------------
Cell Name : cpolyc layout PRIMLIB area="2.6n" c="2.25p" gwell="N-Well" l="51u" perimeter="204u" rbottom="Cont" rleft="Cont" rright="Cont" id_=318ecccaa27aadb6 in1=C228829

                   Cell Errors    Real Errors   Cell Placements     Environments
                             1              1                 9                1
--------------------------------------------------------------------------------
Env.  Env. Placements            X1           Y1          X2           Y2

  1        9                752.250      210.950     808.650      266.650

Shape               Environments Status & Error Marker 

          1           X1         Y1         X2         Y2

   1      X       -1.350     -1.350     55.050     54.350

--------------------------------------------------------------------------------
Cell Name : chopper_f layout YAOWEN

                   Cell Errors    Real Errors   Cell Placements     Environments
                             1              1                 3                1
--------------------------------------------------------------------------------
Env.  Env. Placements            X1           Y1          X2           Y2

  1        3                 21.400      246.450      91.100      277.250

Shape               Environments Status & Error Marker 

          1           X1         Y1         X2         Y2

   1      X       -3.250      0.500     66.450     31.300

--------------------------------------------------------------------------------
Cell Name : ia_new_f layout YAOWEN

                   Cell Errors    Real Errors   Cell Placements     Environments
                            21             21                 1                1
--------------------------------------------------------------------------------
Env.  Env. Placements            X1           Y1          X2           Y2

  1        1                 -2.400      132.200     926.400      395.525

Shape               Environments Status & Error Marker 

          1           X1         Y1         X2         Y2

   1      X       -2.400    132.200     91.400    395.525
   2      X       60.400    181.150     65.200    186.650
   3      X       65.200    132.200     86.650    246.450
   4      X       81.400    181.150     86.200    186.650
   5      X       86.650    132.200    136.900    395.525
   6      X      104.950    132.200    183.150    395.525
   7      X      104.950    311.300    109.750    328.700
   8      X      183.150    132.200    234.500    395.525
   9      X      229.400    132.200    275.200    395.525
  10      X      271.600    249.350    275.200    395.525
  11      X      275.200    132.200    351.675    395.525
  12      X      303.400    249.350    312.200    275.750
  13      X      303.675    302.650    351.675    347.900
  14      X      303.675    375.300    439.275    395.525
  15      X      312.200    132.200    367.700    347.900
  16      X      367.700    132.200    474.175    347.900
  17      X      411.775    234.650    421.975    236.550
  18      X      421.975    198.450    474.175    279.650
  19      X      439.275    132.200    808.650    395.525
  20      X      752.250    132.200    926.400    395.525
  21      X      752.250    266.650    808.650    267.250

