Starting Single Run, Sweeps and Corners...

Current time: Tue May 26 07:57:39 2026 
Best design point: 1
Design specs: 
	TRAN_VIN_PULSE	corner	CMOS_RES_CAP_VDD_TEMP_0 - 
	TRAN_VIN_PULSE	corner	CMOS_RES_CAP_VDD_TEMP_1 - 
	TRAN_VIN_PULSE	corner	CMOS_RES_CAP_VDD_TEMP_2 - 
	TRAN_VIN_PULSE	corner	CMOS_RES_CAP_VDD_TEMP_3 - 
	TRAN_VIN_PULSE	corner	CMOS_RES_CAP_VDD_TEMP_4 - 
	TRAN_VIN_PULSE	corner	CMOS_RES_CAP_VDD_TEMP_5 - 
	TRAN_VIN_PULSE	corner	CMOS_RES_CAP_VDD_TEMP_6 - 
	TRAN_VIN_PULSE	corner	CMOS_RES_CAP_VDD_TEMP_7 - 
	TRAN_VIN_PULSE	corner	CMOS_RES_CAP_VDD_TEMP_8 - 
	TRAN_VIN_PULSE	corner	CMOS_RES_CAP_VDD_TEMP_9 - 
	TRAN_VIN_PULSE	corner	CMOS_RES_CAP_VDD_TEMP_10 - 
	TRAN_VIN_PULSE	corner	CMOS_RES_CAP_VDD_TEMP_11 - 
	TRAN_VIN_PULSE	corner	CMOS_RES_CAP_VDD_TEMP_12 - 
	TRAN_VIN_PULSE	corner	CMOS_RES_CAP_VDD_TEMP_13 - 
	TRAN_VIN_PULSE	corner	CMOS_RES_CAP_VDD_TEMP_14 - 
	TRAN_VIN_PULSE	corner	CMOS_RES_CAP_VDD_TEMP_15 - 
	TRAN_VIN_PULSE	corner	CMOS_RES_CAP_VDD_TEMP_16 - 
	TRAN_VIN_PULSE	corner	CMOS_RES_CAP_VDD_TEMP_17 - 
	TRAN_VIN_PULSE	corner	CMOS_RES_CAP_VDD_TEMP_18 - 
	TRAN_VIN_PULSE	corner	CMOS_RES_CAP_VDD_TEMP_19 - 
	TRAN_VIN_PULSE	corner	CMOS_RES_CAP_VDD_TEMP_20 - 
	TRAN_VIN_PULSE	corner	CMOS_RES_CAP_VDD_TEMP_21 - 
	TRAN_VIN_PULSE	corner	CMOS_RES_CAP_VDD_TEMP_22 - 
	TRAN_VIN_PULSE	corner	CMOS_RES_CAP_VDD_TEMP_23 - 
	TRAN_VIN_PULSE	corner	CMOS_RES_CAP_VDD_TEMP_24 - 
	TRAN_VIN_PULSE	corner	CMOS_RES_CAP_VDD_TEMP_25 - 
	TRAN_VIN_PULSE	corner	CMOS_RES_CAP_VDD_TEMP_26 - 
	TRAN_VIN_PULSE	corner	CMOS_RES_CAP_VDD_TEMP_27 - 
	TRAN_VIN_PULSE	corner	CMOS_RES_CAP_VDD_TEMP_28 - 
	TRAN_VIN_PULSE	corner	CMOS_RES_CAP_VDD_TEMP_29 - 
	TRAN_VIN_PULSE	corner	CMOS_RES_CAP_VDD_TEMP_30 - 
	TRAN_VIN_PULSE	corner	CMOS_RES_CAP_VDD_TEMP_31 - 
	TRAN_VIN_PULSE	corner	CMOS_RES_CAP_VDD_TEMP_32 - 
	TRAN_VIN_PULSE	corner	CMOS_RES_CAP_VDD_TEMP_33 - 
	TRAN_VIN_PULSE	corner	CMOS_RES_CAP_VDD_TEMP_34 - 
	TRAN_VIN_PULSE	corner	CMOS_RES_CAP_VDD_TEMP_35 - 
	TRAN_VIN_PULSE	corner	CMOS_RES_CAP_VDD_TEMP_36 - 
	TRAN_VIN_PULSE	corner	CMOS_RES_CAP_VDD_TEMP_37 - 
	TRAN_VIN_PULSE	corner	CMOS_RES_CAP_VDD_TEMP_38 - 
	TRAN_VIN_PULSE	corner	CMOS_RES_CAP_VDD_TEMP_39 - 
	TRAN_VIN_PULSE	corner	CMOS_RES_CAP_VDD_TEMP_40 - 
	TRAN_VIN_PULSE	corner	CMOS_RES_CAP_VDD_TEMP_41 - 
	TRAN_VIN_PULSE	corner	CMOS_RES_CAP_VDD_TEMP_42 - 
	TRAN_VIN_PULSE	corner	CMOS_RES_CAP_VDD_TEMP_43 - 
	TRAN_VIN_PULSE	corner	CMOS_RES_CAP_VDD_TEMP_44 - 
	TRAN_VIN_PULSE	corner	CMOS_RES_CAP_VDD_TEMP_45 - 
	TRAN_VIN_PULSE	corner	CMOS_RES_CAP_VDD_TEMP_46 - 
	TRAN_VIN_PULSE	corner	CMOS_RES_CAP_VDD_TEMP_47 - 
	TRAN_VIN_PULSE	corner	CMOS_RES_CAP_VDD_TEMP_48 - 
	TRAN_VIN_PULSE	corner	CMOS_RES_CAP_VDD_TEMP_49 - 
	TRAN_VIN_PULSE	corner	CMOS_RES_CAP_VDD_TEMP_50 - 
	TRAN_VIN_PULSE	corner	CMOS_RES_CAP_VDD_TEMP_51 - 
	TRAN_VIN_PULSE	corner	CMOS_RES_CAP_VDD_TEMP_52 - 
	TRAN_VIN_PULSE	corner	CMOS_RES_CAP_VDD_TEMP_53 - 
	TRAN_VIN_PULSE	corner	CMOS_RES_CAP_VDD_TEMP_54 - 
	TRAN_VIN_PULSE	corner	CMOS_RES_CAP_VDD_TEMP_55 - 
	TRAN_VIN_PULSE	corner	CMOS_RES_CAP_VDD_TEMP_56 - 
	TRAN_VIN_PULSE	corner	CMOS_RES_CAP_VDD_TEMP_57 - 
	TRAN_VIN_PULSE	corner	CMOS_RES_CAP_VDD_TEMP_58 - 
	TRAN_VIN_PULSE	corner	CMOS_RES_CAP_VDD_TEMP_59 - 
	TRAN_VIN_PULSE	corner	CMOS_RES_CAP_VDD_TEMP_60 - 
	TRAN_VIN_PULSE	corner	CMOS_RES_CAP_VDD_TEMP_61 - 
	TRAN_VIN_PULSE	corner	CMOS_RES_CAP_VDD_TEMP_62 - 
	TRAN_VIN_PULSE	corner	CMOS_RES_CAP_VDD_TEMP_63 - 
	TRAN_VIN_PULSE	corner	Nominal - 
Design parameters: 
	F0		3.3
	F1		3.3
	F2		0
	S0		3.3
	S1		0
	S2		0

Interactive.74
Number of points completed: 1
Number of simulation errors: 0
Interactive.74 completed. 
Current time: Tue May 26 08:06:24 2026 
