================================================================================
Rule No. 481 : PP_E_1 Minimum PPLUS extension of DIFF = 0.25

Real Error Count : 8; Flat Error Count : 8
================================================================================

--------------------------------------------------------------------------------
Cell Name : SCRIBE_VT26 layout VT26_IO_RING

                   Cell Errors    Real Errors   Cell Placements     Environments
                             8              8                 1                1
--------------------------------------------------------------------------------
Env.  Env. Placements            X1           Y1          X2           Y2

  1        1                -10.002      -10.002    3160.802     3309.802

Shape               Environments Status & Error Marker 

          1           X1         Y1         X2         Y2

   1      X      -10.002    -10.000     -9.998   3309.800
   2      X      -10.000    -10.002   3160.800     -9.998
   3      X      -10.000   3309.798   3160.800   3309.802
   4      X       -0.002      0.000      0.002   3299.800
   5      X        0.000     -0.002   3150.800      0.002
   6      X        0.000   3299.798   3150.800   3299.802
   7      X     3150.798      0.000   3150.802   3299.800
   8      X     3160.798    -10.000   3160.802   3309.800

================================================================================
Rule No. 510 : M1_R_1 Minimum density of MET1 area [%] = 30

Real Error Count : 1; Flat Error Count : 2
================================================================================

--------------------------------------------------------------------------------
Cell Name : SCRIBE_VT26 layout VT26_IO_RING

                   Cell Errors    Real Errors   Cell Placements     Environments
                             2              1                 1                1
--------------------------------------------------------------------------------
Env.  Env. Placements            X1           Y1          X2           Y2

  1        1                -10.000      -10.000    3160.800     3309.800

Shape               Environments Status & Error Marker 

          1           X1         Y1         X2         Y2

   1      X      -10.000    -10.000   3160.800   3309.800

================================================================================
Rule No. 521 : M2_R_1 Minimum density of MET2 area [%] = 30

Real Error Count : 1; Flat Error Count : 2
================================================================================

--------------------------------------------------------------------------------
Cell Name : SCRIBE_VT26 layout VT26_IO_RING

                   Cell Errors    Real Errors   Cell Placements     Environments
                             2              1                 1                1
--------------------------------------------------------------------------------
Env.  Env. Placements            X1           Y1          X2           Y2

  1        1                -10.000      -10.000    3160.800     3309.800

Shape               Environments Status & Error Marker 

          1           X1         Y1         X2         Y2

   1      X      -10.000    -10.000   3160.800   3309.800

================================================================================
Rule No. 532 : M3_R_1 Minimum density of MET3 area [%] = 30

Real Error Count : 1; Flat Error Count : 2
================================================================================

--------------------------------------------------------------------------------
Cell Name : SCRIBE_VT26 layout VT26_IO_RING

                   Cell Errors    Real Errors   Cell Placements     Environments
                             2              1                 1                1
--------------------------------------------------------------------------------
Env.  Env. Placements            X1           Y1          X2           Y2

  1        1                -10.000      -10.000    3160.800     3309.800

Shape               Environments Status & Error Marker 

          1           X1         Y1         X2         Y2

   1      X      -10.000    -10.000   3160.800   3309.800

================================================================================
Rule No. 544 : M4_R_1 Minimum density of MET4 area [%] = 30

Real Error Count : 1; Flat Error Count : 2
================================================================================

--------------------------------------------------------------------------------
Cell Name : SCRIBE_VT26 layout VT26_IO_RING

                   Cell Errors    Real Errors   Cell Placements     Environments
                             2              1                 1                1
--------------------------------------------------------------------------------
Env.  Env. Placements            X1           Y1          X2           Y2

  1        1                -10.000      -10.000    3160.800     3309.800

Shape               Environments Status & Error Marker 

          1           X1         Y1         X2         Y2

   1      X      -10.000    -10.000   3160.800   3309.800

================================================================================
Rule No. 555 : CB_W_1 Minimum bonding PAD width (85um preferred, 60um on request) = 70

Real Error Count : 4; Flat Error Count : 4
================================================================================

--------------------------------------------------------------------------------
Cell Name : SCRIBE_VT26 layout VT26_IO_RING

                   Cell Errors    Real Errors   Cell Placements     Environments
                             4              4                 1                1
--------------------------------------------------------------------------------
Env.  Env. Placements            X1           Y1          X2           Y2

  1        1                -10.000      -10.000    3160.800     3309.800

Shape               Environments Status & Error Marker 

          1           X1         Y1         X2         Y2

   1      X      -10.000    -10.000     -8.000   3309.800
   2      X      -10.000    -10.000   3160.800     -8.000
   3      X      -10.000   3307.800   3160.800   3309.800
   4      X     3158.800    -10.000   3160.800   3309.800

================================================================================
Rule No. 556 : CB_W_1_G1 Minimum bonding PAD width (85um preferred, 60um on request) = 70 preferred 85

Real Error Count : 4; Flat Error Count : 4
================================================================================

--------------------------------------------------------------------------------
Cell Name : SCRIBE_VT26 layout VT26_IO_RING

                   Cell Errors    Real Errors   Cell Placements     Environments
                             4              4                 1                1
--------------------------------------------------------------------------------
Env.  Env. Placements            X1           Y1          X2           Y2

  1        1                -10.000      -10.000    3160.800     3309.800

Shape               Environments Status & Error Marker 

          1           X1         Y1         X2         Y2

   1      X      -10.000    -10.000     -8.000   3309.800
   2      X      -10.000    -10.000   3160.800     -8.000
   3      X      -10.000   3307.800   3160.800   3309.800
   4      X     3158.800    -10.000   3160.800   3309.800

================================================================================
Rule No. 591 : R01PA PAD without MET4 is not allowed

Real Error Count : 1; Flat Error Count : 1
================================================================================

--------------------------------------------------------------------------------
Cell Name : SCRIBE_VT26 layout VT26_IO_RING

                   Cell Errors    Real Errors   Cell Placements     Environments
                             1              1                 1                1
--------------------------------------------------------------------------------
Env.  Env. Placements            X1           Y1          X2           Y2

  1        1                -10.000      -10.000    3160.800     3309.800

Shape               Environments Status & Error Marker 

          1           X1         Y1         X2         Y2

   1      X      -10.000    -10.000   3160.800   3309.800

================================================================================
Rule No. 719 : AMTS1 Maximum MTOP spacing when the width of one or both MTOP shapes is less than 10um = 10

Real Error Count : 1; Flat Error Count : 1
================================================================================

--------------------------------------------------------------------------------
Cell Name : SCRIBE_VT26 layout VT26_IO_RING

                   Cell Errors    Real Errors   Cell Placements     Environments
                             1              1                 1                1
--------------------------------------------------------------------------------
Env.  Env. Placements            X1           Y1          X2           Y2

  1        1                  5.000        5.000    3145.800     3294.800

Shape               Environments Status & Error Marker 

          1           X1         Y1         X2         Y2

   1      X        5.000      5.000   3145.800   3294.800

================================================================================
Rule No. 1476 : # INFO: C35B4/C35B3 ASSURA DRC DECK (REV9 DATE 26-Apr-2011) Last modified 07-Sept-2016 #

Real Error Count : 1; Flat Error Count : 1
================================================================================

--------------------------------------------------------------------------------
Cell Name : SCRIBE_VT26 layout VT26_IO_RING

                   Cell Errors    Real Errors   Cell Placements     Environments
                             1              1                 1                1
--------------------------------------------------------------------------------
Env.  Env. Placements            X1           Y1          X2           Y2

  1        1                -10.000      -10.000    3160.800     3309.800

Shape               Environments Status & Error Marker 

          1           X1         Y1         X2         Y2

   1      X      -10.000    -10.000   3160.800   3309.800

