================================================================================
Rule No. 44 : # INFO: Don't use -resimulate_extracted- Switch for standard LVS but only for QRC! #

Real Error Count : 23; Flat Error Count : 255
================================================================================

--------------------------------------------------------------------------------
Cell Name : vert10_4 layout PRIMLIB

                   Cell Errors    Real Errors   Cell Placements     Environments
                             1              1                63                1
--------------------------------------------------------------------------------
Env.  Env. Placements            X1           Y1          X2           Y2

  1       63                251.725      232.850     268.525      249.650

Shape               Environments Status & Error Marker 

          1           X1         Y1         X2         Y2

   1      X        0.000      0.000     16.800     16.800

--------------------------------------------------------------------------------
Cell Name : vert10_4_A1 array 7 9 16.9 18.7 mx

                   Cell Errors    Real Errors   Cell Placements     Environments
                             9              9                 1                1
--------------------------------------------------------------------------------
Env.  Env. Placements            X1           Y1          X2           Y2

  1        1                251.725      232.850     403.725      361.850

Shape               Environments Status & Error Marker 

          1           X1         Y1         X2         Y2

   1      X        0.000    -16.800     33.700    112.200
   2      X       16.900    -16.800     50.700    112.200
   3      X       16.900     18.700     33.700     20.600
   4      X       50.700    -16.800     84.400    112.200
   5      X       67.600    -16.800    101.400    112.200
   6      X       67.600     18.700     84.400     20.600
   7      X      101.400    -16.800    135.100    112.200
   8      X      118.300    -16.800    152.000    112.200
   9      X      118.300     18.700    135.100     20.600

--------------------------------------------------------------------------------
Cell Name : rpolyhc layout PRIMLIB Bends=4 Dummy=TRUE ResShape="90_deg" doubleCont="Horizontal" gwell="N-Well" l="52.5u" r="35K" w="2u" in1=R50

                   Cell Errors    Real Errors   Cell Placements     Environments
                             1              1                45                1
--------------------------------------------------------------------------------
Env.  Env. Placements            X1           Y1          X2           Y2

  1       45                240.525      122.025     264.575      146.525

Shape               Environments Status & Error Marker 

          1           X1         Y1         X2         Y2

   1      X       -7.750     -5.750     16.300     18.750

--------------------------------------------------------------------------------
Cell Name : pmos4 layout PRIMLIB l="10u" w="5u" wtot="5u" in1=MP4282929

                   Cell Errors    Real Errors   Cell Placements     Environments
                             1              1                88                1
--------------------------------------------------------------------------------
Env.  Env. Placements            X1           Y1          X2           Y2

  1       88                 28.375      218.500      42.475      225.900

Shape               Environments Status & Error Marker 

          1           X1         Y1         X2         Y2

   1      X       -1.200     -1.200      6.200     12.900

--------------------------------------------------------------------------------
Cell Name : pmos4 layout PRIMLIB l="4u" w="25u" wtot="25u" in1=MP128729

                   Cell Errors    Real Errors   Cell Placements     Environments
                             1              1                20                1
--------------------------------------------------------------------------------
Env.  Env. Placements            X1           Y1          X2           Y2

  1       20                136.975      129.250     145.075      156.650

Shape               Environments Status & Error Marker 

          1           X1         Y1         X2         Y2

   1      X       -1.200     -1.200     26.200      6.900

--------------------------------------------------------------------------------
Cell Name : pmos4 layout PRIMLIB l="350n" in1=MP928329

                   Cell Errors    Real Errors   Cell Placements     Environments
                             1              1                 8                1
--------------------------------------------------------------------------------
Env.  Env. Placements            X1           Y1          X2           Y2

  1        8                206.125      221.600     210.575      234.000

Shape               Environments Status & Error Marker 

          1           X1         Y1         X2         Y2

   1      X       -1.200     -1.200     11.200      3.250

--------------------------------------------------------------------------------
Cell Name : nmos4 layout PRIMLIB l="10u" in1=MN128129

                   Cell Errors    Real Errors   Cell Placements     Environments
                             1              1                 8                1
--------------------------------------------------------------------------------
Env.  Env. Placements            X1           Y1          X2           Y2

  1        8                 83.625      133.725      95.825      144.525

Shape               Environments Status & Error Marker 

          1           X1         Y1         X2         Y2

   1      X       -0.400     -0.250     10.400     11.950

--------------------------------------------------------------------------------
Cell Name : nmos4 layout PRIMLIB l="10u" w="5u" wtot="5u" in1=MN428129

                   Cell Errors    Real Errors   Cell Placements     Environments
                             1              1                 7                1
--------------------------------------------------------------------------------
Env.  Env. Placements            X1           Y1          X2           Y2

  1        7                219.600      189.750     225.400      201.950

Shape               Environments Status & Error Marker 

          1           X1         Y1         X2         Y2

   1      X       -0.400     -0.250      5.400     11.950

--------------------------------------------------------------------------------
Cell Name : fecg_bandgap3_layout layout FBIAS

                   Cell Errors    Real Errors   Cell Placements     Environments
                             7              7                 1                1
--------------------------------------------------------------------------------
Env.  Env. Placements            X1           Y1          X2           Y2

  1        1                  2.275      107.800     412.625      381.750

Shape               Environments Status & Error Marker 

          1           X1         Y1         X2         Y2

   1      X        2.275    107.800    165.475    381.750
   2      X       83.625    144.525     95.825    147.125
   3      X       95.825    107.800    214.375    381.750
   4      X      202.175    107.800    227.525    381.750
   5      X      206.125    234.000    218.525    237.750
   6      X      219.600    201.950    225.400    277.150
   7      X      225.400    107.800    412.625    381.750

================================================================================
Rule No. 45 : # C35B4 ENG - 183 Rev9 (Last updated 26-Apr-2017 12:48) #

Real Error Count : 23; Flat Error Count : 255
================================================================================

--------------------------------------------------------------------------------
Cell Name : vert10_4 layout PRIMLIB

                   Cell Errors    Real Errors   Cell Placements     Environments
                             1              1                63                1
--------------------------------------------------------------------------------
Env.  Env. Placements            X1           Y1          X2           Y2

  1       63                251.725      232.850     268.525      249.650

Shape               Environments Status & Error Marker 

          1           X1         Y1         X2         Y2

   1      X        0.000      0.000     16.800     16.800

--------------------------------------------------------------------------------
Cell Name : vert10_4_A1 array 7 9 16.9 18.7 mx

                   Cell Errors    Real Errors   Cell Placements     Environments
                             9              9                 1                1
--------------------------------------------------------------------------------
Env.  Env. Placements            X1           Y1          X2           Y2

  1        1                251.725      232.850     403.725      361.850

Shape               Environments Status & Error Marker 

          1           X1         Y1         X2         Y2

   1      X        0.000    -16.800     33.700    112.200
   2      X       16.900    -16.800     50.700    112.200
   3      X       16.900     18.700     33.700     20.600
   4      X       50.700    -16.800     84.400    112.200
   5      X       67.600    -16.800    101.400    112.200
   6      X       67.600     18.700     84.400     20.600
   7      X      101.400    -16.800    135.100    112.200
   8      X      118.300    -16.800    152.000    112.200
   9      X      118.300     18.700    135.100     20.600

--------------------------------------------------------------------------------
Cell Name : rpolyhc layout PRIMLIB Bends=4 Dummy=TRUE ResShape="90_deg" doubleCont="Horizontal" gwell="N-Well" l="52.5u" r="35K" w="2u" in1=R50

                   Cell Errors    Real Errors   Cell Placements     Environments
                             1              1                45                1
--------------------------------------------------------------------------------
Env.  Env. Placements            X1           Y1          X2           Y2

  1       45                240.525      122.025     264.575      146.525

Shape               Environments Status & Error Marker 

          1           X1         Y1         X2         Y2

   1      X       -7.750     -5.750     16.300     18.750

--------------------------------------------------------------------------------
Cell Name : pmos4 layout PRIMLIB l="10u" w="5u" wtot="5u" in1=MP4282929

                   Cell Errors    Real Errors   Cell Placements     Environments
                             1              1                88                1
--------------------------------------------------------------------------------
Env.  Env. Placements            X1           Y1          X2           Y2

  1       88                 28.375      218.500      42.475      225.900

Shape               Environments Status & Error Marker 

          1           X1         Y1         X2         Y2

   1      X       -1.200     -1.200      6.200     12.900

--------------------------------------------------------------------------------
Cell Name : pmos4 layout PRIMLIB l="4u" w="25u" wtot="25u" in1=MP128729

                   Cell Errors    Real Errors   Cell Placements     Environments
                             1              1                20                1
--------------------------------------------------------------------------------
Env.  Env. Placements            X1           Y1          X2           Y2

  1       20                136.975      129.250     145.075      156.650

Shape               Environments Status & Error Marker 

          1           X1         Y1         X2         Y2

   1      X       -1.200     -1.200     26.200      6.900

--------------------------------------------------------------------------------
Cell Name : pmos4 layout PRIMLIB l="350n" in1=MP928329

                   Cell Errors    Real Errors   Cell Placements     Environments
                             1              1                 8                1
--------------------------------------------------------------------------------
Env.  Env. Placements            X1           Y1          X2           Y2

  1        8                206.125      221.600     210.575      234.000

Shape               Environments Status & Error Marker 

          1           X1         Y1         X2         Y2

   1      X       -1.200     -1.200     11.200      3.250

--------------------------------------------------------------------------------
Cell Name : nmos4 layout PRIMLIB l="10u" in1=MN128129

                   Cell Errors    Real Errors   Cell Placements     Environments
                             1              1                 8                1
--------------------------------------------------------------------------------
Env.  Env. Placements            X1           Y1          X2           Y2

  1        8                 83.625      133.725      95.825      144.525

Shape               Environments Status & Error Marker 

          1           X1         Y1         X2         Y2

   1      X       -0.400     -0.250     10.400     11.950

--------------------------------------------------------------------------------
Cell Name : nmos4 layout PRIMLIB l="10u" w="5u" wtot="5u" in1=MN428129

                   Cell Errors    Real Errors   Cell Placements     Environments
                             1              1                 7                1
--------------------------------------------------------------------------------
Env.  Env. Placements            X1           Y1          X2           Y2

  1        7                219.600      189.750     225.400      201.950

Shape               Environments Status & Error Marker 

          1           X1         Y1         X2         Y2

   1      X       -0.400     -0.250      5.400     11.950

--------------------------------------------------------------------------------
Cell Name : fecg_bandgap3_layout layout FBIAS

                   Cell Errors    Real Errors   Cell Placements     Environments
                             7              7                 1                1
--------------------------------------------------------------------------------
Env.  Env. Placements            X1           Y1          X2           Y2

  1        1                  2.275      107.800     412.625      381.750

Shape               Environments Status & Error Marker 

          1           X1         Y1         X2         Y2

   1      X        2.275    107.800    165.475    381.750
   2      X       83.625    144.525     95.825    147.125
   3      X       95.825    107.800    214.375    381.750
   4      X      202.175    107.800    227.525    381.750
   5      X      206.125    234.000    218.525    237.750
   6      X      219.600    201.950    225.400    277.150
   7      X      225.400    107.800    412.625    381.750

