================================================================================
Rule No. 421 : INFO: hot nwell

Real Error Count : 4; Flat Error Count : 37
================================================================================

--------------------------------------------------------------------------------
Cell Name : rpolyhc layout PRIMLIB Bends=4 Dummy=TRUE ResShape="90_deg" doubleCont="Horizontal" gwell="N-Well" l="25u" r="50K" w="800n" in1=R27

                   Cell Errors    Real Errors   Cell Placements     Environments
                             1              1                24                1
--------------------------------------------------------------------------------
Env.  Env. Placements            X1           Y1          X2           Y2

  1       24                277.350      156.050     293.650      172.050

Shape               Environments Status & Error Marker 

          1           X1         Y1         X2         Y2

   1      X       -6.000     -4.650     10.000     11.650

--------------------------------------------------------------------------------
Cell Name : cvar layout PRIMLIB col=10 row=15 in1=C128529

                   Cell Errors    Real Errors   Cell Placements     Environments
                             1              1                11                1
--------------------------------------------------------------------------------
Env.  Env. Placements            X1           Y1          X2           Y2

  1       11                372.425       24.575     494.425       42.375

Shape               Environments Status & Error Marker 

          1           X1         Y1         X2         Y2

   1      X       -0.300     -0.300     17.500    121.700

--------------------------------------------------------------------------------
Cell Name : fbias_vol_ref1_layout layout FBIAS

                   Cell Errors    Real Errors   Cell Placements     Environments
                             2              2                 1                1
--------------------------------------------------------------------------------
Env.  Env. Placements            X1           Y1          X2           Y2

  1        1                275.800       24.575     494.425      273.875

Shape               Environments Status & Error Marker 

          1           X1         Y1         X2         Y2

   1      X      275.800    154.500    346.700    203.600
   2      X      337.400    244.100    362.450    269.600

================================================================================
Rule No. 510 : M1_R_1 Minimum density of MET1 area [%] = 30

Real Error Count : 1; Flat Error Count : 2
================================================================================

--------------------------------------------------------------------------------
Cell Name : fbias_vol_ref1_layout layout FBIAS

                   Cell Errors    Real Errors   Cell Placements     Environments
                             2              1                 1                1
--------------------------------------------------------------------------------
Env.  Env. Placements            X1           Y1          X2           Y2

  1        1                219.650       12.200     498.075      286.900

Shape               Environments Status & Error Marker 

          1           X1         Y1         X2         Y2

   1      X      219.650     12.200    498.075    286.900

================================================================================
Rule No. 532 : M3_R_1 Minimum density of MET3 area [%] = 30

Real Error Count : 1; Flat Error Count : 2
================================================================================

--------------------------------------------------------------------------------
Cell Name : fbias_vol_ref1_layout layout FBIAS

                   Cell Errors    Real Errors   Cell Placements     Environments
                             2              1                 1                1
--------------------------------------------------------------------------------
Env.  Env. Placements            X1           Y1          X2           Y2

  1        1                219.650       12.200     498.075      286.900

Shape               Environments Status & Error Marker 

          1           X1         Y1         X2         Y2

   1      X      219.650     12.200    498.075    286.900

================================================================================
Rule No. 669 : RPOLYH_G2 Minimum high precision RPOLYH width = 2

Real Error Count : 138; Flat Error Count : 575
================================================================================

--------------------------------------------------------------------------------
Cell Name : rpolyhc layout PRIMLIB Bends=4 Dummy=TRUE ResShape="90_deg" doubleCont="Horizontal" gwell="N-Well" l="25u" r="50K" w="800n" in1=R27

                   Cell Errors    Real Errors   Cell Placements     Environments
                            19             19                24                1
--------------------------------------------------------------------------------
Env.  Env. Placements            X1           Y1          X2           Y2

  1       24                280.350      159.050     290.650      169.050

Shape               Environments Status & Error Marker 

          1           X1         Y1         X2         Y2

   1      X       -1.450     -0.100      0.250      0.800
   2      X       -1.450     -0.100      2.036      0.800
   3      X       -1.450      0.000      4.800      0.800
   4      X       -0.800     -0.100      0.250      1.702
   5      X       -0.800      1.550      0.000      3.900
   6      X       -0.800      1.550      4.800      2.350
   7      X       -0.800      2.817      0.000      4.933
   8      X       -0.800      3.100      4.800      3.900
   9      X       -0.800      3.617      0.000      5.733
  10      X       -0.800      4.650      0.000      7.000
  11      X       -0.800      4.650      4.800      5.450
  12      X       -0.800      6.200      5.450      7.000
  13      X        1.964      6.200      5.450      7.100
  14      X        3.750      5.298      4.800      7.100
  15      X        3.750      6.200      5.450      7.100
  16      X        4.000      0.000      4.800      2.350
  17      X        4.000      1.267      4.800      3.383
  18      X        4.000      2.067      4.800      4.183
  19      X        4.000      3.100      4.800      5.450

--------------------------------------------------------------------------------
Cell Name : fbias_vol_ref1_layout layout FBIAS

                   Cell Errors    Real Errors   Cell Placements     Environments
                           119            119                 1                1
--------------------------------------------------------------------------------
Env.  Env. Placements            X1           Y1          X2           Y2

  1        1                280.350      159.050     342.150      199.050

Shape               Environments Status & Error Marker 

          1           X1         Y1         X2         Y2

   1      X      280.350    159.050    281.250    166.836
   2      X      280.350    159.050    288.827    160.500
   3      X      280.350    163.217    281.150    170.083
   4      X      280.350    168.017    281.150    174.883
   5      X      280.350    171.264    281.250    179.386
   6      X      280.350    178.714    281.250    186.836
   7      X      280.350    183.217    281.150    190.083
   8      X      280.350    188.714    281.250    196.836
   9      X      280.350    193.217    281.150    199.050
  10      X      280.350    198.250    285.383    199.050
  11      X      281.150    168.250    283.550    169.850
  12      X      282.173    197.600    291.127    199.050
  13      X      285.617    159.050    291.683    159.850
  14      X      287.450    178.250    289.850    179.850
  15      X      289.750    162.178    291.550    165.922
  16      X      289.750    163.996    291.450    168.250
  17      X      289.750    169.850    291.450    174.104
  18      X      289.750    172.178    291.550    175.922
  19      X      289.750    182.178    291.550    185.922
  20      X      289.750    183.996    291.450    188.250
  21      X      289.750    191.996    291.450    194.104
  22      X      289.750    193.050    291.550    197.600
  23      X      289.850    159.850    291.550    164.104
  24      X      289.850    173.996    291.550    178.250
  25      X      289.850    179.850    291.550    184.104
  26      X      289.850    189.850    291.450    193.050
  27      X      289.850    191.996    291.550    194.104
  28      X      290.173    159.050    299.127    160.500
  29      X      290.173    197.600    299.127    199.050
  30      X      291.450    168.250    293.850    169.850
  31      X      291.450    188.250    293.850    189.850
  32      X      295.917    159.050    301.983    159.850
  33      X      295.917    198.250    301.983    199.050
  34      X      297.750    178.250    300.150    179.850
  35      X      299.917    159.050    305.983    159.850
  36      X      300.050    161.996    301.750    164.104
  37      X      300.050    163.050    301.850    167.600
  38      X      300.050    169.850    301.750    174.104
  39      X      300.050    172.178    301.850    175.922
  40      X      300.050    182.178    301.850    185.922
  41      X      300.050    183.996    301.750    188.250
  42      X      300.050    189.850    301.750    194.104
  43      X      300.050    192.178    301.850    195.922
  44      X      300.150    159.850    301.750    163.050
  45      X      300.150    161.996    301.850    164.104
  46      X      300.150    173.996    301.850    178.250
  47      X      300.150    179.850    301.850    184.104
  48      X      300.150    193.996    301.850    198.250
  49      X      300.473    197.600    309.427    199.050
  50      X      301.750    188.250    304.150    189.850
  51      X      302.773    159.050    311.727    160.500
  52      X      306.217    198.250    312.283    199.050
  53      X      308.050    178.250    310.450    179.850
  54      X      310.217    159.050    316.283    159.850
  55      X      310.217    198.250    316.283    199.050
  56      X      310.350    159.850    312.050    164.104
  57      X      310.350    162.178    312.150    165.922
  58      X      310.350    169.850    312.050    174.104
  59      X      310.350    172.178    312.150    175.922
  60      X      310.350    181.996    312.050    184.104
  61      X      310.350    183.050    312.150    187.600
  62      X      310.350    190.500    312.150    195.050
  63      X      310.350    193.996    312.050    196.104
  64      X      310.450    163.996    312.150    168.250
  65      X      310.450    173.996    312.150    178.250
  66      X      310.450    179.850    312.050    183.050
  67      X      310.450    181.996    312.150    184.104
  68      X      310.450    193.996    312.150    196.104
  69      X      310.450    195.050    312.050    198.250
  70      X      313.073    159.050    322.027    160.500
  71      X      313.073    197.600    322.027    199.050
  72      X      318.350    188.250    320.750    189.850
  73      X      320.517    159.050    326.583    159.850
  74      X      320.517    198.250    326.583    199.050
  75      X      320.650    159.850    322.350    164.104
  76      X      320.650    162.178    322.450    165.922
  77      X      320.650    170.500    322.450    175.050
  78      X      320.650    173.996    322.350    176.104
  79      X      320.650    179.850    322.350    184.104
  80      X      320.650    182.178    322.450    185.922
  81      X      320.650    192.178    322.450    195.922
  82      X      320.650    193.996    322.350    198.250
  83      X      320.750    163.996    322.450    168.250
  84      X      320.750    173.996    322.450    176.104
  85      X      320.750    175.050    322.350    178.250
  86      X      320.750    183.996    322.450    188.250
  87      X      320.750    189.850    322.450    194.104
  88      X      322.350    178.250    324.750    179.850
  89      X      323.373    159.050    332.327    160.500
  90      X      323.373    197.600    332.327    199.050
  91      X      328.650    168.250    331.050    169.850
  92      X      328.650    188.250    331.050    189.850
  93      X      330.817    159.050    336.883    159.850
  94      X      330.817    198.250    336.883    199.050
  95      X      330.950    159.850    332.650    164.104
  96      X      330.950    162.178    332.750    165.922
  97      X      330.950    172.178    332.750    175.922
  98      X      330.950    173.996    332.650    178.250
  99      X      330.950    179.850    332.650    184.104
 100      X      330.950    182.178    332.750    185.922
 101      X      330.950    192.178    332.750    195.922
 102      X      330.950    193.996    332.650    198.250
 103      X      331.050    163.996    332.750    168.250
 104      X      331.050    169.850    332.750    174.104
 105      X      331.050    183.996    332.750    188.250
 106      X      331.050    189.850    332.750    194.104
 107      X      332.650    178.250    335.050    179.850
 108      X      333.673    159.050    342.150    160.500
 109      X      333.673    197.600    342.150    199.050
 110      X      338.950    168.250    341.350    169.850
 111      X      338.950    188.250    341.350    189.850
 112      X      341.250    159.050    342.150    166.836
 113      X      341.250    171.264    342.150    179.386
 114      X      341.250    178.714    342.150    186.836
 115      X      341.250    191.264    342.150    199.050
 116      X      341.350    163.217    342.150    170.083
 117      X      341.350    168.017    342.150    174.883
 118      X      341.350    183.217    342.150    190.083
 119      X      341.350    188.017    342.150    194.883

================================================================================
Rule No. 773 : ERC Warning: Gates connected to VSS/GND

Real Error Count : 4; Flat Error Count : 4
================================================================================

--------------------------------------------------------------------------------
Cell Name : fbias_vol_ref1_layout layout FBIAS

                   Cell Errors    Real Errors   Cell Placements     Environments
                             4              4                 1                1
--------------------------------------------------------------------------------
Env.  Env. Placements            X1           Y1          X2           Y2

  1        1                244.850       60.200     344.750      132.500

Shape               Environments Status & Error Marker 

          1           X1         Y1         X2         Y2

   1      X      244.850     60.200    249.850     93.200
   2      X      244.850     99.500    249.850    132.500
   3      X      339.750     60.200    344.750     93.200
   4      X      339.750     99.500    344.750    132.500

================================================================================
Rule No. 1476 : # INFO: C35B4/C35B3 ASSURA DRC DECK (REV9 DATE 26-Apr-2011) Last modified 07-Sept-2016 #

Real Error Count : 1; Flat Error Count : 1
================================================================================

--------------------------------------------------------------------------------
Cell Name : fbias_vol_ref1_layout layout FBIAS

                   Cell Errors    Real Errors   Cell Placements     Environments
                             1              1                 1                1
--------------------------------------------------------------------------------
Env.  Env. Placements            X1           Y1          X2           Y2

  1        1                219.650       12.200     498.075      286.900

Shape               Environments Status & Error Marker 

          1           X1         Y1         X2         Y2

   1      X      219.650     12.200    498.075    286.900

