================================================================================
Rule No. 68 : BAD_NWELL_WELLTAP_FLOAT_ERC

Real Error Count : 3; Flat Error Count : 3
================================================================================

--------------------------------------------------------------------------------
Cell Name : Current_Voltage_Reference layout YAOWEN

                   Cell Errors    Real Errors   Cell Placements     Environments
                             3              3                 1                1
--------------------------------------------------------------------------------
Env.  Env. Placements            X1           Y1          X2           Y2

  1        1               2391.850     -542.050    2446.050     -497.450

Shape               Environments Status & Error Marker 

          1           X1         Y1         X2         Y2

   1      X      151.700    211.050    205.900    219.750
   2      X      153.350    175.150    198.900    192.100
   3      X      154.550    197.200    193.750    205.900

================================================================================
Rule No. 421 : INFO: hot nwell

Real Error Count : 8; Flat Error Count : 74
================================================================================

--------------------------------------------------------------------------------
Cell Name : vert10_4 layout PRIMLIB

                   Cell Errors    Real Errors   Cell Placements     Environments
                             1              1                49                1
--------------------------------------------------------------------------------
Env.  Env. Placements            X1           Y1          X2           Y2

  1       49               1756.750     -826.600    1770.550     -812.800

Shape               Environments Status & Error Marker 

          1           X1         Y1         X2         Y2

   1      X        1.500      1.500     15.300     15.300

--------------------------------------------------------------------------------
Cell Name : pmos4 layout PRIMLIB l="4u" w="5u" wtot="5u" in1=MP828329

                   Cell Errors    Real Errors   Cell Placements     Environments
                             1              1                12                1
--------------------------------------------------------------------------------
Env.  Env. Placements            X1           Y1          X2           Y2

  1       12               1600.875     -609.400    1608.975     -602.000

Shape               Environments Status & Error Marker 

          1           X1         Y1         X2         Y2

   1      X       -1.200     -1.200      6.200      6.900

--------------------------------------------------------------------------------
Cell Name : pmos4 layout PRIMLIB l="500n" w="5u" wtot="5u" in1=MP2528329

                   Cell Errors    Real Errors   Cell Placements     Environments
                             1              1                 8                1
--------------------------------------------------------------------------------
Env.  Env. Placements            X1           Y1          X2           Y2

  1        8               1555.325     -609.400    1559.925     -602.000

Shape               Environments Status & Error Marker 

          1           X1         Y1         X2         Y2

   1      X       -1.200     -1.200      6.200      3.400

--------------------------------------------------------------------------------
Cell Name : ECG_bandgap_f_v1 layout YAOWEN

                   Cell Errors    Real Errors   Cell Placements     Environments
                             2              2                 1                1
--------------------------------------------------------------------------------
Env.  Env. Placements            X1           Y1          X2           Y2

  1        1               1542.150     -826.600    1874.950     -580.675

Shape               Environments Status & Error Marker 

          1           X1         Y1         X2         Y2

   1      X       78.700    752.075    118.100    791.025
   2      X      124.200    752.075    190.250    791.025

--------------------------------------------------------------------------------
Cell Name : Current_Voltage_Reference layout YAOWEN

                   Cell Errors    Real Errors   Cell Placements     Environments
                             3              3                 1                1
--------------------------------------------------------------------------------
Env.  Env. Placements            X1           Y1          X2           Y2

  1        1               2391.850     -542.050    2446.050     -497.450

Shape               Environments Status & Error Marker 

          1           X1         Y1         X2         Y2

   1      X      151.700    211.050    205.900    219.750
   2      X      153.350    175.150    198.900    192.100
   3      X      154.550    197.200    193.750    205.900

================================================================================
Rule No. 532 : M3_R_1 Minimum density of MET3 area [%] = 30

Real Error Count : 1; Flat Error Count : 2
================================================================================

--------------------------------------------------------------------------------
Cell Name : ECG_BIAS layout YAOWEN

                   Cell Errors    Real Errors   Cell Placements     Environments
                             2              1                 1                1
--------------------------------------------------------------------------------
Env.  Env. Placements            X1           Y1          X2           Y2

  1        1               1113.625     -881.350    2982.125     -430.500

Shape               Environments Status & Error Marker 

          1           X1         Y1         X2         Y2

   1      X     1113.625   -881.350   2982.125   -430.500

================================================================================
Rule No. 772 : ERC Warning: Gates connected to VDD/VCC

Real Error Count : 85; Flat Error Count : 92
================================================================================

--------------------------------------------------------------------------------
Cell Name : pmos4 layout PRIMLIB l="1u" in1=MP2628729

                   Cell Errors    Real Errors   Cell Placements     Environments
                             1              1                 8                1
--------------------------------------------------------------------------------
Env.  Env. Placements            X1           Y1          X2           Y2

  1        8               2665.275     -580.200    2666.275     -570.200

Shape               Environments Status & Error Marker 

          1           X1         Y1         X2         Y2

   1      X        0.000      0.850     10.000      1.850

--------------------------------------------------------------------------------
Cell Name : ECG_bandgap_f_v1 layout YAOWEN

                   Cell Errors    Real Errors   Cell Placements     Environments
                            54             54                 1                1
--------------------------------------------------------------------------------
Env.  Env. Placements            X1           Y1          X2           Y2

  1        1               1509.675     -684.750    1858.075     -492.750

Shape               Environments Status & Error Marker 

          1           X1         Y1         X2         Y2

   1      X       46.225    858.950     56.225    863.950
   2      X       46.225    869.950     56.225    874.950
   3      X      193.825    858.950    203.825    863.950
   4      X      193.825    869.950    203.825    874.950
   5      X      249.325    686.950    259.325    691.950
   6      X      249.325    705.650    259.325    710.650
   7      X      249.325    724.350    259.325    729.350
   8      X      249.325    743.050    259.325    748.050
   9      X      249.325    761.750    259.325    766.750
  10      X      249.325    780.450    259.325    785.450
  11      X      249.325    799.150    259.325    804.150
  12      X      249.325    817.850    259.325    822.850
  13      X      249.325    836.550    259.325    841.550
  14      X      249.325    855.250    259.325    860.250
  15      X      249.325    873.950    259.325    878.950
  16      X      261.625    686.950    271.625    691.950
  17      X      261.625    705.650    271.625    710.650
  18      X      261.625    724.350    271.625    729.350
  19      X      261.625    836.550    271.625    841.550
  20      X      261.625    855.250    271.625    860.250
  21      X      261.625    873.950    271.625    878.950
  22      X      273.925    686.950    283.925    691.950
  23      X      273.925    873.950    283.925    878.950
  24      X      286.225    686.950    296.225    691.950
  25      X      286.225    873.950    296.225    878.950
  26      X      298.525    686.950    308.525    691.950
  27      X      298.525    873.950    308.525    878.950
  28      X      310.825    686.950    320.825    691.950
  29      X      310.825    873.950    320.825    878.950
  30      X      323.125    686.950    333.125    691.950
  31      X      323.125    873.950    333.125    878.950
  32      X      335.425    686.950    345.425    691.950
  33      X      335.425    873.950    345.425    878.950
  34      X      347.725    686.950    357.725    691.950
  35      X      347.725    873.950    357.725    878.950
  36      X      360.025    686.950    370.025    691.950
  37      X      360.025    873.950    370.025    878.950
  38      X      372.325    686.950    382.325    691.950
  39      X      372.325    705.650    382.325    710.650
  40      X      372.325    724.350    382.325    729.350
  41      X      372.325    836.550    382.325    841.550
  42      X      372.325    855.250    382.325    860.250
  43      X      372.325    873.950    382.325    878.950
  44      X      384.625    686.950    394.625    691.950
  45      X      384.625    705.650    394.625    710.650
  46      X      384.625    724.350    394.625    729.350
  47      X      384.625    743.050    394.625    748.050
  48      X      384.625    761.750    394.625    766.750
  49      X      384.625    780.450    394.625    785.450
  50      X      384.625    799.150    394.625    804.150
  51      X      384.625    817.850    394.625    822.850
  52      X      384.625    836.550    394.625    841.550
  53      X      384.625    855.250    394.625    860.250
  54      X      384.625    873.950    394.625    878.950

--------------------------------------------------------------------------------
Cell Name : Current_Voltage_Reference layout YAOWEN

                   Cell Errors    Real Errors   Cell Placements     Environments
                            10             10                 1                1
--------------------------------------------------------------------------------
Env.  Env. Placements            X1           Y1          X2           Y2

  1        1               2291.925     -580.200    2895.675     -496.950

Shape               Environments Status & Error Marker 

          1           X1         Y1         X2         Y2

   1      X       51.775    192.250     61.775    202.250
   2      X       51.775    208.050     61.775    218.050
   3      X       88.675    192.250     98.675    202.250
   4      X       88.675    208.050     98.675    218.050
   5      X      232.525    156.200    242.525    166.200
   6      X      232.525    172.000    242.525    182.000
   7      X      269.425    156.200    279.425    166.200
   8      X      269.425    172.000    279.425    182.000
   9      X      428.425    180.600    458.425    190.600
  10      X      622.225    155.800    652.225    165.800

--------------------------------------------------------------------------------
Cell Name : Constant_gm layout YAOWEN

                   Cell Errors    Real Errors   Cell Placements     Environments
                            20             20                 1                1
--------------------------------------------------------------------------------
Env.  Env. Placements            X1           Y1          X2           Y2

  1        1               1180.125     -609.150    1251.625     -493.150

Shape               Environments Status & Error Marker 

          1           X1         Y1         X2         Y2

   1      X      151.575   -152.050    161.575   -151.050
   2      X      151.575   -136.250    161.575   -126.250
   3      X      151.575   -111.450    161.575   -101.450
   4      X      151.575    -86.650    161.575    -76.650
   5      X      151.575    -61.850    161.575    -51.850
   6      X      151.575    -37.050    161.575    -36.050
   7      X      163.875   -152.050    173.875   -151.050
   8      X      163.875    -37.050    173.875    -36.050
   9      X      176.175   -152.050    186.175   -151.050
  10      X      176.175    -37.050    186.175    -36.050
  11      X      188.475   -152.050    198.475   -151.050
  12      X      188.475    -37.050    198.475    -36.050
  13      X      200.775   -152.050    210.775   -151.050
  14      X      200.775    -37.050    210.775    -36.050
  15      X      213.075   -152.050    223.075   -151.050
  16      X      213.075   -136.250    223.075   -126.250
  17      X      213.075   -111.450    223.075   -101.450
  18      X      213.075    -86.650    223.075    -76.650
  19      X      213.075    -61.850    223.075    -51.850
  20      X      213.075    -37.050    223.075    -36.050

================================================================================
Rule No. 773 : ERC Warning: Gates connected to VSS/GND

Real Error Count : 30; Flat Error Count : 30
================================================================================

--------------------------------------------------------------------------------
Cell Name : ECG_bandgap_f_v1 layout YAOWEN

                   Cell Errors    Real Errors   Cell Placements     Environments
                            12             12                 1                1
--------------------------------------------------------------------------------
Env.  Env. Placements            X1           Y1          X2           Y2

  1        1               1501.850     -664.200    1673.100     -537.500

Shape               Environments Status & Error Marker 

          1           X1         Y1         X2         Y2

   1      X       38.400    707.500     78.400    717.500
   2      X       38.400    721.900     78.400    731.900
   3      X       44.250    762.400     44.750    767.400
   4      X       44.250    771.800     44.750    776.800
   5      X       52.650    762.400     53.150    767.400
   6      X       52.650    771.800     53.150    776.800
   7      X       83.225    819.800     93.225    824.800
   8      X       83.225    829.200     93.225    834.200
   9      X      132.425    819.800    142.425    824.800
  10      X      132.425    829.200    142.425    834.200
  11      X      165.300    707.500    205.300    717.500
  12      X      165.300    721.900    205.300    731.900

--------------------------------------------------------------------------------
Cell Name : Current_Voltage_Reference layout YAOWEN

                   Cell Errors    Real Errors   Cell Placements     Environments
                            16             16                 1                1
--------------------------------------------------------------------------------
Env.  Env. Placements            X1           Y1          X2           Y2

  1        1               2290.975     -676.500    2596.225     -561.650

Shape               Environments Status & Error Marker 

          1           X1         Y1         X2         Y2

   1      X       50.825     40.700     60.825     45.700
   2      X       50.825     50.500     60.825     55.500
   3      X       54.625    128.750     64.625    138.750
   4      X       54.625    145.550     64.625    155.550
   5      X       87.725     40.700     97.725     45.700
   6      X       87.725     50.500     97.725     55.500
   7      X      165.325    128.750    175.325    138.750
   8      X      165.325    145.550    175.325    155.550
   9      X      235.375     43.500    245.375     48.500
  10      X      235.375     53.300    245.375     58.300
  11      X      235.375     92.700    245.375    102.700
  12      X      235.375    109.500    245.375    119.500
  13      X      284.575     43.500    294.575     48.500
  14      X      284.575     53.300    294.575     58.300
  15      X      346.075     92.700    356.075    102.700
  16      X      346.075    109.500    356.075    119.500

--------------------------------------------------------------------------------
Cell Name : Constant_gm layout YAOWEN

                   Cell Errors    Real Errors   Cell Placements     Environments
                             2              2                 1                1
--------------------------------------------------------------------------------
Env.  Env. Placements            X1           Y1          X2           Y2

  1        1               1291.050     -610.900    1374.850     -600.900

Shape               Environments Status & Error Marker 

          1           X1         Y1         X2         Y2

   1      X      262.500   -153.800    272.500   -143.800
   2      X      336.300   -153.800    346.300   -143.800

================================================================================
Rule No. 1476 : # INFO: C35B4/C35B3 ASSURA DRC DECK (REV9 DATE 26-Apr-2011) Last modified 07-Sept-2016 #

Real Error Count : 1; Flat Error Count : 1
================================================================================

--------------------------------------------------------------------------------
Cell Name : ECG_BIAS layout YAOWEN

                   Cell Errors    Real Errors   Cell Placements     Environments
                             1              1                 1                1
--------------------------------------------------------------------------------
Env.  Env. Placements            X1           Y1          X2           Y2

  1        1               1113.625     -881.350    2982.125     -430.500

Shape               Environments Status & Error Marker 

          1           X1         Y1         X2         Y2

   1      X     1113.625   -881.350   2982.125   -430.500

