================================================================================
Rule No. 44 : # INFO: Don't use -resimulate_extracted- Switch for standard LVS but only for QRC! #

Real Error Count : 57; Flat Error Count : 371
================================================================================

--------------------------------------------------------------------------------
Cell Name : vert10_4 layout PRIMLIB

                   Cell Errors    Real Errors   Cell Placements     Environments
                             1              1                49                1
--------------------------------------------------------------------------------
Env.  Env. Placements            X1           Y1          X2           Y2

  1       49               1755.250     -828.100    1772.050     -811.300

Shape               Environments Status & Error Marker 

          1           X1         Y1         X2         Y2

   1      X        0.000      0.000     16.800     16.800

--------------------------------------------------------------------------------
Cell Name : avPart1

                   Cell Errors    Real Errors   Cell Placements     Environments
                             1              1                78                1
--------------------------------------------------------------------------------
Env.  Env. Placements            X1           Y1          X2           Y2

  1       78               1710.725     -685.950    1737.125     -678.550

Shape               Environments Status & Error Marker 

          1           X1         Y1         X2         Y2

   1      X       -1.200    -13.500      6.200     12.900

--------------------------------------------------------------------------------
Cell Name : vert10_4_A1 array 3 7 17.4 19.4 r0

                   Cell Errors    Real Errors   Cell Placements     Environments
                             3              3                 2                1
--------------------------------------------------------------------------------
Env.  Env. Placements            X1           Y1          X2           Y2

  1        2               1755.250     -810.700    1876.450     -755.100

Shape               Environments Status & Error Marker 

          1           X1         Y1         X2         Y2

   1      X        0.000      0.000     69.000     55.600
   2      X       52.200     36.200     69.000     38.800
   3      X       69.000      0.000    121.200     55.600

--------------------------------------------------------------------------------
Cell Name : rpolyhc layout PRIMLIB Bends=30 l="4737.000u" r="580K" in1=R2

                   Cell Errors    Real Errors   Cell Placements     Environments
                             1              1                 2                1
--------------------------------------------------------------------------------
Env.  Env. Placements            X1           Y1          X2           Y2

  1        2               1890.700     -826.600    2056.300     -487.400

Shape               Environments Status & Error Marker 

          1           X1         Y1         X2         Y2

   1      X      -13.200     -3.350    152.400    335.850

--------------------------------------------------------------------------------
Cell Name : pmos4 layout PRIMLIB l="10u" w="5u" wtot="5u" in1=MP24284929

                   Cell Errors    Real Errors   Cell Placements     Environments
                             1              1                 2                1
--------------------------------------------------------------------------------
Env.  Env. Placements            X1           Y1          X2           Y2

  1        2               1507.625     -513.950    1521.725     -506.550

Shape               Environments Status & Error Marker 

          1           X1         Y1         X2         Y2

   1      X       -1.200     -1.200      6.200     12.900

--------------------------------------------------------------------------------
Cell Name : pmos4 layout PRIMLIB l="4u" w="5u" wtot="5u" in1=MP828329

                   Cell Errors    Real Errors   Cell Placements     Environments
                             1              1                12                1
--------------------------------------------------------------------------------
Env.  Env. Placements            X1           Y1          X2           Y2

  1       12               1600.875     -609.400    1608.975     -602.000

Shape               Environments Status & Error Marker 

          1           X1         Y1         X2         Y2

   1      X       -1.200     -1.200      6.200      6.900

--------------------------------------------------------------------------------
Cell Name : pmos4 layout PRIMLIB l="500n" w="5u" wtot="5u" in1=MP2528329

                   Cell Errors    Real Errors   Cell Placements     Environments
                             1              1                 8                1
--------------------------------------------------------------------------------
Env.  Env. Placements            X1           Y1          X2           Y2

  1        8               1555.325     -609.400    1559.925     -602.000

Shape               Environments Status & Error Marker 

          1           X1         Y1         X2         Y2

   1      X       -1.200     -1.200      6.200      3.400

--------------------------------------------------------------------------------
Cell Name : pmos4 layout PRIMLIB l="1u" w="5u" wtot="5u" in1=MP12

                   Cell Errors    Real Errors   Cell Placements     Environments
                             1              1                 1                1
--------------------------------------------------------------------------------
Env.  Env. Placements            X1           Y1          X2           Y2

  1        1               2584.550     -662.100    2589.650     -654.700

Shape               Environments Status & Error Marker 

          1           X1         Y1         X2         Y2

   1      X       -1.200     -1.200      6.200      3.900

--------------------------------------------------------------------------------
Cell Name : pmos4 layout PRIMLIB l="1u" in1=MP2628729

                   Cell Errors    Real Errors   Cell Placements     Environments
                             1              1                 8                1
--------------------------------------------------------------------------------
Env.  Env. Placements            X1           Y1          X2           Y2

  1        8               2663.225     -581.400    2668.325     -569.000

Shape               Environments Status & Error Marker 

          1           X1         Y1         X2         Y2

   1      X       -1.200     -1.200     11.200      3.900

--------------------------------------------------------------------------------
Cell Name : pmos4 layout PRIMLIB l="30u" in1=MP8281129

                   Cell Errors    Real Errors   Cell Placements     Environments
                             1              1                28                1
--------------------------------------------------------------------------------
Env.  Env. Placements            X1           Y1          X2           Y2

  1       28               2666.525     -581.400    2700.625     -569.000

Shape               Environments Status & Error Marker 

          1           X1         Y1         X2         Y2

   1      X       -1.200     -1.200     11.200     32.900

--------------------------------------------------------------------------------
Cell Name : pmos4 layout PRIMLIB l="2u" w="5u" wtot="5u" in1=MP328529

                   Cell Errors    Real Errors   Cell Placements     Environments
                             1              1                14                1
--------------------------------------------------------------------------------
Env.  Env. Placements            X1           Y1          X2           Y2

  1       14               2580.250     -662.100    2586.350     -654.700

Shape               Environments Status & Error Marker 

          1           X1         Y1         X2         Y2

   1      X       -1.200     -1.200      6.200      4.900

--------------------------------------------------------------------------------
Cell Name : pmos4 layout PRIMLIB l="10u" in1=MP928129

                   Cell Errors    Real Errors   Cell Placements     Environments
                             1              1                17                1
--------------------------------------------------------------------------------
Env.  Env. Placements            X1           Y1          X2           Y2

  1       17               2470.625     -562.200    2484.725     -549.800

Shape               Environments Status & Error Marker 

          1           X1         Y1         X2         Y2

   1      X       -1.200     -1.200     11.200     12.900

--------------------------------------------------------------------------------
Cell Name : nmos4 layout PRIMLIB l="10u" in1=MN928329

                   Cell Errors    Real Errors   Cell Placements     Environments
                             1              1                40                1
--------------------------------------------------------------------------------
Env.  Env. Placements            X1           Y1          X2           Y2

  1       40               2474.425     -624.900    2486.625     -614.100

Shape               Environments Status & Error Marker 

          1           X1         Y1         X2         Y2

   1      X       -0.400     -0.250     10.400     11.950

--------------------------------------------------------------------------------
Cell Name : nmos4 layout PRIMLIB l="40u" in1=MN728129

                   Cell Errors    Real Errors   Cell Placements     Environments
                             1              1                 8                1
--------------------------------------------------------------------------------
Env.  Env. Placements            X1           Y1          X2           Y2

  1        8               1500.750     -664.600    1542.950     -653.800

Shape               Environments Status & Error Marker 

          1           X1         Y1         X2         Y2

   1      X       -0.400     -0.250     10.400     41.950

--------------------------------------------------------------------------------
Cell Name : nmos4 layout PRIMLIB l="5u" in1=MN26

                   Cell Errors    Real Errors   Cell Placements     Environments
                             1              1                 3                1
--------------------------------------------------------------------------------
Env.  Env. Placements            X1           Y1          X2           Y2

  1        3               1495.250     -548.250    1502.450     -537.450

Shape               Environments Status & Error Marker 

          1           X1         Y1         X2         Y2

   1      X       -0.400     -0.250     10.400      6.950

--------------------------------------------------------------------------------
Cell Name : nmos4 layout PRIMLIB l="10u" w="5u" wtot="5u" in1=MN3028329

                   Cell Errors    Real Errors   Cell Placements     Environments
                             1              1                29                1
--------------------------------------------------------------------------------
Env.  Env. Placements            X1           Y1          X2           Y2

  1       29               2289.875     -676.900    2302.075     -671.100

Shape               Environments Status & Error Marker 

          1           X1         Y1         X2         Y2

   1      X       -0.400     -0.250      5.400     11.950

--------------------------------------------------------------------------------
Cell Name : nmos4 layout PRIMLIB l="500n" w="5u" wtot="5u" in1=MN2928029

                   Cell Errors    Real Errors   Cell Placements     Environments
                             1              1                 8                1
--------------------------------------------------------------------------------
Env.  Env. Placements            X1           Y1          X2           Y2

  1        8               1506.600     -609.700    1509.300     -603.900

Shape               Environments Status & Error Marker 

          1           X1         Y1         X2         Y2

   1      X       -0.400     -0.250      5.400      2.450

--------------------------------------------------------------------------------
Cell Name : cvar layout PRIMLIB col=12 row=12 in1=C328129

                   Cell Errors    Real Errors   Cell Placements     Environments
                             1              1                 4                1
--------------------------------------------------------------------------------
Env.  Env. Placements            X1           Y1          X2           Y2

  1        4               2714.100     -687.525    2814.000     -662.125

Shape               Environments Status & Error Marker 

          1           X1         Y1         X2         Y2

   1      X       -2.275     -1.550     23.125     98.350

--------------------------------------------------------------------------------
Cell Name : cpolyc layout PRIMLIB area="5.78n" c="5p" l="76.45u" perimeter="304.2u" rbottom="Cont" rleft="Cont" rright="Cont" rtop="Cont" id_=6cdfb038bdd4c61d in1=C0

                   Cell Errors    Real Errors   Cell Placements     Environments
                             1              1                 2                1
--------------------------------------------------------------------------------
Env.  Env. Placements            X1           Y1          X2           Y2

  1        2               2369.450     -688.900    2451.400     -608.550

Shape               Environments Status & Error Marker 

          1           X1         Y1         X2         Y2

   1      X       -1.350     -1.350     80.600     79.000

--------------------------------------------------------------------------------
Cell Name : V500_20 layout POWER_TRACKS

                   Cell Errors    Real Errors   Cell Placements     Environments
                             1              1                 9                1
--------------------------------------------------------------------------------
Env.  Env. Placements            X1           Y1          X2           Y2

  1        9               1172.700     -881.350    1672.950     -857.200

Shape               Environments Status & Error Marker 

          1           X1         Y1         X2         Y2

   1      X       -0.200     -0.050    500.050     24.100

--------------------------------------------------------------------------------
Cell Name : V200_20 layout POWER_TRACKS

                   Cell Errors    Real Errors   Cell Placements     Environments
                             1              1                 9                1
--------------------------------------------------------------------------------
Env.  Env. Placements            X1           Y1          X2           Y2

  1        9               1239.600     -829.950    1439.600     -805.850

Shape               Environments Status & Error Marker 

          1           X1         Y1         X2         Y2

   1      X        0.050     -0.050    200.050     24.050

--------------------------------------------------------------------------------
Cell Name : ECG_bandgap_f_v1 layout YAOWEN

                   Cell Errors    Real Errors   Cell Placements     Environments
                            12             12                 1                1
--------------------------------------------------------------------------------
Env.  Env. Placements            X1           Y1          X2           Y2

  1        1               1477.550     -841.300    2229.900     -474.050

Shape               Environments Status & Error Marker 

          1           X1         Y1         X2         Y2

   1      X       14.100    530.400    205.875    897.650
   2      X       45.950    732.300     79.500    857.750
   3      X       79.500    530.400    121.800    857.750
   4      X      106.625    530.400    164.100    857.750
   5      X      131.325    530.400    396.675    897.650
   6      X      137.425    732.300    164.100    762.300
   7      X      247.275    676.600    413.000    897.650
   8      X      247.275    693.150    396.675    704.450
   9      X      247.275    711.850    396.675    723.150
  10      X      291.800    530.400    413.000    561.000
  11      X      291.800    530.400    766.450    897.650
  12      X      396.200    560.400    413.000    561.000

--------------------------------------------------------------------------------
Cell Name : Current_Voltage_Reference layout YAOWEN

                   Cell Errors    Real Errors   Cell Placements     Environments
                            18             18                 1                1
--------------------------------------------------------------------------------
Env.  Env. Placements            X1           Y1          X2           Y2

  1        1               2269.925     -703.850    2951.900     -474.050

Shape               Environments Status & Error Marker 

          1           X1         Y1         X2         Y2

   1      X       29.775     13.350    100.725    243.150
   2      X       65.825     13.350     98.825    191.050
   3      X       65.825     55.900     74.225    128.350
   4      X       90.425     13.350    211.250    243.150
   5      X       90.425     55.900     98.825    128.350
   6      X      127.325    108.650    176.425    243.150
   7      X      164.225    139.150    176.425    145.150
   8      X      176.425    108.650    211.250    243.150
   9      X      211.250     13.350    281.475    243.150
  10      X      246.575     13.350    283.375    243.150
  11      X      246.575     48.900    258.775     52.900
  12      X      271.175     48.900    283.375     52.900
  13      X      283.375     13.350    381.950    243.150
  14      X      308.075    103.100    320.275    109.100
  15      X      320.275     13.350    381.950    146.950
  16      X      381.950     13.350    676.200    243.150
  17      X      576.300     55.075    676.200     57.700
  18      X      657.575     13.350    711.750    243.150

--------------------------------------------------------------------------------
Cell Name : Constant_gm layout YAOWEN

                   Cell Errors    Real Errors   Cell Placements     Environments
                             1              1                 1                1
--------------------------------------------------------------------------------
Env.  Env. Placements            X1           Y1          X2           Y2

  1        1               1145.975     -629.100    1439.700     -474.050

Shape               Environments Status & Error Marker 

          1           X1         Y1         X2         Y2

   1      X      117.425   -172.000    411.150    -16.950

--------------------------------------------------------------------------------
Cell Name : ECG_BIAS layout YAOWEN

                   Cell Errors    Real Errors   Cell Placements     Environments
                             3              3                 1                1
--------------------------------------------------------------------------------
Env.  Env. Placements            X1           Y1          X2           Y2

  1        1               1113.625     -881.350    2982.125     -430.500

Shape               Environments Status & Error Marker 

          1           X1         Y1         X2         Y2

   1      X     1113.625   -881.350   1439.700   -430.500
   2      X     1439.600   -881.350   2407.000   -430.500
   3      X     2289.400   -881.350   2982.125   -430.500

================================================================================
Rule No. 45 : # C35B4 ENG - 183 Rev9 (Last updated 26-Apr-2017 12:48) #

Real Error Count : 57; Flat Error Count : 371
================================================================================

--------------------------------------------------------------------------------
Cell Name : vert10_4 layout PRIMLIB

                   Cell Errors    Real Errors   Cell Placements     Environments
                             1              1                49                1
--------------------------------------------------------------------------------
Env.  Env. Placements            X1           Y1          X2           Y2

  1       49               1755.250     -828.100    1772.050     -811.300

Shape               Environments Status & Error Marker 

          1           X1         Y1         X2         Y2

   1      X        0.000      0.000     16.800     16.800

--------------------------------------------------------------------------------
Cell Name : avPart1

                   Cell Errors    Real Errors   Cell Placements     Environments
                             1              1                78                1
--------------------------------------------------------------------------------
Env.  Env. Placements            X1           Y1          X2           Y2

  1       78               1710.725     -685.950    1737.125     -678.550

Shape               Environments Status & Error Marker 

          1           X1         Y1         X2         Y2

   1      X       -1.200    -13.500      6.200     12.900

--------------------------------------------------------------------------------
Cell Name : vert10_4_A1 array 3 7 17.4 19.4 r0

                   Cell Errors    Real Errors   Cell Placements     Environments
                             3              3                 2                1
--------------------------------------------------------------------------------
Env.  Env. Placements            X1           Y1          X2           Y2

  1        2               1755.250     -810.700    1876.450     -755.100

Shape               Environments Status & Error Marker 

          1           X1         Y1         X2         Y2

   1      X        0.000      0.000     69.000     55.600
   2      X       52.200     36.200     69.000     38.800
   3      X       69.000      0.000    121.200     55.600

--------------------------------------------------------------------------------
Cell Name : rpolyhc layout PRIMLIB Bends=30 l="4737.000u" r="580K" in1=R2

                   Cell Errors    Real Errors   Cell Placements     Environments
                             1              1                 2                1
--------------------------------------------------------------------------------
Env.  Env. Placements            X1           Y1          X2           Y2

  1        2               1890.700     -826.600    2056.300     -487.400

Shape               Environments Status & Error Marker 

          1           X1         Y1         X2         Y2

   1      X      -13.200     -3.350    152.400    335.850

--------------------------------------------------------------------------------
Cell Name : pmos4 layout PRIMLIB l="10u" w="5u" wtot="5u" in1=MP24284929

                   Cell Errors    Real Errors   Cell Placements     Environments
                             1              1                 2                1
--------------------------------------------------------------------------------
Env.  Env. Placements            X1           Y1          X2           Y2

  1        2               1507.625     -513.950    1521.725     -506.550

Shape               Environments Status & Error Marker 

          1           X1         Y1         X2         Y2

   1      X       -1.200     -1.200      6.200     12.900

--------------------------------------------------------------------------------
Cell Name : pmos4 layout PRIMLIB l="4u" w="5u" wtot="5u" in1=MP828329

                   Cell Errors    Real Errors   Cell Placements     Environments
                             1              1                12                1
--------------------------------------------------------------------------------
Env.  Env. Placements            X1           Y1          X2           Y2

  1       12               1600.875     -609.400    1608.975     -602.000

Shape               Environments Status & Error Marker 

          1           X1         Y1         X2         Y2

   1      X       -1.200     -1.200      6.200      6.900

--------------------------------------------------------------------------------
Cell Name : pmos4 layout PRIMLIB l="500n" w="5u" wtot="5u" in1=MP2528329

                   Cell Errors    Real Errors   Cell Placements     Environments
                             1              1                 8                1
--------------------------------------------------------------------------------
Env.  Env. Placements            X1           Y1          X2           Y2

  1        8               1555.325     -609.400    1559.925     -602.000

Shape               Environments Status & Error Marker 

          1           X1         Y1         X2         Y2

   1      X       -1.200     -1.200      6.200      3.400

--------------------------------------------------------------------------------
Cell Name : pmos4 layout PRIMLIB l="1u" w="5u" wtot="5u" in1=MP12

                   Cell Errors    Real Errors   Cell Placements     Environments
                             1              1                 1                1
--------------------------------------------------------------------------------
Env.  Env. Placements            X1           Y1          X2           Y2

  1        1               2584.550     -662.100    2589.650     -654.700

Shape               Environments Status & Error Marker 

          1           X1         Y1         X2         Y2

   1      X       -1.200     -1.200      6.200      3.900

--------------------------------------------------------------------------------
Cell Name : pmos4 layout PRIMLIB l="1u" in1=MP2628729

                   Cell Errors    Real Errors   Cell Placements     Environments
                             1              1                 8                1
--------------------------------------------------------------------------------
Env.  Env. Placements            X1           Y1          X2           Y2

  1        8               2663.225     -581.400    2668.325     -569.000

Shape               Environments Status & Error Marker 

          1           X1         Y1         X2         Y2

   1      X       -1.200     -1.200     11.200      3.900

--------------------------------------------------------------------------------
Cell Name : pmos4 layout PRIMLIB l="30u" in1=MP8281129

                   Cell Errors    Real Errors   Cell Placements     Environments
                             1              1                28                1
--------------------------------------------------------------------------------
Env.  Env. Placements            X1           Y1          X2           Y2

  1       28               2666.525     -581.400    2700.625     -569.000

Shape               Environments Status & Error Marker 

          1           X1         Y1         X2         Y2

   1      X       -1.200     -1.200     11.200     32.900

--------------------------------------------------------------------------------
Cell Name : pmos4 layout PRIMLIB l="2u" w="5u" wtot="5u" in1=MP328529

                   Cell Errors    Real Errors   Cell Placements     Environments
                             1              1                14                1
--------------------------------------------------------------------------------
Env.  Env. Placements            X1           Y1          X2           Y2

  1       14               2580.250     -662.100    2586.350     -654.700

Shape               Environments Status & Error Marker 

          1           X1         Y1         X2         Y2

   1      X       -1.200     -1.200      6.200      4.900

--------------------------------------------------------------------------------
Cell Name : pmos4 layout PRIMLIB l="10u" in1=MP928129

                   Cell Errors    Real Errors   Cell Placements     Environments
                             1              1                17                1
--------------------------------------------------------------------------------
Env.  Env. Placements            X1           Y1          X2           Y2

  1       17               2470.625     -562.200    2484.725     -549.800

Shape               Environments Status & Error Marker 

          1           X1         Y1         X2         Y2

   1      X       -1.200     -1.200     11.200     12.900

--------------------------------------------------------------------------------
Cell Name : nmos4 layout PRIMLIB l="10u" in1=MN928329

                   Cell Errors    Real Errors   Cell Placements     Environments
                             1              1                40                1
--------------------------------------------------------------------------------
Env.  Env. Placements            X1           Y1          X2           Y2

  1       40               2474.425     -624.900    2486.625     -614.100

Shape               Environments Status & Error Marker 

          1           X1         Y1         X2         Y2

   1      X       -0.400     -0.250     10.400     11.950

--------------------------------------------------------------------------------
Cell Name : nmos4 layout PRIMLIB l="40u" in1=MN728129

                   Cell Errors    Real Errors   Cell Placements     Environments
                             1              1                 8                1
--------------------------------------------------------------------------------
Env.  Env. Placements            X1           Y1          X2           Y2

  1        8               1500.750     -664.600    1542.950     -653.800

Shape               Environments Status & Error Marker 

          1           X1         Y1         X2         Y2

   1      X       -0.400     -0.250     10.400     41.950

--------------------------------------------------------------------------------
Cell Name : nmos4 layout PRIMLIB l="5u" in1=MN26

                   Cell Errors    Real Errors   Cell Placements     Environments
                             1              1                 3                1
--------------------------------------------------------------------------------
Env.  Env. Placements            X1           Y1          X2           Y2

  1        3               1495.250     -548.250    1502.450     -537.450

Shape               Environments Status & Error Marker 

          1           X1         Y1         X2         Y2

   1      X       -0.400     -0.250     10.400      6.950

--------------------------------------------------------------------------------
Cell Name : nmos4 layout PRIMLIB l="10u" w="5u" wtot="5u" in1=MN3028329

                   Cell Errors    Real Errors   Cell Placements     Environments
                             1              1                29                1
--------------------------------------------------------------------------------
Env.  Env. Placements            X1           Y1          X2           Y2

  1       29               2289.875     -676.900    2302.075     -671.100

Shape               Environments Status & Error Marker 

          1           X1         Y1         X2         Y2

   1      X       -0.400     -0.250      5.400     11.950

--------------------------------------------------------------------------------
Cell Name : nmos4 layout PRIMLIB l="500n" w="5u" wtot="5u" in1=MN2928029

                   Cell Errors    Real Errors   Cell Placements     Environments
                             1              1                 8                1
--------------------------------------------------------------------------------
Env.  Env. Placements            X1           Y1          X2           Y2

  1        8               1506.600     -609.700    1509.300     -603.900

Shape               Environments Status & Error Marker 

          1           X1         Y1         X2         Y2

   1      X       -0.400     -0.250      5.400      2.450

--------------------------------------------------------------------------------
Cell Name : cvar layout PRIMLIB col=12 row=12 in1=C328129

                   Cell Errors    Real Errors   Cell Placements     Environments
                             1              1                 4                1
--------------------------------------------------------------------------------
Env.  Env. Placements            X1           Y1          X2           Y2

  1        4               2714.100     -687.525    2814.000     -662.125

Shape               Environments Status & Error Marker 

          1           X1         Y1         X2         Y2

   1      X       -2.275     -1.550     23.125     98.350

--------------------------------------------------------------------------------
Cell Name : cpolyc layout PRIMLIB area="5.78n" c="5p" l="76.45u" perimeter="304.2u" rbottom="Cont" rleft="Cont" rright="Cont" rtop="Cont" id_=6cdfb038bdd4c61d in1=C0

                   Cell Errors    Real Errors   Cell Placements     Environments
                             1              1                 2                1
--------------------------------------------------------------------------------
Env.  Env. Placements            X1           Y1          X2           Y2

  1        2               2369.450     -688.900    2451.400     -608.550

Shape               Environments Status & Error Marker 

          1           X1         Y1         X2         Y2

   1      X       -1.350     -1.350     80.600     79.000

--------------------------------------------------------------------------------
Cell Name : V500_20 layout POWER_TRACKS

                   Cell Errors    Real Errors   Cell Placements     Environments
                             1              1                 9                1
--------------------------------------------------------------------------------
Env.  Env. Placements            X1           Y1          X2           Y2

  1        9               1172.700     -881.350    1672.950     -857.200

Shape               Environments Status & Error Marker 

          1           X1         Y1         X2         Y2

   1      X       -0.200     -0.050    500.050     24.100

--------------------------------------------------------------------------------
Cell Name : V200_20 layout POWER_TRACKS

                   Cell Errors    Real Errors   Cell Placements     Environments
                             1              1                 9                1
--------------------------------------------------------------------------------
Env.  Env. Placements            X1           Y1          X2           Y2

  1        9               1239.600     -829.950    1439.600     -805.850

Shape               Environments Status & Error Marker 

          1           X1         Y1         X2         Y2

   1      X        0.050     -0.050    200.050     24.050

--------------------------------------------------------------------------------
Cell Name : ECG_bandgap_f_v1 layout YAOWEN

                   Cell Errors    Real Errors   Cell Placements     Environments
                            12             12                 1                1
--------------------------------------------------------------------------------
Env.  Env. Placements            X1           Y1          X2           Y2

  1        1               1477.550     -841.300    2229.900     -474.050

Shape               Environments Status & Error Marker 

          1           X1         Y1         X2         Y2

   1      X       14.100    530.400    205.875    897.650
   2      X       45.950    732.300     79.500    857.750
   3      X       79.500    530.400    121.800    857.750
   4      X      106.625    530.400    164.100    857.750
   5      X      131.325    530.400    396.675    897.650
   6      X      137.425    732.300    164.100    762.300
   7      X      247.275    676.600    413.000    897.650
   8      X      247.275    693.150    396.675    704.450
   9      X      247.275    711.850    396.675    723.150
  10      X      291.800    530.400    413.000    561.000
  11      X      291.800    530.400    766.450    897.650
  12      X      396.200    560.400    413.000    561.000

--------------------------------------------------------------------------------
Cell Name : Current_Voltage_Reference layout YAOWEN

                   Cell Errors    Real Errors   Cell Placements     Environments
                            18             18                 1                1
--------------------------------------------------------------------------------
Env.  Env. Placements            X1           Y1          X2           Y2

  1        1               2269.925     -703.850    2951.900     -474.050

Shape               Environments Status & Error Marker 

          1           X1         Y1         X2         Y2

   1      X       29.775     13.350    100.725    243.150
   2      X       65.825     13.350     98.825    191.050
   3      X       65.825     55.900     74.225    128.350
   4      X       90.425     13.350    211.250    243.150
   5      X       90.425     55.900     98.825    128.350
   6      X      127.325    108.650    176.425    243.150
   7      X      164.225    139.150    176.425    145.150
   8      X      176.425    108.650    211.250    243.150
   9      X      211.250     13.350    281.475    243.150
  10      X      246.575     13.350    283.375    243.150
  11      X      246.575     48.900    258.775     52.900
  12      X      271.175     48.900    283.375     52.900
  13      X      283.375     13.350    381.950    243.150
  14      X      308.075    103.100    320.275    109.100
  15      X      320.275     13.350    381.950    146.950
  16      X      381.950     13.350    676.200    243.150
  17      X      576.300     55.075    676.200     57.700
  18      X      657.575     13.350    711.750    243.150

--------------------------------------------------------------------------------
Cell Name : Constant_gm layout YAOWEN

                   Cell Errors    Real Errors   Cell Placements     Environments
                             1              1                 1                1
--------------------------------------------------------------------------------
Env.  Env. Placements            X1           Y1          X2           Y2

  1        1               1145.975     -629.100    1439.700     -474.050

Shape               Environments Status & Error Marker 

          1           X1         Y1         X2         Y2

   1      X      117.425   -172.000    411.150    -16.950

--------------------------------------------------------------------------------
Cell Name : ECG_BIAS layout YAOWEN

                   Cell Errors    Real Errors   Cell Placements     Environments
                             3              3                 1                1
--------------------------------------------------------------------------------
Env.  Env. Placements            X1           Y1          X2           Y2

  1        1               1113.625     -881.350    2982.125     -430.500

Shape               Environments Status & Error Marker 

          1           X1         Y1         X2         Y2

   1      X     1113.625   -881.350   1439.700   -430.500
   2      X     1439.600   -881.350   2407.000   -430.500
   3      X     2289.400   -881.350   2982.125   -430.500

