================================================================================
Rule No. 44 : # INFO: Set -resimulate_extracted- Switch for QRC! #

Real Error Count : 22; Flat Error Count : 123
================================================================================

--------------------------------------------------------------------------------
Cell Name : VDD3RP layout IOLIB_4M

                   Cell Errors    Real Errors   Cell Placements     Environments
                             1              1                 1                1
--------------------------------------------------------------------------------
Env.  Env. Placements            X1           Y1          X2           Y2

  1        1                  0.000     1459.100     340.400     1559.700

Shape               Environments Status & Error Marker 

          1           X1         Y1         X2         Y2

   1      X       -0.300     -5.400    100.300    335.000

--------------------------------------------------------------------------------
Cell Name : VDD3OP layout IOLIB_4M

                   Cell Errors    Real Errors   Cell Placements     Environments
                             1              1                 1                1
--------------------------------------------------------------------------------
Env.  Env. Placements            X1           Y1          X2           Y2

  1        1                  0.000     1259.100     340.400     1359.700

Shape               Environments Status & Error Marker 

          1           X1         Y1         X2         Y2

   1      X       -0.300     -5.400    100.300    335.000

--------------------------------------------------------------------------------
Cell Name : VDD3IP layout IOLIB_4M

                   Cell Errors    Real Errors   Cell Placements     Environments
                             1              1                 1                1
--------------------------------------------------------------------------------
Env.  Env. Placements            X1           Y1          X2           Y2

  1        1                  0.000     1659.100     340.400     1759.700

Shape               Environments Status & Error Marker 

          1           X1         Y1         X2         Y2

   1      X       -0.300     -5.400    100.300    335.000

--------------------------------------------------------------------------------
Cell Name : PWRCUT_DIG_P_DX layout IOLIB_4M

                   Cell Errors    Real Errors   Cell Placements     Environments
                             1              1                 3                1
--------------------------------------------------------------------------------
Env.  Env. Placements            X1           Y1          X2           Y2

  1        3                  0.000      189.900     340.400      240.900

Shape               Environments Status & Error Marker 

          1           X1         Y1         X2         Y2

   1      X       -0.500     -5.400     50.500    335.000

--------------------------------------------------------------------------------
Cell Name : PERI_SPACER_5_P layout IOLIB_4M

                   Cell Errors    Real Errors   Cell Placements     Environments
                             1              1                 2                1
--------------------------------------------------------------------------------
Env.  Env. Placements            X1           Y1          X2           Y2

  1        2               2810.400      194.100    3150.800      199.700

Shape               Environments Status & Error Marker 

          1           X1         Y1         X2         Y2

   1      X       -0.300     -5.400      5.300    335.000

--------------------------------------------------------------------------------
Cell Name : PERI_SPACER_50_P layout IOLIB_4M

                   Cell Errors    Real Errors   Cell Placements     Environments
                             1              1                 5                1
--------------------------------------------------------------------------------
Env.  Env. Placements            X1           Y1          X2           Y2

  1        5               2740.100     -150.000    2790.700      190.400

Shape               Environments Status & Error Marker 

          1           X1         Y1         X2         Y2

   1      X       -0.300     -5.400     50.300    335.000

--------------------------------------------------------------------------------
Cell Name : PERI_SPACER_2_P layout IOLIB_4M

                   Cell Errors    Real Errors   Cell Placements     Environments
                             1              1                 4                1
--------------------------------------------------------------------------------
Env.  Env. Placements            X1           Y1          X2           Y2

  1        4               2810.400      190.100    3150.800      192.700

Shape               Environments Status & Error Marker 

          1           X1         Y1         X2         Y2

   1      X       -0.300     -5.400      2.300    335.000

--------------------------------------------------------------------------------
Cell Name : PERI_SPACER_20_P layout IOLIB_4M

                   Cell Errors    Real Errors   Cell Placements     Environments
                             1              1                 2                1
--------------------------------------------------------------------------------
Env.  Env. Placements            X1           Y1          X2           Y2

  1        2               2790.100     -150.000    2810.700      190.400

Shape               Environments Status & Error Marker 

          1           X1         Y1         X2         Y2

   1      X       -0.300     -5.400     20.300    335.000

--------------------------------------------------------------------------------
Cell Name : PERI_SPACER_10_P layout IOLIB_4M

                   Cell Errors    Real Errors   Cell Placements     Environments
                             1              1                 2                1
--------------------------------------------------------------------------------
Env.  Env. Placements            X1           Y1          X2           Y2

  1        2               2810.400      199.100    3150.800      209.700

Shape               Environments Status & Error Marker 

          1           X1         Y1         X2         Y2

   1      X       -0.300     -5.400     10.300    335.000

--------------------------------------------------------------------------------
Cell Name : PERI_SPACER_100_P layout IOLIB_4M

                   Cell Errors    Real Errors   Cell Placements     Environments
                             1              1                53                1
--------------------------------------------------------------------------------
Env.  Env. Placements            X1           Y1          X2           Y2

  1       53                340.100     -150.000     440.700      190.400

Shape               Environments Status & Error Marker 

          1           X1         Y1         X2         Y2

   1      X       -0.300     -5.400    100.300    335.000

--------------------------------------------------------------------------------
Cell Name : ICP layout IOLIB_4M

                   Cell Errors    Real Errors   Cell Placements     Environments
                             1              1                 5                1
--------------------------------------------------------------------------------
Env.  Env. Placements            X1           Y1          X2           Y2

  1        5                  0.000      459.100     340.400      559.700

Shape               Environments Status & Error Marker 

          1           X1         Y1         X2         Y2

   1      X       -0.300     -5.400    100.300    335.000

--------------------------------------------------------------------------------
Cell Name : GND3RP layout IOLIB_4M

                   Cell Errors    Real Errors   Cell Placements     Environments
                             1              1                 1                1
--------------------------------------------------------------------------------
Env.  Env. Placements            X1           Y1          X2           Y2

  1        1                  0.000     1859.100     340.400     1959.700

Shape               Environments Status & Error Marker 

          1           X1         Y1         X2         Y2

   1      X       -0.300     -5.400    100.300    335.000

--------------------------------------------------------------------------------
Cell Name : GND3OP layout IOLIB_4M

                   Cell Errors    Real Errors   Cell Placements     Environments
                             1              1                 1                1
--------------------------------------------------------------------------------
Env.  Env. Placements            X1           Y1          X2           Y2

  1        1                  0.000     2059.000     340.400     2159.700

Shape               Environments Status & Error Marker 

          1           X1         Y1         X2         Y2

   1      X       -0.300     -5.400    100.400    335.000

--------------------------------------------------------------------------------
Cell Name : GND3IP layout IOLIB_4M

                   Cell Errors    Real Errors   Cell Placements     Environments
                             1              1                 1                1
--------------------------------------------------------------------------------
Env.  Env. Placements            X1           Y1          X2           Y2

  1        1                  0.000     2259.000     340.400     2359.700

Shape               Environments Status & Error Marker 

          1           X1         Y1         X2         Y2

   1      X       -0.300     -5.400    100.400    335.000

--------------------------------------------------------------------------------
Cell Name : CORNERP layout IOLIB_4M

                   Cell Errors    Real Errors   Cell Placements     Environments
                             1              1                 4                1
--------------------------------------------------------------------------------
Env.  Env. Placements            X1           Y1          X2           Y2

  1        4                  0.000     -150.000     340.900      190.800

Shape               Environments Status & Error Marker 

          1           X1         Y1         X2         Y2

   1      X       -5.400     -5.400    335.500    335.400

--------------------------------------------------------------------------------
Cell Name : AVDD3ALLP layout IOLIB_ANA_4M

                   Cell Errors    Real Errors   Cell Placements     Environments
                             1              1                 3                1
--------------------------------------------------------------------------------
Env.  Env. Placements            X1           Y1          X2           Y2

  1        3               2340.100     -150.000    2440.700      190.400

Shape               Environments Status & Error Marker 

          1           X1         Y1         X2         Y2

   1      X       -0.300     -5.400    100.300    335.000

--------------------------------------------------------------------------------
Cell Name : APRIO200P layout IOLIB_ANA_4M

                   Cell Errors    Real Errors   Cell Placements     Environments
                             1              1                27                1
--------------------------------------------------------------------------------
Env.  Env. Placements            X1           Y1          X2           Y2

  1       27                540.100     -150.000     640.700      190.450

Shape               Environments Status & Error Marker 

          1           X1         Y1         X2         Y2

   1      X       -0.300     -5.400    100.300    335.050

--------------------------------------------------------------------------------
Cell Name : AGND3ALLP layout IOLIB_ANA_4M

                   Cell Errors    Real Errors   Cell Placements     Environments
                             1              1                 3                1
--------------------------------------------------------------------------------
Env.  Env. Placements            X1           Y1          X2           Y2

  1        3               2540.100     -150.000    2640.700      190.400

Shape               Environments Status & Error Marker 

          1           X1         Y1         X2         Y2

   1      X       -0.300     -5.400    100.300    335.000

--------------------------------------------------------------------------------
Cell Name : IO_RING_S_VHS layout VT26_IO_RING

                   Cell Errors    Real Errors   Cell Placements     Environments
                             4              4                 1                1
--------------------------------------------------------------------------------
Env.  Env. Placements            X1           Y1          X2           Y2

  1        1                  0.000     -150.000    3150.800     3149.800

Shape               Environments Status & Error Marker 

          1           X1         Y1         X2         Y2

   1      X      340.400    190.400   1540.100   2809.400
   2      X     1540.100    190.400   2809.900   2809.400
   3      X     2809.900    190.400   2810.400   2809.000
   4      X     2810.350    559.700   2810.400   1109.100

================================================================================
Rule No. 45 : # C35B4 ENG - 183 Rev9 (Last updated 26-Apr-2017 12:48) #

Real Error Count : 22; Flat Error Count : 123
================================================================================

--------------------------------------------------------------------------------
Cell Name : VDD3RP layout IOLIB_4M

                   Cell Errors    Real Errors   Cell Placements     Environments
                             1              1                 1                1
--------------------------------------------------------------------------------
Env.  Env. Placements            X1           Y1          X2           Y2

  1        1                  0.000     1459.100     340.400     1559.700

Shape               Environments Status & Error Marker 

          1           X1         Y1         X2         Y2

   1      X       -0.300     -5.400    100.300    335.000

--------------------------------------------------------------------------------
Cell Name : VDD3OP layout IOLIB_4M

                   Cell Errors    Real Errors   Cell Placements     Environments
                             1              1                 1                1
--------------------------------------------------------------------------------
Env.  Env. Placements            X1           Y1          X2           Y2

  1        1                  0.000     1259.100     340.400     1359.700

Shape               Environments Status & Error Marker 

          1           X1         Y1         X2         Y2

   1      X       -0.300     -5.400    100.300    335.000

--------------------------------------------------------------------------------
Cell Name : VDD3IP layout IOLIB_4M

                   Cell Errors    Real Errors   Cell Placements     Environments
                             1              1                 1                1
--------------------------------------------------------------------------------
Env.  Env. Placements            X1           Y1          X2           Y2

  1        1                  0.000     1659.100     340.400     1759.700

Shape               Environments Status & Error Marker 

          1           X1         Y1         X2         Y2

   1      X       -0.300     -5.400    100.300    335.000

--------------------------------------------------------------------------------
Cell Name : PWRCUT_DIG_P_DX layout IOLIB_4M

                   Cell Errors    Real Errors   Cell Placements     Environments
                             1              1                 3                1
--------------------------------------------------------------------------------
Env.  Env. Placements            X1           Y1          X2           Y2

  1        3                  0.000      189.900     340.400      240.900

Shape               Environments Status & Error Marker 

          1           X1         Y1         X2         Y2

   1      X       -0.500     -5.400     50.500    335.000

--------------------------------------------------------------------------------
Cell Name : PERI_SPACER_5_P layout IOLIB_4M

                   Cell Errors    Real Errors   Cell Placements     Environments
                             1              1                 2                1
--------------------------------------------------------------------------------
Env.  Env. Placements            X1           Y1          X2           Y2

  1        2               2810.400      194.100    3150.800      199.700

Shape               Environments Status & Error Marker 

          1           X1         Y1         X2         Y2

   1      X       -0.300     -5.400      5.300    335.000

--------------------------------------------------------------------------------
Cell Name : PERI_SPACER_50_P layout IOLIB_4M

                   Cell Errors    Real Errors   Cell Placements     Environments
                             1              1                 5                1
--------------------------------------------------------------------------------
Env.  Env. Placements            X1           Y1          X2           Y2

  1        5               2740.100     -150.000    2790.700      190.400

Shape               Environments Status & Error Marker 

          1           X1         Y1         X2         Y2

   1      X       -0.300     -5.400     50.300    335.000

--------------------------------------------------------------------------------
Cell Name : PERI_SPACER_2_P layout IOLIB_4M

                   Cell Errors    Real Errors   Cell Placements     Environments
                             1              1                 4                1
--------------------------------------------------------------------------------
Env.  Env. Placements            X1           Y1          X2           Y2

  1        4               2810.400      190.100    3150.800      192.700

Shape               Environments Status & Error Marker 

          1           X1         Y1         X2         Y2

   1      X       -0.300     -5.400      2.300    335.000

--------------------------------------------------------------------------------
Cell Name : PERI_SPACER_20_P layout IOLIB_4M

                   Cell Errors    Real Errors   Cell Placements     Environments
                             1              1                 2                1
--------------------------------------------------------------------------------
Env.  Env. Placements            X1           Y1          X2           Y2

  1        2               2790.100     -150.000    2810.700      190.400

Shape               Environments Status & Error Marker 

          1           X1         Y1         X2         Y2

   1      X       -0.300     -5.400     20.300    335.000

--------------------------------------------------------------------------------
Cell Name : PERI_SPACER_10_P layout IOLIB_4M

                   Cell Errors    Real Errors   Cell Placements     Environments
                             1              1                 2                1
--------------------------------------------------------------------------------
Env.  Env. Placements            X1           Y1          X2           Y2

  1        2               2810.400      199.100    3150.800      209.700

Shape               Environments Status & Error Marker 

          1           X1         Y1         X2         Y2

   1      X       -0.300     -5.400     10.300    335.000

--------------------------------------------------------------------------------
Cell Name : PERI_SPACER_100_P layout IOLIB_4M

                   Cell Errors    Real Errors   Cell Placements     Environments
                             1              1                53                1
--------------------------------------------------------------------------------
Env.  Env. Placements            X1           Y1          X2           Y2

  1       53                340.100     -150.000     440.700      190.400

Shape               Environments Status & Error Marker 

          1           X1         Y1         X2         Y2

   1      X       -0.300     -5.400    100.300    335.000

--------------------------------------------------------------------------------
Cell Name : ICP layout IOLIB_4M

                   Cell Errors    Real Errors   Cell Placements     Environments
                             1              1                 5                1
--------------------------------------------------------------------------------
Env.  Env. Placements            X1           Y1          X2           Y2

  1        5                  0.000      459.100     340.400      559.700

Shape               Environments Status & Error Marker 

          1           X1         Y1         X2         Y2

   1      X       -0.300     -5.400    100.300    335.000

--------------------------------------------------------------------------------
Cell Name : GND3RP layout IOLIB_4M

                   Cell Errors    Real Errors   Cell Placements     Environments
                             1              1                 1                1
--------------------------------------------------------------------------------
Env.  Env. Placements            X1           Y1          X2           Y2

  1        1                  0.000     1859.100     340.400     1959.700

Shape               Environments Status & Error Marker 

          1           X1         Y1         X2         Y2

   1      X       -0.300     -5.400    100.300    335.000

--------------------------------------------------------------------------------
Cell Name : GND3OP layout IOLIB_4M

                   Cell Errors    Real Errors   Cell Placements     Environments
                             1              1                 1                1
--------------------------------------------------------------------------------
Env.  Env. Placements            X1           Y1          X2           Y2

  1        1                  0.000     2059.000     340.400     2159.700

Shape               Environments Status & Error Marker 

          1           X1         Y1         X2         Y2

   1      X       -0.300     -5.400    100.400    335.000

--------------------------------------------------------------------------------
Cell Name : GND3IP layout IOLIB_4M

                   Cell Errors    Real Errors   Cell Placements     Environments
                             1              1                 1                1
--------------------------------------------------------------------------------
Env.  Env. Placements            X1           Y1          X2           Y2

  1        1                  0.000     2259.000     340.400     2359.700

Shape               Environments Status & Error Marker 

          1           X1         Y1         X2         Y2

   1      X       -0.300     -5.400    100.400    335.000

--------------------------------------------------------------------------------
Cell Name : CORNERP layout IOLIB_4M

                   Cell Errors    Real Errors   Cell Placements     Environments
                             1              1                 4                1
--------------------------------------------------------------------------------
Env.  Env. Placements            X1           Y1          X2           Y2

  1        4                  0.000     -150.000     340.900      190.800

Shape               Environments Status & Error Marker 

          1           X1         Y1         X2         Y2

   1      X       -5.400     -5.400    335.500    335.400

--------------------------------------------------------------------------------
Cell Name : AVDD3ALLP layout IOLIB_ANA_4M

                   Cell Errors    Real Errors   Cell Placements     Environments
                             1              1                 3                1
--------------------------------------------------------------------------------
Env.  Env. Placements            X1           Y1          X2           Y2

  1        3               2340.100     -150.000    2440.700      190.400

Shape               Environments Status & Error Marker 

          1           X1         Y1         X2         Y2

   1      X       -0.300     -5.400    100.300    335.000

--------------------------------------------------------------------------------
Cell Name : APRIO200P layout IOLIB_ANA_4M

                   Cell Errors    Real Errors   Cell Placements     Environments
                             1              1                27                1
--------------------------------------------------------------------------------
Env.  Env. Placements            X1           Y1          X2           Y2

  1       27                540.100     -150.000     640.700      190.450

Shape               Environments Status & Error Marker 

          1           X1         Y1         X2         Y2

   1      X       -0.300     -5.400    100.300    335.050

--------------------------------------------------------------------------------
Cell Name : AGND3ALLP layout IOLIB_ANA_4M

                   Cell Errors    Real Errors   Cell Placements     Environments
                             1              1                 3                1
--------------------------------------------------------------------------------
Env.  Env. Placements            X1           Y1          X2           Y2

  1        3               2540.100     -150.000    2640.700      190.400

Shape               Environments Status & Error Marker 

          1           X1         Y1         X2         Y2

   1      X       -0.300     -5.400    100.300    335.000

--------------------------------------------------------------------------------
Cell Name : IO_RING_S_VHS layout VT26_IO_RING

                   Cell Errors    Real Errors   Cell Placements     Environments
                             4              4                 1                1
--------------------------------------------------------------------------------
Env.  Env. Placements            X1           Y1          X2           Y2

  1        1                  0.000     -150.000    3150.800     3149.800

Shape               Environments Status & Error Marker 

          1           X1         Y1         X2         Y2

   1      X      340.400    190.400   1540.100   2809.400
   2      X     1540.100    190.400   2809.900   2809.400
   3      X     2809.900    190.400   2810.400   2809.000
   4      X     2810.350    559.700   2810.400   1109.100

================================================================================
Rule No. 204 : unstable device for NWD_device_DIODE_42

Real Error Count : 1; Flat Error Count : 1
================================================================================

--------------------------------------------------------------------------------
Cell Name : IO_RING_S_VHS layout VT26_IO_RING

                   Cell Errors    Real Errors   Cell Placements     Environments
                             1              1                 1                1
--------------------------------------------------------------------------------
Env.  Env. Placements            X1           Y1          X2           Y2

  1        1                262.150     1259.400     286.300     1359.400

Shape               Environments Status & Error Marker 

          1           X1         Y1         X2         Y2

   1      X      262.150   1259.400    286.300   1359.400

