================================================================================
Rule No. 421 : INFO: hot nwell

Real Error Count : 8; Flat Error Count : 140
================================================================================

--------------------------------------------------------------------------------
Cell Name : vert10_4 layout PRIMLIB

                   Cell Errors    Real Errors   Cell Placements     Environments
                             1              1                63                1
--------------------------------------------------------------------------------
Env.  Env. Placements            X1           Y1          X2           Y2

  1       63                253.225      234.350     267.025      248.150

Shape               Environments Status & Error Marker 

          1           X1         Y1         X2         Y2

   1      X        1.500      1.500     15.300     15.300

--------------------------------------------------------------------------------
Cell Name : rpolyhc layout PRIMLIB Bends=4 Dummy=TRUE ResShape="90_deg" doubleCont="Horizontal" gwell="N-Well" l="52.5u" r="35K" w="2u" in1=R50

                   Cell Errors    Real Errors   Cell Placements     Environments
                             1              1                45                1
--------------------------------------------------------------------------------
Env.  Env. Placements            X1           Y1          X2           Y2

  1       45                240.525      122.025     264.575      146.525

Shape               Environments Status & Error Marker 

          1           X1         Y1         X2         Y2

   1      X       -7.750     -5.750     16.300     18.750

--------------------------------------------------------------------------------
Cell Name : pmos4 layout PRIMLIB l="4u" w="25u" wtot="25u" in1=MP128729

                   Cell Errors    Real Errors   Cell Placements     Environments
                             1              1                20                1
--------------------------------------------------------------------------------
Env.  Env. Placements            X1           Y1          X2           Y2

  1       20                136.975      129.250     145.075      156.650

Shape               Environments Status & Error Marker 

          1           X1         Y1         X2         Y2

   1      X       -1.200     -1.200     26.200      6.900

--------------------------------------------------------------------------------
Cell Name : pmos4 layout PRIMLIB l="350n" in1=MP928329

                   Cell Errors    Real Errors   Cell Placements     Environments
                             1              1                 8                1
--------------------------------------------------------------------------------
Env.  Env. Placements            X1           Y1          X2           Y2

  1        8                206.125      221.600     210.575      234.000

Shape               Environments Status & Error Marker 

          1           X1         Y1         X2         Y2

   1      X       -1.200     -1.200     11.200      3.250

--------------------------------------------------------------------------------
Cell Name : fecg_bandgap3_layout layout FBIAS

                   Cell Errors    Real Errors   Cell Placements     Environments
                             4              4                 1                1
--------------------------------------------------------------------------------
Env.  Env. Placements            X1           Y1          X2           Y2

  1        1                  4.275      119.100     410.500      360.350

Shape               Environments Status & Error Marker 

          1           X1         Y1         X2         Y2

   1      X        4.275    123.450     69.025    198.425
   2      X      123.850    119.100    214.900    199.700
   3      X      193.000    211.450    231.650    260.300
   4      X      239.000    120.500    410.500    222.050

================================================================================
Rule No. 457 : PO_R_1 Minimum density of POLY1 area [%] = 14

Real Error Count : 1; Flat Error Count : 2
================================================================================

--------------------------------------------------------------------------------
Cell Name : fecg_bandgap3_layout layout FBIAS

                   Cell Errors    Real Errors   Cell Placements     Environments
                             2              1                 1                1
--------------------------------------------------------------------------------
Env.  Env. Placements            X1           Y1          X2           Y2

  1        1                  2.275      107.800     412.625      381.750

Shape               Environments Status & Error Marker 

          1           X1         Y1         X2         Y2

   1      X        2.275    107.800    412.625    381.750

================================================================================
Rule No. 510 : M1_R_1 Minimum density of MET1 area [%] = 30

Real Error Count : 1; Flat Error Count : 2
================================================================================

--------------------------------------------------------------------------------
Cell Name : fecg_bandgap3_layout layout FBIAS

                   Cell Errors    Real Errors   Cell Placements     Environments
                             2              1                 1                1
--------------------------------------------------------------------------------
Env.  Env. Placements            X1           Y1          X2           Y2

  1        1                  2.275      107.800     412.625      381.750

Shape               Environments Status & Error Marker 

          1           X1         Y1         X2         Y2

   1      X        2.275    107.800    412.625    381.750

================================================================================
Rule No. 521 : M2_R_1 Minimum density of MET2 area [%] = 30

Real Error Count : 1; Flat Error Count : 2
================================================================================

--------------------------------------------------------------------------------
Cell Name : fecg_bandgap3_layout layout FBIAS

                   Cell Errors    Real Errors   Cell Placements     Environments
                             2              1                 1                1
--------------------------------------------------------------------------------
Env.  Env. Placements            X1           Y1          X2           Y2

  1        1                  2.275      107.800     412.625      381.750

Shape               Environments Status & Error Marker 

          1           X1         Y1         X2         Y2

   1      X        2.275    107.800    412.625    381.750

================================================================================
Rule No. 532 : M3_R_1 Minimum density of MET3 area [%] = 30

Real Error Count : 1; Flat Error Count : 2
================================================================================

--------------------------------------------------------------------------------
Cell Name : fecg_bandgap3_layout layout FBIAS

                   Cell Errors    Real Errors   Cell Placements     Environments
                             2              1                 1                1
--------------------------------------------------------------------------------
Env.  Env. Placements            X1           Y1          X2           Y2

  1        1                  2.275      107.800     412.625      381.750

Shape               Environments Status & Error Marker 

          1           X1         Y1         X2         Y2

   1      X        2.275    107.800    412.625    381.750

================================================================================
Rule No. 669 : RPOLYH_G2 Minimum high precision RPOLYH width = 2

Real Error Count : 7; Flat Error Count : 7
================================================================================

--------------------------------------------------------------------------------
Cell Name : fecg_bandgap3_layout layout FBIAS

                   Cell Errors    Real Errors   Cell Placements     Environments
                             7              7                 1                1
--------------------------------------------------------------------------------
Env.  Env. Placements            X1           Y1          X2           Y2

  1        1                 40.450      127.700      43.950      130.800

Shape               Environments Status & Error Marker 

          1           X1         Y1         X2         Y2

   1      X       40.450    127.700     41.350    128.600
   2      X       40.450    127.700     43.136    128.600
   3      X       40.450    127.800     43.950    128.600
   4      X       40.450    129.900     41.350    130.800
   5      X       40.450    129.900     43.136    130.800
   6      X       40.450    129.900     43.950    130.700
   7      X       43.150    127.800     43.950    130.700

================================================================================
Rule No. 772 : ERC Warning: Gates connected to VDD/VCC

Real Error Count : 27; Flat Error Count : 34
================================================================================

--------------------------------------------------------------------------------
Cell Name : pmos4 layout PRIMLIB l="10u" w="5u" wtot="5u" in1=MP4282929

                   Cell Errors    Real Errors   Cell Placements     Environments
                             1              1                 8                1
--------------------------------------------------------------------------------
Env.  Env. Placements            X1           Y1          X2           Y2

  1        8                 30.425      219.700      40.425      224.700

Shape               Environments Status & Error Marker 

          1           X1         Y1         X2         Y2

   1      X        0.000      0.850      5.000     10.850

--------------------------------------------------------------------------------
Cell Name : fecg_bandgap3_layout layout FBIAS

                   Cell Errors    Real Errors   Cell Placements     Environments
                            26             26                 1                1
--------------------------------------------------------------------------------
Env.  Env. Placements            X1           Y1          X2           Y2

  1        1                 30.425      219.700     163.425      352.800

Shape               Environments Status & Error Marker 

          1           X1         Y1         X2         Y2

   1      X       42.725    219.700     52.725    224.700
   2      X       42.725    347.800     52.725    352.800
   3      X       55.025    219.700     65.025    224.700
   4      X       55.025    347.800     65.025    352.800
   5      X       67.325    219.700     77.325    224.700
   6      X       67.325    347.800     77.325    352.800
   7      X       79.625    219.700     89.625    224.700
   8      X       79.625    347.800     89.625    352.800
   9      X       91.925    219.700    101.925    224.700
  10      X       91.925    347.800    101.925    352.800
  11      X      104.225    219.700    114.225    224.700
  12      X      104.225    347.800    114.225    352.800
  13      X      116.525    219.700    126.525    224.700
  14      X      116.525    347.800    126.525    352.800
  15      X      128.825    219.700    138.825    224.700
  16      X      128.825    347.800    138.825    352.800
  17      X      141.125    219.700    151.125    224.700
  18      X      141.125    347.800    151.125    352.800
  19      X      153.425    219.700    163.425    224.700
  20      X      153.425    238.000    163.425    243.000
  21      X      153.425    256.300    163.425    261.300
  22      X      153.425    274.600    163.425    279.600
  23      X      153.425    292.900    163.425    297.900
  24      X      153.425    311.200    163.425    316.200
  25      X      153.425    329.500    163.425    334.500
  26      X      153.425    347.800    163.425    352.800

================================================================================
Rule No. 1476 : # INFO: C35B4/C35B3 ASSURA DRC DECK (REV9 DATE 26-Apr-2011) Last modified 07-Sept-2016 #

Real Error Count : 1; Flat Error Count : 1
================================================================================

--------------------------------------------------------------------------------
Cell Name : fecg_bandgap3_layout layout FBIAS

                   Cell Errors    Real Errors   Cell Placements     Environments
                             1              1                 1                1
--------------------------------------------------------------------------------
Env.  Env. Placements            X1           Y1          X2           Y2

  1        1                  2.275      107.800     412.625      381.750

Shape               Environments Status & Error Marker 

          1           X1         Y1         X2         Y2

   1      X        2.275    107.800    412.625    381.750

