Virtuoso Framework License (111) was checked out successfully. Total checkout time was 0.01s.

Loading hnlInit.cxt 
Running Artist Hierarchical Netlisting ...

Loading all available p-cell functions
AMS_DB set to cds
WARNING (OSSHNL-325): Place master 'PRIMLIB/rpoly1c/symbol' for instance 'RLIB_GC1' has been modified since the last
extraction of its parent cellview 'IOLIB_4M/VDD3RP/cmos_sch'.
Connectivity changes in the place master can cause issues in the generated
netlist. To resolve such issues:
-Reextract the parent cellview 'IOLIB_4M/VDD3RP/cmos_sch' and regenerate the netlist. To avoid
multiple Check and Save operations, use the Check Hierarchy form or the
schHiCheckHier SKILL function to do a hierarchical check and save on the top
cell and then generate the netlist.
-Ignore all connectivity checks for this place master by specifying it to the
list of cellviews to be ignored using the hnlUserIgnoreCVModifyList variable.
-Change the severity of modification errors by setting the environment variable
simSymbolModifiedAction to 'ignore'. However, this may ignore both connectivity
and non-connectivity changes, thereby generating an incorrect netlist.
To avoid reporting of non-connectivity changes after performing a hierarchical
check and save operation, set 'schematic' 'autoEquivalentConnectivityTime' to
't' in the .cdsenv file. After setting the autoEquivalentConnectivityTime
variable, set simSymbolModifiedAction to 'error' to receive reports of only
connectivity issues during netlisting.
The variable simSymbolModifiedAction controls the severity of this message,
which can be 'ignore', 'warning', or 'error'.

WARNING (OSSHNL-325): Place master 'ESDLIB/esdnmos4/symbol' for instance 'MNLIB_DR1' has been modified since the last
extraction of its parent cellview 'IOLIB_4M/VDD3RP/cmos_sch'.
Connectivity changes in the place master can cause issues in the generated
netlist. To resolve such issues:
-Reextract the parent cellview 'IOLIB_4M/VDD3RP/cmos_sch' and regenerate the netlist. To avoid
multiple Check and Save operations, use the Check Hierarchy form or the
schHiCheckHier SKILL function to do a hierarchical check and save on the top
cell and then generate the netlist.
-Ignore all connectivity checks for this place master by specifying it to the
list of cellviews to be ignored using the hnlUserIgnoreCVModifyList variable.
-Change the severity of modification errors by setting the environment variable
simSymbolModifiedAction to 'ignore'. However, this may ignore both connectivity
and non-connectivity changes, thereby generating an incorrect netlist.
To avoid reporting of non-connectivity changes after performing a hierarchical
check and save operation, set 'schematic' 'autoEquivalentConnectivityTime' to
't' in the .cdsenv file. After setting the autoEquivalentConnectivityTime
variable, set simSymbolModifiedAction to 'error' to receive reports of only
connectivity issues during netlisting.
The variable simSymbolModifiedAction controls the severity of this message,
which can be 'ignore', 'warning', or 'error'.

WARNING (OSSHNL-325): Place master 'PRIMLIB/rpoly1c/symbol' for instance 'RLIB_GC1' has been modified since the last
extraction of its parent cellview 'IOLIB_4M/VDD3OP/cmos_sch'.
Connectivity changes in the place master can cause issues in the generated
netlist. To resolve such issues:
-Reextract the parent cellview 'IOLIB_4M/VDD3OP/cmos_sch' and regenerate the netlist. To avoid
multiple Check and Save operations, use the Check Hierarchy form or the
schHiCheckHier SKILL function to do a hierarchical check and save on the top
cell and then generate the netlist.
-Ignore all connectivity checks for this place master by specifying it to the
list of cellviews to be ignored using the hnlUserIgnoreCVModifyList variable.
-Change the severity of modification errors by setting the environment variable
simSymbolModifiedAction to 'ignore'. However, this may ignore both connectivity
and non-connectivity changes, thereby generating an incorrect netlist.
To avoid reporting of non-connectivity changes after performing a hierarchical
check and save operation, set 'schematic' 'autoEquivalentConnectivityTime' to
't' in the .cdsenv file. After setting the autoEquivalentConnectivityTime
variabl
e, set simSymbolModifiedAction to 'error' to receive reports of only
connectivity issues during netlisting.
The variable simSymbolModifiedAction controls the severity of this message,
which can be 'ignore', 'warning', or 'error'.

WARNING (OSSHNL-325): Place master 'ESDLIB/esdnmos4/symbol' for instance 'MNLIB_DR1' has been modified since the last
extraction of its parent cellview 'IOLIB_4M/VDD3OP/cmos_sch'.
Connectivity changes in the place master can cause issues in the generated
netlist. To resolve such issues:
-Reextract the parent cellview 'IOLIB_4M/VDD3OP/cmos_sch' and regenerate the netlist. To avoid
multiple Check and Save operations, use the Check Hierarchy form or the
schHiCheckHier SKILL function to do a hierarchical check and save on the top
cell and then generate the netlist.
-Ignore all connectivity checks for this place master by specifying it to the
list of cellviews to be ignored using the hnlUserIgnoreCVModifyList variable.
-Change the severity of modification errors by setting the environment variable
simSymbolModifiedAction to 'ignore'. However, this may ignore both connectivity
and non-connectivity changes, thereby generating an incorrect netlist.
To avoid reporting of non-connectivity changes after performing a hierarchical
check and save operation, set 'schematic' 'autoEquivalentConnectivityTime' to
't' in the .cdsenv file. After setting the autoEquivalentConnectivityTime
variable, set simSymbolModifiedAction to 'error' to receive reports of only
connectivity issues during netlisting.
The variable simSymbolModifiedAction controls the severity of this message,
which can be 'ignore', 'warning', or 'error'.

WARNING (OSSHNL-325): Place master 'PRIMLIB/rpoly1c/symbol' for instance 'RLIB_GC1' has been modified since the last
extraction of its parent cellview 'IOLIB_4M/VDD3IP/cmos_sch'.
Connectivity changes in the place master can cause issues in the generated
netlist. To resolve such issues:
-Reextract the parent cellview 'IOLIB_4M/VDD3IP/cmos_sch' and regenerate the netlist. To avoid
multiple Check and Save operations, use the Check Hierarchy form or the
schHiCheckHier SKILL function to do a hierarchical check and save on the top
cell and then generate the netlist.
-Ignore all connectivity checks for this place master by specifying it to the
list of cellviews to be ignored using the hnlUserIgnoreCVModifyList variable.
-Change the severity of modification errors by setting the environment variable
simSymbolModifiedAction to 'ignore'. However, this may ignore both connectivity
and non-connectivity changes, thereby generating an incorrect netlist.
To avoid reporting of non-connectivity changes after performing a hierarchical
check and save operation, set 'schematic' 'autoEquivalentConnectivityTime' to
't' in the .cdsenv file. After setting the autoEquivalentConnectivityTime
variable, set simSymbolModifiedAction to 'error' to receive reports of only
connectivity issues during netlisting.
The variable simSymbolModifiedAction controls the severity of this message,
which can be 'ignore', 'warning', or 'error'.

WARNING (OSSHNL-325): Place master 'ESDLIB/esdnmos4/symbol' for instance 'MNLIB_DR1' has been modified since the last
extraction of its parent cellview 'IOLIB_4M/VDD3IP/cmos_sch'.
Connectivity changes in the place master can cause issues in the generated
netlist. To resolve such issues:
-Reextract the parent cellview 'IOLIB_4M/VDD3IP/cmos_sch' and regenerate the netlist. To avoid
multiple Check and Save operations, use the Check Hierarchy form or the
schHiCheckHier SKILL function to do a hierarchical check and save on the top
cell and then generate the netlist.
-Ignore all connectivity checks for this place master by specifying it to the
list of cellviews to be ignored using the hnlUserIgnoreCVModifyList variable.
-Change the severity of modification errors by setting the environment variable
simSymbolModifiedAction to 'ignore'. However, this may ignore both connectivity
and non-connectivity changes, thereby generating an incorrect netlist.
To avoid reporting of non-connectivity changes after performing
 a hierarchical
check and save operation, set 'schematic' 'autoEquivalentConnectivityTime' to
't' in the .cdsenv file. After setting the autoEquivalentConnectivityTime
variable, set simSymbolModifiedAction to 'error' to receive reports of only
connectivity issues during netlisting.
The variable simSymbolModifiedAction controls the severity of this message,
which can be 'ignore', 'warning', or 'error'.

WARNING (OSSHNL-325): Place master 'PRIMLIB/rpoly1c/symbol' for instance 'RLIB1' has been modified since the last
extraction of its parent cellview 'IOLIB_4M/ICP/cmos_sch'.
Connectivity changes in the place master can cause issues in the generated
netlist. To resolve such issues:
-Reextract the parent cellview 'IOLIB_4M/ICP/cmos_sch' and regenerate the netlist. To avoid
multiple Check and Save operations, use the Check Hierarchy form or the
schHiCheckHier SKILL function to do a hierarchical check and save on the top
cell and then generate the netlist.
-Ignore all connectivity checks for this place master by specifying it to the
list of cellviews to be ignored using the hnlUserIgnoreCVModifyList variable.
-Change the severity of modification errors by setting the environment variable
simSymbolModifiedAction to 'ignore'. However, this may ignore both connectivity
and non-connectivity changes, thereby generating an incorrect netlist.
To avoid reporting of non-connectivity changes after performing a hierarchical
check and save operation, set 'schematic' 'autoEquivalentConnectivityTime' to
't' in the .cdsenv file. After setting the autoEquivalentConnectivityTime
variable, set simSymbolModifiedAction to 'error' to receive reports of only
connectivity issues during netlisting.
The variable simSymbolModifiedAction controls the severity of this message,
which can be 'ignore', 'warning', or 'error'.

WARNING (OSSHNL-325): Place master 'ESDLIB/esdnmos4/symbol' for instance 'MNLIB_DR1' has been modified since the last
extraction of its parent cellview 'IOLIB_4M/ICP/cmos_sch'.
Connectivity changes in the place master can cause issues in the generated
netlist. To resolve such issues:
-Reextract the parent cellview 'IOLIB_4M/ICP/cmos_sch' and regenerate the netlist. To avoid
multiple Check and Save operations, use the Check Hierarchy form or the
schHiCheckHier SKILL function to do a hierarchical check and save on the top
cell and then generate the netlist.
-Ignore all connectivity checks for this place master by specifying it to the
list of cellviews to be ignored using the hnlUserIgnoreCVModifyList variable.
-Change the severity of modification errors by setting the environment variable
simSymbolModifiedAction to 'ignore'. However, this may ignore both connectivity
and non-connectivity changes, thereby generating an incorrect netlist.
To avoid reporting of non-connectivity changes after performing a hierarchical
check and save operation, set 'schematic' 'autoEquivalentConnectivityTime' to
't' in the .cdsenv file. After setting the autoEquivalentConnectivityTime
variable, set simSymbolModifiedAction to 'error' to receive reports of only
connectivity issues during netlisting.
The variable simSymbolModifiedAction controls the severity of this message,
which can be 'ignore', 'warning', or 'error'.

WARNING (OSSHNL-325): Place master 'ESDLIB/esdpmos4/symbol' for instance 'MPLIB_DR1' has been modified since the last
extraction of its parent cellview 'IOLIB_4M/ICP/cmos_sch'.
Connectivity changes in the place master can cause issues in the generated
netlist. To resolve such issues:
-Reextract the parent cellview 'IOLIB_4M/ICP/cmos_sch' and regenerate the netlist. To avoid
multiple Check and Save operations, use the Check Hierarchy form or the
schHiCheckHier SKILL function to do a hierarchical check and save on the top
cell and then generate the netlist.
-Ignore all connectivity checks for this place master by specifying it to the
list of cellviews to be ignored using the hnlUserIgnoreCVModifyList variable.
-Change the severity of modification errors by setting the environment variable
simSymbolModifiedAction to 'ignore'. However, this may ignor
e both connectivity
and non-connectivity changes, thereby generating an incorrect netlist.
To avoid reporting of non-connectivity changes after performing a hierarchical
check and save operation, set 'schematic' 'autoEquivalentConnectivityTime' to
't' in the .cdsenv file. After setting the autoEquivalentConnectivityTime
variable, set simSymbolModifiedAction to 'error' to receive reports of only
connectivity issues during netlisting.
The variable simSymbolModifiedAction controls the severity of this message,
which can be 'ignore', 'warning', or 'error'.

WARNING (OSSHNL-325): Place master 'PRIMLIB/rdiffp3/symbol' for instance 'RLIB_GC2' has been modified since the last
extraction of its parent cellview 'IOLIB_4M/ICP/cmos_sch'.
Connectivity changes in the place master can cause issues in the generated
netlist. To resolve such issues:
-Reextract the parent cellview 'IOLIB_4M/ICP/cmos_sch' and regenerate the netlist. To avoid
multiple Check and Save operations, use the Check Hierarchy form or the
schHiCheckHier SKILL function to do a hierarchical check and save on the top
cell and then generate the netlist.
-Ignore all connectivity checks for this place master by specifying it to the
list of cellviews to be ignored using the hnlUserIgnoreCVModifyList variable.
-Change the severity of modification errors by setting the environment variable
simSymbolModifiedAction to 'ignore'. However, this may ignore both connectivity
and non-connectivity changes, thereby generating an incorrect netlist.
To avoid reporting of non-connectivity changes after performing a hierarchical
check and save operation, set 'schematic' 'autoEquivalentConnectivityTime' to
't' in the .cdsenv file. After setting the autoEquivalentConnectivityTime
variable, set simSymbolModifiedAction to 'error' to receive reports of only
connectivity issues during netlisting.
The variable simSymbolModifiedAction controls the severity of this message,
which can be 'ignore', 'warning', or 'error'.

WARNING (OSSHNL-325): Place master 'PRIMLIB/rpoly1c/symbol' for instance 'RLIB_GC1' has been modified since the last
extraction of its parent cellview 'IOLIB_4M/GND3RP/cmos_sch'.
Connectivity changes in the place master can cause issues in the generated
netlist. To resolve such issues:
-Reextract the parent cellview 'IOLIB_4M/GND3RP/cmos_sch' and regenerate the netlist. To avoid
multiple Check and Save operations, use the Check Hierarchy form or the
schHiCheckHier SKILL function to do a hierarchical check and save on the top
cell and then generate the netlist.
-Ignore all connectivity checks for this place master by specifying it to the
list of cellviews to be ignored using the hnlUserIgnoreCVModifyList variable.
-Change the severity of modification errors by setting the environment variable
simSymbolModifiedAction to 'ignore'. However, this may ignore both connectivity
and non-connectivity changes, thereby generating an incorrect netlist.
To avoid reporting of non-connectivity changes after performing a hierarchical
check and save operation, set 'schematic' 'autoEquivalentConnectivityTime' to
't' in the .cdsenv file. After setting the autoEquivalentConnectivityTime
variable, set simSymbolModifiedAction to 'error' to receive reports of only
connectivity issues during netlisting.
The variable simSymbolModifiedAction controls the severity of this message,
which can be 'ignore', 'warning', or 'error'.

WARNING (OSSHNL-325): Place master 'ESDLIB/esdnmos4/symbol' for instance 'MNLIB_DR1' has been modified since the last
extraction of its parent cellview 'IOLIB_4M/GND3RP/cmos_sch'.
Connectivity changes in the place master can cause issues in the generated
netlist. To resolve such issues:
-Reextract the parent cellview 'IOLIB_4M/GND3RP/cmos_sch' and regenerate the netlist. To avoid
multiple Check and Save operations, use the Check Hierarchy form or the
schHiCheckHier SKILL function to do a hierarchical check and save on the top
cell and then generate the netlist.
-Ignore all connectivity checks for this place master by specifying it to the
list of cellviews to be ignored using the hnlUserI
gnoreCVModifyList variable.
-Change the severity of modification errors by setting the environment variable
simSymbolModifiedAction to 'ignore'. However, this may ignore both connectivity
and non-connectivity changes, thereby generating an incorrect netlist.
To avoid reporting of non-connectivity changes after performing a hierarchical
check and save operation, set 'schematic' 'autoEquivalentConnectivityTime' to
't' in the .cdsenv file. After setting the autoEquivalentConnectivityTime
variable, set simSymbolModifiedAction to 'error' to receive reports of only
connectivity issues during netlisting.
The variable simSymbolModifiedAction controls the severity of this message,
which can be 'ignore', 'warning', or 'error'.

WARNING (OSSHNL-325): Place master 'PRIMLIB/rpoly1c/symbol' for instance 'RLIB_GC1' has been modified since the last
extraction of its parent cellview 'IOLIB_4M/GND3OP/cmos_sch'.
Connectivity changes in the place master can cause issues in the generated
netlist. To resolve such issues:
-Reextract the parent cellview 'IOLIB_4M/GND3OP/cmos_sch' and regenerate the netlist. To avoid
multiple Check and Save operations, use the Check Hierarchy form or the
schHiCheckHier SKILL function to do a hierarchical check and save on the top
cell and then generate the netlist.
-Ignore all connectivity checks for this place master by specifying it to the
list of cellviews to be ignored using the hnlUserIgnoreCVModifyList variable.
-Change the severity of modification errors by setting the environment variable
simSymbolModifiedAction to 'ignore'. However, this may ignore both connectivity
and non-connectivity changes, thereby generating an incorrect netlist.
To avoid reporting of non-connectivity changes after performing a hierarchical
check and save operation, set 'schematic' 'autoEquivalentConnectivityTime' to
't' in the .cdsenv file. After setting the autoEquivalentConnectivityTime
variable, set simSymbolModifiedAction to 'error' to receive reports of only
connectivity issues during netlisting.
The variable simSymbolModifiedAction controls the severity of this message,
which can be 'ignore', 'warning', or 'error'.

WARNING (OSSHNL-325): Place master 'ESDLIB/esdnmos4/symbol' for instance 'MNLIB_DR1' has been modified since the last
extraction of its parent cellview 'IOLIB_4M/GND3OP/cmos_sch'.
Connectivity changes in the place master can cause issues in the generated
netlist. To resolve such issues:
-Reextract the parent cellview 'IOLIB_4M/GND3OP/cmos_sch' and regenerate the netlist. To avoid
multiple Check and Save operations, use the Check Hierarchy form or the
schHiCheckHier SKILL function to do a hierarchical check and save on the top
cell and then generate the netlist.
-Ignore all connectivity checks for this place master by specifying it to the
list of cellviews to be ignored using the hnlUserIgnoreCVModifyList variable.
-Change the severity of modification errors by setting the environment variable
simSymbolModifiedAction to 'ignore'. However, this may ignore both connectivity
and non-connectivity changes, thereby generating an incorrect netlist.
To avoid reporting of non-connectivity changes after performing a hierarchical
check and save operation, set 'schematic' 'autoEquivalentConnectivityTime' to
't' in the .cdsenv file. After setting the autoEquivalentConnectivityTime
variable, set simSymbolModifiedAction to 'error' to receive reports of only
connectivity issues during netlisting.
The variable simSymbolModifiedAction controls the severity of this message,
which can be 'ignore', 'warning', or 'error'.

Loading cdf.cxt 
End netlisting Jun  6 09:03:22 2026

