================================================================================
Rule No. 66 : BAD_SUBSTR_SUBTAP_FLOAT_ERC

Real Error Count : 2; Flat Error Count : 2
================================================================================

--------------------------------------------------------------------------------
Cell Name : ia_new_f layout YAOWEN

                   Cell Errors    Real Errors   Cell Placements     Environments
                             2              2                 1                1
--------------------------------------------------------------------------------
Env.  Env. Placements            X1           Y1          X2           Y2

  1        1                 -2.700      131.850     927.000      395.525

Shape               Environments Status & Error Marker 

          1           X1         Y1         X2         Y2

   1      X       -2.700    131.850     17.000    325.000
   2      X       -2.700    385.300    927.000    395.525

================================================================================
Rule No. 421 : INFO: hot nwell

Real Error Count : 20; Flat Error Count : 56
================================================================================

--------------------------------------------------------------------------------
Cell Name : rpolyhc layout PRIMLIB doubleCont="Horizontal" gwell="N-Well" l="18.75u" r="12.5K" w="2u" in1=R2

                   Cell Errors    Real Errors   Cell Placements     Environments
                             1              1                 4                1
--------------------------------------------------------------------------------
Env.  Env. Placements            X1           Y1          X2           Y2

  1        4                109.750      311.300     139.300      320.000

Shape               Environments Status & Error Marker 

          1           X1         Y1         X2         Y2

   1      X       -4.800     -3.350     24.750      5.350

--------------------------------------------------------------------------------
Cell Name : rpolyhc layout PRIMLIB Dummy=TRUE doubleCont="Horizontal" gwell="N-Well" l="18.75u" r="12.5K" w="2u" in1=R7

                   Cell Errors    Real Errors   Cell Placements     Environments
                             1              1                 4                1
--------------------------------------------------------------------------------
Env.  Env. Placements            X1           Y1          X2           Y2

  1        4                104.950      297.800     139.300      311.300

Shape               Environments Status & Error Marker 

          1           X1         Y1         X2         Y2

   1      X       -7.200     -5.750     27.150      7.750

--------------------------------------------------------------------------------
Cell Name : pmos4 layout PRIMLIB jd=FALSE js=FALSE l="4u" ng="6" w="33.35u" wtot="200u" in1=MP028129

                   Cell Errors    Real Errors   Cell Placements     Environments
                             1              1                 4                1
--------------------------------------------------------------------------------
Env.  Env. Placements            X1           Y1          X2           Y2

  1        4                201.400      295.350     234.500      331.100

Shape               Environments Status & Error Marker 

          1           X1         Y1         X2         Y2

   1      X       -1.200     -1.200     34.550     31.900

--------------------------------------------------------------------------------
Cell Name : pmos4 layout PRIMLIB l="4u" w="12.5u" wtot="12.5u" in1=MP928729

                   Cell Errors    Real Errors   Cell Placements     Environments
                             1              1                20                1
--------------------------------------------------------------------------------
Env.  Env. Placements            X1           Y1          X2           Y2

  1       20                409.375      164.950     417.475      179.850

Shape               Environments Status & Error Marker 

          1           X1         Y1         X2         Y2

   1      X       -1.200     -1.200     13.700      6.900

--------------------------------------------------------------------------------
Cell Name : cpolyc layout PRIMLIB area="2.6n" c="2.25p" gwell="N-Well" l="51u" perimeter="204u" rbottom="Cont" rleft="Cont" rright="Cont" id_=318ecccaa27aadb6 in1=C228829

                   Cell Errors    Real Errors   Cell Placements     Environments
                             1              1                 9                1
--------------------------------------------------------------------------------
Env.  Env. Placements            X1           Y1          X2           Y2

  1        9                752.250      210.950     808.650      266.650

Shape               Environments Status & Error Marker 

          1           X1         Y1         X2         Y2

   1      X       -1.350     -1.350     55.050     54.350

--------------------------------------------------------------------------------
Cell Name : ia_new_f layout YAOWEN

                   Cell Errors    Real Errors   Cell Placements     Environments
                            15             15                 1                1
--------------------------------------------------------------------------------
Env.  Env. Placements            X1           Y1          X2           Y2

  1        1                  9.450      146.800     922.650      379.250

Shape               Environments Status & Error Marker 

          1           X1         Y1         X2         Y2

   1      X        9.450    152.200     25.600    200.400
   2      X      103.400    296.250    175.200    343.750
   3      X      201.050    295.350    201.400    331.100
   4      X      201.050    334.800    201.400    370.550
   5      X      234.500    295.350    234.950    331.100
   6      X      234.500    334.800    234.950    370.550
   7      X      238.100    295.350    238.500    331.100
   8      X      238.150    334.800    238.500    370.550
   9      X      271.600    295.350    271.900    331.100
  10      X      271.600    334.800    271.950    370.550
  11      X      403.250    157.850    480.300    205.600
  12      X      512.400    146.800    689.200    227.650
  13      X      752.250    210.950    922.650    379.250
  14      X      760.000    191.550    775.000    210.950
  15      X      833.100    191.100    849.000    210.950

================================================================================
Rule No. 510 : M1_R_1 Minimum density of MET1 area [%] = 30

Real Error Count : 1; Flat Error Count : 2
================================================================================

--------------------------------------------------------------------------------
Cell Name : ia_new_f layout YAOWEN

                   Cell Errors    Real Errors   Cell Placements     Environments
                             2              1                 1                1
--------------------------------------------------------------------------------
Env.  Env. Placements            X1           Y1          X2           Y2

  1        1                 -2.700      131.850     927.000      395.525

Shape               Environments Status & Error Marker 

          1           X1         Y1         X2         Y2

   1      X       -2.700    131.850    927.000    395.525

================================================================================
Rule No. 517 : M2_S_1 Minimum MET2 spacing = 0.5

Real Error Count : 1; Flat Error Count : 1
================================================================================

--------------------------------------------------------------------------------
Cell Name : ia_new_f layout YAOWEN

                   Cell Errors    Real Errors   Cell Placements     Environments
                             1              1                 1                1
--------------------------------------------------------------------------------
Env.  Env. Placements            X1           Y1          X2           Y2

  1        1                299.400      377.668     299.750      378.850

Shape               Environments Status & Error Marker 

          1           X1         Y1         X2         Y2

   1      X      299.400    377.668    299.750    378.850

================================================================================
Rule No. 521 : M2_R_1 Minimum density of MET2 area [%] = 30

Real Error Count : 1; Flat Error Count : 2
================================================================================

--------------------------------------------------------------------------------
Cell Name : ia_new_f layout YAOWEN

                   Cell Errors    Real Errors   Cell Placements     Environments
                             2              1                 1                1
--------------------------------------------------------------------------------
Env.  Env. Placements            X1           Y1          X2           Y2

  1        1                 -2.700      131.850     927.000      395.525

Shape               Environments Status & Error Marker 

          1           X1         Y1         X2         Y2

   1      X       -2.700    131.850    927.000    395.525

================================================================================
Rule No. 532 : M3_R_1 Minimum density of MET3 area [%] = 30

Real Error Count : 1; Flat Error Count : 2
================================================================================

--------------------------------------------------------------------------------
Cell Name : ia_new_f layout YAOWEN

                   Cell Errors    Real Errors   Cell Placements     Environments
                             2              1                 1                1
--------------------------------------------------------------------------------
Env.  Env. Placements            X1           Y1          X2           Y2

  1        1                 -2.700      131.850     927.000      395.525

Shape               Environments Status & Error Marker 

          1           X1         Y1         X2         Y2

   1      X       -2.700    131.850    927.000    395.525

================================================================================
Rule No. 669 : RPOLYH_G2 Minimum high precision RPOLYH width = 2

Real Error Count : 51; Flat Error Count : 51
================================================================================

--------------------------------------------------------------------------------
Cell Name : ia_new_f layout YAOWEN

                   Cell Errors    Real Errors   Cell Placements     Environments
                            51             51                 1                1
--------------------------------------------------------------------------------
Env.  Env. Placements            X1           Y1          X2           Y2

  1        1                641.100      150.150     843.100      198.750

Shape               Environments Status & Error Marker 

          1           X1         Y1         X2         Y2

   1      X      641.100    150.150    642.000    151.050
   2      X      641.100    150.150    643.500    151.050
   3      X      641.100    150.250    643.850    151.050
   4      X      641.100    152.350    642.000    153.250
   5      X      641.100    152.350    643.500    153.250
   6      X      641.100    152.350    643.850    153.150
   7      X      642.017    150.250    644.650    151.050
   8      X      642.017    152.350    644.650    153.150
   9      X      642.700    150.250    643.900    151.450
  10      X      642.700    151.950    643.900    153.150
  11      X      643.500    150.250    644.700    151.450
  12      X      643.500    151.050    644.700    152.250
  13      X      643.500    151.150    644.700    152.350
  14      X      643.500    151.950    644.700    153.150
  15      X      643.900    150.300    644.700    151.950
  16      X      643.900    151.100    644.700    152.300
  17      X      643.900    151.450    644.700    153.100
  18      X      764.900    195.650    765.800    196.550
  19      X      764.900    195.650    767.300    196.550
  20      X      764.900    195.750    767.650    196.550
  21      X      764.900    197.850    765.800    198.750
  22      X      764.900    197.850    767.300    198.750
  23      X      764.900    197.850    767.650    198.650
  24      X      765.817    195.750    768.450    196.550
  25      X      765.817    197.850    768.450    198.650
  26      X      766.500    195.750    767.700    196.950
  27      X      766.500    197.450    767.700    198.650
  28      X      767.300    195.750    768.500    196.950
  29      X      767.300    196.550    768.500    197.750
  30      X      767.300    196.650    768.500    197.850
  31      X      767.300    197.450    768.500    198.650
  32      X      767.700    195.800    768.500    197.450
  33      X      767.700    196.600    768.500    197.800
  34      X      767.700    196.950    768.500    198.600
  35      X      839.500    195.100    840.400    196.000
  36      X      839.500    195.100    841.900    196.000
  37      X      839.500    195.200    842.250    196.000
  38      X      839.500    197.300    840.400    198.200
  39      X      839.500    197.300    841.900    198.200
  40      X      839.500    197.300    842.250    198.100
  41      X      840.417    195.200    843.050    196.000
  42      X      840.417    197.300    843.050    198.100
  43      X      841.100    195.200    842.300    196.400
  44      X      841.100    196.900    842.300    198.100
  45      X      841.900    195.200    843.100    196.400
  46      X      841.900    196.000    843.100    197.200
  47      X      841.900    196.100    843.100    197.300
  48      X      841.900    196.900    843.100    198.100
  49      X      842.300    195.250    843.100    196.900
  50      X      842.300    196.050    843.100    197.250
  51      X      842.300    196.400    843.100    198.050

================================================================================
Rule No. 772 : ERC Warning: Gates connected to VDD/VCC

Real Error Count : 39; Flat Error Count : 39
================================================================================

--------------------------------------------------------------------------------
Cell Name : ia_new_f layout YAOWEN

                   Cell Errors    Real Errors   Cell Placements     Environments
                            39             39                 1                1
--------------------------------------------------------------------------------
Env.  Env. Placements            X1           Y1          X2           Y2

  1        1                305.725      241.450     723.175      374.100

Shape               Environments Status & Error Marker 

          1           X1         Y1         X2         Y2

   1      X      305.725    349.100    325.725    374.100
   2      X      417.225    349.100    437.225    374.100
   3      X      525.275    241.450    537.275    251.450
   4      X      525.275    262.950    537.275    272.950
   5      X      525.275    286.250    537.275    296.250
   6      X      525.275    309.550    537.275    319.550
   7      X      525.275    332.850    537.275    342.850
   8      X      525.275    356.150    537.275    366.150
   9      X      539.575    241.450    551.575    251.450
  10      X      539.575    356.150    551.575    366.150
  11      X      553.875    241.450    565.875    251.450
  12      X      553.875    356.150    565.875    366.150
  13      X      568.175    241.450    580.175    251.450
  14      X      568.175    356.150    580.175    366.150
  15      X      582.475    241.450    594.475    251.450
  16      X      582.475    356.150    594.475    366.150
  17      X      596.775    241.450    608.775    251.450
  18      X      596.775    356.150    608.775    366.150
  19      X      611.075    241.450    623.075    251.450
  20      X      611.075    356.150    623.075    366.150
  21      X      625.375    241.450    637.375    251.450
  22      X      625.375    356.150    637.375    366.150
  23      X      639.675    241.450    651.675    251.450
  24      X      639.675    356.150    651.675    366.150
  25      X      653.975    241.450    665.975    251.450
  26      X      653.975    356.150    665.975    366.150
  27      X      668.275    241.450    680.275    251.450
  28      X      668.275    356.150    680.275    366.150
  29      X      682.575    241.450    694.575    251.450
  30      X      682.575    356.150    694.575    366.150
  31      X      696.875    241.450    708.875    251.450
  32      X      696.875    332.850    708.875    342.850
  33      X      696.875    356.150    708.875    366.150
  34      X      711.175    241.450    723.175    251.450
  35      X      711.175    262.950    723.175    272.950
  36      X      711.175    286.250    723.175    296.250
  37      X      711.175    309.550    723.175    319.550
  38      X      711.175    332.850    723.175    342.850
  39      X      711.175    356.150    723.175    366.150

================================================================================
Rule No. 773 : ERC Warning: Gates connected to VSS/GND

Real Error Count : 58; Flat Error Count : 58
================================================================================

--------------------------------------------------------------------------------
Cell Name : ia_new_f layout YAOWEN

                   Cell Errors    Real Errors   Cell Placements     Environments
                            58             58                 1                1
--------------------------------------------------------------------------------
Env.  Env. Placements            X1           Y1          X2           Y2

  1        1                 10.600      152.500     451.775      246.950

Shape               Environments Status & Error Marker 

          1           X1         Y1         X2         Y2

   1      X       10.600    152.500     11.250    159.100
   2      X       10.600    160.700     11.250    167.300
   3      X       10.600    168.900     11.250    175.500
   4      X       10.600    177.100     11.250    183.700
   5      X       10.600    185.300     11.250    191.900
   6      X       10.600    193.500     11.250    200.100
   7      X       12.250    152.500     12.900    159.100
   8      X       12.250    160.700     12.900    167.300
   9      X       12.250    168.900     12.900    175.500
  10      X       12.250    177.100     12.900    183.700
  11      X       12.250    185.300     12.900    191.900
  12      X       12.250    193.500     12.900    200.100
  13      X       13.900    152.500     14.550    159.100
  14      X       13.900    160.700     14.550    167.300
  15      X       13.900    168.900     14.550    175.500
  16      X       13.900    177.100     14.550    183.700
  17      X       13.900    185.300     14.550    191.900
  18      X       13.900    193.500     14.550    200.100
  19      X       15.550    152.500     16.200    159.100
  20      X       15.550    160.700     16.200    167.300
  21      X       15.550    168.900     16.200    175.500
  22      X       15.550    177.100     16.200    183.700
  23      X       15.550    185.300     16.200    191.900
  24      X       15.550    193.500     16.200    200.100
  25      X       17.200    152.500     17.850    159.100
  26      X       17.200    160.700     17.850    167.300
  27      X       17.200    168.900     17.850    175.500
  28      X       17.200    177.100     17.850    183.700
  29      X       17.200    185.300     17.850    191.900
  30      X       17.200    193.500     17.850    200.100
  31      X       18.850    152.500     19.500    159.100
  32      X       18.850    160.700     19.500    167.300
  33      X       18.850    168.900     19.500    175.500
  34      X       18.850    177.100     19.500    183.700
  35      X       18.850    185.300     19.500    191.900
  36      X       18.850    193.500     19.500    200.100
  37      X       20.500    152.500     21.150    159.100
  38      X       20.500    160.700     21.150    167.300
  39      X       20.500    168.900     21.150    175.500
  40      X       20.500    177.100     21.150    183.700
  41      X       20.500    185.300     21.150    191.900
  42      X       20.500    193.500     21.150    200.100
  43      X       22.150    152.500     22.800    159.100
  44      X       22.150    160.700     22.800    167.300
  45      X       22.150    168.900     22.800    175.500
  46      X       22.150    177.100     22.800    183.700
  47      X       22.150    185.300     22.800    191.900
  48      X       22.150    193.500     22.800    200.100
  49      X       23.800    152.500     24.450    159.100
  50      X       23.800    160.700     24.450    167.300
  51      X       23.800    168.900     24.450    175.500
  52      X       23.800    177.100     24.450    183.700
  53      X       23.800    185.300     24.450    191.900
  54      X       23.800    193.500     24.450    200.100
  55      X      392.275    224.250    400.275    234.250
  56      X      392.275    236.950    400.275    246.950
  57      X      443.775    224.250    451.775    234.250
  58      X      443.775    236.950    451.775    246.950

================================================================================
Rule No. 1476 : # INFO: C35B4/C35B3 ASSURA DRC DECK (REV9 DATE 26-Apr-2011) Last modified 07-Sept-2016 #

Real Error Count : 1; Flat Error Count : 1
================================================================================

--------------------------------------------------------------------------------
Cell Name : ia_new_f layout YAOWEN

                   Cell Errors    Real Errors   Cell Placements     Environments
                             1              1                 1                1
--------------------------------------------------------------------------------
Env.  Env. Placements            X1           Y1          X2           Y2

  1        1                 -2.700      131.850     927.000      395.525

Shape               Environments Status & Error Marker 

          1           X1         Y1         X2         Y2

   1      X       -2.700    131.850    927.000    395.525

