xmvlog(64): 24.09-s008: (c) Copyright 1995-2025 Cadence Design Systems, Inc.
TOOL:	xmvlog(64)	24.09-s008: Started on Jun 09, 2026 at 14:19:56 UTC
xmvlog
    -use5x
    -SPECIFICUNIT stimulus
    -zparse /tmp/vamsZparbna028
    -NOWARN DLNOHV
    -work DIG_SPI
    -view verilogams_bio
    -nostdout
    -logfile /home/saul/projects/IL2244_VT26_SAUL/.cadence/dfII/TextSupport/Logs/Parser/verilogams/DIG_SPI/verilogams_bio/compile0.log
    -messages
    -ams
    -cdslib /home/saul/projects/IL2244_VT26_SAUL/cds.lib
    /home/saul/projects/IL2244_VT26_SAUL/DIG_SPI/stimulus/verilogams_bio/verilog.vams

file: /home/saul/projects/IL2244_VT26_SAUL/DIG_SPI/stimulus/verilogams_bio/verilog.vams
	module DIG_SPI.stimulus:verilogams_bio
		errors: 0, warnings: 0
	 writing out DPL output:
TOOL:	xmvlog(64)	24.09-s008: Exiting on Jun 09, 2026 at 14:19:56 UTC  (total: 00:00:00)
