Starting Single Run, Sweeps and Corners...

Current time: Thu May 14 14:41:33 2026 
Best design point: 1
Design specs: 
	TRAN_CMRR	corner	Nominal - 
	CM_DIFF_IN		Error	No
	v /VOUT; pss (V)		Error	No
	v /VINN; pss (V)		Error	No
	v /VINP; pss (V)		Error	No
	v /CMFB; pss (V)		Error	No
Design parameters: 
	Ce_sg		10p
	Csg_tg		10p
	VS_CM		14.14
	RL		0
	VIN_OFF_DC		0
	EN_CMFB		3.3

Interactive.27
Number of points completed: 1
Number of simulation errors: 0
Interactive.27 completed. 
Current time: Thu May 14 14:41:42 2026 
