Starting Single Run, Sweeps and Corners...

Current time: Tue Jun  2 06:25:05 2026 
Best design point: 1
Design specs: 
	TRAN_CMRR	corner	Nominal - 
	v /VOUT; pss (V)		Error	No
	v /VINN; pss (V)		Error	No
	v /VINP; pss (V)		Error	No
	v /CMFB; pss (V)		Error	No
Design parameters: 
	Ce_sg		10p
	Csg_tg		10p
	VS_CM		14.14
	RL		0
	VIN_OFF_DC		0
	EN_CMFB		3.3

Interactive.30
Number of points completed: 1
Number of simulation errors: 0
Interactive.30 completed. 
Current time: Tue Jun  2 06:25:36 2026 
