Starting Single Run, Sweeps and Corners...

Current time: Thu Apr  2 20:52:18 2026 
Best design point: 1
Design specs: 
	myproject:bgp_bias:1	corner	CMOSresbip_0 - 
	myproject:bgp_bias:1	corner	CMOSresbip_1 - 
	myproject:bgp_bias:1	corner	CMOSresbip_2 - 
	myproject:bgp_bias:1	corner	CMOSresbip_3 - 
	myproject:bgp_bias:1	corner	CMOSresbip_4 - 
	myproject:bgp_bias:1	corner	CMOSresbip_5 - 
	myproject:bgp_bias:1	corner	CMOSresbip_6 - 
	myproject:bgp_bias:1	corner	CMOSresbip_7 - 
	myproject:bgp_bias:1	corner	CMOSresbip_8 - 
	myproject:bgp_bias:1	corner	CMOSresbip_9 - 
	myproject:bgp_bias:1	corner	CMOSresbip_10 - 
	myproject:bgp_bias:1	corner	CMOSresbip_11 - 
	myproject:bgp_bias:1	corner	CMOSresbip_12 - 
	myproject:bgp_bias:1	corner	CMOSresbip_13 - 
	myproject:bgp_bias:1	corner	CMOSresbip_14 - 
	myproject:bgp_bias:1	corner	CMOSresbip_15 - 
	myproject:bgp_bias:1	corner	CMOSresbip_16 - 
	myproject:bgp_bias:1	corner	CMOSresbip_17 - 
	myproject:bgp_bias:1	corner	CMOSresbip_18 - 
	myproject:bgp_bias:1	corner	CMOSresbip_19 - 
	myproject:bgp_bias:1	corner	CMOSresbip_20 - 
	myproject:bgp_bias:1	corner	CMOSresbip_21 - 
	myproject:bgp_bias:1	corner	CMOSresbip_22 - 
	myproject:bgp_bias:1	corner	CMOSresbip_23 - 
	myproject:bgp_bias:1	corner	CMOSresbip_24 - 
	myproject:bgp_bias:1	corner	CMOSresbip_25 - 
	myproject:bgp_bias:1	corner	CMOSresbip_26 - 
	myproject:bgp_bias:1	corner	CMOSresbip_27 - 
	myproject:bgp_bias:1	corner	CMOSresbip_28 - 
	myproject:bgp_bias:1	corner	CMOSresbip_29 - 
	myproject:bgp_bias:1	corner	CMOSresbip_30 - 
	myproject:bgp_bias:1	corner	CMOSresbip_31 - 
	myproject:bgp_bias:1	corner	CMOSresbip_32 - 
	myproject:bgp_bias:1	corner	CMOSresbip_33 - 
	myproject:bgp_bias:1	corner	CMOSresbip_34 - 
	myproject:bgp_bias:1	corner	CMOSresbip_35 - 
	myproject:bgp_bias:1	corner	CMOSresbip_36 - 
	myproject:bgp_bias:1	corner	CMOSresbip_37 - 
	myproject:bgp_bias:1	corner	CMOSresbip_38 - 
	myproject:bgp_bias:1	corner	CMOSresbip_39 - 
	myproject:bgp_bias:1	corner	CMOSresbip_40 - 
	myproject:bgp_bias:1	corner	CMOSresbip_41 - 
	myproject:bgp_bias:1	corner	CMOSresbip_42 - 
	myproject:bgp_bias:1	corner	CMOSresbip_43 - 
	myproject:bgp_bias:1	corner	CMOSresbip_44 - 
	myproject:bgp_bias:1	corner	CMOSresbip_45 - 
	myproject:bgp_bias:1	corner	CMOSresbip_46 - 
	myproject:bgp_bias:1	corner	CMOSresbip_47 - 
	myproject:bgp_bias:1	corner	Nominal - 
Design parameters: 
	VDD		3.3

Interactive.0
Number of points completed: 1
Number of simulation errors: 0
Interactive.0 completed. 
Current time: Thu Apr  2 20:55:18 2026 
