Starting Single Run, Sweeps and Corners...

Current time: Thu Apr  2 20:59:44 2026 
Best design point: 1
Design specs: 
	myproject:bgp_bias:1	corner	CMOSres_0 - 
	myproject:bgp_bias:1	corner	CMOSres_1 - 
	myproject:bgp_bias:1	corner	CMOSres_2 - 
	myproject:bgp_bias:1	corner	CMOSres_3 - 
	myproject:bgp_bias:1	corner	CMOSres_4 - 
	myproject:bgp_bias:1	corner	CMOSres_5 - 
	myproject:bgp_bias:1	corner	CMOSres_6 - 
	myproject:bgp_bias:1	corner	CMOSres_7 - 
	myproject:bgp_bias:1	corner	CMOSres_8 - 
	myproject:bgp_bias:1	corner	CMOSres_9 - 
	myproject:bgp_bias:1	corner	CMOSres_10 - 
	myproject:bgp_bias:1	corner	CMOSres_11 - 
	myproject:bgp_bias:1	corner	CMOSres_12 - 
	myproject:bgp_bias:1	corner	CMOSres_13 - 
	myproject:bgp_bias:1	corner	CMOSres_14 - 
	myproject:bgp_bias:1	corner	CMOSres_15 - 
	myproject:bgp_bias:1	corner	Nominal - 
Design parameters: 
	VDD		3.3

Interactive.1
Number of points completed: 1
Number of simulation errors: 0
Interactive.1 completed. 
Current time: Thu Apr  2 21:00:49 2026 
