Starting Single Run, Sweeps and Corners...

Current time: Wed Apr  8 12:24:18 2026 
Best design point: 1
Design specs: 
	myproject:bgp_bias:1	corner	CMOSresbip_0 - 
	myproject:bgp_bias:1	corner	CMOSresbip_1 - 
	myproject:bgp_bias:1	corner	CMOSresbip_2 - 
	myproject:bgp_bias:1	corner	CMOSresbip_3 - 
	myproject:bgp_bias:1	corner	CMOSresbip_4 - 
	myproject:bgp_bias:1	corner	CMOSresbip_5 - 
	myproject:bgp_bias:1	corner	CMOSresbip_6 - 
	myproject:bgp_bias:1	corner	CMOSresbip_7 - 
	myproject:bgp_bias:1	corner	CMOSresbip_8 - 
	myproject:bgp_bias:1	corner	CMOSresbip_9 - 
	myproject:bgp_bias:1	corner	CMOSresbip_10 - 
	myproject:bgp_bias:1	corner	CMOSresbip_11 - 
	myproject:bgp_bias:1	corner	CMOSresbip_12 - 
	myproject:bgp_bias:1	corner	CMOSresbip_13 - 
	myproject:bgp_bias:1	corner	CMOSresbip_14 - 
	myproject:bgp_bias:1	corner	CMOSresbip_15 - 
	myproject:bgp_bias:1	corner	CMOSresbip_16 - 
	myproject:bgp_bias:1	corner	CMOSresbip_17 - 
	myproject:bgp_bias:1	corner	CMOSresbip_18 - 
	myproject:bgp_bias:1	corner	CMOSresbip_19 - 
	myproject:bgp_bias:1	corner	CMOSresbip_20 - 
	myproject:bgp_bias:1	corner	CMOSresbip_21 - 
	myproject:bgp_bias:1	corner	CMOSresbip_22 - 
	myproject:bgp_bias:1	corner	CMOSresbip_23 - 
	myproject:bgp_bias:1	corner	CMOSresbip_24 - 
	myproject:bgp_bias:1	corner	CMOSresbip_25 - 
	myproject:bgp_bias:1	corner	CMOSresbip_26 - 
	myproject:bgp_bias:1	corner	CMOSresbip_27 - 
	myproject:bgp_bias:1	corner	CMOSresbip_28 - 
	myproject:bgp_bias:1	corner	CMOSresbip_29 - 
	myproject:bgp_bias:1	corner	CMOSresbip_30 - 
	myproject:bgp_bias:1	corner	CMOSresbip_31 - 
	myproject:bgp_bias:1	corner	CMOSresbip_32 - 
	myproject:bgp_bias:1	corner	CMOSresbip_33 - 
	myproject:bgp_bias:1	corner	CMOSresbip_34 - 
	myproject:bgp_bias:1	corner	CMOSresbip_35 - 
	myproject:bgp_bias:1	corner	CMOSresbip_36 - 
	myproject:bgp_bias:1	corner	CMOSresbip_37 - 
	myproject:bgp_bias:1	corner	CMOSresbip_38 - 
	myproject:bgp_bias:1	corner	CMOSresbip_39 - 
	myproject:bgp_bias:1	corner	CMOSresbip_40 - 
	myproject:bgp_bias:1	corner	CMOSresbip_41 - 
	myproject:bgp_bias:1	corner	CMOSresbip_42 - 
	myproject:bgp_bias:1	corner	CMOSresbip_43 - 
	myproject:bgp_bias:1	corner	CMOSresbip_44 - 
	myproject:bgp_bias:1	corner	CMOSresbip_45 - 
	myproject:bgp_bias:1	corner	CMOSresbip_46 - 
	myproject:bgp_bias:1	corner	CMOSresbip_47 - 
	myproject:bgp_bias:1	corner	CMOSresbip_48 - 
	myproject:bgp_bias:1	corner	CMOSresbip_49 - 
	myproject:bgp_bias:1	corner	CMOSresbip_50 - 
	myproject:bgp_bias:1	corner	CMOSresbip_51 - 
	myproject:bgp_bias:1	corner	CMOSresbip_52 - 
	myproject:bgp_bias:1	corner	CMOSresbip_53 - 
	myproject:bgp_bias:1	corner	CMOSresbip_54 - 
	myproject:bgp_bias:1	corner	CMOSresbip_55 - 
	myproject:bgp_bias:1	corner	CMOSresbip_56 - 
	myproject:bgp_bias:1	corner	CMOSresbip_57 - 
	myproject:bgp_bias:1	corner	CMOSresbip_58 - 
	myproject:bgp_bias:1	corner	CMOSresbip_59 - 
	myproject:bgp_bias:1	corner	CMOSresbip_60 - 
	myproject:bgp_bias:1	corner	CMOSresbip_61 - 
	myproject:bgp_bias:1	corner	CMOSresbip_62 - 
	myproject:bgp_bias:1	corner	CMOSresbip_63 - 
	myproject:bgp_bias:1	corner	CMOSresbip_64 - 
	myproject:bgp_bias:1	corner	CMOSresbip_65 - 
	myproject:bgp_bias:1	corner	CMOSresbip_66 - 
	myproject:bgp_bias:1	corner	CMOSresbip_67 - 
	myproject:bgp_bias:1	corner	CMOSresbip_68 - 
	myproject:bgp_bias:1	corner	CMOSresbip_69 - 
	myproject:bgp_bias:1	corner	CMOSresbip_70 - 
	myproject:bgp_bias:1	corner	CMOSresbip_71 - 
	myproject:bgp_bias:1	corner	CMOSresbip_72 - 
	myproject:bgp_bias:1	corner	CMOSresbip_73 - 
	myproject:bgp_bias:1	corner	CMOSresbip_74 - 
	myproject:bgp_bias:1	corner	CMOSresbip_75 - 
	myproject:bgp_bias:1	corner	CMOSresbip_76 - 
	myproject:bgp_bias:1	corner	CMOSresbip_77 - 
	myproject:bgp_bias:1	corner	CMOSresbip_78 - 
	myproject:bgp_bias:1	corner	CMOSresbip_79 - 
	myproject:bgp_bias:1	corner	CMOSresbip_80 - 
	myproject:bgp_bias:1	corner	CMOSresbip_81 - 
	myproject:bgp_bias:1	corner	CMOSresbip_82 - 
	myproject:bgp_bias:1	corner	CMOSresbip_83 - 
	myproject:bgp_bias:1	corner	CMOSresbip_84 - 
	myproject:bgp_bias:1	corner	CMOSresbip_85 - 
	myproject:bgp_bias:1	corner	CMOSresbip_86 - 
	myproject:bgp_bias:1	corner	CMOSresbip_87 - 
	myproject:bgp_bias:1	corner	CMOSresbip_88 - 
	myproject:bgp_bias:1	corner	CMOSresbip_89 - 
	myproject:bgp_bias:1	corner	CMOSresbip_90 - 
	myproject:bgp_bias:1	corner	CMOSresbip_91 - 
	myproject:bgp_bias:1	corner	CMOSresbip_92 - 
	myproject:bgp_bias:1	corner	CMOSresbip_93 - 
	myproject:bgp_bias:1	corner	CMOSresbip_94 - 
	myproject:bgp_bias:1	corner	CMOSresbip_95 - 
	myproject:bgp_bias:1	corner	Nominal - 
Design parameters: 
	VDD		3.3

Interactive.4
Number of points completed: 1
Number of simulation errors: 0
Interactive.4 completed. 
Current time: Wed Apr  8 12:24:55 2026 
