================================================================================
Rule No. 44 : # INFO: Don't use -resimulate_extracted- Switch for standard LVS but only for QRC! #

Real Error Count : 13; Flat Error Count : 52
================================================================================

--------------------------------------------------------------------------------
Cell Name : pmos4 layout PRIMLIB l="10u" w="5u" wtot="5u" in1=MP428129

                   Cell Errors    Real Errors   Cell Placements     Environments
                             1              1                17                1
--------------------------------------------------------------------------------
Env.  Env. Placements            X1           Y1          X2           Y2

  1       17                  5.850      123.900      13.250      138.000

Shape               Environments Status & Error Marker 

          1           X1         Y1         X2         Y2

   1      X       -1.200     -1.200      6.200     12.900

--------------------------------------------------------------------------------
Cell Name : pmos4 layout PRIMLIB l="500n" w="5u" wtot="5u" in1=MP528129

                   Cell Errors    Real Errors   Cell Placements     Environments
                             1              1                 6                1
--------------------------------------------------------------------------------
Env.  Env. Placements            X1           Y1          X2           Y2

  1        6                 11.500       98.950      16.100      106.350

Shape               Environments Status & Error Marker 

          1           X1         Y1         X2         Y2

   1      X       -1.200     -1.200      6.200      3.400

--------------------------------------------------------------------------------
Cell Name : nmos4 layout PRIMLIB l="10u" w="5u" wtot="5u" in1=MN528129

                   Cell Errors    Real Errors   Cell Placements     Environments
                             1              1                11                1
--------------------------------------------------------------------------------
Env.  Env. Placements            X1           Y1          X2           Y2

  1       11                 18.075       13.550      23.875       25.750

Shape               Environments Status & Error Marker 

          1           X1         Y1         X2         Y2

   1      X       -0.400     -0.250      5.400     11.950

--------------------------------------------------------------------------------
Cell Name : nmos4 layout PRIMLIB l="10u" in1=MN928129

                   Cell Errors    Real Errors   Cell Placements     Environments
                             1              1                 4                1
--------------------------------------------------------------------------------
Env.  Env. Placements            X1           Y1          X2           Y2

  1        4                 18.625       50.700      30.825       61.500

Shape               Environments Status & Error Marker 

          1           X1         Y1         X2         Y2

   1      X       -0.400     -0.250     10.400     11.950

--------------------------------------------------------------------------------
Cell Name : cvar layout PRIMLIB col=12 row=10 in1=C028029

                   Cell Errors    Real Errors   Cell Placements     Environments
                             1              1                 6                1
--------------------------------------------------------------------------------
Env.  Env. Placements            X1           Y1          X2           Y2

  1        6                123.475       25.000     148.875      108.500

Shape               Environments Status & Error Marker 

          1           X1         Y1         X2         Y2

   1      X       -2.275     -1.550     23.125     81.950

--------------------------------------------------------------------------------
Cell Name : INVX2 layout CORELIBD

                   Cell Errors    Real Errors   Cell Placements     Environments
                             1              1                 1                1
--------------------------------------------------------------------------------
Env.  Env. Placements            X1           Y1          X2           Y2

  1        1                112.350       11.000     116.850       24.100

Shape               Environments Status & Error Marker 

          1           X1         Y1         X2         Y2

   1      X       -0.850     -1.350      3.650     11.750

--------------------------------------------------------------------------------
Cell Name : INVX1 layout CORELIBD

                   Cell Errors    Real Errors   Cell Placements     Environments
                             1              1                 1                1
--------------------------------------------------------------------------------
Env.  Env. Placements            X1           Y1          X2           Y2

  1        1                109.550       11.000     114.050       24.100

Shape               Environments Status & Error Marker 

          1           X1         Y1         X2         Y2

   1      X       -0.850     -1.350      3.650     11.750

--------------------------------------------------------------------------------
Cell Name : fbias_por2_fc layout FBIAS

                   Cell Errors    Real Errors   Cell Placements     Environments
                             6              6                 1                1
--------------------------------------------------------------------------------
Env.  Env. Placements            X1           Y1          X2           Y2

  1        1                 -0.350        0.000     203.750      210.300

Shape               Environments Status & Error Marker 

          1           X1         Y1         X2         Y2

   1      X       -0.350      0.000     58.850    210.300
   2      X       30.575      0.000     61.375    123.900
   3      X       55.575     25.750     61.375    123.900
   4      X       58.850      0.000    148.875    210.300
   5      X      123.475      0.000    203.750    210.300
   6      X      123.475    108.500    148.875    112.750

================================================================================
Rule No. 45 : # C35B4 ENG - 183 Rev9 (Last updated 26-Apr-2017 12:48) #

Real Error Count : 13; Flat Error Count : 52
================================================================================

--------------------------------------------------------------------------------
Cell Name : pmos4 layout PRIMLIB l="10u" w="5u" wtot="5u" in1=MP428129

                   Cell Errors    Real Errors   Cell Placements     Environments
                             1              1                17                1
--------------------------------------------------------------------------------
Env.  Env. Placements            X1           Y1          X2           Y2

  1       17                  5.850      123.900      13.250      138.000

Shape               Environments Status & Error Marker 

          1           X1         Y1         X2         Y2

   1      X       -1.200     -1.200      6.200     12.900

--------------------------------------------------------------------------------
Cell Name : pmos4 layout PRIMLIB l="500n" w="5u" wtot="5u" in1=MP528129

                   Cell Errors    Real Errors   Cell Placements     Environments
                             1              1                 6                1
--------------------------------------------------------------------------------
Env.  Env. Placements            X1           Y1          X2           Y2

  1        6                 11.500       98.950      16.100      106.350

Shape               Environments Status & Error Marker 

          1           X1         Y1         X2         Y2

   1      X       -1.200     -1.200      6.200      3.400

--------------------------------------------------------------------------------
Cell Name : nmos4 layout PRIMLIB l="10u" w="5u" wtot="5u" in1=MN528129

                   Cell Errors    Real Errors   Cell Placements     Environments
                             1              1                11                1
--------------------------------------------------------------------------------
Env.  Env. Placements            X1           Y1          X2           Y2

  1       11                 18.075       13.550      23.875       25.750

Shape               Environments Status & Error Marker 

          1           X1         Y1         X2         Y2

   1      X       -0.400     -0.250      5.400     11.950

--------------------------------------------------------------------------------
Cell Name : nmos4 layout PRIMLIB l="10u" in1=MN928129

                   Cell Errors    Real Errors   Cell Placements     Environments
                             1              1                 4                1
--------------------------------------------------------------------------------
Env.  Env. Placements            X1           Y1          X2           Y2

  1        4                 18.625       50.700      30.825       61.500

Shape               Environments Status & Error Marker 

          1           X1         Y1         X2         Y2

   1      X       -0.400     -0.250     10.400     11.950

--------------------------------------------------------------------------------
Cell Name : cvar layout PRIMLIB col=12 row=10 in1=C028029

                   Cell Errors    Real Errors   Cell Placements     Environments
                             1              1                 6                1
--------------------------------------------------------------------------------
Env.  Env. Placements            X1           Y1          X2           Y2

  1        6                123.475       25.000     148.875      108.500

Shape               Environments Status & Error Marker 

          1           X1         Y1         X2         Y2

   1      X       -2.275     -1.550     23.125     81.950

--------------------------------------------------------------------------------
Cell Name : INVX2 layout CORELIBD

                   Cell Errors    Real Errors   Cell Placements     Environments
                             1              1                 1                1
--------------------------------------------------------------------------------
Env.  Env. Placements            X1           Y1          X2           Y2

  1        1                112.350       11.000     116.850       24.100

Shape               Environments Status & Error Marker 

          1           X1         Y1         X2         Y2

   1      X       -0.850     -1.350      3.650     11.750

--------------------------------------------------------------------------------
Cell Name : INVX1 layout CORELIBD

                   Cell Errors    Real Errors   Cell Placements     Environments
                             1              1                 1                1
--------------------------------------------------------------------------------
Env.  Env. Placements            X1           Y1          X2           Y2

  1        1                109.550       11.000     114.050       24.100

Shape               Environments Status & Error Marker 

          1           X1         Y1         X2         Y2

   1      X       -0.850     -1.350      3.650     11.750

--------------------------------------------------------------------------------
Cell Name : fbias_por2_fc layout FBIAS

                   Cell Errors    Real Errors   Cell Placements     Environments
                             6              6                 1                1
--------------------------------------------------------------------------------
Env.  Env. Placements            X1           Y1          X2           Y2

  1        1                 -0.350        0.000     203.750      210.300

Shape               Environments Status & Error Marker 

          1           X1         Y1         X2         Y2

   1      X       -0.350      0.000     58.850    210.300
   2      X       30.575      0.000     61.375    123.900
   3      X       55.575     25.750     61.375    123.900
   4      X       58.850      0.000    148.875    210.300
   5      X      123.475      0.000    203.750    210.300
   6      X      123.475    108.500    148.875    112.750

