xmvlog(64): 24.09-s008: (c) Copyright 1995-2025 Cadence Design Systems, Inc.
TOOL:	xmvlog(64)	24.09-s008: Started on Jun 11, 2026 at 09:18:06 UTC
xmvlog
    -use5x
    -SPECIFICUNIT stimulus
    -zparse /tmp/vamsZparbfa727
    -NOWARN DLNOHV
    -work DIG_SPI
    -view verilogams
    -nostdout
    -logfile /home/saul/projects/IL2244_VT26_SAUL/.cadence/dfII/TextSupport/Logs/Parser/verilogams/DIG_SPI/verilogams/compile1.log
    -messages
    -ams
    -cdslib /home/saul/projects/IL2244_VT26_SAUL/cds.lib
    /home/saul/projects/IL2244_VT26_SAUL/DIG_SPI/stimulus/verilogams/verilog.vams

file: /home/saul/projects/IL2244_VT26_SAUL/DIG_SPI/stimulus/verilogams/verilog.vams
	module DIG_SPI.stimulus:verilogams
		errors: 0, warnings: 0
	 writing out DPL output:
TOOL:	xmvlog(64)	24.09-s008: Exiting on Jun 11, 2026 at 09:18:06 UTC  (total: 00:00:00)
