xmvlog(64): 24.09-s008: (c) Copyright 1995-2025 Cadence Design Systems, Inc.
TOOL:	xmvlog(64)	24.09-s008: Started on May 30, 2026 at 18:39:59 UTC
xmvlog
    -use5x
    -SPECIFICUNIT stimulus
    -zparse /tmp/vamsZparmrd090
    -NOWARN DLNOHV
    -work DIG_SPI
    -view verilogams
    -nostdout
    -logfile /home/saul/projects/IL2244_VT26_SAUL/.cadence/dfII/TextSupport/Logs/Parser/verilogams/DIG_SPI/verilogams/compile0.log
    -messages
    -ams
    -cdslib /home/saul/projects/IL2244_VT26_SAUL/cds.lib
    /home/saul/projects/IL2244_VT26_DIG/DIG_SPI/virtuoso/DIG_SPI/stimulus/verilogams/verilog.vams

file: /home/saul/projects/IL2244_VT26_DIG/DIG_SPI/virtuoso/DIG_SPI/stimulus/verilogams/verilog.vams
	module DIG_SPI.stimulus:verilogams
		errors: 0, warnings: 0
	 writing out DPL output:
TOOL:	xmvlog(64)	24.09-s008: Exiting on May 30, 2026 at 18:39:59 UTC  (total: 00:00:00)
