Starting Single Run, Sweeps and Corners...

Current time: Tue May 26 13:00:30 2026 
Best design point: 1
Design specs: 
	DC	corner	CMOS_RES_CAP_TEMP_0 - 
	VDC("/VBG")		1.213
	IDC("/I2/BIAS")		205.9n
	IDC("/I0/BIAS")		41.17n
	V/V /V0; xf dB20(V/V)		Error	No
	DC	corner	CMOS_RES_CAP_TEMP_1 - 
	VDC("/VBG")		1.218
	IDC("/I2/BIAS")		332.7n
	IDC("/I0/BIAS")		66.55n
	V/V /V0; xf dB20(V/V)		Error	No
	DC	corner	CMOS_RES_CAP_TEMP_2 - 
	VDC("/VBG")		1.213
	IDC("/I2/BIAS")		204.6n
	IDC("/I0/BIAS")		40.93n
	V/V /V0; xf dB20(V/V)		Error	No
	DC	corner	CMOS_RES_CAP_TEMP_3 - 
	VDC("/VBG")		1.218
	IDC("/I2/BIAS")		408.4n
	IDC("/I0/BIAS")		81.68n
	V/V /V0; xf dB20(V/V)		Error	No
	DC	corner	CMOS_RES_CAP_TEMP_4 - 
	VDC("/VBG")		1.213
	IDC("/I2/BIAS")		207.5n
	IDC("/I0/BIAS")		41.5n
	V/V /V0; xf dB20(V/V)		Error	No
	DC	corner	CMOS_RES_CAP_TEMP_5 - 
	VDC("/VBG")		1.218
	IDC("/I2/BIAS")		343.7n
	IDC("/I0/BIAS")		68.73n
	V/V /V0; xf dB20(V/V)		Error	No
	DC	corner	CMOS_RES_CAP_TEMP_6 - 
	VDC("/VBG")		1.213
	IDC("/I2/BIAS")		206.2n
	IDC("/I0/BIAS")		41.24n
	V/V /V0; xf dB20(V/V)		Error	No
	DC	corner	CMOS_RES_CAP_TEMP_7 - 
	VDC("/VBG")		1.218
	IDC("/I2/BIAS")		336.6n
	IDC("/I0/BIAS")		67.31n
	V/V /V0; xf dB20(V/V)		Error	No
	DC	corner	CMOS_RES_CAP_TEMP_8 - 
	VDC("/VBG")		1.204
	IDC("/I2/BIAS")		123.4n
	IDC("/I0/BIAS")		24.68n
	V/V /V0; xf dB20(V/V)		Error	No
	DC	corner	CMOS_RES_CAP_TEMP_9 - 
	VDC("/VBG")		1.204
	IDC("/I2/BIAS")		194.9n
	IDC("/I0/BIAS")		38.98n
	V/V /V0; xf dB20(V/V)		Error	No
	DC	corner	CMOS_RES_CAP_TEMP_10 - 
	VDC("/VBG")		1.204
	IDC("/I2/BIAS")		122.2n
	IDC("/I0/BIAS")		24.44n
	V/V /V0; xf dB20(V/V)		Error	No
	DC	corner	CMOS_RES_CAP_TEMP_11 - 
	VDC("/VBG")		1.204
	IDC("/I2/BIAS")		324.7n
	IDC("/I0/BIAS")		64.94n
	V/V /V0; xf dB20(V/V)		Error	No
	DC	corner	CMOS_RES_CAP_TEMP_12 - 
	VDC("/VBG")		1.204
	IDC("/I2/BIAS")		122.2n
	IDC("/I0/BIAS")		24.44n
	V/V /V0; xf dB20(V/V)		Error	No
	DC	corner	CMOS_RES_CAP_TEMP_13 - 
	VDC("/VBG")		1.204
	IDC("/I2/BIAS")		196.1n
	IDC("/I0/BIAS")		39.21n
	V/V /V0; xf dB20(V/V)		Error	No
	DC	corner	CMOS_RES_CAP_TEMP_14 - 
	VDC("/VBG")		1.204
	IDC("/I2/BIAS")		121.4n
	IDC("/I0/BIAS")		24.28n
	V/V /V0; xf dB20(V/V)		Error	No
	DC	corner	CMOS_RES_CAP_TEMP_15 - 
	VDC("/VBG")		1.204
	IDC("/I2/BIAS")		194.6n
	IDC("/I0/BIAS")		38.91n
	V/V /V0; xf dB20(V/V)		Error	No
	DC	corner	CMOS_RES_CAP_TEMP_16 - 
	VDC("/VBG")		1.213
	IDC("/I2/BIAS")		205.9n
	IDC("/I0/BIAS")		41.17n
	V/V /V0; xf dB20(V/V)		Error	No
	DC	corner	CMOS_RES_CAP_TEMP_17 - 
	VDC("/VBG")		1.218
	IDC("/I2/BIAS")		332.7n
	IDC("/I0/BIAS")		66.55n
	V/V /V0; xf dB20(V/V)		Error	No
	DC	corner	CMOS_RES_CAP_TEMP_18 - 
	VDC("/VBG")		1.213
	IDC("/I2/BIAS")		204.6n
	IDC("/I0/BIAS")		40.93n
	V/V /V0; xf dB20(V/V)		Error	No
	DC	corner	CMOS_RES_CAP_TEMP_19 - 
	VDC("/VBG")		1.218
	IDC("/I2/BIAS")		408.4n
	IDC("/I0/BIAS")		81.68n
	V/V /V0; xf dB20(V/V)		Error	No
	DC	corner	CMOS_RES_CAP_TEMP_20 - 
	VDC("/VBG")		1.213
	IDC("/I2/BIAS")		207.5n
	IDC("/I0/BIAS")		41.5n
	V/V /V0; xf dB20(V/V)		Error	No
	DC	corner	CMOS_RES_CAP_TEMP_21 - 
	VDC("/VBG")		1.218
	IDC("/I2/BIAS")		343.7n
	IDC("/I0/BIAS")		68.73n
	V/V /V0; xf dB20(V/V)		Error	No
	DC	corner	CMOS_RES_CAP_TEMP_22 - 
	VDC("/VBG")		1.213
	IDC("/I2/BIAS")		206.2n
	IDC("/I0/BIAS")		41.24n
	V/V /V0; xf dB20(V/V)		Error	No
	DC	corner	CMOS_RES_CAP_TEMP_23 - 
	VDC("/VBG")		1.218
	IDC("/I2/BIAS")		336.6n
	IDC("/I0/BIAS")		67.31n
	V/V /V0; xf dB20(V/V)		Error	No
	DC	corner	CMOS_RES_CAP_TEMP_24 - 
	VDC("/VBG")		1.204
	IDC("/I2/BIAS")		123.4n
	IDC("/I0/BIAS")		24.68n
	V/V /V0; xf dB20(V/V)		Error	No
	DC	corner	CMOS_RES_CAP_TEMP_25 - 
	VDC("/VBG")		1.204
	IDC("/I2/BIAS")		194.9n
	IDC("/I0/BIAS")		38.98n
	V/V /V0; xf dB20(V/V)		Error	No
	DC	corner	CMOS_RES_CAP_TEMP_26 - 
	VDC("/VBG")		1.204
	IDC("/I2/BIAS")		122.2n
	IDC("/I0/BIAS")		24.44n
	V/V /V0; xf dB20(V/V)		Error	No
	DC	corner	CMOS_RES_CAP_TEMP_27 - 
	VDC("/VBG")		1.204
	IDC("/I2/BIAS")		324.7n
	IDC("/I0/BIAS")		64.94n
	V/V /V0; xf dB20(V/V)		Error	No
	DC	corner	CMOS_RES_CAP_TEMP_28 - 
	VDC("/VBG")		1.204
	IDC("/I2/BIAS")		122.2n
	IDC("/I0/BIAS")		24.44n
	V/V /V0; xf dB20(V/V)		Error	No
	DC	corner	CMOS_RES_CAP_TEMP_29 - 
	VDC("/VBG")		1.204
	IDC("/I2/BIAS")		196.1n
	IDC("/I0/BIAS")		39.21n
	V/V /V0; xf dB20(V/V)		Error	No
	DC	corner	CMOS_RES_CAP_TEMP_30 - 
	VDC("/VBG")		1.204
	IDC("/I2/BIAS")		121.4n
	IDC("/I0/BIAS")		24.28n
	V/V /V0; xf dB20(V/V)		Error	No
	DC	corner	CMOS_RES_CAP_TEMP_31 - 
	VDC("/VBG")		1.204
	IDC("/I2/BIAS")		194.6n
	IDC("/I0/BIAS")		38.91n
	V/V /V0; xf dB20(V/V)		Error	No
	DC	corner	Nominal - 
	VDC("/VBG")		1.212
	IDC("/I2/BIAS")		205.4n
	IDC("/I0/BIAS")		41.08n
	V/V /V0; xf dB20(V/V)		Error	No
Design parameters: 

Interactive.78
Number of points completed: 1
Number of simulation errors: 0
Interactive.78 completed. 
Current time: Tue May 26 13:00:58 2026 
