================================================================================
Rule No. 68 : BAD_NWELL_WELLTAP_FLOAT_ERC

Real Error Count : 3; Flat Error Count : 3
================================================================================

--------------------------------------------------------------------------------
Cell Name : Current_Voltage_Reference layout YAOWEN

                   Cell Errors    Real Errors   Cell Placements     Environments
                             3              3                 1                1
--------------------------------------------------------------------------------
Env.  Env. Placements            X1           Y1          X2           Y2

  1        1                151.700      175.150     205.900      219.750

Shape               Environments Status & Error Marker 

          1           X1         Y1         X2         Y2

   1      X      151.700    211.050    205.900    219.750
   2      X      153.350    175.150    198.900    192.100
   3      X      154.550    197.200    193.750    205.900

================================================================================
Rule No. 421 : INFO: hot nwell

Real Error Count : 3; Flat Error Count : 3
================================================================================

--------------------------------------------------------------------------------
Cell Name : Current_Voltage_Reference layout YAOWEN

                   Cell Errors    Real Errors   Cell Placements     Environments
                             3              3                 1                1
--------------------------------------------------------------------------------
Env.  Env. Placements            X1           Y1          X2           Y2

  1        1                151.700      175.150     205.900      219.750

Shape               Environments Status & Error Marker 

          1           X1         Y1         X2         Y2

   1      X      151.700    211.050    205.900    219.750
   2      X      153.350    175.150    198.900    192.100
   3      X      154.550    197.200    193.750    205.900

================================================================================
Rule No. 510 : M1_R_1 Minimum density of MET1 area [%] = 30

Real Error Count : 1; Flat Error Count : 2
================================================================================

--------------------------------------------------------------------------------
Cell Name : Current_Voltage_Reference layout YAOWEN

                   Cell Errors    Real Errors   Cell Placements     Environments
                             2              1                 1                1
--------------------------------------------------------------------------------
Env.  Env. Placements            X1           Y1          X2           Y2

  1        1                 29.775       13.350     711.750      243.150

Shape               Environments Status & Error Marker 

          1           X1         Y1         X2         Y2

   1      X       29.775     13.350    711.750    243.150

================================================================================
Rule No. 521 : M2_R_1 Minimum density of MET2 area [%] = 30

Real Error Count : 1; Flat Error Count : 2
================================================================================

--------------------------------------------------------------------------------
Cell Name : Current_Voltage_Reference layout YAOWEN

                   Cell Errors    Real Errors   Cell Placements     Environments
                             2              1                 1                1
--------------------------------------------------------------------------------
Env.  Env. Placements            X1           Y1          X2           Y2

  1        1                 29.775       13.350     711.750      243.150

Shape               Environments Status & Error Marker 

          1           X1         Y1         X2         Y2

   1      X       29.775     13.350    711.750    243.150

================================================================================
Rule No. 532 : M3_R_1 Minimum density of MET3 area [%] = 30

Real Error Count : 1; Flat Error Count : 2
================================================================================

--------------------------------------------------------------------------------
Cell Name : Current_Voltage_Reference layout YAOWEN

                   Cell Errors    Real Errors   Cell Placements     Environments
                             2              1                 1                1
--------------------------------------------------------------------------------
Env.  Env. Placements            X1           Y1          X2           Y2

  1        1                 29.775       13.350     711.750      243.150

Shape               Environments Status & Error Marker 

          1           X1         Y1         X2         Y2

   1      X       29.775     13.350    711.750    243.150

================================================================================
Rule No. 772 : ERC Warning: Gates connected to VDD/VCC

Real Error Count : 11; Flat Error Count : 18
================================================================================

--------------------------------------------------------------------------------
Cell Name : pmos4 layout PRIMLIB l="1u" in1=MP2628729

                   Cell Errors    Real Errors   Cell Placements     Environments
                             1              1                 8                1
--------------------------------------------------------------------------------
Env.  Env. Placements            X1           Y1          X2           Y2

  1        8                425.125      137.000     426.125      147.000

Shape               Environments Status & Error Marker 

          1           X1         Y1         X2         Y2

   1      X        0.000      0.850     10.000      1.850

--------------------------------------------------------------------------------
Cell Name : Current_Voltage_Reference layout YAOWEN

                   Cell Errors    Real Errors   Cell Placements     Environments
                            10             10                 1                1
--------------------------------------------------------------------------------
Env.  Env. Placements            X1           Y1          X2           Y2

  1        1                 51.775      137.000     655.525      220.250

Shape               Environments Status & Error Marker 

          1           X1         Y1         X2         Y2

   1      X       51.775    192.250     61.775    202.250
   2      X       51.775    208.050     61.775    218.050
   3      X       88.675    192.250     98.675    202.250
   4      X       88.675    208.050     98.675    218.050
   5      X      232.525    156.200    242.525    166.200
   6      X      232.525    172.000    242.525    182.000
   7      X      269.425    156.200    279.425    166.200
   8      X      269.425    172.000    279.425    182.000
   9      X      428.425    180.600    458.425    190.600
  10      X      622.225    155.800    652.225    165.800

================================================================================
Rule No. 773 : ERC Warning: Gates connected to VSS/GND

Real Error Count : 16; Flat Error Count : 16
================================================================================

--------------------------------------------------------------------------------
Cell Name : Current_Voltage_Reference layout YAOWEN

                   Cell Errors    Real Errors   Cell Placements     Environments
                            16             16                 1                1
--------------------------------------------------------------------------------
Env.  Env. Placements            X1           Y1          X2           Y2

  1        1                 50.825       40.700     356.075      155.550

Shape               Environments Status & Error Marker 

          1           X1         Y1         X2         Y2

   1      X       50.825     40.700     60.825     45.700
   2      X       50.825     50.500     60.825     55.500
   3      X       54.625    128.750     64.625    138.750
   4      X       54.625    145.550     64.625    155.550
   5      X       87.725     40.700     97.725     45.700
   6      X       87.725     50.500     97.725     55.500
   7      X      165.325    128.750    175.325    138.750
   8      X      165.325    145.550    175.325    155.550
   9      X      235.375     43.500    245.375     48.500
  10      X      235.375     53.300    245.375     58.300
  11      X      235.375     92.700    245.375    102.700
  12      X      235.375    109.500    245.375    119.500
  13      X      284.575     43.500    294.575     48.500
  14      X      284.575     53.300    294.575     58.300
  15      X      346.075     92.700    356.075    102.700
  16      X      346.075    109.500    356.075    119.500

================================================================================
Rule No. 1476 : # INFO: C35B4/C35B3 ASSURA DRC DECK (REV9 DATE 26-Apr-2011) Last modified 07-Sept-2016 #

Real Error Count : 1; Flat Error Count : 1
================================================================================

--------------------------------------------------------------------------------
Cell Name : Current_Voltage_Reference layout YAOWEN

                   Cell Errors    Real Errors   Cell Placements     Environments
                             1              1                 1                1
--------------------------------------------------------------------------------
Env.  Env. Placements            X1           Y1          X2           Y2

  1        1                 29.775       13.350     711.750      243.150

Shape               Environments Status & Error Marker 

          1           X1         Y1         X2         Y2

   1      X       29.775     13.350    711.750    243.150

