================================================================================
Rule No. 14 :  INFO : standard pad met4 4 stack

Real Error Count : 6; Flat Error Count : 44
================================================================================

--------------------------------------------------------------------------------
Cell Name : g_padonly layout IOLIB_4M

                   Cell Errors    Real Errors   Cell Placements     Environments
                             1              1                 4                1
--------------------------------------------------------------------------------
Env.  Env. Placements            X1           Y1          X2           Y2

  1        4                 10.400     2266.900      95.400     2351.900

Shape               Environments Status & Error Marker 

          1           X1         Y1         X2         Y2

   1      X        7.500      5.000     92.500     90.000

--------------------------------------------------------------------------------
Cell Name : g_padonly layout IOLIB_ANA_4M

                   Cell Errors    Real Errors   Cell Placements     Environments
                             1              1                 6                1
--------------------------------------------------------------------------------
Env.  Env. Placements            X1           Y1          X2           Y2

  1        6               2547.900     -139.600    2632.900      -54.600

Shape               Environments Status & Error Marker 

          1           X1         Y1         X2         Y2

   1      X        7.500      5.000     92.500     90.000

--------------------------------------------------------------------------------
Cell Name : ICP layout IOLIB_4M

                   Cell Errors    Real Errors   Cell Placements     Environments
                             1              1                 5                1
--------------------------------------------------------------------------------
Env.  Env. Placements            X1           Y1          X2           Y2

  1        5                 10.400      466.900      95.400      551.900

Shape               Environments Status & Error Marker 

          1           X1         Y1         X2         Y2

   1      X        7.500      5.000     92.500     90.000

--------------------------------------------------------------------------------
Cell Name : APRIO200P layout IOLIB_ANA_4M

                   Cell Errors    Real Errors   Cell Placements     Environments
                             1              1                27                1
--------------------------------------------------------------------------------
Env.  Env. Placements            X1           Y1          X2           Y2

  1       27                547.900     -139.600     632.900      -54.600

Shape               Environments Status & Error Marker 

          1           X1         Y1         X2         Y2

   1      X        7.500      5.000     92.500     90.000

--------------------------------------------------------------------------------
Cell Name : IO_RING_S_VHS layout VT26_IO_RING

                   Cell Errors    Real Errors   Cell Placements     Environments
                             2              2                 1                1
--------------------------------------------------------------------------------
Env.  Env. Placements            X1           Y1          X2           Y2

  1        1                 10.400     -139.600    3140.400     3139.400

Shape               Environments Status & Error Marker 

          1           X1         Y1         X2         Y2

   1      X       10.400   1666.900     95.400   1751.900
   2      X       10.400   1866.900     95.400   1951.900

================================================================================
Rule No. 55 : rvia1 INFO : rvia1 not opens met1/2 for drc

Real Error Count : 6; Flat Error Count : 18
================================================================================

--------------------------------------------------------------------------------
Cell Name : AGND3ALLP layout IOLIB_ANA_4M

                   Cell Errors    Real Errors   Cell Placements     Environments
                             6              6                 3                1
--------------------------------------------------------------------------------
Env.  Env. Placements            X1           Y1          X2           Y2

  1        3               2562.450      -39.900    2638.550      107.600

Shape               Environments Status & Error Marker 

          1           X1         Y1         X2         Y2

   1      X       22.050    111.300     24.550    242.950
   2      X       29.350    112.250     35.450    242.800
   3      X       46.300    112.250     53.850    242.250
   4      X       64.800    112.250     70.550    242.250
   5      X       81.500    116.650     86.600    242.800
   6      X       96.100    104.700     98.150    252.200

================================================================================
Rule No. 56 : rvia2 INFO : rvia2 not opens met2/3 for drc

Real Error Count : 10; Flat Error Count : 30
================================================================================

--------------------------------------------------------------------------------
Cell Name : AVDD3ALLP layout IOLIB_ANA_4M

                   Cell Errors    Real Errors   Cell Placements     Environments
                             6              6                 3                1
--------------------------------------------------------------------------------
Env.  Env. Placements            X1           Y1          X2           Y2

  1        3               2352.500       35.200    2428.350      186.350

Shape               Environments Status & Error Marker 

          1           X1         Y1         X2         Y2

   1      X       12.100    316.250     87.800    330.950
   2      X       12.900    179.800     82.250    250.500
   3      X       12.900    258.400     35.500    279.100
   4      X       38.500    258.400     61.600    279.100
   5      X       64.600    258.400     87.950    279.100
   6      X       86.100    179.800     87.950    250.500

--------------------------------------------------------------------------------
Cell Name : AGND3ALLP layout IOLIB_ANA_4M

                   Cell Errors    Real Errors   Cell Placements     Environments
                             4              4                 3                1
--------------------------------------------------------------------------------
Env.  Env. Placements            X1           Y1          X2           Y2

  1        3               2552.500      -39.150    2628.200      165.750

Shape               Environments Status & Error Marker 

          1           X1         Y1         X2         Y2

   1      X       12.100    284.650     35.450    310.350
   2      X       12.850    105.450     86.650    168.300
   3      X       38.450    284.650     61.550    310.350
   4      X       64.550    284.650     87.800    310.350

================================================================================
Rule No. 66 : BAD_SUBSTR_SUBTAP_FLOAT_ERC

Real Error Count : 11; Flat Error Count : 11
================================================================================

--------------------------------------------------------------------------------
Cell Name : IO_RING_S_VHS layout VT26_IO_RING

                   Cell Errors    Real Errors   Cell Placements     Environments
                            11             11                 1                1
--------------------------------------------------------------------------------
Env.  Env. Placements            X1           Y1          X2           Y2

  1        1                  0.000     -150.000    3150.800     3149.800

Shape               Environments Status & Error Marker 

          1           X1         Y1         X2         Y2

   1      X        0.000   -150.000   3145.400   3149.800
   2      X      105.150   1267.300    338.000   2138.100
   3      X      124.450    111.400    279.600   1267.500
   4      X      124.450   2759.700    261.400   2809.000
   5      X      261.400    111.400   2889.400   2888.400
   6      X      262.050    188.900   2839.650   2810.900
   7      X      280.150   1267.300    298.700   1351.400
   8      X     2839.650    562.500   2888.750    606.300
   9      X     2889.400    559.700   2972.950    609.100
  10      X     2972.950    563.750   3145.400    605.100
  11      X     3145.400   -150.000   3150.800   3149.800

================================================================================
Rule No. 411 : offGridShapeErrors: REC001 offGrid MET1 REC001

Real Error Count : 50; Flat Error Count : 1350
================================================================================

--------------------------------------------------------------------------------
Cell Name : APRIO200P layout IOLIB_ANA_4M

                   Cell Errors    Real Errors   Cell Placements     Environments
                            50             50                27                1
--------------------------------------------------------------------------------
Env.  Env. Placements            X1           Y1          X2           Y2

  1       27                540.200      -44.850     640.650      142.800

Shape               Environments Status & Error Marker 

          1           X1         Y1         X2         Y2

   1      X       -0.200    100.279      0.800    101.279
   2      X       -0.200    165.921      0.800    166.921
   3      X       -0.200    180.029      0.800    181.029
   4      X       -0.200    254.421      0.800    255.421
   5      X        0.279     99.800      1.279    100.800
   6      X        0.279    166.400      1.279    167.400
   7      X        0.329    254.950      1.329    255.950
   8      X        0.379    179.450      1.379    180.450
   9      X        2.200    251.929      3.200    252.929
  10      X        2.450    172.729      3.450    173.729
  11      X        2.571    252.300      3.571    253.300
  12      X        2.879    172.300      3.879    173.300
  13      X        4.421    181.850      5.421    182.850
  14      X        4.850    181.421      5.850    182.421
  15      X       48.750    258.379     49.750    259.379
  16      X       48.750    260.521     49.750    261.521
  17      X       48.750    284.029     49.750    285.029
  18      X       48.750    286.171     49.750    287.171
  19      X       48.979    258.150     49.979    259.150
  20      X       48.979    260.750     49.979    261.750
  21      X       48.979    283.800     49.979    284.800
  22      X       48.979    286.400     49.979    287.400
  23      X       50.021    258.150     51.021    259.150
  24      X       50.021    260.750     51.021    261.750
  25      X       50.021    283.800     51.021    284.800
  26      X       50.021    286.400     51.021    287.400
  27      X       50.250    258.379     51.250    259.379
  28      X       50.250    260.521     51.250    261.521
  29      X       50.250    284.029     51.250    285.029
  30      X       50.250    286.171     51.250    287.171
  31      X       88.079     99.800     89.079    100.800
  32      X       88.079    102.200     89.079    103.200
  33      X       88.129     99.750     89.129    100.750
  34      X       88.129    102.250     89.129    103.250
  35      X       94.050    181.371     95.050    182.371
  36      X       94.529    181.850     95.529    182.850
  37      X       96.021    172.300     97.021    173.300
  38      X       96.450    172.729     97.450    173.729
  39      X       96.629    252.300     97.629    253.300
  40      X       96.800    252.129     97.800    253.129
  41      X       98.671    179.450     99.671    180.450
  42      X       98.721     99.750     99.721    100.750
  43      X       98.771    166.400     99.771    167.400
  44      X       98.771    254.950     99.771    255.950
  45      X       99.200    101.771    100.200    102.771
  46      X       99.200    165.971    100.200    166.971
  47      X       99.200    179.979    100.200    180.979
  48      X       99.200    254.521    100.200    255.521
  49      X       99.250    100.279    100.250    101.279
  50      X       99.250    101.721    100.250    102.721

================================================================================
Rule No. 413 : offGridShapeErrors: REC001 offGrid MET2 REC001

Real Error Count : 60; Flat Error Count : 1428
================================================================================

--------------------------------------------------------------------------------
Cell Name : APRIO200P layout IOLIB_ANA_4M

                   Cell Errors    Real Errors   Cell Placements     Environments
                            52             52                27                1
--------------------------------------------------------------------------------
Env.  Env. Placements            X1           Y1          X2           Y2

  1       27                540.150      -44.850     640.650      111.400

Shape               Environments Status & Error Marker 

          1           X1         Y1         X2         Y2

   1      X       -0.250    100.279      0.750    101.279
   2      X       -0.250    183.171      0.750    184.171
   3      X       -0.250    184.979      0.750    185.979
   4      X       -0.250    254.471      0.750    255.471
   5      X        0.079    183.500      1.079    184.500
   6      X        0.279     99.750      1.279    100.750
   7      X        0.279    255.000      1.279    256.000
   8      X        0.329    184.400      1.329    185.400
   9      X        0.821    183.500      1.821    184.500
  10      X        1.150    166.771      2.150    167.771
  11      X        1.150    183.171      2.150    184.171
  12      X        1.471    166.450      2.471    167.450
  13      X        1.579    184.400      2.579    185.400
  14      X        1.771    255.000      2.771    256.000
  15      X        1.850    168.579      2.850    169.579
  16      X        1.850    184.129      2.850    185.129
  17      X        2.179    168.250      3.179    169.250
  18      X        2.250    187.821      3.250    188.821
  19      X        2.250    254.521      3.250    255.521
  20      X        2.921    168.250      3.921    169.250
  21      X        3.250    168.579      4.250    169.579
  22      X        3.250    186.821      4.250    187.821
  23      X       23.471    174.750     24.471    175.750
  24      X       23.521    172.250     24.521    173.250
  25      X       24.000    172.729     25.000    173.729
  26      X       24.000    174.221     25.000    175.221
  27      X       75.000    172.729     76.000    173.729
  28      X       75.000    174.221     76.000    175.221
  29      X       75.479    172.250     76.479    173.250
  30      X       75.529    174.750     76.529    175.750
  31      X       95.750    168.579     96.750    169.579
  32      X       95.750    186.821     96.750    187.821
  33      X       96.079    168.250     97.079    169.250
  34      X       96.750    187.821     97.750    188.821
  35      X       96.750    254.471     97.750    255.471
  36      X       96.821    168.250     97.821    169.250
  37      X       97.150    168.579     98.150    169.579
  38      X       97.150    184.129     98.150    185.129
  39      X       97.279    255.000     98.279    256.000
  40      X       97.421    184.400     98.421    185.400
  41      X       97.579    166.450     98.579    167.450
  42      X       97.850    166.721     98.850    167.721
  43      X       97.850    183.171     98.850    184.171
  44      X       98.179    183.500     99.179    184.500
  45      X       98.721     99.750     99.721    100.750
  46      X       98.721    184.400     99.721    185.400
  47      X       98.771    255.000     99.771    256.000
  48      X       98.921    183.500     99.921    184.500
  49      X       99.250    100.279    100.250    101.279
  50      X       99.250    183.171    100.250    184.171
  51      X       99.250    184.929    100.250    185.929
  52      X       99.250    254.521    100.250    255.521

--------------------------------------------------------------------------------
Cell Name : AGND3ALLP layout IOLIB_ANA_4M

                   Cell Errors    Real Errors   Cell Placements     Environments
                             8              8                 3                1
--------------------------------------------------------------------------------
Env.  Env. Placements            X1           Y1          X2           Y2

  1        3               2551.450       25.121    2629.350      108.429

Shape               Environments Status & Error Marker 

          1           X1         Y1         X2         Y2

   1      X       11.050    169.721     12.050    170.721
   2      X       11.050    252.029     12.050    253.029
   3      X       14.050    172.721     15.050    173.721
   4      X       14.050    249.029     15.050    250.029
   5      X       86.150    171.521     87.150    172.521
   6      X       86.150    250.229     87.150    251.229
   7      X       87.950    169.721     88.950    170.721
   8      X       87.950    252.029     88.950    253.029

================================================================================
Rule No. 417 : offGridShapeErrors: REC001 offGrid MET4 REC001

Real Error Count : 6; Flat Error Count : 18
================================================================================

--------------------------------------------------------------------------------
Cell Name : PWRCUT_DIG_P_DX layout IOLIB_4M

                   Cell Errors    Real Errors   Cell Placements     Environments
                             6              6                 3                1
--------------------------------------------------------------------------------
Env.  Env. Placements            X1           Y1          X2           Y2

  1        3                261.700      195.100     286.950      230.400

Shape               Environments Status & Error Marker 

          1           X1         Y1         X2         Y2

   1      X       10.000    257.007     11.000    258.007
   2      X       10.000    279.843     11.000    280.843
   3      X       10.707    256.300     11.707    257.300
   4      X       10.707    280.550     11.707    281.550
   5      X       43.593    256.300     44.593    257.300
   6      X       44.300    257.007     45.300    258.007

================================================================================
Rule No. 435 : INFO: hot nwell

Real Error Count : 16; Flat Error Count : 24
================================================================================

--------------------------------------------------------------------------------
Cell Name : VDD3RP layout IOLIB_4M

                   Cell Errors    Real Errors   Cell Placements     Environments
                             2              2                 1                1
--------------------------------------------------------------------------------
Env.  Env. Placements            X1           Y1          X2           Y2

  1        1                270.300     1516.500     335.450     1528.300

Shape               Environments Status & Error Marker 

          1           X1         Y1         X2         Y2

   1      X       31.100    264.900     35.500    330.050
   2      X       38.500    264.900     42.900    330.050

--------------------------------------------------------------------------------
Cell Name : VDD3OP layout IOLIB_4M

                   Cell Errors    Real Errors   Cell Placements     Environments
                             2              2                 1                1
--------------------------------------------------------------------------------
Env.  Env. Placements            X1           Y1          X2           Y2

  1        1                283.500     1272.450     295.300     1348.600

Shape               Environments Status & Error Marker 

          1           X1         Y1         X2         Y2

   1      X       10.800    278.100     86.950    282.500
   2      X       10.800    285.500     86.950    289.900

--------------------------------------------------------------------------------
Cell Name : PWRCUT_DIG_P_DX layout IOLIB_4M

                   Cell Errors    Real Errors   Cell Placements     Environments
                             4              4                 3                1
--------------------------------------------------------------------------------
Env.  Env. Placements            X1           Y1          X2           Y2

  1        3                124.550      198.350     311.050      232.450

Shape               Environments Status & Error Marker 

          1           X1         Y1         X2         Y2

   1      X        7.950    119.150     42.050    144.250
   2      X        7.950    147.250     42.050    172.350
   3      X       10.400    258.650     21.500    305.650
   4      X       24.500    258.650     35.600    305.650

--------------------------------------------------------------------------------
Cell Name : GND3OP layout IOLIB_4M

                   Cell Errors    Real Errors   Cell Placements     Environments
                             2              2                 1                1
--------------------------------------------------------------------------------
Env.  Env. Placements            X1           Y1          X2           Y2

  1        1                261.200     2103.500     333.200     2115.300

Shape               Environments Status & Error Marker 

          1           X1         Y1         X2         Y2

   1      X       44.100    255.800     48.500    327.800
   2      X       51.500    255.800     55.900    327.800

--------------------------------------------------------------------------------
Cell Name : GND3IP layout IOLIB_4M

                   Cell Errors    Real Errors   Cell Placements     Environments
                             4              4                 1                1
--------------------------------------------------------------------------------
Env.  Env. Placements            X1           Y1          X2           Y2

  1        1                114.050     2293.600     327.750     2325.200

Shape               Environments Status & Error Marker 

          1           X1         Y1         X2         Y2

   1      X       34.200    195.650     38.600    322.350
   2      X       44.100    108.650     48.500    235.350
   3      X       51.500    108.650     55.900    235.350
   4      X       61.400    195.650     65.800    322.350

--------------------------------------------------------------------------------
Cell Name : IO_RING_S_VHS layout VT26_IO_RING

                   Cell Errors    Real Errors   Cell Placements     Environments
                             2              2                 1                1
--------------------------------------------------------------------------------
Env.  Env. Placements            X1           Y1          X2           Y2

  1        1                114.050      198.350    3026.250     2801.450

Shape               Environments Status & Error Marker 

          1           X1         Y1         X2         Y2

   1      X      270.300   1896.600    335.450   1901.000
   2      X      270.300   1904.000    335.450   1908.400

================================================================================
Rule No. 471 : PO_R_1 Minimum density of POLY1 area [%] = 14

Real Error Count : 1; Flat Error Count : 2
================================================================================

--------------------------------------------------------------------------------
Cell Name : IO_RING_S_VHS layout VT26_IO_RING

                   Cell Errors    Real Errors   Cell Placements     Environments
                             2              1                 1                1
--------------------------------------------------------------------------------
Env.  Env. Placements            X1           Y1          X2           Y2

  1        1                  0.000     -150.000    3150.800     3149.800

Shape               Environments Status & Error Marker 

          1           X1         Y1         X2         Y2

   1      X        0.000   -150.000   3150.800   3149.800

================================================================================
Rule No. 524 : M1_R_1 Minimum density of MET1 area [%] = 30

Real Error Count : 1; Flat Error Count : 2
================================================================================

--------------------------------------------------------------------------------
Cell Name : IO_RING_S_VHS layout VT26_IO_RING

                   Cell Errors    Real Errors   Cell Placements     Environments
                             2              1                 1                1
--------------------------------------------------------------------------------
Env.  Env. Placements            X1           Y1          X2           Y2

  1        1                  0.000     -150.000    3150.800     3149.800

Shape               Environments Status & Error Marker 

          1           X1         Y1         X2         Y2

   1      X        0.000   -150.000   3150.800   3149.800

================================================================================
Rule No. 535 : M2_R_1 Minimum density of MET2 area [%] = 30

Real Error Count : 1; Flat Error Count : 2
================================================================================

--------------------------------------------------------------------------------
Cell Name : IO_RING_S_VHS layout VT26_IO_RING

                   Cell Errors    Real Errors   Cell Placements     Environments
                             2              1                 1                1
--------------------------------------------------------------------------------
Env.  Env. Placements            X1           Y1          X2           Y2

  1        1                  0.000     -150.000    3150.800     3149.800

Shape               Environments Status & Error Marker 

          1           X1         Y1         X2         Y2

   1      X        0.000   -150.000   3150.800   3149.800

================================================================================
Rule No. 546 : M3_R_1 Minimum density of MET3 area [%] = 30

Real Error Count : 1; Flat Error Count : 2
================================================================================

--------------------------------------------------------------------------------
Cell Name : IO_RING_S_VHS layout VT26_IO_RING

                   Cell Errors    Real Errors   Cell Placements     Environments
                             2              1                 1                1
--------------------------------------------------------------------------------
Env.  Env. Placements            X1           Y1          X2           Y2

  1        1                  0.000     -150.000    3150.800     3149.800

Shape               Environments Status & Error Marker 

          1           X1         Y1         X2         Y2

   1      X        0.000   -150.000   3150.800   3149.800

================================================================================
Rule No. 558 : M4_R_1 Minimum density of MET4 area [%] = 30

Real Error Count : 1; Flat Error Count : 2
================================================================================

--------------------------------------------------------------------------------
Cell Name : IO_RING_S_VHS layout VT26_IO_RING

                   Cell Errors    Real Errors   Cell Placements     Environments
                             2              1                 1                1
--------------------------------------------------------------------------------
Env.  Env. Placements            X1           Y1          X2           Y2

  1        1                  0.000     -150.000    3150.800     3149.800

Shape               Environments Status & Error Marker 

          1           X1         Y1         X2         Y2

   1      X        0.000   -150.000   3150.800   3149.800

================================================================================
Rule No. 693 : AMW0 Maximum METx width = 35 metal3

Real Error Count : 8; Flat Error Count : 8
================================================================================

--------------------------------------------------------------------------------
Cell Name : IO_RING_S_VHS layout VT26_IO_RING

                   Cell Errors    Real Errors   Cell Placements     Environments
                             8              8                 1                1
--------------------------------------------------------------------------------
Env.  Env. Placements            X1           Y1          X2           Y2

  1        1                105.350      -44.650    3045.450     3044.450

Shape               Environments Status & Error Marker 

          1           X1         Y1         X2         Y2

   1      X      105.350    230.400    180.050    269.400
   2      X      182.950    215.750    257.650    269.400
   3      X     2780.400    -44.650   2820.400     30.050
   4      X     2780.400     32.950   2820.400    107.650
   5      X     2780.400   2892.150   2820.400   2966.850
   6      X     2780.400   2969.750   2820.400   3044.450
   7      X     2893.150    180.400   2967.850    224.400
   8      X     2970.750    180.400   3045.450    224.400

================================================================================
Rule No. 694 : AMW0 Maximum METx width = 35 metal4

Real Error Count : 8; Flat Error Count : 8
================================================================================

--------------------------------------------------------------------------------
Cell Name : IO_RING_S_VHS layout VT26_IO_RING

                   Cell Errors    Real Errors   Cell Placements     Environments
                             8              8                 1                1
--------------------------------------------------------------------------------
Env.  Env. Placements            X1           Y1          X2           Y2

  1        1                106.250      -43.750    3044.550     3043.550

Shape               Environments Status & Error Marker 

          1           X1         Y1         X2         Y2

   1      X      106.250    231.300    179.150    269.400
   2      X      183.850    232.300    256.750    269.400
   3      X     2780.400    -43.750   2820.400     29.150
   4      X     2780.400     33.850   2820.400    106.750
   5      X     2780.400   2893.050   2820.650   2965.950
   6      X     2780.400   2970.650   2820.400   3043.550
   7      X     2894.050    180.150   2966.950    219.400
   8      X     2971.650    180.400   3044.550    219.400

================================================================================
Rule No. 695 : AMW1 Fixed slot width = 3 metal1

Real Error Count : 14; Flat Error Count : 14
================================================================================

--------------------------------------------------------------------------------
Cell Name : GND3IP layout IOLIB_4M

                   Cell Errors    Real Errors   Cell Placements     Environments
                            14             14                 1                1
--------------------------------------------------------------------------------
Env.  Env. Placements            X1           Y1          X2           Y2

  1        1                126.250     2271.150     194.250     2347.650

Shape               Environments Status & Error Marker 

          1           X1         Y1         X2         Y2

   1      X       11.750    120.850     45.300    122.850
   2      X       11.750    131.850     45.300    133.850
   3      X       11.750    142.850     45.300    144.850
   4      X       11.750    153.850     45.300    155.850
   5      X       11.750    164.850     45.300    166.850
   6      X       11.750    175.850     45.300    177.850
   7      X       11.750    186.850     45.300    188.850
   8      X       54.700    120.850     88.250    122.850
   9      X       54.700    131.850     88.250    133.850
  10      X       54.700    142.850     88.250    144.850
  11      X       54.700    153.850     88.250    155.850
  12      X       54.700    164.850     88.250    166.850
  13      X       54.700    175.850     88.250    177.850
  14      X       54.700    186.850     88.250    188.850

================================================================================
Rule No. 704 : AML1 AM_L_2 Minimum slot length = 30 Maximum slot length = 300 metal2

Real Error Count : 30; Flat Error Count : 42
================================================================================

--------------------------------------------------------------------------------
Cell Name : VDD3RP layout IOLIB_4M

                   Cell Errors    Real Errors   Cell Placements     Environments
                             4              4                 1                1
--------------------------------------------------------------------------------
Env.  Env. Placements            X1           Y1          X2           Y2

  1        1                100.400     1494.798     127.250     1523.902

Shape               Environments Status & Error Marker 

          1           X1         Y1         X2         Y2

   1      X       35.498     95.000     35.502    121.850
   2      X       38.498     95.000     38.502    121.850
   3      X       61.598     95.000     61.602    121.850
   4      X       64.598     95.000     64.602    121.850

--------------------------------------------------------------------------------
Cell Name : VDD3OP layout IOLIB_4M

                   Cell Errors    Real Errors   Cell Placements     Environments
                             4              4                 1                1
--------------------------------------------------------------------------------
Env.  Env. Placements            X1           Y1          X2           Y2

  1        1                100.400     1294.798     127.250     1323.902

Shape               Environments Status & Error Marker 

          1           X1         Y1         X2         Y2

   1      X       35.498     95.000     35.502    121.850
   2      X       38.498     95.000     38.502    121.850
   3      X       61.598     95.000     61.602    121.850
   4      X       64.598     95.000     64.602    121.850

--------------------------------------------------------------------------------
Cell Name : GND3OP layout IOLIB_4M

                   Cell Errors    Real Errors   Cell Placements     Environments
                             4              4                 1                1
--------------------------------------------------------------------------------
Env.  Env. Placements            X1           Y1          X2           Y2

  1        1                100.400     2094.848     127.250     2123.952

Shape               Environments Status & Error Marker 

          1           X1         Y1         X2         Y2

   1      X       35.448     95.000     35.452    121.850
   2      X       38.448     95.000     38.452    121.850
   3      X       61.548     95.000     61.552    121.850
   4      X       64.548     95.000     64.552    121.850

--------------------------------------------------------------------------------
Cell Name : GND3IP layout IOLIB_4M

                   Cell Errors    Real Errors   Cell Placements     Environments
                             4              4                 1                1
--------------------------------------------------------------------------------
Env.  Env. Placements            X1           Y1          X2           Y2

  1        1                100.400     2294.848     127.250     2323.952

Shape               Environments Status & Error Marker 

          1           X1         Y1         X2         Y2

   1      X       35.448     95.000     35.452    121.850
   2      X       38.448     95.000     38.452    121.850
   3      X       61.548     95.000     61.552    121.850
   4      X       64.548     95.000     64.552    121.850

--------------------------------------------------------------------------------
Cell Name : AVDD3ALLP layout IOLIB_ANA_4M

                   Cell Errors    Real Errors   Cell Placements     Environments
                             4              4                 3                1
--------------------------------------------------------------------------------
Env.  Env. Placements            X1           Y1          X2           Y2

  1        3               2375.898      -49.600    2405.002      -22.750

Shape               Environments Status & Error Marker 

          1           X1         Y1         X2         Y2

   1      X       35.498     95.000     35.502    121.850
   2      X       38.498     95.000     38.502    121.850
   3      X       61.598     95.000     61.602    121.850
   4      X       64.598     95.000     64.602    121.850

--------------------------------------------------------------------------------
Cell Name : AGND3ALLP layout IOLIB_ANA_4M

                   Cell Errors    Real Errors   Cell Placements     Environments
                             2              2                 3                1
--------------------------------------------------------------------------------
Env.  Env. Placements            X1           Y1          X2           Y2

  1        3               2601.948      -49.600    2604.952      -22.750

Shape               Environments Status & Error Marker 

          1           X1         Y1         X2         Y2

   1      X       61.548     95.000     61.552    121.850
   2      X       64.548     95.000     64.552    121.850

--------------------------------------------------------------------------------
Cell Name : IO_RING_S_VHS layout VT26_IO_RING

                   Cell Errors    Real Errors   Cell Placements     Environments
                             8              8                 1                1
--------------------------------------------------------------------------------
Env.  Env. Placements            X1           Y1          X2           Y2

  1        1                100.400      -49.600    3050.400     3049.400

Shape               Environments Status & Error Marker 

          1           X1         Y1         X2         Y2

   1      X      100.400   1696.398    127.250   1696.402
   2      X      100.400   1699.398    127.250   1699.402
   3      X      100.400   1720.898    127.250   1720.902
   4      X      100.400   1723.898    127.250   1723.902
   5      X      100.400   1894.848    127.250   1894.852
   6      X      100.400   1897.848    127.250   1897.852
   7      X      100.400   1920.948    127.250   1920.952
   8      X      100.400   1923.948    127.250   1923.952

================================================================================
Rule No. 707 : AMS1 Minimum spacing between two parallel slots = 10 metal1

Real Error Count : 19; Flat Error Count : 19
================================================================================

--------------------------------------------------------------------------------
Cell Name : GND3IP layout IOLIB_4M

                   Cell Errors    Real Errors   Cell Placements     Environments
                            19             19                 1                1
--------------------------------------------------------------------------------
Env.  Env. Placements            X1           Y1          X2           Y2

  1        1                126.250     2271.150     194.250     2347.650

Shape               Environments Status & Error Marker 

          1           X1         Y1         X2         Y2

   1      X       11.750    122.850     45.300    131.850
   2      X       11.750    133.850     45.300    142.850
   3      X       11.750    144.850     45.300    153.850
   4      X       11.750    155.850     45.300    164.850
   5      X       11.750    166.850     45.300    175.850
   6      X       11.750    177.850     45.300    186.850
   7      X       45.300    120.850     54.700    122.850
   8      X       45.300    131.850     54.700    133.850
   9      X       45.300    142.850     54.700    144.850
  10      X       45.300    153.850     54.700    155.850
  11      X       45.300    164.850     54.700    166.850
  12      X       45.300    175.850     54.700    177.850
  13      X       45.300    186.850     54.700    188.850
  14      X       54.700    122.850     88.250    131.850
  15      X       54.700    133.850     88.250    142.850
  16      X       54.700    144.850     88.250    153.850
  17      X       54.700    155.850     88.250    164.850
  18      X       54.700    166.850     88.250    175.850
  19      X       54.700    177.850     88.250    186.850

================================================================================
Rule No. 713 : AMC1 Minimum slots spacing between neighbour layers  = 2 met1 met2 overlap 

Real Error Count : 10; Flat Error Count : 10
================================================================================

--------------------------------------------------------------------------------
Cell Name : GND3IP layout IOLIB_4M

                   Cell Errors    Real Errors   Cell Placements     Environments
                            10             10                 1                1
--------------------------------------------------------------------------------
Env.  Env. Placements            X1           Y1          X2           Y2

  1        1                126.250     2294.850     194.250     2323.950

Shape               Environments Status & Error Marker 

          1           X1         Y1         X2         Y2

   1      X       35.450    120.850     38.450    121.850
   2      X       35.450    153.850     38.450    155.850
   3      X       35.450    164.850     38.450    166.850
   4      X       35.450    175.850     38.450    177.850
   5      X       35.450    186.850     38.450    188.850
   6      X       61.550    120.850     64.550    121.850
   7      X       61.550    153.850     64.550    155.850
   8      X       61.550    164.850     64.550    166.850
   9      X       61.550    175.850     64.550    177.850
  10      X       61.550    186.850     64.550    188.850

================================================================================
Rule No. 717 : AMC2 AMC3 Minimum slot to inner metal edge spacing = 10 metal1

Real Error Count : 32; Flat Error Count : 32
================================================================================

--------------------------------------------------------------------------------
Cell Name : GND3IP layout IOLIB_4M

                   Cell Errors    Real Errors   Cell Placements     Environments
                            32             32                 1                1
--------------------------------------------------------------------------------
Env.  Env. Placements            X1           Y1          X2           Y2

  1        1                116.275     2263.550     204.225     2355.250

Shape               Environments Status & Error Marker 

          1           X1         Y1         X2         Y2

   1      X        4.150    114.351     11.750    129.349
   2      X        4.150    125.351     11.750    140.349
   3      X        4.150    136.351     11.750    151.349
   4      X        4.150    147.351     11.750    162.349
   5      X        4.150    158.351     11.750    173.349
   6      X        4.150    169.351     11.750    184.349
   7      X        4.150    180.351     11.750    195.349
   8      X       11.750    111.850     45.300    120.850
   9      X       11.750    188.850     45.300    195.850
  10      X       45.300    110.875     46.000    132.825
  11      X       45.300    121.875     46.000    143.825
  12      X       45.300    132.875     46.000    154.825
  13      X       45.300    143.875     46.000    165.825
  14      X       45.300    154.875     46.000    176.825
  15      X       45.300    165.875     46.000    187.825
  16      X       45.300    176.875     46.000    198.825
  17      X       54.000    110.875     54.700    132.825
  18      X       54.000    121.875     54.700    143.825
  19      X       54.000    132.875     54.700    154.825
  20      X       54.000    143.875     54.700    165.825
  21      X       54.000    154.875     54.700    176.825
  22      X       54.000    165.875     54.700    187.825
  23      X       54.000    176.875     54.700    198.825
  24      X       54.700    111.850     88.250    120.850
  25      X       54.700    188.850     88.250    195.850
  26      X       88.250    114.351     95.850    129.349
  27      X       88.250    125.351     95.850    140.349
  28      X       88.250    136.351     95.850    151.349
  29      X       88.250    147.351     95.850    162.349
  30      X       88.250    158.351     95.850    173.349
  31      X       88.250    169.351     95.850    184.349
  32      X       88.250    180.351     95.850    195.349

================================================================================
Rule No. 781 : ERC Warning: Floating met1

Real Error Count : 18; Flat Error Count : 119
================================================================================

--------------------------------------------------------------------------------
Cell Name : VDD3RP layout IOLIB_4M

                   Cell Errors    Real Errors   Cell Placements     Environments
                             1              1                 1                1
--------------------------------------------------------------------------------
Env.  Env. Placements            X1           Y1          X2           Y2

  1        1                  0.000     1459.400       0.500     1559.400

Shape               Environments Status & Error Marker 

          1           X1         Y1         X2         Y2

   1      X        0.000     -5.400    100.000     -4.900

--------------------------------------------------------------------------------
Cell Name : VDD3OP layout IOLIB_4M

                   Cell Errors    Real Errors   Cell Placements     Environments
                             1              1                 1                1
--------------------------------------------------------------------------------
Env.  Env. Placements            X1           Y1          X2           Y2

  1        1                  0.000     1259.400       0.500     1359.400

Shape               Environments Status & Error Marker 

          1           X1         Y1         X2         Y2

   1      X        0.000     -5.400    100.000     -4.900

--------------------------------------------------------------------------------
Cell Name : PWRCUT_DIG_P_DX layout IOLIB_4M

                   Cell Errors    Real Errors   Cell Placements     Environments
                             1              1                 3                1
--------------------------------------------------------------------------------
Env.  Env. Placements            X1           Y1          X2           Y2

  1        3                  0.000      190.400       0.500      240.400

Shape               Environments Status & Error Marker 

          1           X1         Y1         X2         Y2

   1      X        0.000     -5.400     50.000     -4.900

--------------------------------------------------------------------------------
Cell Name : PERI_SPACER_5_P layout IOLIB_4M

                   Cell Errors    Real Errors   Cell Placements     Environments
                             1              1                 2                1
--------------------------------------------------------------------------------
Env.  Env. Placements            X1           Y1          X2           Y2

  1        2               3150.300      194.400    3150.800      199.400

Shape               Environments Status & Error Marker 

          1           X1         Y1         X2         Y2

   1      X        0.000     -5.400      5.000     -4.900

--------------------------------------------------------------------------------
Cell Name : PERI_SPACER_50_P layout IOLIB_4M

                   Cell Errors    Real Errors   Cell Placements     Environments
                             1              1                 5                1
--------------------------------------------------------------------------------
Env.  Env. Placements            X1           Y1          X2           Y2

  1        5               2740.400     -150.000    2790.400     -149.500

Shape               Environments Status & Error Marker 

          1           X1         Y1         X2         Y2

   1      X        0.000     -5.400     50.000     -4.900

--------------------------------------------------------------------------------
Cell Name : PERI_SPACER_2_P layout IOLIB_4M

                   Cell Errors    Real Errors   Cell Placements     Environments
                             1              1                 4                1
--------------------------------------------------------------------------------
Env.  Env. Placements            X1           Y1          X2           Y2

  1        4               3150.300      190.400    3150.800      192.400

Shape               Environments Status & Error Marker 

          1           X1         Y1         X2         Y2

   1      X        0.000     -5.400      2.000     -4.900

--------------------------------------------------------------------------------
Cell Name : PERI_SPACER_20_P layout IOLIB_4M

                   Cell Errors    Real Errors   Cell Placements     Environments
                             1              1                 2                1
--------------------------------------------------------------------------------
Env.  Env. Placements            X1           Y1          X2           Y2

  1        2               2790.400     -150.000    2810.400     -149.500

Shape               Environments Status & Error Marker 

          1           X1         Y1         X2         Y2

   1      X        0.000     -5.400     20.000     -4.900

--------------------------------------------------------------------------------
Cell Name : PERI_SPACER_10_P layout IOLIB_4M

                   Cell Errors    Real Errors   Cell Placements     Environments
                             1              1                 2                1
--------------------------------------------------------------------------------
Env.  Env. Placements            X1           Y1          X2           Y2

  1        2               3150.300      199.400    3150.800      209.400

Shape               Environments Status & Error Marker 

          1           X1         Y1         X2         Y2

   1      X        0.000     -5.400     10.000     -4.900

--------------------------------------------------------------------------------
Cell Name : PERI_SPACER_100_P layout IOLIB_4M

                   Cell Errors    Real Errors   Cell Placements     Environments
                             1              1                53                1
--------------------------------------------------------------------------------
Env.  Env. Placements            X1           Y1          X2           Y2

  1       53                340.400     -150.000     440.400     -149.500

Shape               Environments Status & Error Marker 

          1           X1         Y1         X2         Y2

   1      X        0.000     -5.400    100.000     -4.900

--------------------------------------------------------------------------------
Cell Name : ICP layout IOLIB_4M

                   Cell Errors    Real Errors   Cell Placements     Environments
                             1              1                 5                1
--------------------------------------------------------------------------------
Env.  Env. Placements            X1           Y1          X2           Y2

  1        5                  0.000      459.400       0.500      559.400

Shape               Environments Status & Error Marker 

          1           X1         Y1         X2         Y2

   1      X        0.000     -5.400    100.000     -4.900

--------------------------------------------------------------------------------
Cell Name : GND3OP layout IOLIB_4M

                   Cell Errors    Real Errors   Cell Placements     Environments
                             1              1                 1                1
--------------------------------------------------------------------------------
Env.  Env. Placements            X1           Y1          X2           Y2

  1        1                  0.000     2059.400       0.500     2159.400

Shape               Environments Status & Error Marker 

          1           X1         Y1         X2         Y2

   1      X        0.000     -5.400    100.000     -4.900

--------------------------------------------------------------------------------
Cell Name : GND3IP layout IOLIB_4M

                   Cell Errors    Real Errors   Cell Placements     Environments
                             1              1                 1                1
--------------------------------------------------------------------------------
Env.  Env. Placements            X1           Y1          X2           Y2

  1        1                  0.000     2259.400       0.500     2359.400

Shape               Environments Status & Error Marker 

          1           X1         Y1         X2         Y2

   1      X        0.000     -5.400    100.000     -4.900

--------------------------------------------------------------------------------
Cell Name : CORNERP layout IOLIB_4M

                   Cell Errors    Real Errors   Cell Placements     Environments
                             1              1                 4                1
--------------------------------------------------------------------------------
Env.  Env. Placements            X1           Y1          X2           Y2

  1        4                  0.000     -150.000     340.400      190.400

Shape               Environments Status & Error Marker 

          1           X1         Y1         X2         Y2

   1      X       -5.400     -5.400    335.000    335.000

--------------------------------------------------------------------------------
Cell Name : AVDD3ALLP layout IOLIB_ANA_4M

                   Cell Errors    Real Errors   Cell Placements     Environments
                             1              1                 3                1
--------------------------------------------------------------------------------
Env.  Env. Placements            X1           Y1          X2           Y2

  1        3               2340.400     -150.000    2440.400     -149.500

Shape               Environments Status & Error Marker 

          1           X1         Y1         X2         Y2

   1      X        0.000     -5.400    100.000     -4.900

--------------------------------------------------------------------------------
Cell Name : APRIO200P layout IOLIB_ANA_4M

                   Cell Errors    Real Errors   Cell Placements     Environments
                             1              1                27                1
--------------------------------------------------------------------------------
Env.  Env. Placements            X1           Y1          X2           Y2

  1       27                540.400     -150.000     640.400     -149.500

Shape               Environments Status & Error Marker 

          1           X1         Y1         X2         Y2

   1      X        0.000     -5.400    100.000     -4.900

--------------------------------------------------------------------------------
Cell Name : AGND3ALLP layout IOLIB_ANA_4M

                   Cell Errors    Real Errors   Cell Placements     Environments
                             1              1                 3                1
--------------------------------------------------------------------------------
Env.  Env. Placements            X1           Y1          X2           Y2

  1        3               2540.400     -150.000    2640.400     -149.500

Shape               Environments Status & Error Marker 

          1           X1         Y1         X2         Y2

   1      X        0.000     -5.400    100.000     -4.900

--------------------------------------------------------------------------------
Cell Name : IO_RING_S_VHS layout VT26_IO_RING

                   Cell Errors    Real Errors   Cell Placements     Environments
                             2              2                 1                1
--------------------------------------------------------------------------------
Env.  Env. Placements            X1           Y1          X2           Y2

  1        1                  0.000     -150.000    3150.800     3149.800

Shape               Environments Status & Error Marker 

          1           X1         Y1         X2         Y2

   1      X        0.000   1659.400      0.500   1759.400
   2      X        0.000   1859.400      0.500   1959.400

================================================================================
Rule No. 1464 : BAD_PDIFF_MULTCONN_ERC

Real Error Count : 10; Flat Error Count : 10
================================================================================

--------------------------------------------------------------------------------
Cell Name : IO_RING_S_VHS layout VT26_IO_RING

                   Cell Errors    Real Errors   Cell Placements     Environments
                            10             10                 1                1
--------------------------------------------------------------------------------
Env.  Env. Placements            X1           Y1          X2           Y2

  1        1                249.950      473.150     251.250     2473.550

Shape               Environments Status & Error Marker 

          1           X1         Y1         X2         Y2

   1      X      249.950    473.150    250.350    473.550
   2      X      249.950    673.150    250.350    673.550
   3      X      249.950    873.150    250.350    873.550
   4      X      249.950   1073.150    250.350   1073.550
   5      X      249.950   2473.150    250.350   2473.550
   6      X      250.850    473.150    251.250    473.550
   7      X      250.850    673.150    251.250    673.550
   8      X      250.850    873.150    251.250    873.550
   9      X      250.850   1073.150    251.250   1073.550
  10      X      250.850   2473.150    251.250   2473.550

================================================================================
Rule No. 1472 : rpoly2_g1_pres_wexp: RPOLY2_G1: Minimum number of RPOLY2 squares = 5

Real Error Count : 18; Flat Error Count : 486
================================================================================

--------------------------------------------------------------------------------
Cell Name : APRIO200P layout IOLIB_ANA_4M

                   Cell Errors    Real Errors   Cell Placements     Environments
                            18             18                27                1
--------------------------------------------------------------------------------
Env.  Env. Placements            X1           Y1          X2           Y2

  1       27                555.400       71.300     625.400       88.800

Shape               Environments Status & Error Marker 

          1           X1         Y1         X2         Y2

   1      X       15.000    221.900     15.100    227.400
   2      X       15.000    227.900     15.100    233.400
   3      X       25.500    215.900     25.600    221.400
   4      X       36.100    215.900     36.200    221.400
   5      X       36.100    221.900     36.200    227.400
   6      X       36.100    227.900     36.200    233.400
   7      X       39.400    215.900     39.500    221.400
   8      X       39.400    221.900     39.500    227.400
   9      X       39.400    227.900     39.500    233.400
  10      X       60.500    215.900     60.600    221.400
  11      X       60.500    221.900     60.600    227.400
  12      X       60.500    227.900     60.600    233.400
  13      X       63.800    215.900     63.900    221.400
  14      X       63.800    221.900     63.900    227.400
  15      X       63.800    227.900     63.900    233.400
  16      X       84.900    215.900     85.000    221.400
  17      X       84.900    221.900     85.000    227.400
  18      X       84.900    227.900     85.000    233.400

================================================================================
Rule No. 1490 : # INFO: C35B4/C35B3 ASSURA DRC DECK (REV9 DATE 26-Apr-2011) Last modified 07-Sept-2016 #

Real Error Count : 1; Flat Error Count : 1
================================================================================

--------------------------------------------------------------------------------
Cell Name : IO_RING_S_VHS layout VT26_IO_RING

                   Cell Errors    Real Errors   Cell Placements     Environments
                             1              1                 1                1
--------------------------------------------------------------------------------
Env.  Env. Placements            X1           Y1          X2           Y2

  1        1                  0.000     -150.000    3150.800     3149.800

Shape               Environments Status & Error Marker 

          1           X1         Y1         X2         Y2

   1      X        0.000   -150.000   3150.800   3149.800

