================================================================================
Rule No. 421 : INFO: hot nwell

Real Error Count : 7; Flat Error Count : 46
================================================================================

--------------------------------------------------------------------------------
Cell Name : rpolyhc layout PRIMLIB Bends=10 Dummy=TRUE ResShape="90_deg" gwell="N-Well" l="500u" r="1M" w="0.8u" in1=R8

                   Cell Errors    Real Errors   Cell Placements     Environments
                             1              1                16                1
--------------------------------------------------------------------------------
Env.  Env. Placements            X1           Y1          X2           Y2

  1       16                436.825       34.225     491.675       59.825

Shape               Environments Status & Error Marker 

          1           X1         Y1         X2         Y2

   1      X       -5.350     -4.650     49.500     20.950

--------------------------------------------------------------------------------
Cell Name : pmos4 layout PRIMLIB l="4u" w="12.5u" wtot="12.5u" in1=MP928729

                   Cell Errors    Real Errors   Cell Placements     Environments
                             1              1                20                1
--------------------------------------------------------------------------------
Env.  Env. Placements            X1           Y1          X2           Y2

  1       20                289.450      150.775     297.550      165.675

Shape               Environments Status & Error Marker 

          1           X1         Y1         X2         Y2

   1      X       -1.200     -1.200     13.700      6.900

--------------------------------------------------------------------------------
Cell Name : cpolyc layout PRIMLIB area="1.26n" c="1.09p" gwell="N-Well" l="41.95u" perimeter="143.9u" rbottom="Cont" rleft="Cont" id_=1eea3daa63e42b4e in1=C928129

                   Cell Errors    Real Errors   Cell Placements     Environments
                             1              1                 6                1
--------------------------------------------------------------------------------
Env.  Env. Placements            X1           Y1          X2           Y2

  1        6                386.425      122.925     433.675      157.625

Shape               Environments Status & Error Marker 

          1           X1         Y1         X2         Y2

   1      X       -1.350     -1.350     45.900     33.350

--------------------------------------------------------------------------------
Cell Name : fecg_vga2_f_2 layout FECG

                   Cell Errors    Real Errors   Cell Placements     Environments
                             4              4                 1                1
--------------------------------------------------------------------------------
Env.  Env. Placements            X1           Y1          X2           Y2

  1        1                276.300       32.525     590.975      195.975

Shape               Environments Status & Error Marker 

          1           X1         Y1         X2         Y2

   1      X      276.300    140.625    367.400    194.475
   2      X      353.225     73.900    385.075    100.400
   3      X      357.575     44.750    382.475     70.450
   4      X      386.425     32.525    590.975    195.975

================================================================================
Rule No. 510 : M1_R_1 Minimum density of MET1 area [%] = 30

Real Error Count : 1; Flat Error Count : 2
================================================================================

--------------------------------------------------------------------------------
Cell Name : fecg_vga2_f_2 layout FECG

                   Cell Errors    Real Errors   Cell Placements     Environments
                             2              1                 1                1
--------------------------------------------------------------------------------
Env.  Env. Placements            X1           Y1          X2           Y2

  1        1                 -0.525        0.925     601.875      209.350

Shape               Environments Status & Error Marker 

          1           X1         Y1         X2         Y2

   1      X       -0.525      0.925    601.875    209.350

================================================================================
Rule No. 521 : M2_R_1 Minimum density of MET2 area [%] = 30

Real Error Count : 1; Flat Error Count : 2
================================================================================

--------------------------------------------------------------------------------
Cell Name : fecg_vga2_f_2 layout FECG

                   Cell Errors    Real Errors   Cell Placements     Environments
                             2              1                 1                1
--------------------------------------------------------------------------------
Env.  Env. Placements            X1           Y1          X2           Y2

  1        1                 -0.525        0.925     601.875      209.350

Shape               Environments Status & Error Marker 

          1           X1         Y1         X2         Y2

   1      X       -0.525      0.925    601.875    209.350

================================================================================
Rule No. 532 : M3_R_1 Minimum density of MET3 area [%] = 30

Real Error Count : 1; Flat Error Count : 2
================================================================================

--------------------------------------------------------------------------------
Cell Name : fecg_vga2_f_2 layout FECG

                   Cell Errors    Real Errors   Cell Placements     Environments
                             2              1                 1                1
--------------------------------------------------------------------------------
Env.  Env. Placements            X1           Y1          X2           Y2

  1        1                 -0.525        0.925     601.875      209.350

Shape               Environments Status & Error Marker 

          1           X1         Y1         X2         Y2

   1      X       -0.525      0.925    601.875    209.350

================================================================================
Rule No. 669 : RPOLYH_G2 Minimum high precision RPOLYH width = 2

Real Error Count : 161; Flat Error Count : 836
================================================================================

--------------------------------------------------------------------------------
Cell Name : rpolyhc layout PRIMLIB Bends=10 Dummy=TRUE ResShape="90_deg" gwell="N-Well" l="500u" r="1M" w="0.8u" in1=R8

                   Cell Errors    Real Errors   Cell Placements     Environments
                            45             45                16                1
--------------------------------------------------------------------------------
Env.  Env. Placements            X1           Y1          X2           Y2

  1       16                439.825       37.225     488.675       56.825

Shape               Environments Status & Error Marker 

          1           X1         Y1         X2         Y2

   1      X       -0.800     -0.100      0.250      1.702
   2      X       -0.800      1.550      0.000      3.900
   3      X       -0.800      1.550     44.950      2.350
   4      X       -0.800      2.817      0.000      4.933
   5      X       -0.800      3.100     44.950      3.900
   6      X       -0.800      3.617      0.000      5.733
   7      X       -0.800      4.650      0.000      7.000
   8      X       -0.800      4.650     44.950      5.450
   9      X       -0.800      5.917      0.000      8.033
  10      X       -0.800      6.200     44.950      7.000
  11      X       -0.800      6.717      0.000      8.833
  12      X       -0.800      7.750      0.000     10.100
  13      X       -0.800      7.750     44.950      8.550
  14      X       -0.800      9.017      0.000     11.133
  15      X       -0.800      9.300     44.950     10.100
  16      X       -0.800      9.817      0.000     11.933
  17      X       -0.800     10.850      0.000     13.200
  18      X       -0.800     10.850     44.950     11.650
  19      X       -0.800     12.117      0.000     14.233
  20      X       -0.800     12.400     44.950     13.200
  21      X       -0.800     12.917      0.000     15.033
  22      X       -0.800     13.950      0.000     16.300
  23      X       -0.800     13.950     44.950     14.750
  24      X       -0.800     15.500     44.800     16.300
  25      X       -0.650     -0.100      0.250      0.800
  26      X       -0.650     -0.100      2.036      0.800
  27      X       -0.650      0.000     44.950      0.800
  28      X       -0.650      0.459      0.000      2.691
  29      X       42.114     15.500     44.800     16.400
  30      X       43.900     14.598     44.950     16.400
  31      X       43.900     15.500     44.800     16.400
  32      X       44.150      0.000     44.950      2.350
  33      X       44.150      1.267     44.950      3.383
  34      X       44.150      2.067     44.950      4.183
  35      X       44.150      3.100     44.950      5.450
  36      X       44.150      4.367     44.950      6.483
  37      X       44.150      5.167     44.950      7.283
  38      X       44.150      6.200     44.950      8.550
  39      X       44.150      7.467     44.950      9.583
  40      X       44.150      8.267     44.950     10.383
  41      X       44.150      9.300     44.950     11.650
  42      X       44.150     10.567     44.950     12.683
  43      X       44.150     11.367     44.950     13.483
  44      X       44.150     12.400     44.950     14.750
  45      X       44.150     13.609     44.800     15.841

--------------------------------------------------------------------------------
Cell Name : fecg_vga2_f_2 layout FECG

                   Cell Errors    Real Errors   Cell Placements     Environments
                           116            116                 1                1
--------------------------------------------------------------------------------
Env.  Env. Placements            X1           Y1          X2           Y2

  1        1                390.975       37.225     586.375      115.625

Shape               Environments Status & Error Marker 

          1           X1         Y1         X2         Y2

   1      X      390.975     37.225    391.925     41.435
   2      X      390.975     37.225    396.158     38.025
   3      X      390.975     37.842    391.775     57.758
   4      X      390.975     55.892    391.775     75.808
   5      X      390.975     72.215    391.925     77.385
   6      X      390.975     75.465    391.925     80.635
   7      X      390.975     77.042    391.775     96.958
   8      X      390.975     95.092    391.775    115.008
   9      X      390.975    111.415    391.925    115.625
  10      X      390.975    114.825    396.158    115.625
  11      X      391.775     55.925    436.475     57.725
  12      X      391.775     95.125    436.475     96.925
  13      X      391.925     75.625    394.325     77.225
  14      X      392.539     37.225    440.811     38.125
  15      X      392.539    114.725    440.811    115.625
  16      X      393.271     75.525    395.379     77.225
  17      X      393.271     75.625    395.379     77.325
  18      X      394.325     75.525    439.025     77.325
  19      X      435.421     55.925    437.529     57.625
  20      X      435.421     56.025    437.529     57.725
  21      X      435.421     95.125    437.529     96.825
  22      X      435.421     95.225    437.529     96.925
  23      X      436.475     56.025    438.875     57.625
  24      X      436.475     95.225    438.875     96.825
  25      X      438.875     53.407    440.625     56.025
  26      X      438.875     57.625    440.625     60.243
  27      X      438.875     92.607    440.625     95.225
  28      X      438.875     96.825    440.625     99.443
  29      X      438.942     37.225    445.008     38.025
  30      X      438.942    114.825    445.008    115.625
  31      X      439.025     38.025    440.775     40.643
  32      X      439.025     38.475    440.625     55.575
  33      X      439.025     58.075    440.625     75.175
  34      X      439.025     73.007    440.775     75.625
  35      X      439.025     77.225    440.775     79.843
  36      X      439.025     77.675    440.625     94.775
  37      X      439.025     97.275    440.625    114.375
  38      X      439.025    112.207    440.775    114.825
  39      X      440.625     55.925    485.325     57.725
  40      X      440.625     95.125    485.325     96.925
  41      X      440.775     75.625    443.175     77.225
  42      X      441.389     37.225    489.661     38.125
  43      X      441.389    114.725    489.661    115.625
  44      X      442.121     75.525    444.229     77.225
  45      X      442.121     75.625    444.229     77.325
  46      X      443.175     75.525    487.875     77.325
  47      X      484.271     55.925    486.379     57.625
  48      X      484.271     56.025    486.379     57.725
  49      X      484.271     95.125    486.379     96.825
  50      X      484.271     95.225    486.379     96.925
  51      X      485.325     56.025    487.725     57.625
  52      X      485.325     95.225    487.725     96.825
  53      X      487.725     53.407    489.475     56.025
  54      X      487.725     57.625    489.475     60.243
  55      X      487.725     92.607    489.475     95.225
  56      X      487.725     96.825    489.475     99.443
  57      X      487.792     37.225    493.858     38.025
  58      X      487.792    114.825    493.858    115.625
  59      X      487.875     38.025    489.625     40.643
  60      X      487.875     38.475    489.475     55.575
  61      X      487.875     58.075    489.475     75.175
  62      X      487.875     73.007    489.625     75.625
  63      X      487.875     77.225    489.625     79.843
  64      X      487.875     77.675    489.475     94.775
  65      X      487.875     97.275    489.475    114.375
  66      X      487.875    112.207    489.625    114.825
  67      X      489.475     55.925    534.175     57.725
  68      X      489.475     95.125    534.175     96.925
  69      X      489.625     75.625    492.025     77.225
  70      X      490.239     37.225    538.511     38.125
  71      X      490.239    114.725    538.511    115.625
  72      X      490.971     75.525    493.079     77.225
  73      X      490.971     75.625    493.079     77.325
  74      X      492.025     75.525    536.725     77.325
  75      X      533.121     55.925    535.229     57.625
  76      X      533.121     56.025    535.229     57.725
  77      X      533.121     95.125    535.229     96.825
  78      X      533.121     95.225    535.229     96.925
  79      X      534.175     56.025    536.575     57.625
  80      X      534.175     95.225    536.575     96.825
  81      X      536.575     53.407    538.325     56.025
  82      X      536.575     57.625    538.325     60.243
  83      X      536.575     92.607    538.325     95.225
  84      X      536.575     96.825    538.325     99.443
  85      X      536.642     37.225    542.708     38.025
  86      X      536.642    114.825    542.708    115.625
  87      X      536.725     38.025    538.475     40.643
  88      X      536.725     38.475    538.325     55.575
  89      X      536.725     58.075    538.325     75.175
  90      X      536.725     73.007    538.475     75.625
  91      X      536.725     77.225    538.475     79.843
  92      X      536.725     77.675    538.325     94.775
  93      X      536.725     97.275    538.325    114.375
  94      X      536.725    112.207    538.475    114.825
  95      X      538.325     55.925    583.025     57.725
  96      X      538.325     95.125    583.025     96.925
  97      X      538.475     75.625    540.875     77.225
  98      X      539.089     37.225    586.375     38.125
  99      X      539.089    114.725    586.375    115.625
 100      X      539.821     75.525    541.929     77.225
 101      X      539.821     75.625    541.929     77.325
 102      X      540.875     75.525    585.575     77.325
 103      X      581.971     55.925    584.079     57.625
 104      X      581.971     56.025    584.079     57.725
 105      X      581.971     95.125    584.079     96.825
 106      X      581.971     95.225    584.079     96.925
 107      X      583.025     56.025    585.425     57.625
 108      X      583.025     95.225    585.425     96.825
 109      X      585.425     52.615    586.375     57.785
 110      X      585.425     55.865    586.375     61.035
 111      X      585.425     91.815    586.375     96.985
 112      X      585.425     95.065    586.375    100.235
 113      X      585.575     37.225    586.375     56.208
 114      X      585.575     57.442    586.375     77.358
 115      X      585.575     75.492    586.375     95.408
 116      X      585.575     96.642    586.375    115.625

================================================================================
Rule No. 772 : ERC Warning: Gates connected to VDD/VCC

Real Error Count : 34; Flat Error Count : 41
================================================================================

--------------------------------------------------------------------------------
Cell Name : pmos4 layout PRIMLIB l="15u" in1=MP428129

                   Cell Errors    Real Errors   Cell Placements     Environments
                             1              1                 8                1
--------------------------------------------------------------------------------
Env.  Env. Placements            X1           Y1          X2           Y2

  1        8                 23.650       18.000      38.650       28.000

Shape               Environments Status & Error Marker 

          1           X1         Y1         X2         Y2

   1      X        0.000      0.850     10.000     15.850

--------------------------------------------------------------------------------
Cell Name : fecg_vga2_f_2 layout FECG

                   Cell Errors    Real Errors   Cell Placements     Environments
                            33             33                 1                1
--------------------------------------------------------------------------------
Env.  Env. Placements            X1           Y1          X2           Y2

  1        1                 23.650       18.000     246.250      180.600

Shape               Environments Status & Error Marker 

          1           X1         Y1         X2         Y2

   1      X       40.950     18.000     55.950     28.000
   2      X       40.950     39.800     55.950     49.800
   3      X       40.950    148.800     55.950    158.800
   4      X       40.950    170.600     55.950    180.600
   5      X       58.250     18.000     73.250     28.000
   6      X       58.250    170.600     73.250    180.600
   7      X       75.550     18.000     90.550     28.000
   8      X       75.550    170.600     90.550    180.600
   9      X       92.850     18.000    107.850     28.000
  10      X       92.850    170.600    107.850    180.600
  11      X      110.150     18.000    125.150     28.000
  12      X      110.150    170.600    125.150    180.600
  13      X      127.450     18.000    142.450     28.000
  14      X      127.450    170.600    142.450    180.600
  15      X      144.750     18.000    159.750     28.000
  16      X      144.750    170.600    159.750    180.600
  17      X      162.050     18.000    177.050     28.000
  18      X      162.050    170.600    177.050    180.600
  19      X      179.350     18.000    194.350     28.000
  20      X      179.350    170.600    194.350    180.600
  21      X      196.650     18.000    211.650     28.000
  22      X      196.650    170.600    211.650    180.600
  23      X      213.950     18.000    228.950     28.000
  24      X      213.950    148.800    228.950    158.800
  25      X      213.950    170.600    228.950    180.600
  26      X      231.250     18.000    246.250     28.000
  27      X      231.250     39.800    246.250     49.800
  28      X      231.250     61.600    246.250     71.600
  29      X      231.250     83.400    246.250     93.400
  30      X      231.250    105.200    246.250    115.200
  31      X      231.250    127.000    246.250    137.000
  32      X      231.250    148.800    246.250    158.800
  33      X      231.250    170.600    246.250    180.600

================================================================================
Rule No. 773 : ERC Warning: Gates connected to VSS/GND

Real Error Count : 10; Flat Error Count : 10
================================================================================

--------------------------------------------------------------------------------
Cell Name : fecg_vga2_f_2 layout FECG

                   Cell Errors    Real Errors   Cell Placements     Environments
                            10             10                 1                1
--------------------------------------------------------------------------------
Env.  Env. Placements            X1           Y1          X2           Y2

  1        1                363.775       55.100     376.275       65.100

Shape               Environments Status & Error Marker 

          1           X1         Y1         X2         Y2

   1      X      363.775     55.100    364.125     65.100
   2      X      365.125     55.100    365.475     65.100
   3      X      366.475     55.100    366.825     65.100
   4      X      367.825     55.100    368.175     65.100
   5      X      369.175     55.100    369.525     65.100
   6      X      370.525     55.100    370.875     65.100
   7      X      371.875     55.100    372.225     65.100
   8      X      373.225     55.100    373.575     65.100
   9      X      374.575     55.100    374.925     65.100
  10      X      375.925     55.100    376.275     65.100

================================================================================
Rule No. 1476 : # INFO: C35B4/C35B3 ASSURA DRC DECK (REV9 DATE 26-Apr-2011) Last modified 07-Sept-2016 #

Real Error Count : 1; Flat Error Count : 1
================================================================================

--------------------------------------------------------------------------------
Cell Name : fecg_vga2_f_2 layout FECG

                   Cell Errors    Real Errors   Cell Placements     Environments
                             1              1                 1                1
--------------------------------------------------------------------------------
Env.  Env. Placements            X1           Y1          X2           Y2

  1        1                 -0.525        0.925     601.875      209.350

Shape               Environments Status & Error Marker 

          1           X1         Y1         X2         Y2

   1      X       -0.525      0.925    601.875    209.350

