================================================================================
Rule No. 44 : # INFO: Don't use -resimulate_extracted- Switch for standard LVS but only for QRC! #

Real Error Count : 20; Flat Error Count : 138
================================================================================

--------------------------------------------------------------------------------
Cell Name : avPart1

                   Cell Errors    Real Errors   Cell Placements     Environments
                             1              1                42                1
--------------------------------------------------------------------------------
Env.  Env. Placements            X1           Y1          X2           Y2

  1       42                466.175       89.850     496.575      102.250

Shape               Environments Status & Error Marker 

          1           X1         Y1         X2         Y2

   1      X       -1.200     -1.200     11.200     29.200

--------------------------------------------------------------------------------
Cell Name : pmos4 layout PRIMLIB l="4u" w="12.5u" wtot="12.5u" in1=MP928729

                   Cell Errors    Real Errors   Cell Placements     Environments
                             1              1                20                1
--------------------------------------------------------------------------------
Env.  Env. Placements            X1           Y1          X2           Y2

  1       20                714.825      194.075     722.925      208.975

Shape               Environments Status & Error Marker 

          1           X1         Y1         X2         Y2

   1      X       -1.200     -1.200     13.700      6.900

--------------------------------------------------------------------------------
Cell Name : pmos4 layout PRIMLIB jd=FALSE jg="no" js=FALSE l="4u" ng="6" w="33.35u" wtot="200u" in1=MP128129

                   Cell Errors    Real Errors   Cell Placements     Environments
                             1              1                 4                1
--------------------------------------------------------------------------------
Env.  Env. Placements            X1           Y1          X2           Y2

  1        4                167.025      128.475     200.125      164.225

Shape               Environments Status & Error Marker 

          1           X1         Y1         X2         Y2

   1      X       -1.200     -1.200     34.550     31.900

--------------------------------------------------------------------------------
Cell Name : pmos4 layout PRIMLIB l="20u" w="12.5u" wtot="12.5u" in1=MP328329

                   Cell Errors    Real Errors   Cell Placements     Environments
                             1              1                12                1
--------------------------------------------------------------------------------
Env.  Env. Placements            X1           Y1          X2           Y2

  1       12                278.075      201.150     302.175      216.050

Shape               Environments Status & Error Marker 

          1           X1         Y1         X2         Y2

   1      X       -1.200     -1.200     13.700     22.900

--------------------------------------------------------------------------------
Cell Name : pmos4 layout PRIMLIB jd=FALSE jg="no" js=FALSE l="4u" ng="10" wtot="100u" in1=MP7

                   Cell Errors    Real Errors   Cell Placements     Environments
                             1              1                 2                1
--------------------------------------------------------------------------------
Env.  Env. Placements            X1           Y1          X2           Y2

  1        2                288.425      160.750     341.525      173.150

Shape               Environments Status & Error Marker 

          1           X1         Y1         X2         Y2

   1      X       -1.200     -1.200     11.200     51.900

--------------------------------------------------------------------------------
Cell Name : nmos4 layout PRIMLIB l="8u" in1=MN3728329

                   Cell Errors    Real Errors   Cell Placements     Environments
                             1              1                12                1
--------------------------------------------------------------------------------
Env.  Env. Placements            X1           Y1          X2           Y2

  1       12                718.525      142.650     728.725      153.450

Shape               Environments Status & Error Marker 

          1           X1         Y1         X2         Y2

   1      X       -0.400     -0.250     10.400      9.950

--------------------------------------------------------------------------------
Cell Name : nmos4 layout PRIMLIB l="12u" w="4u" wtot="4u" in1=MN328329

                   Cell Errors    Real Errors   Cell Placements     Environments
                             1              1                20                1
--------------------------------------------------------------------------------
Env.  Env. Placements            X1           Y1          X2           Y2

  1       20                320.875       49.150     325.675       63.350

Shape               Environments Status & Error Marker 

          1           X1         Y1         X2         Y2

   1      X       -0.400     -0.250      4.400     13.950

--------------------------------------------------------------------------------
Cell Name : nmos4 layout PRIMLIB jd=FALSE jg="no" js=FALSE l="4u" ng="10" w="1u" in1=MN14

                   Cell Errors    Real Errors   Cell Placements     Environments
                             1              1                 4                1
--------------------------------------------------------------------------------
Env.  Env. Placements            X1           Y1          X2           Y2

  1        4                323.625      105.275     374.825      107.075

Shape               Environments Status & Error Marker 

          1           X1         Y1         X2         Y2

   1      X       -0.400     -0.250      1.400     50.950

--------------------------------------------------------------------------------
Cell Name : cpolyc layout PRIMLIB area="2.56n" c="2.22p" gwell="N-Well" l="51u" perimeter="202.4u" rbottom="Cont" rleft="Cont" id_=d867af6116578121 in1=C228029

                   Cell Errors    Real Errors   Cell Placements     Environments
                             1              1                 9                1
--------------------------------------------------------------------------------
Env.  Env. Placements            X1           Y1          X2           Y2

  1        9                804.425       71.050     860.925      125.950

Shape               Environments Status & Error Marker 

          1           X1         Y1         X2         Y2

   1      X       -1.350     -1.350     55.150     53.550

--------------------------------------------------------------------------------
Cell Name : chopper2 layout FECG

                   Cell Errors    Real Errors   Cell Placements     Environments
                             1              1                 3                1
--------------------------------------------------------------------------------
Env.  Env. Placements            X1           Y1          X2           Y2

  1        3                 54.800       94.500     135.150      130.950

Shape               Environments Status & Error Marker 

          1           X1         Y1         X2         Y2

   1      X        6.700     18.050     87.050     54.500

--------------------------------------------------------------------------------
Cell Name : fecg_ia_5_fc layout FECG

                   Cell Errors    Real Errors   Cell Placements     Environments
                            10             10                 1                1
--------------------------------------------------------------------------------
Env.  Env. Placements            X1           Y1          X2           Y2

  1        1                 50.250       31.150     977.650      255.700

Shape               Environments Status & Error Marker 

          1           X1         Y1         X2         Y2

   1      X       50.250     31.150    288.425    255.700
   2      X      278.075     31.150    668.175    255.700
   3      X      288.425     31.150    374.825    160.750
   4      X      331.375     31.150    351.925    105.275
   5      X      351.925     31.150    374.825    105.275
   6      X      368.125     63.350    372.925     68.850
   7      X      668.175     31.150    779.625    255.700
   8      X      749.325     31.150    860.925    255.700
   9      X      804.425     31.150    977.650    255.700
  10      X      804.425    125.950    860.925    126.550

================================================================================
Rule No. 45 : # C35B4 ENG - 183 Rev9 (Last updated 26-Apr-2017 12:48) #

Real Error Count : 20; Flat Error Count : 138
================================================================================

--------------------------------------------------------------------------------
Cell Name : avPart1

                   Cell Errors    Real Errors   Cell Placements     Environments
                             1              1                42                1
--------------------------------------------------------------------------------
Env.  Env. Placements            X1           Y1          X2           Y2

  1       42                466.175       89.850     496.575      102.250

Shape               Environments Status & Error Marker 

          1           X1         Y1         X2         Y2

   1      X       -1.200     -1.200     11.200     29.200

--------------------------------------------------------------------------------
Cell Name : pmos4 layout PRIMLIB l="4u" w="12.5u" wtot="12.5u" in1=MP928729

                   Cell Errors    Real Errors   Cell Placements     Environments
                             1              1                20                1
--------------------------------------------------------------------------------
Env.  Env. Placements            X1           Y1          X2           Y2

  1       20                714.825      194.075     722.925      208.975

Shape               Environments Status & Error Marker 

          1           X1         Y1         X2         Y2

   1      X       -1.200     -1.200     13.700      6.900

--------------------------------------------------------------------------------
Cell Name : pmos4 layout PRIMLIB jd=FALSE jg="no" js=FALSE l="4u" ng="6" w="33.35u" wtot="200u" in1=MP128129

                   Cell Errors    Real Errors   Cell Placements     Environments
                             1              1                 4                1
--------------------------------------------------------------------------------
Env.  Env. Placements            X1           Y1          X2           Y2

  1        4                167.025      128.475     200.125      164.225

Shape               Environments Status & Error Marker 

          1           X1         Y1         X2         Y2

   1      X       -1.200     -1.200     34.550     31.900

--------------------------------------------------------------------------------
Cell Name : pmos4 layout PRIMLIB l="20u" w="12.5u" wtot="12.5u" in1=MP328329

                   Cell Errors    Real Errors   Cell Placements     Environments
                             1              1                12                1
--------------------------------------------------------------------------------
Env.  Env. Placements            X1           Y1          X2           Y2

  1       12                278.075      201.150     302.175      216.050

Shape               Environments Status & Error Marker 

          1           X1         Y1         X2         Y2

   1      X       -1.200     -1.200     13.700     22.900

--------------------------------------------------------------------------------
Cell Name : pmos4 layout PRIMLIB jd=FALSE jg="no" js=FALSE l="4u" ng="10" wtot="100u" in1=MP7

                   Cell Errors    Real Errors   Cell Placements     Environments
                             1              1                 2                1
--------------------------------------------------------------------------------
Env.  Env. Placements            X1           Y1          X2           Y2

  1        2                288.425      160.750     341.525      173.150

Shape               Environments Status & Error Marker 

          1           X1         Y1         X2         Y2

   1      X       -1.200     -1.200     11.200     51.900

--------------------------------------------------------------------------------
Cell Name : nmos4 layout PRIMLIB l="8u" in1=MN3728329

                   Cell Errors    Real Errors   Cell Placements     Environments
                             1              1                12                1
--------------------------------------------------------------------------------
Env.  Env. Placements            X1           Y1          X2           Y2

  1       12                718.525      142.650     728.725      153.450

Shape               Environments Status & Error Marker 

          1           X1         Y1         X2         Y2

   1      X       -0.400     -0.250     10.400      9.950

--------------------------------------------------------------------------------
Cell Name : nmos4 layout PRIMLIB l="12u" w="4u" wtot="4u" in1=MN328329

                   Cell Errors    Real Errors   Cell Placements     Environments
                             1              1                20                1
--------------------------------------------------------------------------------
Env.  Env. Placements            X1           Y1          X2           Y2

  1       20                320.875       49.150     325.675       63.350

Shape               Environments Status & Error Marker 

          1           X1         Y1         X2         Y2

   1      X       -0.400     -0.250      4.400     13.950

--------------------------------------------------------------------------------
Cell Name : nmos4 layout PRIMLIB jd=FALSE jg="no" js=FALSE l="4u" ng="10" w="1u" in1=MN14

                   Cell Errors    Real Errors   Cell Placements     Environments
                             1              1                 4                1
--------------------------------------------------------------------------------
Env.  Env. Placements            X1           Y1          X2           Y2

  1        4                323.625      105.275     374.825      107.075

Shape               Environments Status & Error Marker 

          1           X1         Y1         X2         Y2

   1      X       -0.400     -0.250      1.400     50.950

--------------------------------------------------------------------------------
Cell Name : cpolyc layout PRIMLIB area="2.56n" c="2.22p" gwell="N-Well" l="51u" perimeter="202.4u" rbottom="Cont" rleft="Cont" id_=d867af6116578121 in1=C228029

                   Cell Errors    Real Errors   Cell Placements     Environments
                             1              1                 9                1
--------------------------------------------------------------------------------
Env.  Env. Placements            X1           Y1          X2           Y2

  1        9                804.425       71.050     860.925      125.950

Shape               Environments Status & Error Marker 

          1           X1         Y1         X2         Y2

   1      X       -1.350     -1.350     55.150     53.550

--------------------------------------------------------------------------------
Cell Name : chopper2 layout FECG

                   Cell Errors    Real Errors   Cell Placements     Environments
                             1              1                 3                1
--------------------------------------------------------------------------------
Env.  Env. Placements            X1           Y1          X2           Y2

  1        3                 54.800       94.500     135.150      130.950

Shape               Environments Status & Error Marker 

          1           X1         Y1         X2         Y2

   1      X        6.700     18.050     87.050     54.500

--------------------------------------------------------------------------------
Cell Name : fecg_ia_5_fc layout FECG

                   Cell Errors    Real Errors   Cell Placements     Environments
                            10             10                 1                1
--------------------------------------------------------------------------------
Env.  Env. Placements            X1           Y1          X2           Y2

  1        1                 50.250       31.150     977.650      255.700

Shape               Environments Status & Error Marker 

          1           X1         Y1         X2         Y2

   1      X       50.250     31.150    288.425    255.700
   2      X      278.075     31.150    668.175    255.700
   3      X      288.425     31.150    374.825    160.750
   4      X      331.375     31.150    351.925    105.275
   5      X      351.925     31.150    374.825    105.275
   6      X      368.125     63.350    372.925     68.850
   7      X      668.175     31.150    779.625    255.700
   8      X      749.325     31.150    860.925    255.700
   9      X      804.425     31.150    977.650    255.700
  10      X      804.425    125.950    860.925    126.550

