================================================================================
Rule No. 421 : INFO: hot nwell

Real Error Count : 2; Flat Error Count : 7
================================================================================

--------------------------------------------------------------------------------
Cell Name : cvar layout PRIMLIB col=12 row=10 in1=C028029

                   Cell Errors    Real Errors   Cell Placements     Environments
                             1              1                 6                1
--------------------------------------------------------------------------------
Env.  Env. Placements            X1           Y1          X2           Y2

  1        6                125.450       26.250     146.550      107.250

Shape               Environments Status & Error Marker 

          1           X1         Y1         X2         Y2

   1      X       -0.300     -0.300     20.800     80.700

--------------------------------------------------------------------------------
Cell Name : fbias_por2_fc layout FBIAS

                   Cell Errors    Real Errors   Cell Placements     Environments
                             1              1                 1                1
--------------------------------------------------------------------------------
Env.  Env. Placements            X1           Y1          X2           Y2

  1        1                 77.600       26.250     199.450      195.950

Shape               Environments Status & Error Marker 

          1           X1         Y1         X2         Y2

   1      X       77.600     42.500    119.450    195.950

================================================================================
Rule No. 510 : M1_R_1 Minimum density of MET1 area [%] = 30

Real Error Count : 1; Flat Error Count : 2
================================================================================

--------------------------------------------------------------------------------
Cell Name : fbias_por2_fc layout FBIAS

                   Cell Errors    Real Errors   Cell Placements     Environments
                             2              1                 1                1
--------------------------------------------------------------------------------
Env.  Env. Placements            X1           Y1          X2           Y2

  1        1                 -0.350        0.000     203.750      210.300

Shape               Environments Status & Error Marker 

          1           X1         Y1         X2         Y2

   1      X       -0.350      0.000    203.750    210.300

================================================================================
Rule No. 521 : M2_R_1 Minimum density of MET2 area [%] = 30

Real Error Count : 1; Flat Error Count : 2
================================================================================

--------------------------------------------------------------------------------
Cell Name : fbias_por2_fc layout FBIAS

                   Cell Errors    Real Errors   Cell Placements     Environments
                             2              1                 1                1
--------------------------------------------------------------------------------
Env.  Env. Placements            X1           Y1          X2           Y2

  1        1                 -0.350        0.000     203.750      210.300

Shape               Environments Status & Error Marker 

          1           X1         Y1         X2         Y2

   1      X       -0.350      0.000    203.750    210.300

================================================================================
Rule No. 532 : M3_R_1 Minimum density of MET3 area [%] = 30

Real Error Count : 1; Flat Error Count : 2
================================================================================

--------------------------------------------------------------------------------
Cell Name : fbias_por2_fc layout FBIAS

                   Cell Errors    Real Errors   Cell Placements     Environments
                             2              1                 1                1
--------------------------------------------------------------------------------
Env.  Env. Placements            X1           Y1          X2           Y2

  1        1                 -0.350        0.000     203.750      210.300

Shape               Environments Status & Error Marker 

          1           X1         Y1         X2         Y2

   1      X       -0.350      0.000    203.750    210.300

================================================================================
Rule No. 669 : RPOLYH_G2 Minimum high precision RPOLYH width = 2

Real Error Count : 363; Flat Error Count : 363
================================================================================

--------------------------------------------------------------------------------
Cell Name : fbias_por2_fc layout FBIAS

                   Cell Errors    Real Errors   Cell Placements     Environments
                           363            363                 1                1
--------------------------------------------------------------------------------
Env.  Env. Placements            X1           Y1          X2           Y2

  1        1                 82.550       47.450     114.500      191.000

Shape               Environments Status & Error Marker 

          1           X1         Y1         X2         Y2

   1      X       82.550     47.450     83.350     52.483
   2      X       82.550     47.450     88.383     48.250
   3      X       82.550     49.273     84.000    103.977
   4      X       82.550    100.767     83.350    106.833
   5      X       82.550    103.967     83.350    111.233
   6      X       82.550    108.367     83.350    114.433
   7      X       82.550    111.223     84.000    191.000
   8      X       82.550    190.100    112.286    191.000
   9      X       83.350    105.000     88.383    105.800
  10      X       83.350    109.400     88.383    110.200
  11      X       84.100     49.000     85.800     49.900
  12      X       84.100     49.000     87.586     49.900
  13      X       84.100     49.100    112.650     49.900
  14      X       84.100    103.350     85.800    104.250
  15      X       84.100    103.350     87.586    104.250
  16      X       84.100    103.350    112.650    104.150
  17      X       84.100    110.950     85.800    111.850
  18      X       84.100    110.950     87.586    111.850
  19      X       84.100    111.050    112.300    111.850
  20      X       84.750     49.000     85.800     50.802
  21      X       84.750     50.650     85.550     53.000
  22      X       84.750     50.650    112.650     51.450
  23      X       84.750     51.917     85.550     54.033
  24      X       84.750     52.200    112.650     53.000
  25      X       84.750     52.717     85.550     54.833
  26      X       84.750     53.750     85.550     56.100
  27      X       84.750     53.750    112.650     54.550
  28      X       84.750     55.017     85.550     57.133
  29      X       84.750     55.300    112.650     56.100
  30      X       84.750     55.817     85.550     57.933
  31      X       84.750     56.850     85.550     59.200
  32      X       84.750     56.850    112.650     57.650
  33      X       84.750     58.117     85.550     60.233
  34      X       84.750     58.400    112.650     59.200
  35      X       84.750     58.917     85.550     61.033
  36      X       84.750     59.950     85.550     62.300
  37      X       84.750     59.950    112.650     60.750
  38      X       84.750     61.217     85.550     63.333
  39      X       84.750     61.500    112.650     62.300
  40      X       84.750     62.017     85.550     64.133
  41      X       84.750     63.050     85.550     65.400
  42      X       84.750     63.050    112.650     63.850
  43      X       84.750     64.317     85.550     66.433
  44      X       84.750     64.600    112.650     65.400
  45      X       84.750     65.117     85.550     67.233
  46      X       84.750     66.150     85.550     68.500
  47      X       84.750     66.150    112.650     66.950
  48      X       84.750     67.417     85.550     69.533
  49      X       84.750     67.700    112.650     68.500
  50      X       84.750     68.217     85.550     70.333
  51      X       84.750     69.250     85.550     71.600
  52      X       84.750     69.250    112.650     70.050
  53      X       84.750     70.517     85.550     72.633
  54      X       84.750     70.800    112.650     71.600
  55      X       84.750     71.317     85.550     73.433
  56      X       84.750     72.350     85.550     74.700
  57      X       84.750     72.350    112.650     73.150
  58      X       84.750     73.617     85.550     75.733
  59      X       84.750     73.900    112.650     74.700
  60      X       84.750     74.417     85.550     76.533
  61      X       84.750     75.450     85.550     77.800
  62      X       84.750     75.450    112.650     76.250
  63      X       84.750     76.717     85.550     78.833
  64      X       84.750     77.000    112.650     77.800
  65      X       84.750     77.517     85.550     79.633
  66      X       84.750     78.550     85.550     80.900
  67      X       84.750     78.550    112.650     79.350
  68      X       84.750     79.817     85.550     81.933
  69      X       84.750     80.100    112.650     80.900
  70      X       84.750     80.617     85.550     82.733
  71      X       84.750     81.650     85.550     84.000
  72      X       84.750     81.650    112.650     82.450
  73      X       84.750     82.917     85.550     85.033
  74      X       84.750     83.200    112.650     84.000
  75      X       84.750     83.717     85.550     85.833
  76      X       84.750     84.750     85.550     87.100
  77      X       84.750     84.750    112.650     85.550
  78      X       84.750     86.017     85.550     88.133
  79      X       84.750     86.300    112.650     87.100
  80      X       84.750     86.817     85.550     88.933
  81      X       84.750     87.850     85.550     90.200
  82      X       84.750     87.850    112.650     88.650
  83      X       84.750     89.117     85.550     91.233
  84      X       84.750     89.400    112.650     90.200
  85      X       84.750     89.917     85.550     92.033
  86      X       84.750     90.950     85.550     93.300
  87      X       84.750     90.950    112.650     91.750
  88      X       84.750     92.217     85.550     94.333
  89      X       84.750     92.500    112.650     93.300
  90      X       84.750     93.017     85.550     95.133
  91      X       84.750     94.050     85.550     96.400
  92      X       84.750     94.050    112.650     94.850
  93      X       84.750     95.317     85.550     97.433
  94      X       84.750     95.600    112.650     96.400
  95      X       84.750     96.117     85.550     98.233
  96      X       84.750     97.150     85.550     99.500
  97      X       84.750     97.150    112.650     97.950
  98      X       84.750     98.417     85.550    100.533
  99      X       84.750     98.700    112.650     99.500
 100      X       84.750     99.217     85.550    101.333
 101      X       84.750    100.250     85.550    102.600
 102      X       84.750    100.250    112.650    101.050
 103      X       84.750    101.800    112.650    102.600
 104      X       84.750    102.448     85.800    104.250
 105      X       84.750    110.950     85.800    112.752
 106      X       84.750    112.600     85.550    114.950
 107      X       84.750    112.600    112.300    113.400
 108      X       84.750    113.867     85.550    115.983
 109      X       84.750    114.150    112.300    114.950
 110      X       84.750    114.667     85.550    116.783
 111      X       84.750    115.700     85.550    118.050
 112      X       84.750    115.700    112.300    116.500
 113      X       84.750    116.967     85.550    119.083
 114      X       84.750    117.250    112.300    118.050
 115      X       84.750    117.767     85.550    119.883
 116      X       84.750    118.800     85.550    121.150
 117      X       84.750    118.800    112.300    119.600
 118      X       84.750    120.067     85.550    122.183
 119      X       84.750    120.350    112.300    121.150
 120      X       84.750    120.867     85.550    122.983
 121      X       84.750    121.900     85.550    124.250
 122      X       84.750    121.900    112.300    122.700
 123      X       84.750    123.167     85.550    125.283
 124      X       84.750    123.450    112.300    124.250
 125      X       84.750    123.967     85.550    126.083
 126      X       84.750    125.000     85.550    127.350
 127      X       84.750    125.000    112.300    125.800
 128      X       84.750    126.267     85.550    128.383
 129      X       84.750    126.550    112.300    127.350
 130      X       84.750    127.067     85.550    129.183
 131      X       84.750    128.100     85.550    130.450
 132      X       84.750    128.100    112.300    128.900
 133      X       84.750    129.367     85.550    131.483
 134      X       84.750    129.650    112.300    130.450
 135      X       84.750    130.167     85.550    132.283
 136      X       84.750    131.200     85.550    133.550
 137      X       84.750    131.200    112.300    132.000
 138      X       84.750    132.467     85.550    134.583
 139      X       84.750    132.750    112.300    133.550
 140      X       84.750    133.267     85.550    135.383
 141      X       84.750    134.300     85.550    136.650
 142      X       84.750    134.300    112.300    135.100
 143      X       84.750    135.567     85.550    137.683
 144      X       84.750    135.850    112.300    136.650
 145      X       84.750    136.367     85.550    138.483
 146      X       84.750    137.400     85.550    139.750
 147      X       84.750    137.400    112.300    138.200
 148      X       84.750    138.667     85.550    140.783
 149      X       84.750    138.950    112.300    139.750
 150      X       84.750    139.467     85.550    141.583
 151      X       84.750    140.500     85.550    142.850
 152      X       84.750    140.500    112.300    141.300
 153      X       84.750    141.767     85.550    143.883
 154      X       84.750    142.050    112.300    142.850
 155      X       84.750    142.567     85.550    144.683
 156      X       84.750    143.600     85.550    145.950
 157      X       84.750    143.600    112.300    144.400
 158      X       84.750    144.867     85.550    146.983
 159      X       84.750    145.150    112.300    145.950
 160      X       84.750    145.667     85.550    147.783
 161      X       84.750    146.700     85.550    149.050
 162      X       84.750    146.700    112.300    147.500
 163      X       84.750    147.967     85.550    150.083
 164      X       84.750    148.250    112.300    149.050
 165      X       84.750    148.767     85.550    150.883
 166      X       84.750    149.800     85.550    152.150
 167      X       84.750    149.800    112.300    150.600
 168      X       84.750    151.067     85.550    153.183
 169      X       84.750    151.350    112.300    152.150
 170      X       84.750    151.867     85.550    153.983
 171      X       84.750    152.900     85.550    155.250
 172      X       84.750    152.900    112.300    153.700
 173      X       84.750    154.167     85.550    156.283
 174      X       84.750    154.450    112.300    155.250
 175      X       84.750    154.967     85.550    157.083
 176      X       84.750    156.000     85.550    158.350
 177      X       84.750    156.000    112.300    156.800
 178      X       84.750    157.267     85.550    159.383
 179      X       84.750    157.550    112.300    158.350
 180      X       84.750    158.067     85.550    160.183
 181      X       84.750    159.100     85.550    161.450
 182      X       84.750    159.100    112.300    159.900
 183      X       84.750    160.367     85.550    162.483
 184      X       84.750    160.650    112.300    161.450
 185      X       84.750    161.167     85.550    163.283
 186      X       84.750    162.200     85.550    164.550
 187      X       84.750    162.200    112.300    163.000
 188      X       84.750    163.467     85.550    165.583
 189      X       84.750    163.750    112.300    164.550
 190      X       84.750    164.267     85.550    166.383
 191      X       84.750    165.300     85.550    167.650
 192      X       84.750    165.300    112.300    166.100
 193      X       84.750    166.567     85.550    168.683
 194      X       84.750    166.850    112.300    167.650
 195      X       84.750    167.367     85.550    169.483
 196      X       84.750    168.400     85.550    170.750
 197      X       84.750    168.400    112.300    169.200
 198      X       84.750    169.667     85.550    171.783
 199      X       84.750    169.950    112.300    170.750
 200      X       84.750    170.467     85.550    172.583
 201      X       84.750    171.500     85.550    173.850
 202      X       84.750    171.500    112.300    172.300
 203      X       84.750    172.767     85.550    174.883
 204      X       84.750    173.050    112.300    173.850
 205      X       84.750    173.567     85.550    175.683
 206      X       84.750    174.600     85.550    176.950
 207      X       84.750    174.600    112.300    175.400
 208      X       84.750    175.867     85.550    177.983
 209      X       84.750    176.150    112.300    176.950
 210      X       84.750    176.667     85.550    178.783
 211      X       84.750    177.700     85.550    180.050
 212      X       84.750    177.700    112.300    178.500
 213      X       84.750    178.967     85.550    181.083
 214      X       84.750    179.250    112.300    180.050
 215      X       84.750    179.767     85.550    181.883
 216      X       84.750    180.800     85.550    183.150
 217      X       84.750    180.800    112.300    181.600
 218      X       84.750    182.067     85.550    184.183
 219      X       84.750    182.350    112.300    183.150
 220      X       84.750    182.867     85.550    184.983
 221      X       84.750    183.900     85.550    186.250
 222      X       84.750    183.900    112.300    184.700
 223      X       84.750    185.167     85.550    187.283
 224      X       84.750    185.450    112.300    186.250
 225      X       84.750    185.967     85.550    188.083
 226      X       84.750    187.000     85.550    189.350
 227      X       84.750    187.000    112.300    187.800
 228      X       84.750    188.550    112.950    189.350
 229      X       84.764     47.450    114.200     48.350
 230      X       84.764    104.900    114.200    105.800
 231      X       84.764    109.400    114.500    110.300
 232      X      108.667    190.200    114.500    191.000
 233      X      109.464    188.550    112.950    189.450
 234      X      111.250    187.648    112.300    189.450
 235      X      111.250    188.550    112.950    189.450
 236      X      111.500    111.050    112.300    113.400
 237      X      111.500    112.317    112.300    114.433
 238      X      111.500    113.117    112.300    115.233
 239      X      111.500    114.150    112.300    116.500
 240      X      111.500    115.417    112.300    117.533
 241      X      111.500    116.217    112.300    118.333
 242      X      111.500    117.250    112.300    119.600
 243      X      111.500    118.517    112.300    120.633
 244      X      111.500    119.317    112.300    121.433
 245      X      111.500    120.350    112.300    122.700
 246      X      111.500    121.617    112.300    123.733
 247      X      111.500    122.417    112.300    124.533
 248      X      111.500    123.450    112.300    125.800
 249      X      111.500    124.717    112.300    126.833
 250      X      111.500    125.517    112.300    127.633
 251      X      111.500    126.550    112.300    128.900
 252      X      111.500    127.817    112.300    129.933
 253      X      111.500    128.617    112.300    130.733
 254      X      111.500    129.650    112.300    132.000
 255      X      111.500    130.917    112.300    133.033
 256      X      111.500    131.717    112.300    133.833
 257      X      111.500    132.750    112.300    135.100
 258      X      111.500    134.017    112.300    136.133
 259      X      111.500    134.817    112.300    136.933
 260      X      111.500    135.850    112.300    138.200
 261      X      111.500    137.117    112.300    139.233
 262      X      111.500    137.917    112.300    140.033
 263      X      111.500    138.950    112.300    141.300
 264      X      111.500    140.217    112.300    142.333
 265      X      111.500    141.017    112.300    143.133
 266      X      111.500    142.050    112.300    144.400
 267      X      111.500    143.317    112.300    145.433
 268      X      111.500    144.117    112.300    146.233
 269      X      111.500    145.150    112.300    147.500
 270      X      111.500    146.417    112.300    148.533
 271      X      111.500    147.217    112.300    149.333
 272      X      111.500    148.250    112.300    150.600
 273      X      111.500    149.517    112.300    151.633
 274      X      111.500    150.317    112.300    152.433
 275      X      111.500    151.350    112.300    153.700
 276      X      111.500    152.617    112.300    154.733
 277      X      111.500    153.417    112.300    155.533
 278      X      111.500    154.450    112.300    156.800
 279      X      111.500    155.717    112.300    157.833
 280      X      111.500    156.517    112.300    158.633
 281      X      111.500    157.550    112.300    159.900
 282      X      111.500    158.817    112.300    160.933
 283      X      111.500    159.617    112.300    161.733
 284      X      111.500    160.650    112.300    163.000
 285      X      111.500    161.917    112.300    164.033
 286      X      111.500    162.717    112.300    164.833
 287      X      111.500    163.750    112.300    166.100
 288      X      111.500    165.017    112.300    167.133
 289      X      111.500    165.817    112.300    167.933
 290      X      111.500    166.850    112.300    169.200
 291      X      111.500    168.117    112.300    170.233
 292      X      111.500    168.917    112.300    171.033
 293      X      111.500    169.950    112.300    172.300
 294      X      111.500    171.217    112.300    173.333
 295      X      111.500    172.017    112.300    174.133
 296      X      111.500    173.050    112.300    175.400
 297      X      111.500    174.317    112.300    176.433
 298      X      111.500    175.117    112.300    177.233
 299      X      111.500    176.150    112.300    178.500
 300      X      111.500    177.417    112.300    179.533
 301      X      111.500    178.217    112.300    180.333
 302      X      111.500    179.250    112.300    181.600
 303      X      111.500    180.517    112.300    182.633
 304      X      111.500    181.317    112.300    183.433
 305      X      111.500    182.350    112.300    184.700
 306      X      111.500    183.617    112.300    185.733
 307      X      111.500    184.417    112.300    186.533
 308      X      111.500    185.450    112.300    187.800
 309      X      111.850     49.100    112.650     51.450
 310      X      111.850     50.367    112.650     52.483
 311      X      111.850     51.167    112.650     53.283
 312      X      111.850     52.200    112.650     54.550
 313      X      111.850     53.467    112.650     55.583
 314      X      111.850     54.267    112.650     56.383
 315      X      111.850     55.300    112.650     57.650
 316      X      111.850     56.567    112.650     58.683
 317      X      111.850     57.367    112.650     59.483
 318      X      111.850     58.400    112.650     60.750
 319      X      111.850     59.667    112.650     61.783
 320      X      111.850     60.467    112.650     62.583
 321      X      111.850     61.500    112.650     63.850
 322      X      111.850     62.767    112.650     64.883
 323      X      111.850     63.567    112.650     65.683
 324      X      111.850     64.600    112.650     66.950
 325      X      111.850     65.867    112.650     67.983
 326      X      111.850     66.667    112.650     68.783
 327      X      111.850     67.700    112.650     70.050
 328      X      111.850     68.967    112.650     71.083
 329      X      111.850     69.767    112.650     71.883
 330      X      111.850     70.800    112.650     73.150
 331      X      111.850     72.067    112.650     74.183
 332      X      111.850     72.867    112.650     74.983
 333      X      111.850     73.900    112.650     76.250
 334      X      111.850     75.167    112.650     77.283
 335      X      111.850     75.967    112.650     78.083
 336      X      111.850     77.000    112.650     79.350
 337      X      111.850     78.267    112.650     80.383
 338      X      111.850     79.067    112.650     81.183
 339      X      111.850     80.100    112.650     82.450
 340      X      111.850     81.367    112.650     83.483
 341      X      111.850     82.167    112.650     84.283
 342      X      111.850     83.200    112.650     85.550
 343      X      111.850     84.467    112.650     86.583
 344      X      111.850     85.267    112.650     87.383
 345      X      111.850     86.300    112.650     88.650
 346      X      111.850     87.567    112.650     89.683
 347      X      111.850     88.367    112.650     90.483
 348      X      111.850     89.400    112.650     91.750
 349      X      111.850     90.667    112.650     92.783
 350      X      111.850     91.467    112.650     93.583
 351      X      111.850     92.500    112.650     94.850
 352      X      111.850     93.767    112.650     95.883
 353      X      111.850     94.567    112.650     96.683
 354      X      111.850     95.600    112.650     97.950
 355      X      111.850     96.867    112.650     98.983
 356      X      111.850     97.667    112.650     99.783
 357      X      111.850     98.700    112.650    101.050
 358      X      111.850     99.967    112.650    102.083
 359      X      111.850    100.767    112.650    102.883
 360      X      111.850    101.800    112.650    104.150
 361      X      113.050    109.400    114.500    189.177
 362      X      113.400     47.450    114.200    105.800
 363      X      113.700    185.967    114.500    191.000

================================================================================
Rule No. 773 : ERC Warning: Gates connected to VSS/GND

Real Error Count : 120; Flat Error Count : 720
================================================================================

--------------------------------------------------------------------------------
Cell Name : cvar layout PRIMLIB col=12 row=10 in1=C028029

                   Cell Errors    Real Errors   Cell Placements     Environments
                           120            120                 6                1
--------------------------------------------------------------------------------
Env.  Env. Placements            X1           Y1          X2           Y2

  1        6                126.600       26.550     145.400      106.950

Shape               Environments Status & Error Marker 

          1           X1         Y1         X2         Y2

   1      X        0.850      0.000      1.500      6.600
   2      X        0.850      8.200      1.500     14.800
   3      X        0.850     16.400      1.500     23.000
   4      X        0.850     24.600      1.500     31.200
   5      X        0.850     32.800      1.500     39.400
   6      X        0.850     41.000      1.500     47.600
   7      X        0.850     49.200      1.500     55.800
   8      X        0.850     57.400      1.500     64.000
   9      X        0.850     65.600      1.500     72.200
  10      X        0.850     73.800      1.500     80.400
  11      X        2.500      0.000      3.150      6.600
  12      X        2.500      8.200      3.150     14.800
  13      X        2.500     16.400      3.150     23.000
  14      X        2.500     24.600      3.150     31.200
  15      X        2.500     32.800      3.150     39.400
  16      X        2.500     41.000      3.150     47.600
  17      X        2.500     49.200      3.150     55.800
  18      X        2.500     57.400      3.150     64.000
  19      X        2.500     65.600      3.150     72.200
  20      X        2.500     73.800      3.150     80.400
  21      X        4.150      0.000      4.800      6.600
  22      X        4.150      8.200      4.800     14.800
  23      X        4.150     16.400      4.800     23.000
  24      X        4.150     24.600      4.800     31.200
  25      X        4.150     32.800      4.800     39.400
  26      X        4.150     41.000      4.800     47.600
  27      X        4.150     49.200      4.800     55.800
  28      X        4.150     57.400      4.800     64.000
  29      X        4.150     65.600      4.800     72.200
  30      X        4.150     73.800      4.800     80.400
  31      X        5.800      0.000      6.450      6.600
  32      X        5.800      8.200      6.450     14.800
  33      X        5.800     16.400      6.450     23.000
  34      X        5.800     24.600      6.450     31.200
  35      X        5.800     32.800      6.450     39.400
  36      X        5.800     41.000      6.450     47.600
  37      X        5.800     49.200      6.450     55.800
  38      X        5.800     57.400      6.450     64.000
  39      X        5.800     65.600      6.450     72.200
  40      X        5.800     73.800      6.450     80.400
  41      X        7.450      0.000      8.100      6.600
  42      X        7.450      8.200      8.100     14.800
  43      X        7.450     16.400      8.100     23.000
  44      X        7.450     24.600      8.100     31.200
  45      X        7.450     32.800      8.100     39.400
  46      X        7.450     41.000      8.100     47.600
  47      X        7.450     49.200      8.100     55.800
  48      X        7.450     57.400      8.100     64.000
  49      X        7.450     65.600      8.100     72.200
  50      X        7.450     73.800      8.100     80.400
  51      X        9.100      0.000      9.750      6.600
  52      X        9.100      8.200      9.750     14.800
  53      X        9.100     16.400      9.750     23.000
  54      X        9.100     24.600      9.750     31.200
  55      X        9.100     32.800      9.750     39.400
  56      X        9.100     41.000      9.750     47.600
  57      X        9.100     49.200      9.750     55.800
  58      X        9.100     57.400      9.750     64.000
  59      X        9.100     65.600      9.750     72.200
  60      X        9.100     73.800      9.750     80.400
  61      X       10.750      0.000     11.400      6.600
  62      X       10.750      8.200     11.400     14.800
  63      X       10.750     16.400     11.400     23.000
  64      X       10.750     24.600     11.400     31.200
  65      X       10.750     32.800     11.400     39.400
  66      X       10.750     41.000     11.400     47.600
  67      X       10.750     49.200     11.400     55.800
  68      X       10.750     57.400     11.400     64.000
  69      X       10.750     65.600     11.400     72.200
  70      X       10.750     73.800     11.400     80.400
  71      X       12.400      0.000     13.050      6.600
  72      X       12.400      8.200     13.050     14.800
  73      X       12.400     16.400     13.050     23.000
  74      X       12.400     24.600     13.050     31.200
  75      X       12.400     32.800     13.050     39.400
  76      X       12.400     41.000     13.050     47.600
  77      X       12.400     49.200     13.050     55.800
  78      X       12.400     57.400     13.050     64.000
  79      X       12.400     65.600     13.050     72.200
  80      X       12.400     73.800     13.050     80.400
  81      X       14.050      0.000     14.700      6.600
  82      X       14.050      8.200     14.700     14.800
  83      X       14.050     16.400     14.700     23.000
  84      X       14.050     24.600     14.700     31.200
  85      X       14.050     32.800     14.700     39.400
  86      X       14.050     41.000     14.700     47.600
  87      X       14.050     49.200     14.700     55.800
  88      X       14.050     57.400     14.700     64.000
  89      X       14.050     65.600     14.700     72.200
  90      X       14.050     73.800     14.700     80.400
  91      X       15.700      0.000     16.350      6.600
  92      X       15.700      8.200     16.350     14.800
  93      X       15.700     16.400     16.350     23.000
  94      X       15.700     24.600     16.350     31.200
  95      X       15.700     32.800     16.350     39.400
  96      X       15.700     41.000     16.350     47.600
  97      X       15.700     49.200     16.350     55.800
  98      X       15.700     57.400     16.350     64.000
  99      X       15.700     65.600     16.350     72.200
 100      X       15.700     73.800     16.350     80.400
 101      X       17.350      0.000     18.000      6.600
 102      X       17.350      8.200     18.000     14.800
 103      X       17.350     16.400     18.000     23.000
 104      X       17.350     24.600     18.000     31.200
 105      X       17.350     32.800     18.000     39.400
 106      X       17.350     41.000     18.000     47.600
 107      X       17.350     49.200     18.000     55.800
 108      X       17.350     57.400     18.000     64.000
 109      X       17.350     65.600     18.000     72.200
 110      X       17.350     73.800     18.000     80.400
 111      X       19.000      0.000     19.650      6.600
 112      X       19.000      8.200     19.650     14.800
 113      X       19.000     16.400     19.650     23.000
 114      X       19.000     24.600     19.650     31.200
 115      X       19.000     32.800     19.650     39.400
 116      X       19.000     41.000     19.650     47.600
 117      X       19.000     49.200     19.650     55.800
 118      X       19.000     57.400     19.650     64.000
 119      X       19.000     65.600     19.650     72.200
 120      X       19.000     73.800     19.650     80.400

================================================================================
Rule No. 1476 : # INFO: C35B4/C35B3 ASSURA DRC DECK (REV9 DATE 26-Apr-2011) Last modified 07-Sept-2016 #

Real Error Count : 1; Flat Error Count : 1
================================================================================

--------------------------------------------------------------------------------
Cell Name : fbias_por2_fc layout FBIAS

                   Cell Errors    Real Errors   Cell Placements     Environments
                             1              1                 1                1
--------------------------------------------------------------------------------
Env.  Env. Placements            X1           Y1          X2           Y2

  1        1                 -0.350        0.000     203.750      210.300

Shape               Environments Status & Error Marker 

          1           X1         Y1         X2         Y2

   1      X       -0.350      0.000    203.750    210.300

