================================================================================
Rule No. 66 : BAD_SUBSTR_SUBTAP_FLOAT_ERC

Real Error Count : 1; Flat Error Count : 1
================================================================================

--------------------------------------------------------------------------------
Cell Name : fecg_ia_5_f layout FECG

                   Cell Errors    Real Errors   Cell Placements     Environments
                             1              1                 1                1
--------------------------------------------------------------------------------
Env.  Env. Placements            X1           Y1          X2           Y2

  1        1                 50.250       78.000      69.900       93.050

Shape               Environments Status & Error Marker 

          1           X1         Y1         X2         Y2

   1      X       50.250     78.000     69.900     93.050

================================================================================
Rule No. 421 : INFO: hot nwell

Real Error Count : 18; Flat Error Count : 48
================================================================================

--------------------------------------------------------------------------------
Cell Name : pmos4 layout PRIMLIB l="4u" w="12.5u" wtot="12.5u" in1=MP928729

                   Cell Errors    Real Errors   Cell Placements     Environments
                             1              1                20                1
--------------------------------------------------------------------------------
Env.  Env. Placements            X1           Y1          X2           Y2

  1       20                714.825      194.075     722.925      208.975

Shape               Environments Status & Error Marker 

          1           X1         Y1         X2         Y2

   1      X       -1.200     -1.200     13.700      6.900

--------------------------------------------------------------------------------
Cell Name : pmos4 layout PRIMLIB jd=FALSE jg="no" js=FALSE l="4u" ng="6" w="33.35u" wtot="200u" in1=MP128129

                   Cell Errors    Real Errors   Cell Placements     Environments
                             1              1                 4                1
--------------------------------------------------------------------------------
Env.  Env. Placements            X1           Y1          X2           Y2

  1        4                167.025      128.475     200.125      164.225

Shape               Environments Status & Error Marker 

          1           X1         Y1         X2         Y2

   1      X       -1.200     -1.200     34.550     31.900

--------------------------------------------------------------------------------
Cell Name : cpolyc layout PRIMLIB area="2.56n" c="2.22p" gwell="N-Well" l="51u" perimeter="202.4u" rbottom="Cont" rleft="Cont" id_=d867af6116578121 in1=C228029

                   Cell Errors    Real Errors   Cell Placements     Environments
                             1              1                 9                1
--------------------------------------------------------------------------------
Env.  Env. Placements            X1           Y1          X2           Y2

  1        9                804.425       71.050     860.925      125.950

Shape               Environments Status & Error Marker 

          1           X1         Y1         X2         Y2

   1      X       -1.350     -1.350     55.150     53.550

--------------------------------------------------------------------------------
Cell Name : fecg_ia_5_f layout FECG

                   Cell Errors    Real Errors   Cell Placements     Environments
                            15             15                 1                1
--------------------------------------------------------------------------------
Env.  Env. Placements            X1           Y1          X2           Y2

  1        1                109.750       43.300     975.150      237.800

Shape               Environments Status & Error Marker 

          1           X1         Y1         X2         Y2

   1      X      109.750    214.050    137.050    234.550
   2      X      146.275     86.875    194.475    103.025
   3      X      166.575    128.475    167.025    164.225
   4      X      166.575    167.975    167.025    203.725
   5      X      200.125    128.475    200.575    164.225
   6      X      200.125    167.975    200.575    203.725
   7      X      204.675    128.475    205.125    164.225
   8      X      204.675    167.975    205.125    203.725
   9      X      238.225    128.475    238.675    164.225
  10      X      238.225    167.975    238.675    203.725
  11      X      409.200     43.300    695.800     77.250
  12      X      708.650    183.900    785.800    237.800
  13      X      804.400     71.025    975.125    236.975
  14      X      918.625    125.950    975.125    126.550
  15      X      975.125     71.025    975.150    236.975

================================================================================
Rule No. 510 : M1_R_1 Minimum density of MET1 area [%] = 30

Real Error Count : 1; Flat Error Count : 2
================================================================================

--------------------------------------------------------------------------------
Cell Name : fecg_ia_5_f layout FECG

                   Cell Errors    Real Errors   Cell Placements     Environments
                             2              1                 1                1
--------------------------------------------------------------------------------
Env.  Env. Placements            X1           Y1          X2           Y2

  1        1                 50.250       31.150     977.650      255.700

Shape               Environments Status & Error Marker 

          1           X1         Y1         X2         Y2

   1      X       50.250     31.150    977.650    255.700

================================================================================
Rule No. 521 : M2_R_1 Minimum density of MET2 area [%] = 30

Real Error Count : 1; Flat Error Count : 2
================================================================================

--------------------------------------------------------------------------------
Cell Name : fecg_ia_5_f layout FECG

                   Cell Errors    Real Errors   Cell Placements     Environments
                             2              1                 1                1
--------------------------------------------------------------------------------
Env.  Env. Placements            X1           Y1          X2           Y2

  1        1                 50.250       31.150     977.650      255.700

Shape               Environments Status & Error Marker 

          1           X1         Y1         X2         Y2

   1      X       50.250     31.150    977.650    255.700

================================================================================
Rule No. 532 : M3_R_1 Minimum density of MET3 area [%] = 30

Real Error Count : 1; Flat Error Count : 2
================================================================================

--------------------------------------------------------------------------------
Cell Name : fecg_ia_5_f layout FECG

                   Cell Errors    Real Errors   Cell Placements     Environments
                             2              1                 1                1
--------------------------------------------------------------------------------
Env.  Env. Placements            X1           Y1          X2           Y2

  1        1                 50.250       31.150     977.650      255.700

Shape               Environments Status & Error Marker 

          1           X1         Y1         X2         Y2

   1      X       50.250     31.150    977.650    255.700

================================================================================
Rule No. 544 : M4_R_1 Minimum density of MET4 area [%] = 30

Real Error Count : 1; Flat Error Count : 2
================================================================================

--------------------------------------------------------------------------------
Cell Name : fecg_ia_5_f layout FECG

                   Cell Errors    Real Errors   Cell Placements     Environments
                             2              1                 1                1
--------------------------------------------------------------------------------
Env.  Env. Placements            X1           Y1          X2           Y2

  1        1                 50.250       31.150     977.650      255.700

Shape               Environments Status & Error Marker 

          1           X1         Y1         X2         Y2

   1      X       50.250     31.150    977.650    255.700

================================================================================
Rule No. 719 : AMTS1 Maximum MTOP spacing when the width of one or both MTOP shapes is less than 10um = 10

Real Error Count : 2; Flat Error Count : 2
================================================================================

--------------------------------------------------------------------------------
Cell Name : fecg_ia_5_f layout FECG

                   Cell Errors    Real Errors   Cell Placements     Environments
                             2              2                 1                1
--------------------------------------------------------------------------------
Env.  Env. Placements            X1           Y1          X2           Y2

  1        1                143.825       31.150     549.175      247.375

Shape               Environments Status & Error Marker 

          1           X1         Y1         X2         Y2

   1      X      143.825     31.150    549.175    247.375
   2      X      320.575    100.875    377.875    144.375

================================================================================
Rule No. 772 : ERC Warning: Gates connected to VDD/VCC

Real Error Count : 41; Flat Error Count : 41
================================================================================

--------------------------------------------------------------------------------
Cell Name : fecg_ia_5_f layout FECG

                   Cell Errors    Real Errors   Cell Placements     Environments
                            41             41                 1                1
--------------------------------------------------------------------------------
Env.  Env. Placements            X1           Y1          X2           Y2

  1        1                280.125       91.050     666.125      231.150

Shape               Environments Status & Error Marker 

          1           X1         Y1         X2         Y2

   1      X      280.125    202.350    300.125    214.850
   2      X      280.125    218.650    300.125    231.150
   3      X      391.625    202.350    411.625    214.850
   4      X      391.625    218.650    411.625    231.150
   5      X      468.225     91.050    480.225    101.050
   6      X      468.225    112.550    480.225    122.550
   7      X      468.225    135.850    480.225    145.850
   8      X      468.225    159.150    480.225    169.150
   9      X      468.225    182.450    480.225    192.450
  10      X      468.225    205.750    480.225    215.750
  11      X      482.525     91.050    494.525    101.050
  12      X      482.525    205.750    494.525    215.750
  13      X      496.825     91.050    508.825    101.050
  14      X      496.825    205.750    508.825    215.750
  15      X      511.125     91.050    523.125    101.050
  16      X      511.125    205.750    523.125    215.750
  17      X      525.425     91.050    537.425    101.050
  18      X      525.425    205.750    537.425    215.750
  19      X      539.725     91.050    551.725    101.050
  20      X      539.725    205.750    551.725    215.750
  21      X      554.025     91.050    566.025    101.050
  22      X      554.025    205.750    566.025    215.750
  23      X      568.325     91.050    580.325    101.050
  24      X      568.325    205.750    580.325    215.750
  25      X      582.625     91.050    594.625    101.050
  26      X      582.625    205.750    594.625    215.750
  27      X      596.925     91.050    608.925    101.050
  28      X      596.925    205.750    608.925    215.750
  29      X      611.225     91.050    623.225    101.050
  30      X      611.225    205.750    623.225    215.750
  31      X      625.525     91.050    637.525    101.050
  32      X      625.525    205.750    637.525    215.750
  33      X      639.825     91.050    651.825    101.050
  34      X      639.825    182.450    651.825    192.450
  35      X      639.825    205.750    651.825    215.750
  36      X      654.125     91.050    666.125    101.050
  37      X      654.125    112.550    666.125    122.550
  38      X      654.125    135.850    666.125    145.850
  39      X      654.125    159.150    666.125    169.150
  40      X      654.125    182.450    666.125    192.450
  41      X      654.125    205.750    666.125    215.750

================================================================================
Rule No. 773 : ERC Warning: Gates connected to VSS/GND

Real Error Count : 58; Flat Error Count : 58
================================================================================

--------------------------------------------------------------------------------
Cell Name : fecg_ia_5_f layout FECG

                   Cell Errors    Real Errors   Cell Placements     Environments
                            58             58                 1                1
--------------------------------------------------------------------------------
Env.  Env. Placements            X1           Y1          X2           Y2

  1        1                146.575       88.025     779.125      165.750

Shape               Environments Status & Error Marker 

          1           X1         Y1         X2         Y2

   1      X      146.575     88.025    153.175     88.675
   2      X      146.575     89.675    153.175     90.325
   3      X      146.575     91.325    153.175     91.975
   4      X      146.575     92.975    153.175     93.625
   5      X      146.575     94.625    153.175     95.275
   6      X      146.575     96.275    153.175     96.925
   7      X      146.575     97.925    153.175     98.575
   8      X      146.575     99.575    153.175    100.225
   9      X      146.575    101.225    153.175    101.875
  10      X      154.775     88.025    161.375     88.675
  11      X      154.775     89.675    161.375     90.325
  12      X      154.775     91.325    161.375     91.975
  13      X      154.775     92.975    161.375     93.625
  14      X      154.775     94.625    161.375     95.275
  15      X      154.775     96.275    161.375     96.925
  16      X      154.775     97.925    161.375     98.575
  17      X      154.775     99.575    161.375    100.225
  18      X      154.775    101.225    161.375    101.875
  19      X      162.975     88.025    169.575     88.675
  20      X      162.975     89.675    169.575     90.325
  21      X      162.975     91.325    169.575     91.975
  22      X      162.975     92.975    169.575     93.625
  23      X      162.975     94.625    169.575     95.275
  24      X      162.975     96.275    169.575     96.925
  25      X      162.975     97.925    169.575     98.575
  26      X      162.975     99.575    169.575    100.225
  27      X      162.975    101.225    169.575    101.875
  28      X      171.175     88.025    177.775     88.675
  29      X      171.175     89.675    177.775     90.325
  30      X      171.175     91.325    177.775     91.975
  31      X      171.175     92.975    177.775     93.625
  32      X      171.175     94.625    177.775     95.275
  33      X      171.175     96.275    177.775     96.925
  34      X      171.175     97.925    177.775     98.575
  35      X      171.175     99.575    177.775    100.225
  36      X      171.175    101.225    177.775    101.875
  37      X      179.375     88.025    185.975     88.675
  38      X      179.375     89.675    185.975     90.325
  39      X      179.375     91.325    185.975     91.975
  40      X      179.375     92.975    185.975     93.625
  41      X      179.375     94.625    185.975     95.275
  42      X      179.375     96.275    185.975     96.925
  43      X      179.375     97.925    185.975     98.575
  44      X      179.375     99.575    185.975    100.225
  45      X      179.375    101.225    185.975    101.875
  46      X      187.575     88.025    194.175     88.675
  47      X      187.575     89.675    194.175     90.325
  48      X      187.575     91.325    194.175     91.975
  49      X      187.575     92.975    194.175     93.625
  50      X      187.575     94.625    194.175     95.275
  51      X      187.575     96.275    194.175     96.925
  52      X      187.575     97.925    194.175     98.575
  53      X      187.575     99.575    194.175    100.225
  54      X      187.575    101.225    194.175    101.875
  55      X      719.625    143.050    727.625    153.050
  56      X      719.625    155.750    727.625    165.750
  57      X      771.125    143.050    779.125    153.050
  58      X      771.125    155.750    779.125    165.750

================================================================================
Rule No. 1476 : # INFO: C35B4/C35B3 ASSURA DRC DECK (REV9 DATE 26-Apr-2011) Last modified 07-Sept-2016 #

Real Error Count : 1; Flat Error Count : 1
================================================================================

--------------------------------------------------------------------------------
Cell Name : fecg_ia_5_f layout FECG

                   Cell Errors    Real Errors   Cell Placements     Environments
                             1              1                 1                1
--------------------------------------------------------------------------------
Env.  Env. Placements            X1           Y1          X2           Y2

  1        1                 50.250       31.150     977.650      255.700

Shape               Environments Status & Error Marker 

          1           X1         Y1         X2         Y2

   1      X       50.250     31.150    977.650    255.700

