================================================================================
Rule No. 421 : INFO: hot nwell

Real Error Count : 1; Flat Error Count : 1
================================================================================

--------------------------------------------------------------------------------
Cell Name : fbias_gm_c1_f2c layout FBIAS

                   Cell Errors    Real Errors   Cell Placements     Environments
                             1              1                 1                1
--------------------------------------------------------------------------------
Env.  Env. Placements            X1           Y1          X2           Y2

  1        1                111.400       16.400     164.650       57.250

Shape               Environments Status & Error Marker 

          1           X1         Y1         X2         Y2

   1      X      111.400     16.400    164.650     57.250

================================================================================
Rule No. 510 : M1_R_1 Minimum density of MET1 area [%] = 30

Real Error Count : 1; Flat Error Count : 2
================================================================================

--------------------------------------------------------------------------------
Cell Name : fbias_gm_c1_f2c layout FBIAS

                   Cell Errors    Real Errors   Cell Placements     Environments
                             2              1                 1                1
--------------------------------------------------------------------------------
Env.  Env. Placements            X1           Y1          X2           Y2

  1        1                  5.100        4.700     167.450      206.550

Shape               Environments Status & Error Marker 

          1           X1         Y1         X2         Y2

   1      X        5.100      4.700    167.450    206.550

================================================================================
Rule No. 521 : M2_R_1 Minimum density of MET2 area [%] = 30

Real Error Count : 1; Flat Error Count : 2
================================================================================

--------------------------------------------------------------------------------
Cell Name : fbias_gm_c1_f2c layout FBIAS

                   Cell Errors    Real Errors   Cell Placements     Environments
                             2              1                 1                1
--------------------------------------------------------------------------------
Env.  Env. Placements            X1           Y1          X2           Y2

  1        1                  5.100        4.700     167.450      206.550

Shape               Environments Status & Error Marker 

          1           X1         Y1         X2         Y2

   1      X        5.100      4.700    167.450    206.550

================================================================================
Rule No. 532 : M3_R_1 Minimum density of MET3 area [%] = 30

Real Error Count : 1; Flat Error Count : 2
================================================================================

--------------------------------------------------------------------------------
Cell Name : fbias_gm_c1_f2c layout FBIAS

                   Cell Errors    Real Errors   Cell Placements     Environments
                             2              1                 1                1
--------------------------------------------------------------------------------
Env.  Env. Placements            X1           Y1          X2           Y2

  1        1                  5.100        4.700     167.450      206.550

Shape               Environments Status & Error Marker 

          1           X1         Y1         X2         Y2

   1      X        5.100      4.700    167.450    206.550

================================================================================
Rule No. 1476 : # INFO: C35B4/C35B3 ASSURA DRC DECK (REV9 DATE 26-Apr-2011) Last modified 07-Sept-2016 #

Real Error Count : 1; Flat Error Count : 1
================================================================================

--------------------------------------------------------------------------------
Cell Name : fbias_gm_c1_f2c layout FBIAS

                   Cell Errors    Real Errors   Cell Placements     Environments
                             1              1                 1                1
--------------------------------------------------------------------------------
Env.  Env. Placements            X1           Y1          X2           Y2

  1        1                  5.100        4.700     167.450      206.550

Shape               Environments Status & Error Marker 

          1           X1         Y1         X2         Y2

   1      X        5.100      4.700    167.450    206.550

