================================================================================
Rule No. 421 : INFO: hot nwell

Real Error Count : 2; Flat Error Count : 7
================================================================================

--------------------------------------------------------------------------------
Cell Name : cvar layout PRIMLIB col=10 row=15 in1=C128529

                   Cell Errors    Real Errors   Cell Placements     Environments
                             1              1                 6                1
--------------------------------------------------------------------------------
Env.  Env. Placements            X1           Y1          X2           Y2

  1        6                102.700       14.500     120.500      136.500

Shape               Environments Status & Error Marker 

          1           X1         Y1         X2         Y2

   1      X       -0.300     -0.300     17.500    121.700

--------------------------------------------------------------------------------
Cell Name : fbias_cur_ref2_layout layout FBIAS

                   Cell Errors    Real Errors   Cell Placements     Environments
                             1              1                 1                1
--------------------------------------------------------------------------------
Env.  Env. Placements            X1           Y1          X2           Y2

  1        1                 70.700       14.500     236.250      136.500

Shape               Environments Status & Error Marker 

          1           X1         Y1         X2         Y2

   1      X       70.700    117.875     96.500    131.525

================================================================================
Rule No. 510 : M1_R_1 Minimum density of MET1 area [%] = 30

Real Error Count : 1; Flat Error Count : 2
================================================================================

--------------------------------------------------------------------------------
Cell Name : fbias_cur_ref2_layout layout FBIAS

                   Cell Errors    Real Errors   Cell Placements     Environments
                             2              1                 1                1
--------------------------------------------------------------------------------
Env.  Env. Placements            X1           Y1          X2           Y2

  1        1                 -1.400        1.300     250.550      271.950

Shape               Environments Status & Error Marker 

          1           X1         Y1         X2         Y2

   1      X       -1.400      1.300    250.550    271.950

================================================================================
Rule No. 521 : M2_R_1 Minimum density of MET2 area [%] = 30

Real Error Count : 1; Flat Error Count : 2
================================================================================

--------------------------------------------------------------------------------
Cell Name : fbias_cur_ref2_layout layout FBIAS

                   Cell Errors    Real Errors   Cell Placements     Environments
                             2              1                 1                1
--------------------------------------------------------------------------------
Env.  Env. Placements            X1           Y1          X2           Y2

  1        1                 -1.400        1.300     250.550      271.950

Shape               Environments Status & Error Marker 

          1           X1         Y1         X2         Y2

   1      X       -1.400      1.300    250.550    271.950

================================================================================
Rule No. 532 : M3_R_1 Minimum density of MET3 area [%] = 30

Real Error Count : 1; Flat Error Count : 2
================================================================================

--------------------------------------------------------------------------------
Cell Name : fbias_cur_ref2_layout layout FBIAS

                   Cell Errors    Real Errors   Cell Placements     Environments
                             2              1                 1                1
--------------------------------------------------------------------------------
Env.  Env. Placements            X1           Y1          X2           Y2

  1        1                 -1.400        1.300     250.550      271.950

Shape               Environments Status & Error Marker 

          1           X1         Y1         X2         Y2

   1      X       -1.400      1.300    250.550    271.950

================================================================================
Rule No. 669 : RPOLYH_G2 Minimum high precision RPOLYH width = 2

Real Error Count : 43; Flat Error Count : 43
================================================================================

--------------------------------------------------------------------------------
Cell Name : fbias_cur_ref2_layout layout FBIAS

                   Cell Errors    Real Errors   Cell Placements     Environments
                            43             43                 1                1
--------------------------------------------------------------------------------
Env.  Env. Placements            X1           Y1          X2           Y2

  1        1                 75.350      122.525      91.850      126.875

Shape               Environments Status & Error Marker 

          1           X1         Y1         X2         Y2

   1      X       75.350    122.525     76.250    124.225
   2      X       75.350    122.525     76.250    125.425
   3      X       75.350    123.175     77.152    124.225
   4      X       75.450    122.525     76.250    126.225
   5      X       75.450    125.425     77.800    126.225
   6      X       76.717    125.425     78.833    126.225
   7      X       77.000    123.175     77.800    126.225
   8      X       77.000    123.175     79.350    123.975
   9      X       77.517    125.425     79.633    126.225
  10      X       78.267    123.175     80.383    123.975
  11      X       78.550    123.175     79.350    126.225
  12      X       78.550    125.425     80.900    126.225
  13      X       79.067    123.175     81.183    123.975
  14      X       79.817    125.425     81.933    126.225
  15      X       80.100    123.175     80.900    126.225
  16      X       80.100    123.175     82.450    123.975
  17      X       80.617    125.425     82.733    126.225
  18      X       81.367    123.175     83.483    123.975
  19      X       81.650    123.175     82.450    126.225
  20      X       81.650    125.425     84.000    126.225
  21      X       82.167    123.175     84.283    123.975
  22      X       82.917    125.425     85.033    126.225
  23      X       83.200    123.175     84.000    126.225
  24      X       83.200    123.175     85.550    123.975
  25      X       83.717    125.425     85.833    126.225
  26      X       84.467    123.175     86.583    123.975
  27      X       84.750    123.175     85.550    126.225
  28      X       84.750    125.425     87.100    126.225
  29      X       85.267    123.175     87.383    123.975
  30      X       86.017    125.425     88.133    126.225
  31      X       86.300    123.175     87.100    126.225
  32      X       86.300    123.175     88.650    123.975
  33      X       86.817    125.425     88.933    126.225
  34      X       87.567    123.175     89.683    123.975
  35      X       87.850    123.175     88.650    126.225
  36      X       87.850    125.425     90.200    126.225
  37      X       88.367    123.175     90.483    123.975
  38      X       89.400    123.175     90.200    126.225
  39      X       89.400    123.175     91.750    123.975
  40      X       90.048    125.175     91.850    126.225
  41      X       90.950    123.175     91.750    126.875
  42      X       90.950    123.975     91.850    126.875
  43      X       90.950    125.175     91.850    126.875

================================================================================
Rule No. 773 : ERC Warning: Gates connected to VSS/GND

Real Error Count : 4; Flat Error Count : 4
================================================================================

--------------------------------------------------------------------------------
Cell Name : fbias_cur_ref2_layout layout FBIAS

                   Cell Errors    Real Errors   Cell Placements     Environments
                             4              4                 1                1
--------------------------------------------------------------------------------
Env.  Env. Placements            X1           Y1          X2           Y2

  1        1                 29.700       29.125      80.200       93.775

Shape               Environments Status & Error Marker 

          1           X1         Y1         X2         Y2

   1      X       29.700     29.125     30.700     57.625
   2      X       29.700     65.275     30.700     93.775
   3      X       79.200     29.125     80.200     57.625
   4      X       79.200     65.275     80.200     93.775

================================================================================
Rule No. 1476 : # INFO: C35B4/C35B3 ASSURA DRC DECK (REV9 DATE 26-Apr-2011) Last modified 07-Sept-2016 #

Real Error Count : 1; Flat Error Count : 1
================================================================================

--------------------------------------------------------------------------------
Cell Name : fbias_cur_ref2_layout layout FBIAS

                   Cell Errors    Real Errors   Cell Placements     Environments
                             1              1                 1                1
--------------------------------------------------------------------------------
Env.  Env. Placements            X1           Y1          X2           Y2

  1        1                 -1.400        1.300     250.550      271.950

Shape               Environments Status & Error Marker 

          1           X1         Y1         X2         Y2

   1      X       -1.400      1.300    250.550    271.950

