================================================================================
Rule No. 66 : BAD_SUBSTR_SUBTAP_FLOAT_ERC

Real Error Count : 1; Flat Error Count : 1
================================================================================

--------------------------------------------------------------------------------
Cell Name : logo_kth layout VT26_TOP

                   Cell Errors    Real Errors   Cell Placements     Environments
                             1              1                 1                1
--------------------------------------------------------------------------------
Env.  Env. Placements            X1           Y1          X2           Y2

  1        1                -13.650      -11.850     413.350      238.450

Shape               Environments Status & Error Marker 

          1           X1         Y1         X2         Y2

   1      X      -13.650    -11.850    413.350    238.450

================================================================================
Rule No. 561 : CB_E_4 Minimum MET4 enclosure of PAD = 5

Real Error Count : 112; Flat Error Count : 112
================================================================================

--------------------------------------------------------------------------------
Cell Name : logo_kth layout VT26_TOP

                   Cell Errors    Real Errors   Cell Placements     Environments
                           112            112                 1                1
--------------------------------------------------------------------------------
Env.  Env. Placements            X1           Y1          X2           Y2

  1        1                  6.748       -2.452     390.952      228.552

Shape               Environments Status & Error Marker 

          1           X1         Y1         X2         Y2

   1      X        6.748     -2.450      6.752     57.550
   2      X        6.748     77.550      6.752     97.550
   3      X        6.750     -2.452     82.350     -2.448
   4      X        6.750     57.548     62.350     57.552
   5      X        6.750     77.548     62.350     77.552
   6      X        6.750     97.548     82.350     97.552
   7      X       15.748    128.550     15.752    228.550
   8      X       15.750    128.548     35.750    128.552
   9      X       15.750    228.548     35.750    228.552
  10      X       26.748     17.550     26.752     37.550
  11      X       26.750     17.548     82.350     17.552
  12      X       26.750     37.548     82.350     37.552
  13      X       35.748    128.550     35.752    166.050
  14      X       35.748    186.050     35.752    228.550
  15      X       35.750    166.048     50.200    166.052
  16      X       35.750    186.048     50.200    186.052
  17      X       50.198    151.150     50.202    166.050
  18      X       50.198    186.050     50.202    205.950
  19      X       50.200    151.148     54.400    151.152
  20      X       50.200    205.948     54.400    205.952
  21      X       54.398    145.800     54.402    151.150
  22      X       54.398    205.950     54.402    211.300
  23      X       54.400    145.798     58.150    145.802
  24      X       54.400    211.298     58.150    211.302
  25      X       58.148    140.500     58.152    145.800
  26      X       58.148    211.300     58.152    216.600
  27      X       58.150    140.498     62.650    140.502
  28      X       58.150    216.598     62.650    216.602
  29      X       59.348    171.150     59.352    185.950
  30      X       59.350    171.148     65.200    171.152
  31      X       59.350    185.948     65.200    185.952
  32      X       62.348     57.550     62.352     77.550
  33      X       62.648    134.650     62.652    140.500
  34      X       62.648    216.600     62.652    222.450
  35      X       62.650    134.648     66.400    134.652
  36      X       62.650    222.448     66.400    222.452
  37      X       65.198    165.800     65.202    171.150
  38      X       65.198    185.950     65.202    191.300
  39      X       65.200    165.798     69.400    165.802
  40      X       65.200    191.298     69.400    191.302
  41      X       66.398    128.550     66.402    134.650
  42      X       66.398    222.450     66.402    228.550
  43      X       66.400    128.548     81.400    128.552
  44      X       66.400    228.548     81.400    228.552
  45      X       69.398    160.500     69.402    165.800
  46      X       69.398    191.300     69.402    196.600
  47      X       69.400    160.498     73.150    160.502
  48      X       69.400    196.598     73.150    196.602
  49      X       73.148    154.650     73.152    160.500
  50      X       73.148    196.600     73.152    202.450
  51      X       73.150    154.648     77.650    154.652
  52      X       73.150    202.448     77.650    202.452
  53      X       77.648    148.550     77.652    154.650
  54      X       77.648    202.450     77.652    208.550
  55      X       77.650    148.548     81.400    148.552
  56      X       77.650    208.548     81.400    208.552
  57      X       81.398    128.550     81.402    148.550
  58      X       81.398    208.550     81.402    228.550
  59      X       82.348     -2.450     82.352     17.550
  60      X       82.348     37.550     82.352     97.550
  61      X      105.248    208.550    105.252    228.550
  62      X      105.250    208.548    130.650    208.552
  63      X      105.250    228.548    176.100    228.552
  64      X      106.948     -2.450    106.952     97.550
  65      X      106.950     -2.452    182.550     -2.448
  66      X      106.950     97.548    182.550     97.552
  67      X      126.948     17.550    126.952     77.550
  68      X      126.950     17.548    162.550     17.552
  69      X      126.950     77.548    162.550     77.552
  70      X      130.648    128.550    130.652    208.550
  71      X      130.650    128.548    150.650    128.552
  72      X      150.648    128.550    150.652    208.550
  73      X      150.650    208.548    176.100    208.552
  74      X      162.548     17.550    162.552     77.550
  75      X      176.098    208.550    176.102    228.550
  76      X      182.548     -2.450    182.552     97.550
  77      X      195.648    128.550    195.652    228.550
  78      X      195.650    128.548    215.650    128.552
  79      X      195.650    228.548    215.650    228.552
  80      X      210.698     -2.450    210.702     57.550
  81      X      210.698     77.550    210.702     97.550
  82      X      210.700     -2.452    286.300     -2.448
  83      X      210.700     57.548    266.300     57.552
  84      X      210.700     77.548    266.300     77.552
  85      X      210.700     97.548    286.300     97.552
  86      X      215.648    128.550    215.652    168.550
  87      X      215.648    188.550    215.652    228.550
  88      X      215.650    168.548    246.250    168.552
  89      X      215.650    188.548    246.250    188.552
  90      X      230.698     17.550    230.702     37.550
  91      X      230.700     17.548    286.300     17.552
  92      X      230.700     37.548    286.300     37.552
  93      X      246.248    128.550    246.252    168.550
  94      X      246.248    188.550    246.252    228.550
  95      X      246.250    128.548    271.250    128.552
  96      X      246.250    228.548    271.250    228.552
  97      X      266.298     57.550    266.302     77.550
  98      X      271.248    128.550    271.252    228.550
  99      X      286.298     -2.450    286.302     17.550
 100      X      286.298     37.550    286.302     97.550
 101      X      315.348     -2.450    315.352     97.550
 102      X      315.350     -2.452    390.950     -2.448
 103      X      315.350     97.548    390.950     97.552
 104      X      335.348     17.550    335.352     37.550
 105      X      335.348     57.550    335.352     77.550
 106      X      335.350     17.548    370.950     17.552
 107      X      335.350     37.548    370.950     37.552
 108      X      335.350     57.548    390.950     57.552
 109      X      335.350     77.548    390.950     77.552
 110      X      370.948     17.550    370.952     37.550
 111      X      390.948     -2.450    390.952     57.550
 112      X      390.948     77.550    390.952     97.550

================================================================================
Rule No. 591 : R01PA PAD without MET4 is not allowed

Real Error Count : 8; Flat Error Count : 8
================================================================================

--------------------------------------------------------------------------------
Cell Name : logo_kth layout VT26_TOP

                   Cell Errors    Real Errors   Cell Placements     Environments
                             8              8                 1                1
--------------------------------------------------------------------------------
Env.  Env. Placements            X1           Y1          X2           Y2

  1        1                -13.650      -11.850     413.350      238.450

Shape               Environments Status & Error Marker 

          1           X1         Y1         X2         Y2

   1      X      -13.650    -11.850     82.350    238.450
   2      X       26.750     17.550     82.350     37.550
   3      X       59.350    148.550     81.400    208.550
   4      X       81.400    -11.850    286.300    238.450
   5      X      126.950     17.550    162.550     77.550
   6      X      230.700     17.550    286.300     37.550
   7      X      246.250    -11.850    413.350    238.450
   8      X      335.350     17.550    370.950     37.550

================================================================================
Rule No. 770 : ERC Warning: Floating met4

Real Error Count : 9; Flat Error Count : 9
================================================================================

--------------------------------------------------------------------------------
Cell Name : logo_kth layout VT26_TOP

                   Cell Errors    Real Errors   Cell Placements     Environments
                             9              9                 1                1
--------------------------------------------------------------------------------
Env.  Env. Placements            X1           Y1          X2           Y2

  1        1                  6.750       -2.450     390.950      228.550

Shape               Environments Status & Error Marker 

          1           X1         Y1         X2         Y2

   1      X        6.750     -2.450     82.350     97.550
   2      X       15.750    128.550     73.150    228.550
   3      X       73.150    128.550     81.400    154.650
   4      X       73.150    202.450     81.400    228.550
   5      X      105.250    128.550    176.100    228.550
   6      X      106.950     -2.450    182.550     97.550
   7      X      195.650    128.550    271.250    228.550
   8      X      210.700     -2.450    286.300     97.550
   9      X      315.350     -2.450    390.950     97.550

================================================================================
Rule No. 1476 : # INFO: C35B4/C35B3 ASSURA DRC DECK (REV9 DATE 26-Apr-2011) Last modified 07-Sept-2016 #

Real Error Count : 1; Flat Error Count : 1
================================================================================

--------------------------------------------------------------------------------
Cell Name : logo_kth layout VT26_TOP

                   Cell Errors    Real Errors   Cell Placements     Environments
                             1              1                 1                1
--------------------------------------------------------------------------------
Env.  Env. Placements            X1           Y1          X2           Y2

  1        1                -13.650      -11.850     413.350      238.450

Shape               Environments Status & Error Marker 

          1           X1         Y1         X2         Y2

   1      X      -13.650    -11.850    413.350    238.450

