[Simulation Monitor: 16]
[2026-06-04 07:57:32.687 Z] [PROCESS] [cadence.virtuoso.ade.simulationMonitor] - Simulation Monitor has successfully started up. Trying to set up communication channels to other components ... {"hostname": "edatools", "processid": 728647, "logfile": "/home/saul/projects/IL2244_VT26_SAUL/logs_saul/logs0/Job16.log"}
[2026-06-04 07:57:32.688 Z] [PROCESS] [cadence.virtuoso.ade.simulationMonitor] - Communication channels have been successfully set up. Start processing events ... {"hostname": "edatools", "processid": 728647, "logfile": "/home/saul/projects/IL2244_VT26_SAUL/logs_saul/logs0/Job16.log"}
[2026-06-04 07:57:32.688 Z] [PROCESS] [cadence.virtuoso.ade.simulationMonitor] - Considering to start history {"hostname": "edatools", "processid": 728647, "history": "Interactive.124", "logfile": "/home/saul/projects/IL2244_VT26_SAUL/logs_saul/logs0/Job16.log"}
[2026-06-04 07:57:32.689 Z] [PROCESS] [cadence.virtuoso.ade.simulationMonitor] - HostInfo:
Host name (type):	edatools (x86_64)
Operating system:	Linux 6.17.0-29-generic #29~24.04.1-Ubuntu SMP PREEMPT_DYNAMIC Mon May 11 10:30:58 UTC 2 {"hostname": "edatools", "processid": 728647, "history": "Interactive.124", "logfile": "/home/saul/projects/IL2244_VT26_SAUL/logs_saul/logs0/Job16.log", "nodename": "edatools", "domainname": "(none)", "machine": "x86_64", "sysname": "Linux", "release": "6.17.0-29-generic", "version": "#29~24.04.1-Ubuntu SMP PREEMPT_DYNAMIC Mon May 11 10:30:58 UTC 2"}
[2026-06-04 07:57:32.689 Z] [PROCESS] [cadence.virtuoso.ade.simulationMonitor] - UsageInfo:
pid=728647
totalPhysicalMemory=62.544979GB,Used=38.233994GB,totalVirtualMemory=70.544975GB,Used=38.233994GB
Cpu: Cores=16, Load average:0.260000,0.410000,1.210000 {"hostname": "edatools", "processid": 728647, "history": "Interactive.124", "logfile": "/home/saul/projects/IL2244_VT26_SAUL/logs_saul/logs0/Job16.log", "pid": "728647", "totalPhysicalMemory": "62.544979", "physicalMemoryUsed": "38.233994", "totalVirtualMemory": "70.544975", "virtualMemoryUsed": "38.233994", "cpuCores": "16", "processes": "2002", "loadAverage1": "0.260000", "loadAverage5": "0.410000", "loadAverage15": "1.210000", "loadAverage1Percent": "0.016250"}
[2026-06-04 07:57:32.689 Z] [EVENT] [cadence.virtuoso.ade.simulationMonitor] - NewPoint {"history": "Interactive.124", "point": 1, "testname": "VT26_TOP_top_tb_TRAN_VDD", "cornername": "Nominal", "event": "NewPoint", "EventSource": "Simulation Monitor", "HistoryName": "Interactive.124", "logFile": "/home/saul/projects/IL2244_VT26_SAUL/logs_saul/logs0/Job16.log", "logFileSize": "2201"}
[2026-06-04 07:57:32.790 Z] [EVENT] [cadence.virtuoso.ade.simulationMonitor] - NewPoint {"history": "Interactive.124", "point": 1, "testname": "VT26_TOP_top_tb_TRAN_VDD", "cornername": "Nominal", "event": "NewPoint", "EventSource": "ams", "HistoryName": "Interactive.124", "logFile": "/home/saul/projects/IL2244_VT26_SAUL/Sim/VT26_TOP/topsy_tb/maestro/results/maestro/Interactive.124/1/VT26_TOP_top_tb_TRAN_VDD/psf/xrun.log", "logFileSize": "-1"}
[2026-06-04 07:57:32.800 Z] [PROCESS] [cadence.virtuoso.ade.simulationMonitor] - Simulator launched {"hostname": "edatools", "processid": 728647, "history": "Interactive.124", "testname": "VT26_TOP_top_tb_TRAN_VDD", "cornername": "Nominal", "point": 1, "logfile": "/home/saul/projects/IL2244_VT26_SAUL/logs_saul/logs0/Job16.log", "simid": "1"}
[2026-06-04 07:57:32.801 Z] [PROCESS] [cadence.virtuoso.ade.simulationMonitor] - Expression evaluator launched {"hostname": "edatools", "processid": 728647, "history": "Interactive.124", "testname": "VT26_TOP_top_tb_TRAN_VDD", "cornername": "Nominal", "point": 1, "logfile": "/home/saul/projects/IL2244_VT26_SAUL/logs_saul/logs0/Job16.log"}
[2026-06-04 07:57:32.828 Z] [PROCESS] [cadence.virtuoso.ade.simulationMonitor] - Started Simulation {"hostname": "edatools", "processid": 728647, "history": "Interactive.124", "testname": "VT26_TOP_top_tb_TRAN_VDD", "cornername": "Nominal", "point": 1, "logfile": "/home/saul/projects/IL2244_VT26_SAUL/logs_saul/logs0/Job16.log", "event": "started", "task": "simulation"}
[2026-06-04 07:57:42.857 Z] [INFO] [cadence.virtuoso.ade.simulationMonitor] - Notice from spectre during circuit read-in.
    Pre_Configuration file used: /opt/tools/cadence/installs/SPECTRE241/tools.lnx86/spectre/etc/configs/preset.precfg
    Configuration file used: `/opt/tools/cadence/installs/SPECTRE241/tools.lnx86/spectre/etc/configs/preset.cfg'.
    Configuration file used: `/opt/tools/cadence/installs/SPECTRE241/tools.lnx86/spectre/etc/configs/ams.cfg'. {"history": "Interactive.124", "point": 1, "testname": "VT26_TOP_top_tb_TRAN_VDD", "cornername": "Nominal"}
[2026-06-04 07:57:43.357 Z] [WARN] [cadence.virtuoso.ade.simulationMonitor] -     WARNING (VACOMP-2435): The environment variable CDS_AHDLCMI_ENABLE is no longer supported. Therefore, the simulator will use the default compiled C code flow. {"history": "Interactive.124", "point": 1, "testname": "VT26_TOP_top_tb_TRAN_VDD", "cornername": "Nominal"}
[2026-06-04 07:57:43.357 Z] [INFO] [cadence.virtuoso.ade.simulationMonitor] - Peak resident memory used = 184 Mbytes. {"history": "Interactive.124", "point": 1, "testname": "VT26_TOP_top_tb_TRAN_VDD", "cornername": "Nominal"}
[2026-06-04 07:57:43.358 Z] [WARN] [cadence.virtuoso.ade.simulationMonitor] -     WARNING (SFE-3012): The dummy device topsy_tb.I0.I3.I16.DLIB11 is removed. {"history": "Interactive.124", "point": 1, "testname": "VT26_TOP_top_tb_TRAN_VDD", "cornername": "Nominal"}
[2026-06-04 07:57:43.358 Z] [WARN] [cadence.virtuoso.ade.simulationMonitor] -     WARNING (SFE-3012): The dummy device topsy_tb.I0.I3.I15.DLIB11 is removed. {"history": "Interactive.124", "point": 1, "testname": "VT26_TOP_top_tb_TRAN_VDD", "cornername": "Nominal"}
[2026-06-04 07:57:43.358 Z] [WARN] [cadence.virtuoso.ade.simulationMonitor] -     WARNING (SFE-3012): The dummy device topsy_tb.I0.I3.I16.DLIB9 is removed. {"history": "Interactive.124", "point": 1, "testname": "VT26_TOP_top_tb_TRAN_VDD", "cornername": "Nominal"}
[2026-06-04 07:57:43.358 Z] [WARN] [cadence.virtuoso.ade.simulationMonitor] -     WARNING (SFE-3012): The dummy device topsy_tb.I0.I19.I0.I3.MP13_0_turbo_m4 is removed. {"history": "Interactive.124", "point": 1, "testname": "VT26_TOP_top_tb_TRAN_VDD", "cornername": "Nominal"}
[2026-06-04 07:57:43.358 Z] [WARN] [cadence.virtuoso.ade.simulationMonitor] -     WARNING (SFE-3012): The dummy device topsy_tb.I0.I29.I27.MP27_0_turbo_m2 is removed.
        Further occurrences of this warning will be suppressed. {"history": "Interactive.124", "point": 1, "testname": "VT26_TOP_top_tb_TRAN_VDD", "cornername": "Nominal"}
[2026-06-04 07:57:43.358 Z] [WARN] [cadence.virtuoso.ade.simulationMonitor] -     WARNING (SFE-3026): The shorted/dummy resistor topsy_tb.I0.I3.I20.R1.R0 is removed. {"history": "Interactive.124", "point": 1, "testname": "VT26_TOP_top_tb_TRAN_VDD", "cornername": "Nominal"}
[2026-06-04 07:57:43.358 Z] [WARN] [cadence.virtuoso.ade.simulationMonitor] -     WARNING (SFE-3026): The shorted/dummy resistor topsy_tb.I0.I3.I19.R5.R0 is removed. {"history": "Interactive.124", "point": 1, "testname": "VT26_TOP_top_tb_TRAN_VDD", "cornername": "Nominal"}
[2026-06-04 07:57:43.358 Z] [WARN] [cadence.virtuoso.ade.simulationMonitor] -     WARNING (SFE-3029): The dummy capacitor topsy_tb.I0.I1.I10_turbo_m4.C0.C1 is removed. {"history": "Interactive.124", "point": 1, "testname": "VT26_TOP_top_tb_TRAN_VDD", "cornername": "Nominal"}
[2026-06-04 07:57:43.358 Z] [WARN] [cadence.virtuoso.ade.simulationMonitor] -     WARNING (SFE-3029): The dummy capacitor topsy_tb.I0.I1.I13_turbo_m5.C0.C1 is removed. {"history": "Interactive.124", "point": 1, "testname": "VT26_TOP_top_tb_TRAN_VDD", "cornername": "Nominal"}
[2026-06-04 07:57:43.358 Z] [WARN] [cadence.virtuoso.ade.simulationMonitor] -     WARNING (SFE-3029): The dummy capacitor topsy_tb.I0.I1.I4.R31.CS1 is removed. {"history": "Interactive.124", "point": 1, "testname": "VT26_TOP_top_tb_TRAN_VDD", "cornername": "Nominal"}
[2026-06-04 07:57:43.358 Z] [WARN] [cadence.virtuoso.ade.simulationMonitor] -     WARNING (SFE-3029): The dummy capacitor topsy_tb.I0.I1.I0.C10.C1 is removed. {"history": "Interactive.124", "point": 1, "testname": "VT26_TOP_top_tb_TRAN_VDD", "cornername": "Nominal"}
[2026-06-04 07:57:43.358 Z] [WARN] [cadence.virtuoso.ade.simulationMonitor] -     WARNING (SFE-3029): The dummy capacitor topsy_tb.I0.I1.I1.C1.C1 is removed.
        Further occurrences of this warning will be suppressed. {"history": "Interactive.124", "point": 1, "testname": "VT26_TOP_top_tb_TRAN_VDD", "cornername": "Nominal"}
[2026-06-04 07:57:43.358 Z] [WARN] [cadence.virtuoso.ade.simulationMonitor] -     WARNING (SFE-3026): The shorted/dummy resistor topsy_tb.I0.I3.I17.R2.R0 is removed. {"history": "Interactive.124", "point": 1, "testname": "VT26_TOP_top_tb_TRAN_VDD", "cornername": "Nominal"}
[2026-06-04 07:57:43.358 Z] [WARN] [cadence.virtuoso.ade.simulationMonitor] -     WARNING (SFE-3026): The shorted/dummy resistor topsy_tb.I0.I3.I18.R1.R0 is removed. {"history": "Interactive.124", "point": 1, "testname": "VT26_TOP_top_tb_TRAN_VDD", "cornername": "Nominal"}
[2026-06-04 07:57:43.358 Z] [WARN] [cadence.virtuoso.ade.simulationMonitor] -     WARNING (SFE-3016): The floating node gndr_right! is removed. {"history": "Interactive.124", "point": 1, "testname": "VT26_TOP_top_tb_TRAN_VDD", "cornername": "Nominal"}
[2026-06-04 07:57:43.358 Z] [WARN] [cadence.virtuoso.ade.simulationMonitor] -     WARNING (SFE-3016): The floating node vddr_right! is removed. {"history": "Interactive.124", "point": 1, "testname": "VT26_TOP_top_tb_TRAN_VDD", "cornername": "Nominal"}
[2026-06-04 07:57:43.358 Z] [WARN] [cadence.virtuoso.ade.simulationMonitor] -     WARNING (SFE-3016): The floating node topsy_tb.I0.I0.spi_Rx_data_temp[34] is removed. {"history": "Interactive.124", "point": 1, "testname": "VT26_TOP_top_tb_TRAN_VDD", "cornername": "Nominal"}
[2026-06-04 07:57:43.358 Z] [WARN] [cadence.virtuoso.ade.simulationMonitor] -     WARNING (SFE-3016): The floating node gndr_left! is removed. {"history": "Interactive.124", "point": 1, "testname": "VT26_TOP_top_tb_TRAN_VDD", "cornername": "Nominal"}
[2026-06-04 07:57:43.358 Z] [WARN] [cadence.virtuoso.ade.simulationMonitor] -     WARNING (SFE-3016): The floating node vddo_left! is removed.
        Further occurrences of this warning will be suppressed. {"history": "Interactive.124", "point": 1, "testname": "VT26_TOP_top_tb_TRAN_VDD", "cornername": "Nominal"}
[2026-06-04 07:57:43.358 Z] [INFO] [cadence.virtuoso.ade.simulationMonitor] - Notice from spectre during hierarchy flattening.
    The value 'psf' specified for the 'checklimitdest' option will no longer be supported in future releases. Use 'spectre -h' to see other recommended values for the 'checklimitdest' option. {"history": "Interactive.124", "point": 1, "testname": "VT26_TOP_top_tb_TRAN_VDD", "cornername": "Nominal"}
[2026-06-04 07:57:43.359 Z] [INFO] [cadence.virtuoso.ade.simulationMonitor] - Peak resident memory used = 204 Mbytes. {"history": "Interactive.124", "point": 1, "testname": "VT26_TOP_top_tb_TRAN_VDD", "cornername": "Nominal"}
[2026-06-04 07:57:43.359 Z] [INFO] [cadence.virtuoso.ade.simulationMonitor] - Notice from spectre during hierarchy flattening.
    The value 'psf' specified for the 'checklimitdest' option will no longer be supported in future releases. Use 'spectre -h' to see other recommended values for the 'checklimitdest' option. {"history": "Interactive.124", "point": 1, "testname": "VT26_TOP_top_tb_TRAN_VDD", "cornername": "Nominal"}
[2026-06-04 07:57:43.359 Z] [INFO] [cadence.virtuoso.ade.simulationMonitor] - Peak resident memory used = 216 Mbytes. {"history": "Interactive.124", "point": 1, "testname": "VT26_TOP_top_tb_TRAN_VDD", "cornername": "Nominal"}
[2026-06-04 07:57:43.359 Z] [WARN] [cadence.virtuoso.ade.simulationMonitor] -     WARNING (CMI-2425): topsy_tb.I0.I19.I0.C1_0_turbo_m5: `Acde' = 2.393 is unusually large. {"history": "Interactive.124", "point": 1, "testname": "VT26_TOP_top_tb_TRAN_VDD", "cornername": "Nominal"}
[2026-06-04 07:57:43.359 Z] [WARN] [cadence.virtuoso.ade.simulationMonitor] -     WARNING (CMI-2425): topsy_tb.I0.I19.I0.C1_0_turbo_m5: `Noff' = 4.732 is unusually large. {"history": "Interactive.124", "point": 1, "testname": "VT26_TOP_top_tb_TRAN_VDD", "cornername": "Nominal"}
[2026-06-04 07:57:43.359 Z] [WARN] [cadence.virtuoso.ade.simulationMonitor] -     WARNING (CMI-2424): topsy_tb.I0.I19.I0.C1_0_turbo_m5: `Voffcv' = -867.4e-03 is unusually small. {"history": "Interactive.124", "point": 1, "testname": "VT26_TOP_top_tb_TRAN_VDD", "cornername": "Nominal"}
[2026-06-04 07:57:43.359 Z] [WARN] [cadence.virtuoso.ade.simulationMonitor] -     WARNING (CMI-2425): topsy_tb.I0.I19.I0.C0: `Acde' = 2.393 is unusually large. {"history": "Interactive.124", "point": 1, "testname": "VT26_TOP_top_tb_TRAN_VDD", "cornername": "Nominal"}
[2026-06-04 07:57:43.859 Z] [WARN] [cadence.virtuoso.ade.simulationMonitor] -     WARNING (CMI-2425): topsy_tb.I0.I19.I0.C0: `Noff' = 4.732 is unusually large. {"history": "Interactive.124", "point": 1, "testname": "VT26_TOP_top_tb_TRAN_VDD", "cornername": "Nominal"}
[2026-06-04 07:57:43.859 Z] [WARN] [cadence.virtuoso.ade.simulationMonitor] -     WARNING (CMI-2424): topsy_tb.I0.I19.I0.C0: `Voffcv' = -867.4e-03 is unusually small. {"history": "Interactive.124", "point": 1, "testname": "VT26_TOP_top_tb_TRAN_VDD", "cornername": "Nominal"}
[2026-06-04 07:57:43.859 Z] [WARN] [cadence.virtuoso.ade.simulationMonitor] -     WARNING (CMI-2425): topsy_tb.I0.I19.I0.C3: `Acde' = 2.393 is unusually large.
        Further occurrences of this warning will be suppressed. {"history": "Interactive.124", "point": 1, "testname": "VT26_TOP_top_tb_TRAN_VDD", "cornername": "Nominal"}
[2026-06-04 07:57:43.859 Z] [WARN] [cadence.virtuoso.ade.simulationMonitor] -     WARNING (CMI-2424): topsy_tb.I0.I19.I0.C3: `Voffcv' = -867.4e-03 is unusually small. {"history": "Interactive.124", "point": 1, "testname": "VT26_TOP_top_tb_TRAN_VDD", "cornername": "Nominal"}
[2026-06-04 07:57:43.860 Z] [WARN] [cadence.virtuoso.ade.simulationMonitor] -     WARNING (CMI-2424): topsy_tb.I0.I19.I0.C2: `Voffcv' = -867.4e-03 is unusually small. {"history": "Interactive.124", "point": 1, "testname": "VT26_TOP_top_tb_TRAN_VDD", "cornername": "Nominal"}
[2026-06-04 07:57:43.860 Z] [WARN] [cadence.virtuoso.ade.simulationMonitor] -     WARNING (CMI-2424): topsy_tb.I0.I19.I0.I3.C1: `Voffcv' = -867.4e-03 is unusually small.
        Further occurrences of this warning will be suppressed. {"history": "Interactive.124", "point": 1, "testname": "VT26_TOP_top_tb_TRAN_VDD", "cornername": "Nominal"}
[2026-06-04 07:57:43.860 Z] [WARN] [cadence.virtuoso.ade.simulationMonitor] -     WARNING (SPECTRE-17607): Assert `SOAC_vert10_vsubpsub' is ignored because it contains an expression which is invalid or not supported by native evaluator.  {"history": "Interactive.124", "point": 1, "testname": "VT26_TOP_top_tb_TRAN_VDD", "cornername": "Nominal"}
[2026-06-04 07:57:43.860 Z] [WARN] [cadence.virtuoso.ade.simulationMonitor] -     WARNING (SPECTRE-17607): Assert `SOAC_vert10_vcsub' is ignored because it contains an expression which is invalid or not supported by native evaluator.  {"history": "Interactive.124", "point": 1, "testname": "VT26_TOP_top_tb_TRAN_VDD", "cornername": "Nominal"}
[2026-06-04 07:57:43.860 Z] [WARN] [cadence.virtuoso.ade.simulationMonitor] -     WARNING (SPECTRE-17607): Assert `SOAC_rpolyh_vminuspsub' is ignored because it contains an expression which is invalid or not supported by native evaluator.  {"history": "Interactive.124", "point": 1, "testname": "VT26_TOP_top_tb_TRAN_VDD", "cornername": "Nominal"}
[2026-06-04 07:57:43.860 Z] [WARN] [cadence.virtuoso.ade.simulationMonitor] -     WARNING (SPECTRE-17607): Assert `SOAC_rpolyh_vpluspsub' is ignored because it contains an expression which is invalid or not supported by native evaluator.  {"history": "Interactive.124", "point": 1, "testname": "VT26_TOP_top_tb_TRAN_VDD", "cornername": "Nominal"}
[2026-06-04 07:57:43.860 Z] [WARN] [cadence.virtuoso.ade.simulationMonitor] -     WARNING (SPECTRE-17607): Assert `SOAC_rpoly2_vminuspsub' is ignored because it contains an expression which is invalid or not supported by native evaluator. 
        Further occurrences of this warning will be suppressed. {"history": "Interactive.124", "point": 1, "testname": "VT26_TOP_top_tb_TRAN_VDD", "cornername": "Nominal"}
[2026-06-04 07:57:43.860 Z] [WARN] [cadence.virtuoso.ade.simulationMonitor] -     WARNING (SPECTRE-16460): SOAC_cvarm_vspsub:Specified subcircuit master `cvarm' was not found. {"history": "Interactive.124", "point": 1, "testname": "VT26_TOP_top_tb_TRAN_VDD", "cornername": "Nominal"}
[2026-06-04 07:57:43.860 Z] [WARN] [cadence.virtuoso.ade.simulationMonitor] -     WARNING (SPECTRE-16462): SOAC_cvarm_vspsub:Error in specification of subcircuit master. Assert is ignored. {"history": "Interactive.124", "point": 1, "testname": "VT26_TOP_top_tb_TRAN_VDD", "cornername": "Nominal"}
[2026-06-04 07:57:43.860 Z] [WARN] [cadence.virtuoso.ade.simulationMonitor] -     WARNING (SPECTRE-16460): SOAC_cvarm_vbs:Specified subcircuit master `cvarm' was not found. {"history": "Interactive.124", "point": 1, "testname": "VT26_TOP_top_tb_TRAN_VDD", "cornername": "Nominal"}
[2026-06-04 07:57:43.860 Z] [WARN] [cadence.virtuoso.ade.simulationMonitor] -     WARNING (SPECTRE-16462): SOAC_cvarm_vbs:Error in specification of subcircuit master. Assert is ignored. {"history": "Interactive.124", "point": 1, "testname": "VT26_TOP_top_tb_TRAN_VDD", "cornername": "Nominal"}
[2026-06-04 07:57:43.860 Z] [WARN] [cadence.virtuoso.ade.simulationMonitor] -     WARNING (SPECTRE-16460): SOAC_cvarm_vgb:Specified subcircuit master `cvarm' was not found. {"history": "Interactive.124", "point": 1, "testname": "VT26_TOP_top_tb_TRAN_VDD", "cornername": "Nominal"}
[2026-06-04 07:57:43.860 Z] [WARN] [cadence.virtuoso.ade.simulationMonitor] -     WARNING (SPECTRE-16462): SOAC_cvarm_vgb:Error in specification of subcircuit master. Assert is ignored. {"history": "Interactive.124", "point": 1, "testname": "VT26_TOP_top_tb_TRAN_VDD", "cornername": "Nominal"}
[2026-06-04 07:57:43.861 Z] [WARN] [cadence.virtuoso.ade.simulationMonitor] -     WARNING (SPECTRE-16460): SOAC_cvart_vspsub:Specified subcircuit master `cvart' was not found. {"history": "Interactive.124", "point": 1, "testname": "VT26_TOP_top_tb_TRAN_VDD", "cornername": "Nominal"}
[2026-06-04 07:57:43.861 Z] [WARN] [cadence.virtuoso.ade.simulationMonitor] -     WARNING (SPECTRE-16462): SOAC_cvart_vspsub:Error in specification of subcircuit master. Assert is ignored. {"history": "Interactive.124", "point": 1, "testname": "VT26_TOP_top_tb_TRAN_VDD", "cornername": "Nominal"}
[2026-06-04 07:57:43.861 Z] [WARN] [cadence.virtuoso.ade.simulationMonitor] -     WARNING (SPECTRE-16460): SOAC_cvart_vbs:Specified subcircuit master `cvart' was not found.
        Further occurrences of this warning will be suppressed. {"history": "Interactive.124", "point": 1, "testname": "VT26_TOP_top_tb_TRAN_VDD", "cornername": "Nominal"}
[2026-06-04 07:57:43.861 Z] [WARN] [cadence.virtuoso.ade.simulationMonitor] -     WARNING (SPECTRE-16462): SOAC_cvart_vbs:Error in specification of subcircuit master. Assert is ignored.
        Further occurrences of this warning will be suppressed. {"history": "Interactive.124", "point": 1, "testname": "VT26_TOP_top_tb_TRAN_VDD", "cornername": "Nominal"}
[2026-06-04 07:57:43.861 Z] [INFO] [cadence.virtuoso.ade.simulationMonitor] - Notice from spectre during topology check.
    Only one connection to the following 4 nodes:
        topsy_tb.I0.net24
        topsy_tb.I0.net25
        topsy_tb.I0.net26
        topsy_tb.I0.net27
    No DC path from node `topsy_tb.I0.I19.I28.R11.net9' to ground, Gmin installed to provide path.
    No DC path from node `topsy_tb.I0.I19.I28.R12.net9' to ground, Gmin installed to provide path. {"history": "Interactive.124", "point": 1, "testname": "VT26_TOP_top_tb_TRAN_VDD", "cornername": "Nominal"}
[2026-06-04 07:57:44.361 Z] [WARN] [cadence.virtuoso.ade.simulationMonitor] -     WARNING (SPECTRE-592): Following parameters are disabled because they are ignored or redefined in Spectre X:
        Option Parameters:
          iabstol
          reltol
          vabstol
        Tran Parameters:
          errpreset
          maxiters
         {"history": "Interactive.124", "point": 1, "testname": "VT26_TOP_top_tb_TRAN_VDD", "cornername": "Nominal"}
[2026-06-04 07:57:44.361 Z] [INFO] [cadence.virtuoso.ade.simulationMonitor] -               nodes 4997 {"history": "Interactive.124", "point": 1, "testname": "VT26_TOP_top_tb_TRAN_VDD", "cornername": "Nominal"}
[2026-06-04 07:57:44.361 Z] [INFO] [cadence.virtuoso.ade.simulationMonitor] - Notice from spectre during initial setup.
    1 vsources are shorted because their absolute value is less than or equal to 'vabsshort'.
    12 resistors are changed to resistance form because their value are less than 'rthresh'.
    Spectre X preset=vx enabled.
    3 notices suppressed.
    178 warnings suppressed. {"history": "Interactive.124", "point": 1, "testname": "VT26_TOP_top_tb_TRAN_VDD", "cornername": "Nominal"}
[2026-06-04 07:57:44.362 Z] [INFO] [cadence.virtuoso.ade.simulationMonitor] - Notice from spectre.
    Multithreading enabled: 8 threads in the system with 16 available processors. {"history": "Interactive.124", "point": 1, "testname": "VT26_TOP_top_tb_TRAN_VDD", "cornername": "Nominal"}
[2026-06-04 07:57:44.362 Z] [INFO] [cadence.virtuoso.ade.simulationMonitor] - Peak resident memory used = 264 Mbytes. {"history": "Interactive.124", "point": 1, "testname": "VT26_TOP_top_tb_TRAN_VDD", "cornername": "Nominal"}
[2026-06-04 07:57:44.362 Z] [INFO] [cadence.virtuoso.ade.simulationMonitor] -    -   (Spectre X) Multi-threading. The recommended number of threads is [2, 4], consider adding +mt=2 or +mt=4 on command line. {"history": "Interactive.124", "point": 1, "testname": "VT26_TOP_top_tb_TRAN_VDD", "cornername": "Nominal"}
[2026-06-04 07:57:44.362 Z] [INFO] [cadence.virtuoso.ade.simulationMonitor] - Notice from spectre during transient analysis `tran'.
    No checklimit analysis defined for asserts. A default checklimit analysis 'SpectreChecklimitAnal' has been created with all asserts enabled. {"history": "Interactive.124", "point": 1, "testname": "VT26_TOP_top_tb_TRAN_VDD", "cornername": "Nominal"}
[2026-06-04 07:57:44.362 Z] [WARN] [cadence.virtuoso.ade.simulationMonitor] -     WARNING (CMI-2744): topsy_tb.I0.I3.I11.DLIB6: Junction current density(I/Area) exceeds `imelt'. The results computed by Spectre(R) may be inaccurate because the junction current model has been linearized. {"history": "Interactive.124", "point": 1, "testname": "VT26_TOP_top_tb_TRAN_VDD", "cornername": "Nominal"}
[2026-06-04 07:57:44.362 Z] [WARN] [cadence.virtuoso.ade.simulationMonitor] -     WARNING (CMI-2744): topsy_tb.I0.I3.I7.DLIB6: Junction current density(I/Area) exceeds `imelt'. The results computed by Spectre(R) may be inaccurate because the junction current model has been linearized. {"history": "Interactive.124", "point": 1, "testname": "VT26_TOP_top_tb_TRAN_VDD", "cornername": "Nominal"}
[2026-06-04 07:57:44.362 Z] [INFO] [cadence.virtuoso.ade.simulationMonitor] - Notice from spectre during IC analysis, during transient analysis `tran'.
    GminDC = 1 pS is large enough to noticeably affect the DC solution.
        dV(topsy_tb.I0.I2.VLF2) = 14.5392 mV
        Use the `gmin_check' option to eliminate or expand this report.
    Bad pivoting is found during DC analysis. Option dc_pivot_check=yes is recommended for possible improvement of convergence. {"history": "Interactive.124", "point": 1, "testname": "VT26_TOP_top_tb_TRAN_VDD", "cornername": "Nominal"}
[2026-06-04 07:57:44.362 Z] [INFO] [cadence.virtuoso.ade.simulationMonitor] - Notice from spectre during transient analysis `tran'.
    Output compression for transient analysis is enabled. {"history": "Interactive.124", "point": 1, "testname": "VT26_TOP_top_tb_TRAN_VDD", "cornername": "Nominal"}
[2026-06-04 07:57:44.862 Z] [WARN] [cadence.virtuoso.ade.simulationMonitor] -     WARNING (CMI-2744): topsy_tb.I0.I3.I11.DLIB6: Junction current density(I/Area) exceeds `imelt'. The results computed by Spectre(R) may be inaccurate because the junction current model has been linearized. {"history": "Interactive.124", "point": 1, "testname": "VT26_TOP_top_tb_TRAN_VDD", "cornername": "Nominal"}
[2026-06-04 07:57:44.863 Z] [WARN] [cadence.virtuoso.ade.simulationMonitor] -     WARNING (CMI-2744): topsy_tb.I0.I3.I7.DLIB6: Junction current density(I/Area) exceeds `imelt'. The results computed by Spectre(R) may be inaccurate because the junction current model has been linearized. {"history": "Interactive.124", "point": 1, "testname": "VT26_TOP_top_tb_TRAN_VDD", "cornername": "Nominal"}
[2026-06-04 07:57:44.863 Z] [WARN] [cadence.virtuoso.ade.simulationMonitor] -     WARNING (CMI-2139): topsy_tb.I0.I3.I6.MPLIB_DR1.M_esdpmos4: The bulk-drain junction current exceeds `imelt'.  The results computed by Spectre may be inaccurate because the junction current model has been linearized. {"history": "Interactive.124", "point": 1, "testname": "VT26_TOP_top_tb_TRAN_VDD", "cornername": "Nominal"}
[2026-06-04 07:57:44.863 Z] [WARN] [cadence.virtuoso.ade.simulationMonitor] -     WARNING (CMI-2144): topsy_tb.I0.I3.I6.MPLIB_DR1.M_esdpmos4: The bulk-drain junction current exceeds `imax'. {"history": "Interactive.124", "point": 1, "testname": "VT26_TOP_top_tb_TRAN_VDD", "cornername": "Nominal"}
[2026-06-04 07:57:45.363 Z] [INFO] [cadence.virtuoso.ade.simulationMonitor] - Notice from spectre at time = 106.735 us during transient analysis `tran'.
    topsy_tb.I0.I3.I11.DLIB6: Junction leaves the linearized region.
    topsy_tb.I0.I3.I7.DLIB6: Junction leaves the linearized region. {"history": "Interactive.124", "point": 1, "testname": "VT26_TOP_top_tb_TRAN_VDD", "cornername": "Nominal"}
[2026-06-04 07:57:45.363 Z] [INFO] [cadence.virtuoso.ade.simulationMonitor] - Notice from spectre at time = 125.019 us during transient analysis `tran'.
    topsy_tb.I0.I3.I6.MPLIB_DR1.M_esdpmos4: The bulk-drain junction leaves the linearized region.
    topsy_tb.I0.I3.I6.MPLIB_DR1.M_esdpmos4: The bulk-drain junction current no longer exceeds `imax'. {"history": "Interactive.124", "point": 1, "testname": "VT26_TOP_top_tb_TRAN_VDD", "cornername": "Nominal"}
[2026-06-04 07:57:45.363 Z] [WARN] [cadence.virtuoso.ade.simulationMonitor] -     WARNING (CMI-2425): topsy_tb.I0.I1.I0.C0_0_dummy: `Acde' = 2.393 is unusually large. {"history": "Interactive.124", "point": 1, "testname": "VT26_TOP_top_tb_TRAN_VDD", "cornername": "Nominal"}
[2026-06-04 07:57:45.363 Z] [WARN] [cadence.virtuoso.ade.simulationMonitor] -     WARNING (CMI-2425): topsy_tb.I0.I1.I0.C0_0_dummy: `Noff' = 4.732 is unusually large. {"history": "Interactive.124", "point": 1, "testname": "VT26_TOP_top_tb_TRAN_VDD", "cornername": "Nominal"}
[2026-06-04 07:57:45.363 Z] [WARN] [cadence.virtuoso.ade.simulationMonitor] -     WARNING (CMI-2424): topsy_tb.I0.I1.I0.C0_0_dummy: `Voffcv' = -867.4e-03 is unusually small. {"history": "Interactive.124", "point": 1, "testname": "VT26_TOP_top_tb_TRAN_VDD", "cornername": "Nominal"}
[2026-06-04 07:57:45.363 Z] [WARN] [cadence.virtuoso.ade.simulationMonitor] -     WARNING (CMI-2425): topsy_tb.I0.I1.I3.C1_0_dummy: `Acde' = 2.393 is unusually large. {"history": "Interactive.124", "point": 1, "testname": "VT26_TOP_top_tb_TRAN_VDD", "cornername": "Nominal"}
[2026-06-04 07:57:45.364 Z] [WARN] [cadence.virtuoso.ade.simulationMonitor] -     WARNING (CMI-2425): topsy_tb.I0.I1.I3.C1_0_dummy: `Noff' = 4.732 is unusually large. {"history": "Interactive.124", "point": 1, "testname": "VT26_TOP_top_tb_TRAN_VDD", "cornername": "Nominal"}
[2026-06-04 07:57:45.364 Z] [WARN] [cadence.virtuoso.ade.simulationMonitor] -     WARNING (CMI-2424): topsy_tb.I0.I1.I3.C1_0_dummy: `Voffcv' = -867.4e-03 is unusually small. {"history": "Interactive.124", "point": 1, "testname": "VT26_TOP_top_tb_TRAN_VDD", "cornername": "Nominal"}
[2026-06-04 07:57:45.364 Z] [WARN] [cadence.virtuoso.ade.simulationMonitor] -     WARNING (CMI-2425): topsy_tb.I0.I1.I4.C1_0_dummy: `Acde' = 2.393 is unusually large.
        Further occurrences of this warning will be suppressed. {"history": "Interactive.124", "point": 1, "testname": "VT26_TOP_top_tb_TRAN_VDD", "cornername": "Nominal"}
[2026-06-04 07:57:45.364 Z] [WARN] [cadence.virtuoso.ade.simulationMonitor] -     WARNING (CMI-2424): topsy_tb.I0.I1.I4.C1_0_dummy: `Voffcv' = -867.4e-03 is unusually small. {"history": "Interactive.124", "point": 1, "testname": "VT26_TOP_top_tb_TRAN_VDD", "cornername": "Nominal"}
[2026-06-04 07:57:45.364 Z] [WARN] [cadence.virtuoso.ade.simulationMonitor] -     WARNING (CMI-2424): topsy_tb.I0.I19.I0.C1_0_dummy: `Voffcv' = -867.4e-03 is unusually small. {"history": "Interactive.124", "point": 1, "testname": "VT26_TOP_top_tb_TRAN_VDD", "cornername": "Nominal"}
[2026-06-04 07:57:45.364 Z] [INFO] [cadence.virtuoso.ade.simulationMonitor] - Notice from spectre at time = 160 us during transient analysis `tran'.
    3 warnings suppressed. {"history": "Interactive.124", "point": 1, "testname": "VT26_TOP_top_tb_TRAN_VDD", "cornername": "Nominal"}
[2026-06-04 07:57:45.864 Z] [WARN] [cadence.virtuoso.ade.simulationMonitor] -     WARNING (CMI-2139): topsy_tb.I0.I3.I6.MPLIB_DR1.M_esdpmos4: The bulk-drain junction current exceeds `imelt'.  The results computed by Spectre may be inaccurate because the junction current model has been linearized. {"history": "Interactive.124", "point": 1, "testname": "VT26_TOP_top_tb_TRAN_VDD", "cornername": "Nominal"}
[2026-06-04 07:57:45.864 Z] [WARN] [cadence.virtuoso.ade.simulationMonitor] -     WARNING (CMI-2144): topsy_tb.I0.I3.I6.MPLIB_DR1.M_esdpmos4: The bulk-drain junction current exceeds `imax'. {"history": "Interactive.124", "point": 1, "testname": "VT26_TOP_top_tb_TRAN_VDD", "cornername": "Nominal"}
[2026-06-04 07:57:45.864 Z] [INFO] [cadence.virtuoso.ade.simulationMonitor] - Notice from spectre at time = 375.009 us during transient analysis `tran'.
    topsy_tb.I0.I3.I6.MPLIB_DR1.M_esdpmos4: The bulk-drain junction leaves the linearized region.
    topsy_tb.I0.I3.I6.MPLIB_DR1.M_esdpmos4: The bulk-drain junction current no longer exceeds `imax'. {"history": "Interactive.124", "point": 1, "testname": "VT26_TOP_top_tb_TRAN_VDD", "cornername": "Nominal"}
[2026-06-04 07:57:45.864 Z] [WARN] [cadence.virtuoso.ade.simulationMonitor] -     WARNING (CMI-2139): topsy_tb.I0.I3.I6.MPLIB_DR1.M_esdpmos4: The bulk-drain junction current exceeds `imelt'.  The results computed by Spectre may be inaccurate because the junction current model has been linearized. {"history": "Interactive.124", "point": 1, "testname": "VT26_TOP_top_tb_TRAN_VDD", "cornername": "Nominal"}
[2026-06-04 07:57:45.865 Z] [WARN] [cadence.virtuoso.ade.simulationMonitor] -     WARNING (CMI-2144): topsy_tb.I0.I3.I6.MPLIB_DR1.M_esdpmos4: The bulk-drain junction current exceeds `imax'. {"history": "Interactive.124", "point": 1, "testname": "VT26_TOP_top_tb_TRAN_VDD", "cornername": "Nominal"}
[2026-06-04 07:57:46.365 Z] [INFO] [cadence.virtuoso.ade.simulationMonitor] - Notice from spectre at time = 625.003 us during transient analysis `tran'.
    topsy_tb.I0.I3.I6.MPLIB_DR1.M_esdpmos4: The bulk-drain junction leaves the linearized region.
    topsy_tb.I0.I3.I6.MPLIB_DR1.M_esdpmos4: The bulk-drain junction current no longer exceeds `imax'. {"history": "Interactive.124", "point": 1, "testname": "VT26_TOP_top_tb_TRAN_VDD", "cornername": "Nominal"}
[2026-06-04 08:30:00.908 Z] [INFO] [cadence.virtuoso.ade.simulationMonitor] - Memory Usage - Current physical: 158.5M, Current virtual: 426.6M, Peak physical: 158.5M {"history": "Interactive.124", "point": 1, "testname": "VT26_TOP_top_tb_TRAN_VDD", "cornername": "Nominal"}
[2026-06-04 08:30:00.908 Z] [INFO] [cadence.virtuoso.ade.simulationMonitor] - CPU Usage - 39.2s system + 30.9s user = 70.1s total (3.6% cpu) {"history": "Interactive.124", "point": 1, "testname": "VT26_TOP_top_tb_TRAN_VDD", "cornername": "Nominal"}
[2026-06-04 08:30:01.409 Z] [INFO] [cadence.virtuoso.ade.simulationMonitor] - Total time required for tran analysis `tran': CPU = 9.03967 ks (2h 30m 40s), elapsed = 1.93689 ks (32m  16.9s), util. = 467%. {"history": "Interactive.124", "point": 1, "testname": "VT26_TOP_top_tb_TRAN_VDD", "cornername": "Nominal"}
[2026-06-04 08:30:01.409 Z] [INFO] [cadence.virtuoso.ade.simulationMonitor] - Peak resident memory used = 333 Mbytes. {"history": "Interactive.124", "point": 1, "testname": "VT26_TOP_top_tb_TRAN_VDD", "cornername": "Nominal"}
[2026-06-04 08:30:01.410 Z] [WARN] [cadence.virtuoso.ade.simulationMonitor] -     WARNING (CMI-2425): topsy_tb.I0.I1.I0.C0_0_dummy: `Acde' = 2.393 is unusually large. {"history": "Interactive.124", "point": 1, "testname": "VT26_TOP_top_tb_TRAN_VDD", "cornername": "Nominal"}
[2026-06-04 08:30:01.410 Z] [WARN] [cadence.virtuoso.ade.simulationMonitor] -     WARNING (CMI-2425): topsy_tb.I0.I1.I0.C0_0_dummy: `Noff' = 4.732 is unusually large. {"history": "Interactive.124", "point": 1, "testname": "VT26_TOP_top_tb_TRAN_VDD", "cornername": "Nominal"}
[2026-06-04 08:30:01.410 Z] [WARN] [cadence.virtuoso.ade.simulationMonitor] -     WARNING (CMI-2424): topsy_tb.I0.I1.I0.C0_0_dummy: `Voffcv' = -867.4e-03 is unusually small. {"history": "Interactive.124", "point": 1, "testname": "VT26_TOP_top_tb_TRAN_VDD", "cornername": "Nominal"}
[2026-06-04 08:30:01.411 Z] [WARN] [cadence.virtuoso.ade.simulationMonitor] -     WARNING (CMI-2425): topsy_tb.I0.I1.I3.C1_0_dummy: `Acde' = 2.393 is unusually large. {"history": "Interactive.124", "point": 1, "testname": "VT26_TOP_top_tb_TRAN_VDD", "cornername": "Nominal"}
[2026-06-04 08:30:01.411 Z] [WARN] [cadence.virtuoso.ade.simulationMonitor] -     WARNING (CMI-2425): topsy_tb.I0.I1.I3.C1_0_dummy: `Noff' = 4.732 is unusually large. {"history": "Interactive.124", "point": 1, "testname": "VT26_TOP_top_tb_TRAN_VDD", "cornername": "Nominal"}
[2026-06-04 08:30:01.411 Z] [WARN] [cadence.virtuoso.ade.simulationMonitor] -     WARNING (CMI-2424): topsy_tb.I0.I1.I3.C1_0_dummy: `Voffcv' = -867.4e-03 is unusually small. {"history": "Interactive.124", "point": 1, "testname": "VT26_TOP_top_tb_TRAN_VDD", "cornername": "Nominal"}
[2026-06-04 08:30:01.411 Z] [WARN] [cadence.virtuoso.ade.simulationMonitor] -     WARNING (CMI-2425): topsy_tb.I0.I1.I4.C1_0_dummy: `Acde' = 2.393 is unusually large.
        Further occurrences of this warning will be suppressed. {"history": "Interactive.124", "point": 1, "testname": "VT26_TOP_top_tb_TRAN_VDD", "cornername": "Nominal"}
[2026-06-04 08:30:01.412 Z] [WARN] [cadence.virtuoso.ade.simulationMonitor] -     WARNING (CMI-2424): topsy_tb.I0.I1.I4.C1_0_dummy: `Voffcv' = -867.4e-03 is unusually small. {"history": "Interactive.124", "point": 1, "testname": "VT26_TOP_top_tb_TRAN_VDD", "cornername": "Nominal"}
[2026-06-04 08:30:01.412 Z] [WARN] [cadence.virtuoso.ade.simulationMonitor] -     WARNING (CMI-2424): topsy_tb.I0.I19.I0.C1_0_dummy: `Voffcv' = -867.4e-03 is unusually small. {"history": "Interactive.124", "point": 1, "testname": "VT26_TOP_top_tb_TRAN_VDD", "cornername": "Nominal"}
[2026-06-04 08:30:01.412 Z] [INFO] [cadence.virtuoso.ade.simulationMonitor] - Notice from spectre.
    3 warnings suppressed. {"history": "Interactive.124", "point": 1, "testname": "VT26_TOP_top_tb_TRAN_VDD", "cornername": "Nominal"}
[2026-06-04 08:30:01.412 Z] [INFO] [cadence.virtuoso.ade.simulationMonitor] - Time used: CPU = 9.04 ks (2h 30m 41s), elapsed = 1.94 ks (32m  18.3s), util. = 466%. {"history": "Interactive.124", "point": 1, "testname": "VT26_TOP_top_tb_TRAN_VDD", "cornername": "Nominal"}
[2026-06-04 08:30:01.413 Z] [INFO] [cadence.virtuoso.ade.simulationMonitor] - Time spent in licensing: elapsed = 76.7 ms. {"history": "Interactive.124", "point": 1, "testname": "VT26_TOP_top_tb_TRAN_VDD", "cornername": "Nominal"}
[2026-06-04 08:30:01.413 Z] [INFO] [cadence.virtuoso.ade.simulationMonitor] - Peak memory used = 332 Mbytes. {"history": "Interactive.124", "point": 1, "testname": "VT26_TOP_top_tb_TRAN_VDD", "cornername": "Nominal"}
[2026-06-04 08:30:01.413 Z] [PROCESS] [cadence.virtuoso.ade.simulationMonitor] - Simulation started at: 7:57:42 AM, Thur Jun 4, 2026, ended at: 8:30:01 AM, Thur Jun 4, 2026, with elapsed time (wall clock): 1.94 ks (32m  18.3s). {"history": "Interactive.124", "point": 1, "testname": "VT26_TOP_top_tb_TRAN_VDD", "cornername": "Nominal"}
[2026-06-04 08:30:01.414 Z] [PROCESS] [cadence.virtuoso.ade.simulationMonitor] - spectre completes with 0 errors, 74 warnings, and 33 notices. {"history": "Interactive.124", "point": 1, "testname": "VT26_TOP_top_tb_TRAN_VDD", "cornername": "Nominal"}
[2026-06-04 08:30:01.414 Z] [INFO] [cadence.virtuoso.ade.simulationMonitor] - xmsim: Memory Usage - Final: 155.5M, Peak: 158.4M, Peak virtual: 487.1M {"history": "Interactive.124", "point": 1, "testname": "VT26_TOP_top_tb_TRAN_VDD", "cornername": "Nominal"}
[2026-06-04 08:30:01.414 Z] [INFO] [cadence.virtuoso.ade.simulationMonitor] - xmsim: CPU Usage - 703.0s system + 8408.8s user = 9111.8s total (1940.3s, 100.0% cpu) {"history": "Interactive.124", "point": 1, "testname": "VT26_TOP_top_tb_TRAN_VDD", "cornername": "Nominal"}
[2026-06-04 08:30:01.414 Z] [PROCESS] [cadence.virtuoso.ade.simulationMonitor] - Finished simulating for one point {"hostname": "edatools", "processid": 728647, "history": "Interactive.124", "testname": "VT26_TOP_top_tb_TRAN_VDD", "cornername": "Nominal", "point": 1, "logfile": "/home/saul/projects/IL2244_VT26_SAUL/logs_saul/logs0/Job16.log", "simid": "1"}
[2026-06-04 08:30:01.415 Z] [PROCESS] [cadence.virtuoso.ade.simulationMonitor] - Simulator exited {"hostname": "edatools", "processid": 728647, "history": "Interactive.124", "testname": "VT26_TOP_top_tb_TRAN_VDD", "cornername": "Nominal", "point": 1, "logfile": "/home/saul/projects/IL2244_VT26_SAUL/logs_saul/logs0/Job16.log", "exitStatus": "0"}
[2026-06-04 08:30:01.415 Z] [PROCESS] [cadence.virtuoso.ade.simulationMonitor] - Finished Simulation {"hostname": "edatools", "processid": 728647, "history": "Interactive.124", "testname": "VT26_TOP_top_tb_TRAN_VDD", "cornername": "Nominal", "point": 1, "logfile": "/home/saul/projects/IL2244_VT26_SAUL/logs_saul/logs0/Job16.log", "simid": "1"}
[2026-06-04 08:30:01.419 Z] [PROCESS] [cadence.virtuoso.ade.simulationMonitor] - Expression evaluator launched {"hostname": "edatools", "processid": 728647, "history": "Interactive.124", "testname": "VT26_TOP_top_tb_TRAN_VDD", "cornername": "Nominal", "point": 1, "logfile": "/home/saul/projects/IL2244_VT26_SAUL/logs_saul/logs0/Job16.log"}
[2026-06-04 08:30:11.430 Z] [PROCESS] [cadence.virtuoso.ade.simulationMonitor] - Point Finished {"hostname": "edatools", "processid": 728647, "history": "Interactive.124", "testname": "VT26_TOP_top_tb_TRAN_VDD", "cornername": "Nominal", "point": 1, "logfile": "/home/saul/projects/IL2244_VT26_SAUL/logs_saul/logs0/Job16.log"}
[2026-06-04 08:35:12.094 Z] [PROCESS] [cadence.virtuoso.ade.simulationMonitor] - Current memory used: 52.3164 MBytes, peak memory used: 52.3164 MBytes {"hostname": "edatools", "processid": 728647, "history": "Interactive.124", "testname": "VT26_TOP_top_tb_TRAN_VDD", "cornername": "Nominal", "point": 1, "logfile": "/home/saul/projects/IL2244_VT26_SAUL/logs_saul/logs0/Job16.log"}
[2026-06-04 08:35:12.094 Z] [PROCESS] [cadence.virtuoso.ade.simulationMonitor] - Simulation Monitor process exit. {"hostname": "edatools", "processid": 728647, "history": "Interactive.124", "testname": "VT26_TOP_top_tb_TRAN_VDD", "cornername": "Nominal", "point": 1, "logfile": "/home/saul/projects/IL2244_VT26_SAUL/logs_saul/logs0/Job16.log"}
