[Simulation Monitor: 14]
[2026-06-09 21:18:59.122 Z] [PROCESS] [cadence.virtuoso.ade.simulationMonitor] - Simulation Monitor has successfully started up. Trying to set up communication channels to other components ... {"hostname": "edatools", "processid": 1201325, "logfile": "/home/saul/projects/IL2244_VT26_SAUL/logs_saul/logs0/Job14.log"}
[2026-06-09 21:18:59.123 Z] [PROCESS] [cadence.virtuoso.ade.simulationMonitor] - Communication channels have been successfully set up. Start processing events ... {"hostname": "edatools", "processid": 1201325, "logfile": "/home/saul/projects/IL2244_VT26_SAUL/logs_saul/logs0/Job14.log"}
[2026-06-09 21:18:59.123 Z] [PROCESS] [cadence.virtuoso.ade.simulationMonitor] - Considering to start history {"hostname": "edatools", "processid": 1201325, "history": "Interactive.178", "logfile": "/home/saul/projects/IL2244_VT26_SAUL/logs_saul/logs0/Job14.log"}
[2026-06-09 21:18:59.124 Z] [PROCESS] [cadence.virtuoso.ade.simulationMonitor] - HostInfo:
Host name (type):	edatools (x86_64)
Operating system:	Linux 6.17.0-29-generic #29~24.04.1-Ubuntu SMP PREEMPT_DYNAMIC Mon May 11 10:30:58 UTC 2 {"hostname": "edatools", "processid": 1201325, "history": "Interactive.178", "logfile": "/home/saul/projects/IL2244_VT26_SAUL/logs_saul/logs0/Job14.log", "nodename": "edatools", "domainname": "(none)", "machine": "x86_64", "sysname": "Linux", "release": "6.17.0-29-generic", "version": "#29~24.04.1-Ubuntu SMP PREEMPT_DYNAMIC Mon May 11 10:30:58 UTC 2"}
[2026-06-09 21:18:59.124 Z] [PROCESS] [cadence.virtuoso.ade.simulationMonitor] - UsageInfo:
pid=1201325
totalPhysicalMemory=62.544979GB,Used=49.892685GB,totalVirtualMemory=70.544975GB,Used=49.892685GB
Cpu: Cores=16, Load average:0.470000,0.670000,2.350000 {"hostname": "edatools", "processid": 1201325, "history": "Interactive.178", "logfile": "/home/saul/projects/IL2244_VT26_SAUL/logs_saul/logs0/Job14.log", "pid": "1201325", "totalPhysicalMemory": "62.544979", "physicalMemoryUsed": "49.892685", "totalVirtualMemory": "70.544975", "virtualMemoryUsed": "49.892685", "cpuCores": "16", "processes": "1580", "loadAverage1": "0.470000", "loadAverage5": "0.670000", "loadAverage15": "2.350000", "loadAverage1Percent": "0.029375"}
[2026-06-09 21:18:59.124 Z] [EVENT] [cadence.virtuoso.ade.simulationMonitor] - NewPoint {"history": "Interactive.178", "point": 1, "testname": "VT26_TOP_top_tb_TRAN_FILTER_ECG", "cornername": "Nominal", "event": "NewPoint", "EventSource": "Simulation Monitor", "HistoryName": "Interactive.178", "logFile": "/home/saul/projects/IL2244_VT26_SAUL/logs_saul/logs0/Job14.log", "logFileSize": "2208"}
[2026-06-09 21:18:59.225 Z] [EVENT] [cadence.virtuoso.ade.simulationMonitor] - NewPoint {"history": "Interactive.178", "point": 1, "testname": "VT26_TOP_top_tb_TRAN_FILTER_ECG", "cornername": "Nominal", "event": "NewPoint", "EventSource": "ams", "HistoryName": "Interactive.178", "logFile": "/home/saul/projects/IL2244_VT26_SAUL/Sim/VT26_TOP/topsyh_tb/maestro/results/maestro/Interactive.178/1/VT26_TOP_top_tb_TRAN_FILTER_ECG/psf/xrun.log", "logFileSize": "-1"}
[2026-06-09 21:18:59.236 Z] [PROCESS] [cadence.virtuoso.ade.simulationMonitor] - Simulator launched {"hostname": "edatools", "processid": 1201325, "history": "Interactive.178", "testname": "VT26_TOP_top_tb_TRAN_FILTER_ECG", "cornername": "Nominal", "point": 1, "logfile": "/home/saul/projects/IL2244_VT26_SAUL/logs_saul/logs0/Job14.log", "simid": "1"}
[2026-06-09 21:18:59.238 Z] [PROCESS] [cadence.virtuoso.ade.simulationMonitor] - Expression evaluator launched {"hostname": "edatools", "processid": 1201325, "history": "Interactive.178", "testname": "VT26_TOP_top_tb_TRAN_FILTER_ECG", "cornername": "Nominal", "point": 1, "logfile": "/home/saul/projects/IL2244_VT26_SAUL/logs_saul/logs0/Job14.log"}
[2026-06-09 21:18:59.261 Z] [PROCESS] [cadence.virtuoso.ade.simulationMonitor] - Started Simulation {"hostname": "edatools", "processid": 1201325, "history": "Interactive.178", "testname": "VT26_TOP_top_tb_TRAN_FILTER_ECG", "cornername": "Nominal", "point": 1, "logfile": "/home/saul/projects/IL2244_VT26_SAUL/logs_saul/logs0/Job14.log", "event": "started", "task": "simulation"}
[2026-06-09 21:19:15.820 Z] [INFO] [cadence.virtuoso.ade.simulationMonitor] - Notice from spectre during circuit read-in.
    Pre_Configuration file used: /opt/tools/cadence/installs/SPECTRE241/tools.lnx86/spectre/etc/configs/preset.precfg
    Configuration file used: `/opt/tools/cadence/installs/SPECTRE241/tools.lnx86/spectre/etc/configs/preset.cfg'.
    Configuration file used: `/opt/tools/cadence/installs/SPECTRE241/tools.lnx86/spectre/etc/configs/ams.cfg'. {"history": "Interactive.178", "point": 1, "testname": "VT26_TOP_top_tb_TRAN_FILTER_ECG", "cornername": "Nominal"}
[2026-06-09 21:19:15.820 Z] [WARN] [cadence.virtuoso.ade.simulationMonitor] -     WARNING (VACOMP-2435): The environment variable CDS_AHDLCMI_ENABLE is no longer supported. Therefore, the simulator will use the default compiled C code flow. {"history": "Interactive.178", "point": 1, "testname": "VT26_TOP_top_tb_TRAN_FILTER_ECG", "cornername": "Nominal"}
[2026-06-09 21:19:15.820 Z] [INFO] [cadence.virtuoso.ade.simulationMonitor] - Peak resident memory used = 208 Mbytes. {"history": "Interactive.178", "point": 1, "testname": "VT26_TOP_top_tb_TRAN_FILTER_ECG", "cornername": "Nominal"}
[2026-06-09 21:19:16.821 Z] [WARN] [cadence.virtuoso.ade.simulationMonitor] -     WARNING (SFE-3029): The dummy capacitor topsyh_tb.I0.I3|I19|RLIB_GC1.CS1 is removed. {"history": "Interactive.178", "point": 1, "testname": "VT26_TOP_top_tb_TRAN_FILTER_ECG", "cornername": "Nominal"}
[2026-06-09 21:19:16.821 Z] [WARN] [cadence.virtuoso.ade.simulationMonitor] -     WARNING (SFE-3029): The dummy capacitor topsyh_tb.I0.I3|I17|RLIB_GC1.CS0 is removed. {"history": "Interactive.178", "point": 1, "testname": "VT26_TOP_top_tb_TRAN_FILTER_ECG", "cornername": "Nominal"}
[2026-06-09 21:19:16.821 Z] [WARN] [cadence.virtuoso.ade.simulationMonitor] -     WARNING (SFE-3029): The dummy capacitor topsyh_tb.I0.I4|I25|I33|R32_turbo_m6.CS1 is removed. {"history": "Interactive.178", "point": 1, "testname": "VT26_TOP_top_tb_TRAN_FILTER_ECG", "cornername": "Nominal"}
[2026-06-09 21:19:16.821 Z] [WARN] [cadence.virtuoso.ade.simulationMonitor] -     WARNING (SFE-3029): The dummy capacitor topsyh_tb.I0.I1|I0|R3.CS0 is removed. {"history": "Interactive.178", "point": 1, "testname": "VT26_TOP_top_tb_TRAN_FILTER_ECG", "cornername": "Nominal"}
[2026-06-09 21:19:16.822 Z] [WARN] [cadence.virtuoso.ade.simulationMonitor] -     WARNING (SFE-3029): The dummy capacitor topsyh_tb.I0.I4|I25|R1.CS0 is removed.
        Further occurrences of this warning will be suppressed. {"history": "Interactive.178", "point": 1, "testname": "VT26_TOP_top_tb_TRAN_FILTER_ECG", "cornername": "Nominal"}
[2026-06-09 21:19:16.822 Z] [WARN] [cadence.virtuoso.ade.simulationMonitor] -     WARNING (SFE-3012): The dummy device topsyh_tb.I0.I2|I2|MP31(3)_turbo_m4 is removed. {"history": "Interactive.178", "point": 1, "testname": "VT26_TOP_top_tb_TRAN_FILTER_ECG", "cornername": "Nominal"}
[2026-06-09 21:19:16.822 Z] [WARN] [cadence.virtuoso.ade.simulationMonitor] -     WARNING (SFE-3030): The dangling capacitor topsyh_tb.I0.c13800 is removed. {"history": "Interactive.178", "point": 1, "testname": "VT26_TOP_top_tb_TRAN_FILTER_ECG", "cornername": "Nominal"}
[2026-06-09 21:19:16.822 Z] [WARN] [cadence.virtuoso.ade.simulationMonitor] -     WARNING (SFE-3026): The shorted/dummy resistor topsyh_tb.I0.I3|I46|R2_4__rcx is removed. {"history": "Interactive.178", "point": 1, "testname": "VT26_TOP_top_tb_TRAN_FILTER_ECG", "cornername": "Nominal"}
[2026-06-09 21:19:16.822 Z] [WARN] [cadence.virtuoso.ade.simulationMonitor] -     WARNING (SFE-3012): The dummy device topsyh_tb.I0.I1|I2|Q3(30)_turbo_m63 is removed. {"history": "Interactive.178", "point": 1, "testname": "VT26_TOP_top_tb_TRAN_FILTER_ECG", "cornername": "Nominal"}
[2026-06-09 21:19:16.822 Z] [WARN] [cadence.virtuoso.ade.simulationMonitor] -     WARNING (SFE-3013): The dangling device topsyh_tb.I0.I3|I6|avD41_3_turbo_m10.I4 is removed. {"history": "Interactive.178", "point": 1, "testname": "VT26_TOP_top_tb_TRAN_FILTER_ECG", "cornername": "Nominal"}
[2026-06-09 21:19:16.822 Z] [WARN] [cadence.virtuoso.ade.simulationMonitor] -     WARNING (SFE-3012): The dummy device topsyh_tb.I0.I29|I15|Q6(23)_turbo_m24 is removed. {"history": "Interactive.178", "point": 1, "testname": "VT26_TOP_top_tb_TRAN_FILTER_ECG", "cornername": "Nominal"}
[2026-06-09 21:19:16.822 Z] [WARN] [cadence.virtuoso.ade.simulationMonitor] -     WARNING (SFE-3026): The shorted/dummy resistor topsyh_tb.I0.I3|I46|R2_3__rcx is removed. {"history": "Interactive.178", "point": 1, "testname": "VT26_TOP_top_tb_TRAN_FILTER_ECG", "cornername": "Nominal"}
[2026-06-09 21:19:16.822 Z] [WARN] [cadence.virtuoso.ade.simulationMonitor] -     WARNING (SFE-3026): The shorted/dummy resistor topsyh_tb.I0.I3|I46|R2_2__rcx is removed. {"history": "Interactive.178", "point": 1, "testname": "VT26_TOP_top_tb_TRAN_FILTER_ECG", "cornername": "Nominal"}
[2026-06-09 21:19:16.822 Z] [WARN] [cadence.virtuoso.ade.simulationMonitor] -     WARNING (SFE-3026): The shorted/dummy resistor topsyh_tb.I0.I3|I46|R2_1__rcx is removed. {"history": "Interactive.178", "point": 1, "testname": "VT26_TOP_top_tb_TRAN_FILTER_ECG", "cornername": "Nominal"}
[2026-06-09 21:19:16.822 Z] [WARN] [cadence.virtuoso.ade.simulationMonitor] -     WARNING (SFE-3012): The dummy device topsyh_tb.I0.I29|I15|MN31(3)_turbo_m4 is removed. {"history": "Interactive.178", "point": 1, "testname": "VT26_TOP_top_tb_TRAN_FILTER_ECG", "cornername": "Nominal"}
[2026-06-09 21:19:16.822 Z] [WARN] [cadence.virtuoso.ade.simulationMonitor] -     WARNING (SFE-3012): The dummy device topsyh_tb.I0.I4|I25|I33|MN22(1) is removed.
        Further occurrences of this warning will be suppressed. {"history": "Interactive.178", "point": 1, "testname": "VT26_TOP_top_tb_TRAN_FILTER_ECG", "cornername": "Nominal"}
[2026-06-09 21:19:16.822 Z] [WARN] [cadence.virtuoso.ade.simulationMonitor] -     WARNING (SFE-3026): The shorted/dummy resistor topsyh_tb.I0.I3|I46|R2_6__rcx is removed.
        Further occurrences of this warning will be suppressed. {"history": "Interactive.178", "point": 1, "testname": "VT26_TOP_top_tb_TRAN_FILTER_ECG", "cornername": "Nominal"}
[2026-06-09 21:19:16.822 Z] [WARN] [cadence.virtuoso.ade.simulationMonitor] -     WARNING (SFE-3015): The dangling node topsyh_tb.I0.avC121 is removed. {"history": "Interactive.178", "point": 1, "testname": "VT26_TOP_top_tb_TRAN_FILTER_ECG", "cornername": "Nominal"}
[2026-06-09 21:19:16.822 Z] [WARN] [cadence.virtuoso.ade.simulationMonitor] -     WARNING (SFE-3016): The floating node vdd3r1! is removed. {"history": "Interactive.178", "point": 1, "testname": "VT26_TOP_top_tb_TRAN_FILTER_ECG", "cornername": "Nominal"}
[2026-06-09 21:19:16.822 Z] [WARN] [cadence.virtuoso.ade.simulationMonitor] -     WARNING (SFE-3016): The floating node vdd3r2! is removed. {"history": "Interactive.178", "point": 1, "testname": "VT26_TOP_top_tb_TRAN_FILTER_ECG", "cornername": "Nominal"}
[2026-06-09 21:19:16.822 Z] [WARN] [cadence.virtuoso.ade.simulationMonitor] -     WARNING (SFE-3015): The dangling node topsyh_tb.I0.1163\:vdd3o! is removed. {"history": "Interactive.178", "point": 1, "testname": "VT26_TOP_top_tb_TRAN_FILTER_ECG", "cornername": "Nominal"}
[2026-06-09 21:19:16.822 Z] [INFO] [cadence.virtuoso.ade.simulationMonitor] - Notice from spectre during hierarchy flattening.
    The value 'psf' specified for the 'checklimitdest' option will no longer be supported in future releases. Use 'spectre -h' to see other recommended values for the 'checklimitdest' option. {"history": "Interactive.178", "point": 1, "testname": "VT26_TOP_top_tb_TRAN_FILTER_ECG", "cornername": "Nominal"}
[2026-06-09 21:19:17.323 Z] [INFO] [cadence.virtuoso.ade.simulationMonitor] - Peak resident memory used = 273 Mbytes. {"history": "Interactive.178", "point": 1, "testname": "VT26_TOP_top_tb_TRAN_FILTER_ECG", "cornername": "Nominal"}
[2026-06-09 21:19:17.323 Z] [INFO] [cadence.virtuoso.ade.simulationMonitor] - Notice from spectre during hierarchy flattening.
    The value 'psf' specified for the 'checklimitdest' option will no longer be supported in future releases. Use 'spectre -h' to see other recommended values for the 'checklimitdest' option. {"history": "Interactive.178", "point": 1, "testname": "VT26_TOP_top_tb_TRAN_FILTER_ECG", "cornername": "Nominal"}
[2026-06-09 21:19:17.323 Z] [INFO] [cadence.virtuoso.ade.simulationMonitor] - Peak resident memory used = 311 Mbytes. {"history": "Interactive.178", "point": 1, "testname": "VT26_TOP_top_tb_TRAN_FILTER_ECG", "cornername": "Nominal"}
[2026-06-09 21:19:17.323 Z] [WARN] [cadence.virtuoso.ade.simulationMonitor] -     WARNING (CMI-2425): topsyh_tb.I0.I1|I4|C1(0)_turbo_m11: `Acde' = 2.393 is unusually large. {"history": "Interactive.178", "point": 1, "testname": "VT26_TOP_top_tb_TRAN_FILTER_ECG", "cornername": "Nominal"}
[2026-06-09 21:19:17.323 Z] [WARN] [cadence.virtuoso.ade.simulationMonitor] -     WARNING (CMI-2425): topsyh_tb.I0.I1|I4|C1(0)_turbo_m11: `Noff' = 4.732 is unusually large. {"history": "Interactive.178", "point": 1, "testname": "VT26_TOP_top_tb_TRAN_FILTER_ECG", "cornername": "Nominal"}
[2026-06-09 21:19:17.323 Z] [WARN] [cadence.virtuoso.ade.simulationMonitor] -     WARNING (CMI-2424): topsyh_tb.I0.I1|I4|C1(0)_turbo_m11: `Voffcv' = -867.4e-03 is unusually small. {"history": "Interactive.178", "point": 1, "testname": "VT26_TOP_top_tb_TRAN_FILTER_ECG", "cornername": "Nominal"}
[2026-06-09 21:19:17.323 Z] [WARN] [cadence.virtuoso.ade.simulationMonitor] -     WARNING (CMI-2425): topsyh_tb.I0.I1|I0|C0(0)_turbo_m6: `Acde' = 2.393 is unusually large. {"history": "Interactive.178", "point": 1, "testname": "VT26_TOP_top_tb_TRAN_FILTER_ECG", "cornername": "Nominal"}
[2026-06-09 21:19:17.323 Z] [WARN] [cadence.virtuoso.ade.simulationMonitor] -     WARNING (CMI-2425): topsyh_tb.I0.I1|I0|C0(0)_turbo_m6: `Noff' = 4.732 is unusually large. {"history": "Interactive.178", "point": 1, "testname": "VT26_TOP_top_tb_TRAN_FILTER_ECG", "cornername": "Nominal"}
[2026-06-09 21:19:17.324 Z] [WARN] [cadence.virtuoso.ade.simulationMonitor] -     WARNING (CMI-2424): topsyh_tb.I0.I1|I0|C0(0)_turbo_m6: `Voffcv' = -867.4e-03 is unusually small. {"history": "Interactive.178", "point": 1, "testname": "VT26_TOP_top_tb_TRAN_FILTER_ECG", "cornername": "Nominal"}
[2026-06-09 21:19:17.324 Z] [WARN] [cadence.virtuoso.ade.simulationMonitor] -     WARNING (CMI-2425): topsyh_tb.I0.I1|I3|C1(0)_turbo_m6: `Acde' = 2.393 is unusually large.
        Further occurrences of this warning will be suppressed. {"history": "Interactive.178", "point": 1, "testname": "VT26_TOP_top_tb_TRAN_FILTER_ECG", "cornername": "Nominal"}
[2026-06-09 21:19:17.324 Z] [WARN] [cadence.virtuoso.ade.simulationMonitor] -     WARNING (CMI-2424): topsyh_tb.I0.I1|I3|C1(0)_turbo_m6: `Voffcv' = -867.4e-03 is unusually small. {"history": "Interactive.178", "point": 1, "testname": "VT26_TOP_top_tb_TRAN_FILTER_ECG", "cornername": "Nominal"}
[2026-06-09 21:19:18.837 Z] [WARN] [cadence.virtuoso.ade.simulationMonitor] -     WARNING (SPECTRE-17607): Assert `SOAC_vert10_vsubpsub' is ignored because it contains an expression which is invalid or not supported by native evaluator.  {"history": "Interactive.178", "point": 1, "testname": "VT26_TOP_top_tb_TRAN_FILTER_ECG", "cornername": "Nominal"}
[2026-06-09 21:19:18.838 Z] [WARN] [cadence.virtuoso.ade.simulationMonitor] -     WARNING (SPECTRE-17607): Assert `SOAC_vert10_vcsub' is ignored because it contains an expression which is invalid or not supported by native evaluator.  {"history": "Interactive.178", "point": 1, "testname": "VT26_TOP_top_tb_TRAN_FILTER_ECG", "cornername": "Nominal"}
[2026-06-09 21:19:18.838 Z] [WARN] [cadence.virtuoso.ade.simulationMonitor] -     WARNING (SPECTRE-17607): Assert `SOAC_rpolyh_vminuspsub' is ignored because it contains an expression which is invalid or not supported by native evaluator.  {"history": "Interactive.178", "point": 1, "testname": "VT26_TOP_top_tb_TRAN_FILTER_ECG", "cornername": "Nominal"}
[2026-06-09 21:19:18.838 Z] [WARN] [cadence.virtuoso.ade.simulationMonitor] -     WARNING (SPECTRE-17607): Assert `SOAC_rpolyh_vpluspsub' is ignored because it contains an expression which is invalid or not supported by native evaluator.  {"history": "Interactive.178", "point": 1, "testname": "VT26_TOP_top_tb_TRAN_FILTER_ECG", "cornername": "Nominal"}
[2026-06-09 21:19:18.838 Z] [WARN] [cadence.virtuoso.ade.simulationMonitor] -     WARNING (SPECTRE-17607): Assert `SOAC_rpoly2_vminuspsub' is ignored because it contains an expression which is invalid or not supported by native evaluator. 
        Further occurrences of this warning will be suppressed. {"history": "Interactive.178", "point": 1, "testname": "VT26_TOP_top_tb_TRAN_FILTER_ECG", "cornername": "Nominal"}
[2026-06-09 21:19:18.838 Z] [WARN] [cadence.virtuoso.ade.simulationMonitor] -     WARNING (SPECTRE-16460): SOAC_cvarm_vspsub:Specified subcircuit master `cvarm' was not found. {"history": "Interactive.178", "point": 1, "testname": "VT26_TOP_top_tb_TRAN_FILTER_ECG", "cornername": "Nominal"}
[2026-06-09 21:19:18.838 Z] [WARN] [cadence.virtuoso.ade.simulationMonitor] -     WARNING (SPECTRE-16462): SOAC_cvarm_vspsub:Error in specification of subcircuit master. Assert is ignored. {"history": "Interactive.178", "point": 1, "testname": "VT26_TOP_top_tb_TRAN_FILTER_ECG", "cornername": "Nominal"}
[2026-06-09 21:19:18.838 Z] [WARN] [cadence.virtuoso.ade.simulationMonitor] -     WARNING (SPECTRE-16460): SOAC_cvarm_vbs:Specified subcircuit master `cvarm' was not found. {"history": "Interactive.178", "point": 1, "testname": "VT26_TOP_top_tb_TRAN_FILTER_ECG", "cornername": "Nominal"}
[2026-06-09 21:19:18.838 Z] [WARN] [cadence.virtuoso.ade.simulationMonitor] -     WARNING (SPECTRE-16462): SOAC_cvarm_vbs:Error in specification of subcircuit master. Assert is ignored. {"history": "Interactive.178", "point": 1, "testname": "VT26_TOP_top_tb_TRAN_FILTER_ECG", "cornername": "Nominal"}
[2026-06-09 21:19:18.838 Z] [WARN] [cadence.virtuoso.ade.simulationMonitor] -     WARNING (SPECTRE-16460): SOAC_cvarm_vgb:Specified subcircuit master `cvarm' was not found. {"history": "Interactive.178", "point": 1, "testname": "VT26_TOP_top_tb_TRAN_FILTER_ECG", "cornername": "Nominal"}
[2026-06-09 21:19:18.838 Z] [WARN] [cadence.virtuoso.ade.simulationMonitor] -     WARNING (SPECTRE-16462): SOAC_cvarm_vgb:Error in specification of subcircuit master. Assert is ignored. {"history": "Interactive.178", "point": 1, "testname": "VT26_TOP_top_tb_TRAN_FILTER_ECG", "cornername": "Nominal"}
[2026-06-09 21:19:18.838 Z] [WARN] [cadence.virtuoso.ade.simulationMonitor] -     WARNING (SPECTRE-16460): SOAC_cvart_vspsub:Specified subcircuit master `cvart' was not found. {"history": "Interactive.178", "point": 1, "testname": "VT26_TOP_top_tb_TRAN_FILTER_ECG", "cornername": "Nominal"}
[2026-06-09 21:19:18.838 Z] [WARN] [cadence.virtuoso.ade.simulationMonitor] -     WARNING (SPECTRE-16462): SOAC_cvart_vspsub:Error in specification of subcircuit master. Assert is ignored. {"history": "Interactive.178", "point": 1, "testname": "VT26_TOP_top_tb_TRAN_FILTER_ECG", "cornername": "Nominal"}
[2026-06-09 21:19:18.838 Z] [WARN] [cadence.virtuoso.ade.simulationMonitor] -     WARNING (SPECTRE-16460): SOAC_cvart_vbs:Specified subcircuit master `cvart' was not found.
        Further occurrences of this warning will be suppressed. {"history": "Interactive.178", "point": 1, "testname": "VT26_TOP_top_tb_TRAN_FILTER_ECG", "cornername": "Nominal"}
[2026-06-09 21:19:18.838 Z] [WARN] [cadence.virtuoso.ade.simulationMonitor] -     WARNING (SPECTRE-16462): SOAC_cvart_vbs:Error in specification of subcircuit master. Assert is ignored.
        Further occurrences of this warning will be suppressed. {"history": "Interactive.178", "point": 1, "testname": "VT26_TOP_top_tb_TRAN_FILTER_ECG", "cornername": "Nominal"}
[2026-06-09 21:19:20.339 Z] [INFO] [cadence.virtuoso.ade.simulationMonitor] - Notice from spectre during topology check.
    Only one connection to the following 27 nodes:
        vdd3rAS!
        vdd3rA!
        vdd3r!
        vdd3oAS!
        vdd3oA!
        Further occurrences of this notice will be suppressed.
    No DC path from node `topsyh_tb.I0.I3|I43|RLIB_GC1.net9' to ground, Gmin installed to provide path.
    No DC path from node `topsyh_tb.I0.I3|I46|RLIB_GC1.net9' to ground, Gmin installed to provide path.
    No DC path from node `topsyh_tb.I0.I19|I27|R19.net9' to groun... {"history": "Interactive.178", "point": 1, "testname": "VT26_TOP_top_tb_TRAN_FILTER_ECG", "cornername": "Nominal"}
[2026-06-09 21:19:20.339 Z] [WARN] [cadence.virtuoso.ade.simulationMonitor] -     WARNING (SPECTRE-592): Following parameters are disabled because they are ignored or redefined in Spectre X:
        Option Parameters:
          iabstol
          reltol
          vabstol
        Tran Parameters:
          errpreset
          maxiters
         {"history": "Interactive.178", "point": 1, "testname": "VT26_TOP_top_tb_TRAN_FILTER_ECG", "cornername": "Nominal"}
[2026-06-09 21:19:20.339 Z] [INFO] [cadence.virtuoso.ade.simulationMonitor] -               nodes 25797 {"history": "Interactive.178", "point": 1, "testname": "VT26_TOP_top_tb_TRAN_FILTER_ECG", "cornername": "Nominal"}
[2026-06-09 21:19:20.339 Z] [INFO] [cadence.virtuoso.ade.simulationMonitor] - Notice from spectre during initial setup.
    2 resistors are shorted because their absolute value is less than or equal to 'rabsshort'.
    Spectre X preset=vx enabled.
    Spectre X postlpreset=vx enabled.
    6 notices suppressed.
    31 warnings suppressed. {"history": "Interactive.178", "point": 1, "testname": "VT26_TOP_top_tb_TRAN_FILTER_ECG", "cornername": "Nominal"}
[2026-06-09 21:19:20.339 Z] [INFO] [cadence.virtuoso.ade.simulationMonitor] - Notice from spectre.
    Multithreading enabled: 8 threads in the system with 16 available processors. {"history": "Interactive.178", "point": 1, "testname": "VT26_TOP_top_tb_TRAN_FILTER_ECG", "cornername": "Nominal"}
[2026-06-09 21:19:20.340 Z] [INFO] [cadence.virtuoso.ade.simulationMonitor] - Peak resident memory used = 433 Mbytes. {"history": "Interactive.178", "point": 1, "testname": "VT26_TOP_top_tb_TRAN_FILTER_ECG", "cornername": "Nominal"}
[2026-06-09 21:19:20.340 Z] [INFO] [cadence.virtuoso.ade.simulationMonitor] -    -   (Spectre X) Multi-threading. The recommended number of threads is [8, 16], consider adding +mt=8 or +mt=16 on command line. {"history": "Interactive.178", "point": 1, "testname": "VT26_TOP_top_tb_TRAN_FILTER_ECG", "cornername": "Nominal"}
[2026-06-09 21:19:20.340 Z] [INFO] [cadence.virtuoso.ade.simulationMonitor] - Notice from spectre during transient analysis `tran'.
    No checklimit analysis defined for asserts. A default checklimit analysis 'SpectreChecklimitAnal' has been created with all asserts enabled. {"history": "Interactive.178", "point": 1, "testname": "VT26_TOP_top_tb_TRAN_FILTER_ECG", "cornername": "Nominal"}
[2026-06-09 21:19:21.340 Z] [INFO] [cadence.virtuoso.ade.simulationMonitor] - Notice from spectre during IC analysis, during transient analysis `tran'.
    GminDC = 1 pS is large enough to noticeably affect the DC solution.
        dV(topsyh_tb.I0.3\:I4|I25|net2) = 42.6688 mV
        Use the `gmin_check' option to eliminate or expand this report.
    Bad pivoting is found during DC analysis. Option dc_pivot_check=yes is recommended for possible improvement of convergence. {"history": "Interactive.178", "point": 1, "testname": "VT26_TOP_top_tb_TRAN_FILTER_ECG", "cornername": "Nominal"}
[2026-06-09 21:19:21.340 Z] [INFO] [cadence.virtuoso.ade.simulationMonitor] - Notice from spectre during transient analysis `tran'.
    Output compression for transient analysis is enabled. {"history": "Interactive.178", "point": 1, "testname": "VT26_TOP_top_tb_TRAN_FILTER_ECG", "cornername": "Nominal"}
[2026-06-09 21:20:10.412 Z] [WARN] [cadence.virtuoso.ade.simulationMonitor] -     WARNING (CMI-2425): topsyh_tb.I0.I1|I3|C1(0)_dummy: `Acde' = 2.393 is unusually large. {"history": "Interactive.178", "point": 1, "testname": "VT26_TOP_top_tb_TRAN_FILTER_ECG", "cornername": "Nominal"}
[2026-06-09 21:20:10.412 Z] [WARN] [cadence.virtuoso.ade.simulationMonitor] -     WARNING (CMI-2425): topsyh_tb.I0.I1|I3|C1(0)_dummy: `Noff' = 4.732 is unusually large. {"history": "Interactive.178", "point": 1, "testname": "VT26_TOP_top_tb_TRAN_FILTER_ECG", "cornername": "Nominal"}
[2026-06-09 21:20:10.412 Z] [WARN] [cadence.virtuoso.ade.simulationMonitor] -     WARNING (CMI-2424): topsyh_tb.I0.I1|I3|C1(0)_dummy: `Voffcv' = -867.4e-03 is unusually small. {"history": "Interactive.178", "point": 1, "testname": "VT26_TOP_top_tb_TRAN_FILTER_ECG", "cornername": "Nominal"}
[2026-06-09 21:20:10.412 Z] [WARN] [cadence.virtuoso.ade.simulationMonitor] -     WARNING (CMI-2425): topsyh_tb.I0.I1|I0|C0(0)_dummy: `Acde' = 2.393 is unusually large. {"history": "Interactive.178", "point": 1, "testname": "VT26_TOP_top_tb_TRAN_FILTER_ECG", "cornername": "Nominal"}
[2026-06-09 21:20:10.412 Z] [WARN] [cadence.virtuoso.ade.simulationMonitor] -     WARNING (CMI-2425): topsyh_tb.I0.I1|I0|C0(0)_dummy: `Noff' = 4.732 is unusually large. {"history": "Interactive.178", "point": 1, "testname": "VT26_TOP_top_tb_TRAN_FILTER_ECG", "cornername": "Nominal"}
[2026-06-09 21:20:10.412 Z] [WARN] [cadence.virtuoso.ade.simulationMonitor] -     WARNING (CMI-2424): topsyh_tb.I0.I1|I0|C0(0)_dummy: `Voffcv' = -867.4e-03 is unusually small. {"history": "Interactive.178", "point": 1, "testname": "VT26_TOP_top_tb_TRAN_FILTER_ECG", "cornername": "Nominal"}
[2026-06-09 21:20:10.413 Z] [WARN] [cadence.virtuoso.ade.simulationMonitor] -     WARNING (CMI-2425): topsyh_tb.I0.I1|I4|C1(0)_dummy: `Acde' = 2.393 is unusually large.
        Further occurrences of this warning will be suppressed. {"history": "Interactive.178", "point": 1, "testname": "VT26_TOP_top_tb_TRAN_FILTER_ECG", "cornername": "Nominal"}
[2026-06-09 21:20:10.413 Z] [WARN] [cadence.virtuoso.ade.simulationMonitor] -     WARNING (CMI-2424): topsyh_tb.I0.I1|I4|C1(0)_dummy: `Voffcv' = -867.4e-03 is unusually small. {"history": "Interactive.178", "point": 1, "testname": "VT26_TOP_top_tb_TRAN_FILTER_ECG", "cornername": "Nominal"}
[2026-06-09 21:20:10.413 Z] [INFO] [cadence.virtuoso.ade.simulationMonitor] - Notice from spectre at time = 160 us during transient analysis `tran'.
    1 warning suppressed. {"history": "Interactive.178", "point": 1, "testname": "VT26_TOP_top_tb_TRAN_FILTER_ECG", "cornername": "Nominal"}
[2026-06-09 21:26:58.109 Z] [INFO] [cadence.virtuoso.ade.simulationMonitor] - Memory Usage - Current physical: 684.9M, Current virtual: 951.9M, Peak physical: 684.9M {"history": "Interactive.178", "point": 1, "testname": "VT26_TOP_top_tb_TRAN_FILTER_ECG", "cornername": "Nominal"}
[2026-06-09 21:26:58.109 Z] [INFO] [cadence.virtuoso.ade.simulationMonitor] - CPU Usage - 33.3s system + 33.6s user = 66.9s total (14.3% cpu) {"history": "Interactive.178", "point": 1, "testname": "VT26_TOP_top_tb_TRAN_FILTER_ECG", "cornername": "Nominal"}
[2026-06-09 21:26:58.109 Z] [INFO] [cadence.virtuoso.ade.simulationMonitor] - Total time required for tran analysis `tran': CPU = 2.65291 ks (44m  12.9s), elapsed = 457.941 s (7m  37.9s), util. = 579%. {"history": "Interactive.178", "point": 1, "testname": "VT26_TOP_top_tb_TRAN_FILTER_ECG", "cornername": "Nominal"}
[2026-06-09 21:26:58.109 Z] [INFO] [cadence.virtuoso.ade.simulationMonitor] - Peak resident memory used = 594 Mbytes. {"history": "Interactive.178", "point": 1, "testname": "VT26_TOP_top_tb_TRAN_FILTER_ECG", "cornername": "Nominal"}
[2026-06-09 21:26:58.109 Z] [WARN] [cadence.virtuoso.ade.simulationMonitor] -     WARNING (CMI-2425): topsyh_tb.I0.I1|I3|C1(0)_dummy: `Acde' = 2.393 is unusually large. {"history": "Interactive.178", "point": 1, "testname": "VT26_TOP_top_tb_TRAN_FILTER_ECG", "cornername": "Nominal"}
[2026-06-09 21:26:58.109 Z] [WARN] [cadence.virtuoso.ade.simulationMonitor] -     WARNING (CMI-2425): topsyh_tb.I0.I1|I3|C1(0)_dummy: `Noff' = 4.732 is unusually large. {"history": "Interactive.178", "point": 1, "testname": "VT26_TOP_top_tb_TRAN_FILTER_ECG", "cornername": "Nominal"}
[2026-06-09 21:26:58.110 Z] [WARN] [cadence.virtuoso.ade.simulationMonitor] -     WARNING (CMI-2424): topsyh_tb.I0.I1|I3|C1(0)_dummy: `Voffcv' = -867.4e-03 is unusually small. {"history": "Interactive.178", "point": 1, "testname": "VT26_TOP_top_tb_TRAN_FILTER_ECG", "cornername": "Nominal"}
[2026-06-09 21:26:58.110 Z] [WARN] [cadence.virtuoso.ade.simulationMonitor] -     WARNING (CMI-2425): topsyh_tb.I0.I1|I0|C0(0)_dummy: `Acde' = 2.393 is unusually large. {"history": "Interactive.178", "point": 1, "testname": "VT26_TOP_top_tb_TRAN_FILTER_ECG", "cornername": "Nominal"}
[2026-06-09 21:26:58.110 Z] [WARN] [cadence.virtuoso.ade.simulationMonitor] -     WARNING (CMI-2425): topsyh_tb.I0.I1|I0|C0(0)_dummy: `Noff' = 4.732 is unusually large. {"history": "Interactive.178", "point": 1, "testname": "VT26_TOP_top_tb_TRAN_FILTER_ECG", "cornername": "Nominal"}
[2026-06-09 21:26:58.110 Z] [WARN] [cadence.virtuoso.ade.simulationMonitor] -     WARNING (CMI-2424): topsyh_tb.I0.I1|I0|C0(0)_dummy: `Voffcv' = -867.4e-03 is unusually small. {"history": "Interactive.178", "point": 1, "testname": "VT26_TOP_top_tb_TRAN_FILTER_ECG", "cornername": "Nominal"}
[2026-06-09 21:26:58.610 Z] [WARN] [cadence.virtuoso.ade.simulationMonitor] -     WARNING (CMI-2425): topsyh_tb.I0.I1|I4|C1(0)_dummy: `Acde' = 2.393 is unusually large.
        Further occurrences of this warning will be suppressed. {"history": "Interactive.178", "point": 1, "testname": "VT26_TOP_top_tb_TRAN_FILTER_ECG", "cornername": "Nominal"}
[2026-06-09 21:26:58.611 Z] [WARN] [cadence.virtuoso.ade.simulationMonitor] -     WARNING (CMI-2424): topsyh_tb.I0.I1|I4|C1(0)_dummy: `Voffcv' = -867.4e-03 is unusually small. {"history": "Interactive.178", "point": 1, "testname": "VT26_TOP_top_tb_TRAN_FILTER_ECG", "cornername": "Nominal"}
[2026-06-09 21:26:58.611 Z] [INFO] [cadence.virtuoso.ade.simulationMonitor] - Notice from spectre.
    1 warning suppressed. {"history": "Interactive.178", "point": 1, "testname": "VT26_TOP_top_tb_TRAN_FILTER_ECG", "cornername": "Nominal"}
[2026-06-09 21:26:58.611 Z] [INFO] [cadence.virtuoso.ade.simulationMonitor] - Time used: CPU = 2.66 ks (44m  17.7s), elapsed = 463 s (7m  43.0s), util. = 574%. {"history": "Interactive.178", "point": 1, "testname": "VT26_TOP_top_tb_TRAN_FILTER_ECG", "cornername": "Nominal"}
[2026-06-09 21:26:58.611 Z] [INFO] [cadence.virtuoso.ade.simulationMonitor] - Time spent in licensing: elapsed = 76.6 ms. {"history": "Interactive.178", "point": 1, "testname": "VT26_TOP_top_tb_TRAN_FILTER_ECG", "cornername": "Nominal"}
[2026-06-09 21:26:58.612 Z] [INFO] [cadence.virtuoso.ade.simulationMonitor] - Peak memory used = 593 Mbytes. {"history": "Interactive.178", "point": 1, "testname": "VT26_TOP_top_tb_TRAN_FILTER_ECG", "cornername": "Nominal"}
[2026-06-09 21:26:58.612 Z] [PROCESS] [cadence.virtuoso.ade.simulationMonitor] - Simulation started at: 9:19:15 PM, Tue Jun 9, 2026, ended at: 9:26:58 PM, Tue Jun 9, 2026, with elapsed time (wall clock): 463 s (7m  43.0s). {"history": "Interactive.178", "point": 1, "testname": "VT26_TOP_top_tb_TRAN_FILTER_ECG", "cornername": "Nominal"}
[2026-06-09 21:26:58.612 Z] [PROCESS] [cadence.virtuoso.ade.simulationMonitor] - spectre completes with 0 errors, 62 warnings, and 26 notices. {"history": "Interactive.178", "point": 1, "testname": "VT26_TOP_top_tb_TRAN_FILTER_ECG", "cornername": "Nominal"}
[2026-06-09 21:26:58.612 Z] [INFO] [cadence.virtuoso.ade.simulationMonitor] - xmsim: Memory Usage - Final: 682.0M, Peak: 684.6M, Peak virtual: 1012.4M {"history": "Interactive.178", "point": 1, "testname": "VT26_TOP_top_tb_TRAN_FILTER_ECG", "cornername": "Nominal"}
[2026-06-09 21:26:58.613 Z] [INFO] [cadence.virtuoso.ade.simulationMonitor] - xmsim: CPU Usage - 103.4s system + 2622.1s user = 2725.5s total (467.0s, 100.0% cpu) {"history": "Interactive.178", "point": 1, "testname": "VT26_TOP_top_tb_TRAN_FILTER_ECG", "cornername": "Nominal"}
[2026-06-09 21:26:58.613 Z] [PROCESS] [cadence.virtuoso.ade.simulationMonitor] - Finished simulating for one point {"hostname": "edatools", "processid": 1201325, "history": "Interactive.178", "testname": "VT26_TOP_top_tb_TRAN_FILTER_ECG", "cornername": "Nominal", "point": 1, "logfile": "/home/saul/projects/IL2244_VT26_SAUL/logs_saul/logs0/Job14.log", "simid": "1"}
[2026-06-09 21:26:58.613 Z] [PROCESS] [cadence.virtuoso.ade.simulationMonitor] - Simulator exited {"hostname": "edatools", "processid": 1201325, "history": "Interactive.178", "testname": "VT26_TOP_top_tb_TRAN_FILTER_ECG", "cornername": "Nominal", "point": 1, "logfile": "/home/saul/projects/IL2244_VT26_SAUL/logs_saul/logs0/Job14.log", "exitStatus": "0"}
[2026-06-09 21:26:58.613 Z] [PROCESS] [cadence.virtuoso.ade.simulationMonitor] - Finished Simulation {"hostname": "edatools", "processid": 1201325, "history": "Interactive.178", "testname": "VT26_TOP_top_tb_TRAN_FILTER_ECG", "cornername": "Nominal", "point": 1, "logfile": "/home/saul/projects/IL2244_VT26_SAUL/logs_saul/logs0/Job14.log", "simid": "1"}
[2026-06-09 21:26:58.614 Z] [PROCESS] [cadence.virtuoso.ade.simulationMonitor] - Expression evaluator launched {"hostname": "edatools", "processid": 1201325, "history": "Interactive.178", "testname": "VT26_TOP_top_tb_TRAN_FILTER_ECG", "cornername": "Nominal", "point": 1, "logfile": "/home/saul/projects/IL2244_VT26_SAUL/logs_saul/logs0/Job14.log"}
[2026-06-09 21:27:11.622 Z] [PROCESS] [cadence.virtuoso.ade.simulationMonitor] - Point Finished {"hostname": "edatools", "processid": 1201325, "history": "Interactive.178", "testname": "VT26_TOP_top_tb_TRAN_FILTER_ECG", "cornername": "Nominal", "point": 1, "logfile": "/home/saul/projects/IL2244_VT26_SAUL/logs_saul/logs0/Job14.log"}
[2026-06-09 21:32:13.757 Z] [PROCESS] [cadence.virtuoso.ade.simulationMonitor] - Current memory used: 52.3711 MBytes, peak memory used: 52.3711 MBytes {"hostname": "edatools", "processid": 1201325, "history": "Interactive.178", "testname": "VT26_TOP_top_tb_TRAN_FILTER_ECG", "cornername": "Nominal", "point": 1, "logfile": "/home/saul/projects/IL2244_VT26_SAUL/logs_saul/logs0/Job14.log"}
[2026-06-09 21:32:13.757 Z] [PROCESS] [cadence.virtuoso.ade.simulationMonitor] - Simulation Monitor process exit. {"hostname": "edatools", "processid": 1201325, "history": "Interactive.178", "testname": "VT26_TOP_top_tb_TRAN_FILTER_ECG", "cornername": "Nominal", "point": 1, "logfile": "/home/saul/projects/IL2244_VT26_SAUL/logs_saul/logs0/Job14.log"}
