[Simulation Monitor: 19]
[2026-06-01 12:37:43.946 Z] [PROCESS] [cadence.virtuoso.ade.simulationMonitor] - Simulation Monitor has successfully started up. Trying to set up communication channels to other components ... {"hostname": "edatools", "processid": 412755, "logfile": "/home/saul/projects/IL2244_VT26_SAUL/logs_saul/logs0/Job19.log"}
[2026-06-01 12:37:43.947 Z] [PROCESS] [cadence.virtuoso.ade.simulationMonitor] - Communication channels have been successfully set up. Start processing events ... {"hostname": "edatools", "processid": 412755, "logfile": "/home/saul/projects/IL2244_VT26_SAUL/logs_saul/logs0/Job19.log"}
[2026-06-01 12:37:43.947 Z] [PROCESS] [cadence.virtuoso.ade.simulationMonitor] - Considering to start history {"hostname": "edatools", "processid": 412755, "history": "Interactive.29", "logfile": "/home/saul/projects/IL2244_VT26_SAUL/logs_saul/logs0/Job19.log"}
[2026-06-01 12:37:43.948 Z] [PROCESS] [cadence.virtuoso.ade.simulationMonitor] - Started History {"hostname": "edatools", "processid": 412755, "history": "Interactive.98", "logfile": "/home/saul/projects/IL2244_VT26_SAUL/logs_saul/logs0/Job19.log"}
[2026-06-01 12:37:43.948 Z] [PROCESS] [cadence.virtuoso.ade.simulationMonitor] - HostInfo:
Host name (type):	edatools (x86_64)
Operating system:	Linux 6.17.0-29-generic #29~24.04.1-Ubuntu SMP PREEMPT_DYNAMIC Mon May 11 10:30:58 UTC 2 {"hostname": "edatools", "processid": 412755, "history": "Interactive.98", "logfile": "/home/saul/projects/IL2244_VT26_SAUL/logs_saul/logs0/Job19.log", "nodename": "edatools", "domainname": "(none)", "machine": "x86_64", "sysname": "Linux", "release": "6.17.0-29-generic", "version": "#29~24.04.1-Ubuntu SMP PREEMPT_DYNAMIC Mon May 11 10:30:58 UTC 2"}
[2026-06-01 12:37:43.948 Z] [PROCESS] [cadence.virtuoso.ade.simulationMonitor] - UsageInfo:
pid=412755
totalPhysicalMemory=62.544979GB,Used=36.553474GB,totalVirtualMemory=70.544975GB,Used=36.553474GB
Cpu: Cores=16, Load average:0.430000,0.250000,1.160000 {"hostname": "edatools", "processid": 412755, "history": "Interactive.98", "logfile": "/home/saul/projects/IL2244_VT26_SAUL/logs_saul/logs0/Job19.log", "pid": "412755", "totalPhysicalMemory": "62.544979", "physicalMemoryUsed": "36.553474", "totalVirtualMemory": "70.544975", "virtualMemoryUsed": "36.553474", "cpuCores": "16", "processes": "2482", "loadAverage1": "0.430000", "loadAverage5": "0.250000", "loadAverage15": "1.160000", "loadAverage1Percent": "0.026875"}
[2026-06-01 12:37:43.948 Z] [EVENT] [cadence.virtuoso.ade.simulationMonitor] - NewPoint {"history": "Interactive.98", "point": 1, "testname": "VT26_TOP_top_tb_TRAN", "cornername": "Nominal", "event": "NewPoint", "EventSource": "Simulation Monitor", "HistoryName": "Interactive.98", "logFile": "/home/saul/projects/IL2244_VT26_SAUL/logs_saul/logs0/Job19.log", "logFileSize": "2447"}
[2026-06-01 12:37:44.049 Z] [EVENT] [cadence.virtuoso.ade.simulationMonitor] - NewPoint {"history": "Interactive.98", "point": 1, "testname": "VT26_TOP_top_tb_TRAN", "cornername": "Nominal", "event": "NewPoint", "EventSource": "ams", "HistoryName": "Interactive.98", "logFile": "/home/saul/projects/IL2244_VT26_SAUL/Sim/VT26_TOP/top_tb/maestro/results/maestro/Interactive.98/1/VT26_TOP_top_tb_TRAN/psf/xrun.log", "logFileSize": "-1"}
[2026-06-01 12:37:44.053 Z] [PROCESS] [cadence.virtuoso.ade.simulationMonitor] - Simulator launched {"hostname": "edatools", "processid": 412755, "history": "Interactive.98", "testname": "VT26_TOP_top_tb_TRAN", "cornername": "Nominal", "point": 1, "logfile": "/home/saul/projects/IL2244_VT26_SAUL/logs_saul/logs0/Job19.log", "simid": "1"}
[2026-06-01 12:37:44.054 Z] [PROCESS] [cadence.virtuoso.ade.simulationMonitor] - Expression evaluator launched {"hostname": "edatools", "processid": 412755, "history": "Interactive.98", "testname": "VT26_TOP_top_tb_TRAN", "cornername": "Nominal", "point": 1, "logfile": "/home/saul/projects/IL2244_VT26_SAUL/logs_saul/logs0/Job19.log"}
[2026-06-01 12:37:44.074 Z] [PROCESS] [cadence.virtuoso.ade.simulationMonitor] - Started Simulation {"hostname": "edatools", "processid": 412755, "history": "Interactive.98", "testname": "VT26_TOP_top_tb_TRAN", "cornername": "Nominal", "point": 1, "logfile": "/home/saul/projects/IL2244_VT26_SAUL/logs_saul/logs0/Job19.log", "event": "started", "task": "simulation"}
[2026-06-01 12:38:04.163 Z] [INFO] [cadence.virtuoso.ade.simulationMonitor] - Notice from spectre during circuit read-in.
    Pre_Configuration file used: /opt/tools/cadence/installs/SPECTRE241/tools.lnx86/spectre/etc/configs/preset.precfg
    Configuration file used: `/opt/tools/cadence/installs/SPECTRE241/tools.lnx86/spectre/etc/configs/preset.cfg'.
    Configuration file used: `/opt/tools/cadence/installs/SPECTRE241/tools.lnx86/spectre/etc/configs/ams.cfg'. {"history": "Interactive.98", "point": 1, "testname": "VT26_TOP_top_tb_TRAN", "cornername": "Nominal"}
[2026-06-01 12:38:04.163 Z] [WARN] [cadence.virtuoso.ade.simulationMonitor] -     WARNING (VACOMP-2435): The environment variable CDS_AHDLCMI_ENABLE is no longer supported. Therefore, the simulator will use the default compiled C code flow. {"history": "Interactive.98", "point": 1, "testname": "VT26_TOP_top_tb_TRAN", "cornername": "Nominal"}
[2026-06-01 12:38:04.664 Z] [INFO] [cadence.virtuoso.ade.simulationMonitor] - Peak resident memory used = 214 Mbytes. {"history": "Interactive.98", "point": 1, "testname": "VT26_TOP_top_tb_TRAN", "cornername": "Nominal"}
[2026-06-01 12:38:06.164 Z] [WARN] [cadence.virtuoso.ade.simulationMonitor] -     WARNING (SFE-3013): The dangling device top_tb.I0.I3|I6|avD41_3_turbo_m10.I4 is removed. {"history": "Interactive.98", "point": 1, "testname": "VT26_TOP_top_tb_TRAN", "cornername": "Nominal"}
[2026-06-01 12:38:06.164 Z] [WARN] [cadence.virtuoso.ade.simulationMonitor] -     WARNING (SFE-3026): The shorted/dummy resistor top_tb.I0.I3|I45|RSTAR_VDD3O_1__rcx is removed. {"history": "Interactive.98", "point": 1, "testname": "VT26_TOP_top_tb_TRAN", "cornername": "Nominal"}
[2026-06-01 12:38:06.164 Z] [WARN] [cadence.virtuoso.ade.simulationMonitor] -     WARNING (SFE-3029): The dummy capacitor top_tb.I0.c11615 is removed. {"history": "Interactive.98", "point": 1, "testname": "VT26_TOP_top_tb_TRAN", "cornername": "Nominal"}
[2026-06-01 12:38:06.164 Z] [WARN] [cadence.virtuoso.ade.simulationMonitor] -     WARNING (SFE-3012): The dummy device top_tb.I0.I3|I39|DLIB3_6__rcx_turbo_m7 is removed. {"history": "Interactive.98", "point": 1, "testname": "VT26_TOP_top_tb_TRAN", "cornername": "Nominal"}
[2026-06-01 12:38:06.164 Z] [WARN] [cadence.virtuoso.ade.simulationMonitor] -     WARNING (SFE-3012): The dummy device top_tb.I0.I3|I36|DLIB3_6__rcx_turbo_m7 is removed. {"history": "Interactive.98", "point": 1, "testname": "VT26_TOP_top_tb_TRAN", "cornername": "Nominal"}
[2026-06-01 12:38:06.165 Z] [WARN] [cadence.virtuoso.ade.simulationMonitor] -     WARNING (SFE-3012): The dummy device top_tb.I0.I3|I35|DLIB3_6__rcx_turbo_m7 is removed. {"history": "Interactive.98", "point": 1, "testname": "VT26_TOP_top_tb_TRAN", "cornername": "Nominal"}
[2026-06-01 12:38:06.165 Z] [WARN] [cadence.virtuoso.ade.simulationMonitor] -     WARNING (SFE-3026): The shorted/dummy resistor top_tb.I0.I3|I43|R2_2__rcx is removed. {"history": "Interactive.98", "point": 1, "testname": "VT26_TOP_top_tb_TRAN", "cornername": "Nominal"}
[2026-06-01 12:38:06.165 Z] [WARN] [cadence.virtuoso.ade.simulationMonitor] -     WARNING (SFE-3026): The shorted/dummy resistor top_tb.I0.I3|I43|R2_3__rcx is removed. {"history": "Interactive.98", "point": 1, "testname": "VT26_TOP_top_tb_TRAN", "cornername": "Nominal"}
[2026-06-01 12:38:06.165 Z] [WARN] [cadence.virtuoso.ade.simulationMonitor] -     WARNING (SFE-3026): The shorted/dummy resistor top_tb.I0.I3|I43|R2_4__rcx is removed. {"history": "Interactive.98", "point": 1, "testname": "VT26_TOP_top_tb_TRAN", "cornername": "Nominal"}
[2026-06-01 12:38:06.165 Z] [WARN] [cadence.virtuoso.ade.simulationMonitor] -     WARNING (SFE-3012): The dummy device top_tb.I0.I3|I41|DLIB3_6__rcx_turbo_m7 is removed. {"history": "Interactive.98", "point": 1, "testname": "VT26_TOP_top_tb_TRAN", "cornername": "Nominal"}
[2026-06-01 12:38:06.165 Z] [WARN] [cadence.virtuoso.ade.simulationMonitor] -     WARNING (SFE-3029): The dummy capacitor top_tb.I0.c27140 is removed. {"history": "Interactive.98", "point": 1, "testname": "VT26_TOP_top_tb_TRAN", "cornername": "Nominal"}
[2026-06-01 12:38:06.165 Z] [WARN] [cadence.virtuoso.ade.simulationMonitor] -     WARNING (SFE-3029): The dummy capacitor top_tb.I0.c26033 is removed. {"history": "Interactive.98", "point": 1, "testname": "VT26_TOP_top_tb_TRAN", "cornername": "Nominal"}
[2026-06-01 12:38:06.165 Z] [WARN] [cadence.virtuoso.ade.simulationMonitor] -     WARNING (SFE-3029): The dummy capacitor top_tb.I0.c22692 is removed. {"history": "Interactive.98", "point": 1, "testname": "VT26_TOP_top_tb_TRAN", "cornername": "Nominal"}
[2026-06-01 12:38:06.165 Z] [WARN] [cadence.virtuoso.ade.simulationMonitor] -     WARNING (SFE-3029): The dummy capacitor top_tb.I0.c3721 is removed.
        Further occurrences of this warning will be suppressed. {"history": "Interactive.98", "point": 1, "testname": "VT26_TOP_top_tb_TRAN", "cornername": "Nominal"}
[2026-06-01 12:38:06.165 Z] [WARN] [cadence.virtuoso.ade.simulationMonitor] -     WARNING (SFE-3026): The shorted/dummy resistor top_tb.I0.I3|I10|R2_1__rcx is removed.
        Further occurrences of this warning will be suppressed. {"history": "Interactive.98", "point": 1, "testname": "VT26_TOP_top_tb_TRAN", "cornername": "Nominal"}
[2026-06-01 12:38:06.165 Z] [WARN] [cadence.virtuoso.ade.simulationMonitor] -     WARNING (SFE-3012): The dummy device top_tb.I0.I3|I30|DLIB3_6__rcx_turbo_m7 is removed.
        Further occurrences of this warning will be suppressed. {"history": "Interactive.98", "point": 1, "testname": "VT26_TOP_top_tb_TRAN", "cornername": "Nominal"}
[2026-06-01 12:38:06.165 Z] [WARN] [cadence.virtuoso.ade.simulationMonitor] -     WARNING (SFE-3015): The dangling node top_tb.I0.1071\:vdd3o! is removed. {"history": "Interactive.98", "point": 1, "testname": "VT26_TOP_top_tb_TRAN", "cornername": "Nominal"}
[2026-06-01 12:38:06.165 Z] [WARN] [cadence.virtuoso.ade.simulationMonitor] -     WARNING (SFE-3016): The floating node vdd3r2! is removed. {"history": "Interactive.98", "point": 1, "testname": "VT26_TOP_top_tb_TRAN", "cornername": "Nominal"}
[2026-06-01 12:38:06.166 Z] [WARN] [cadence.virtuoso.ade.simulationMonitor] -     WARNING (SFE-3016): The floating node vdd3r1! is removed. {"history": "Interactive.98", "point": 1, "testname": "VT26_TOP_top_tb_TRAN", "cornername": "Nominal"}
[2026-06-01 12:38:06.166 Z] [INFO] [cadence.virtuoso.ade.simulationMonitor] - Notice from spectre during hierarchy flattening.
    Spectre X Parasitic Optimization enabled.
    Parasitic optimization will filter out parasitic nodes, nodes only connected to RCs, by default. To view individual parasitic nodes use individual save statements (i.e. save out), or use the 'savefilter=none' option to save all parasitic nodes. Saving all parasitic nodes may slow down simulation and create large waveform files. {"history": "Interactive.98", "point": 1, "testname": "VT26_TOP_top_tb_TRAN", "cornername": "Nominal"}
[2026-06-01 12:38:06.166 Z] [INFO] [cadence.virtuoso.ade.simulationMonitor] - Peak resident memory used = 288 Mbytes. {"history": "Interactive.98", "point": 1, "testname": "VT26_TOP_top_tb_TRAN", "cornername": "Nominal"}
[2026-06-01 12:38:06.166 Z] [INFO] [cadence.virtuoso.ade.simulationMonitor] - Notice from spectre during hierarchy flattening.
    The value 'psf' specified for the 'checklimitdest' option will no longer be supported in future releases. Use 'spectre -h' to see other recommended values for the 'checklimitdest' option. {"history": "Interactive.98", "point": 1, "testname": "VT26_TOP_top_tb_TRAN", "cornername": "Nominal"}
[2026-06-01 12:38:06.666 Z] [INFO] [cadence.virtuoso.ade.simulationMonitor] - Peak resident memory used = 320 Mbytes. {"history": "Interactive.98", "point": 1, "testname": "VT26_TOP_top_tb_TRAN", "cornername": "Nominal"}
[2026-06-01 12:38:06.666 Z] [WARN] [cadence.virtuoso.ade.simulationMonitor] -     WARNING (CMI-2425): top_tb.I0.I2|I12|C1_turbo_m3: `Acde' = 2.393 is unusually large. {"history": "Interactive.98", "point": 1, "testname": "VT26_TOP_top_tb_TRAN", "cornername": "Nominal"}
[2026-06-01 12:38:06.666 Z] [WARN] [cadence.virtuoso.ade.simulationMonitor] -     WARNING (CMI-2425): top_tb.I0.I2|I12|C1_turbo_m3: `Noff' = 4.732 is unusually large. {"history": "Interactive.98", "point": 1, "testname": "VT26_TOP_top_tb_TRAN", "cornername": "Nominal"}
[2026-06-01 12:38:06.667 Z] [WARN] [cadence.virtuoso.ade.simulationMonitor] -     WARNING (CMI-2424): top_tb.I0.I2|I12|C1_turbo_m3: `Voffcv' = -867.4e-03 is unusually small. {"history": "Interactive.98", "point": 1, "testname": "VT26_TOP_top_tb_TRAN", "cornername": "Nominal"}
[2026-06-01 12:38:06.667 Z] [WARN] [cadence.virtuoso.ade.simulationMonitor] -     WARNING (CMI-2425): top_tb.I0.I2|I0|C1(0)_turbo_m4: `Acde' = 2.393 is unusually large. {"history": "Interactive.98", "point": 1, "testname": "VT26_TOP_top_tb_TRAN", "cornername": "Nominal"}
[2026-06-01 12:38:06.667 Z] [WARN] [cadence.virtuoso.ade.simulationMonitor] -     WARNING (CMI-2425): top_tb.I0.I2|I0|C1(0)_turbo_m4: `Noff' = 4.732 is unusually large. {"history": "Interactive.98", "point": 1, "testname": "VT26_TOP_top_tb_TRAN", "cornername": "Nominal"}
[2026-06-01 12:38:06.667 Z] [WARN] [cadence.virtuoso.ade.simulationMonitor] -     WARNING (CMI-2424): top_tb.I0.I2|I0|C1(0)_turbo_m4: `Voffcv' = -867.4e-03 is unusually small. {"history": "Interactive.98", "point": 1, "testname": "VT26_TOP_top_tb_TRAN", "cornername": "Nominal"}
[2026-06-01 12:38:06.667 Z] [WARN] [cadence.virtuoso.ade.simulationMonitor] -     WARNING (CMI-2425): top_tb.I0.I1|I4|C1(1)_turbo_m9: `Acde' = 2.393 is unusually large. {"history": "Interactive.98", "point": 1, "testname": "VT26_TOP_top_tb_TRAN", "cornername": "Nominal"}
[2026-06-01 12:38:08.167 Z] [WARN] [cadence.virtuoso.ade.simulationMonitor] -     WARNING (CMI-2424): top_tb.I0.I1|I4|C1(1)_turbo_m9: `Voffcv' = -867.4e-03 is unusually small. {"history": "Interactive.98", "point": 1, "testname": "VT26_TOP_top_tb_TRAN", "cornername": "Nominal"}
[2026-06-01 12:38:08.167 Z] [WARN] [cadence.virtuoso.ade.simulationMonitor] -     WARNING (CMI-2424): top_tb.I0.I1|I3|C1(1)_turbo_m4: `Voffcv' = -867.4e-03 is unusually small. {"history": "Interactive.98", "point": 1, "testname": "VT26_TOP_top_tb_TRAN", "cornername": "Nominal"}
[2026-06-01 12:38:08.167 Z] [WARN] [cadence.virtuoso.ade.simulationMonitor] -     WARNING (CMI-2424): top_tb.I0.I2|I12|C0: `Voffcv' = -867.4e-03 is unusually small.
        Further occurrences of this warning will be suppressed. {"history": "Interactive.98", "point": 1, "testname": "VT26_TOP_top_tb_TRAN", "cornername": "Nominal"}
[2026-06-01 12:38:08.167 Z] [WARN] [cadence.virtuoso.ade.simulationMonitor] -     WARNING (SPECTRE-17607): Assert `SOAC_vert10_vsubpsub' is ignored because it contains an expression which is invalid or not supported by native evaluator.  {"history": "Interactive.98", "point": 1, "testname": "VT26_TOP_top_tb_TRAN", "cornername": "Nominal"}
[2026-06-01 12:38:08.168 Z] [WARN] [cadence.virtuoso.ade.simulationMonitor] -     WARNING (SPECTRE-17607): Assert `SOAC_vert10_vcsub' is ignored because it contains an expression which is invalid or not supported by native evaluator.  {"history": "Interactive.98", "point": 1, "testname": "VT26_TOP_top_tb_TRAN", "cornername": "Nominal"}
[2026-06-01 12:38:08.168 Z] [WARN] [cadence.virtuoso.ade.simulationMonitor] -     WARNING (SPECTRE-17607): Assert `SOAC_rpolyh_vminuspsub' is ignored because it contains an expression which is invalid or not supported by native evaluator.  {"history": "Interactive.98", "point": 1, "testname": "VT26_TOP_top_tb_TRAN", "cornername": "Nominal"}
[2026-06-01 12:38:08.168 Z] [WARN] [cadence.virtuoso.ade.simulationMonitor] -     WARNING (SPECTRE-17607): Assert `SOAC_rpolyh_vpluspsub' is ignored because it contains an expression which is invalid or not supported by native evaluator.  {"history": "Interactive.98", "point": 1, "testname": "VT26_TOP_top_tb_TRAN", "cornername": "Nominal"}
[2026-06-01 12:38:08.168 Z] [WARN] [cadence.virtuoso.ade.simulationMonitor] -     WARNING (SPECTRE-17607): Assert `SOAC_rpoly2_vminuspsub' is ignored because it contains an expression which is invalid or not supported by native evaluator. 
        Further occurrences of this warning will be suppressed. {"history": "Interactive.98", "point": 1, "testname": "VT26_TOP_top_tb_TRAN", "cornername": "Nominal"}
[2026-06-01 12:38:08.168 Z] [WARN] [cadence.virtuoso.ade.simulationMonitor] -     WARNING (SPECTRE-16460): SOAC_cvarm_vspsub:Specified subcircuit master `cvarm' was not found. {"history": "Interactive.98", "point": 1, "testname": "VT26_TOP_top_tb_TRAN", "cornername": "Nominal"}
[2026-06-01 12:38:08.168 Z] [WARN] [cadence.virtuoso.ade.simulationMonitor] -     WARNING (SPECTRE-16462): SOAC_cvarm_vspsub:Error in specification of subcircuit master. Assert is ignored. {"history": "Interactive.98", "point": 1, "testname": "VT26_TOP_top_tb_TRAN", "cornername": "Nominal"}
[2026-06-01 12:38:08.168 Z] [WARN] [cadence.virtuoso.ade.simulationMonitor] -     WARNING (SPECTRE-16460): SOAC_cvarm_vbs:Specified subcircuit master `cvarm' was not found. {"history": "Interactive.98", "point": 1, "testname": "VT26_TOP_top_tb_TRAN", "cornername": "Nominal"}
[2026-06-01 12:38:08.168 Z] [WARN] [cadence.virtuoso.ade.simulationMonitor] -     WARNING (SPECTRE-16462): SOAC_cvarm_vbs:Error in specification of subcircuit master. Assert is ignored. {"history": "Interactive.98", "point": 1, "testname": "VT26_TOP_top_tb_TRAN", "cornername": "Nominal"}
[2026-06-01 12:38:08.168 Z] [WARN] [cadence.virtuoso.ade.simulationMonitor] -     WARNING (SPECTRE-16460): SOAC_cvarm_vgb:Specified subcircuit master `cvarm' was not found. {"history": "Interactive.98", "point": 1, "testname": "VT26_TOP_top_tb_TRAN", "cornername": "Nominal"}
[2026-06-01 12:38:08.168 Z] [WARN] [cadence.virtuoso.ade.simulationMonitor] -     WARNING (SPECTRE-16462): SOAC_cvarm_vgb:Error in specification of subcircuit master. Assert is ignored. {"history": "Interactive.98", "point": 1, "testname": "VT26_TOP_top_tb_TRAN", "cornername": "Nominal"}
[2026-06-01 12:38:08.168 Z] [WARN] [cadence.virtuoso.ade.simulationMonitor] -     WARNING (SPECTRE-16460): SOAC_cvart_vspsub:Specified subcircuit master `cvart' was not found. {"history": "Interactive.98", "point": 1, "testname": "VT26_TOP_top_tb_TRAN", "cornername": "Nominal"}
[2026-06-01 12:38:08.685 Z] [WARN] [cadence.virtuoso.ade.simulationMonitor] -     WARNING (SPECTRE-16462): SOAC_cvart_vspsub:Error in specification of subcircuit master. Assert is ignored. {"history": "Interactive.98", "point": 1, "testname": "VT26_TOP_top_tb_TRAN", "cornername": "Nominal"}
[2026-06-01 12:38:08.685 Z] [WARN] [cadence.virtuoso.ade.simulationMonitor] -     WARNING (SPECTRE-16460): SOAC_cvart_vbs:Specified subcircuit master `cvart' was not found.
        Further occurrences of this warning will be suppressed. {"history": "Interactive.98", "point": 1, "testname": "VT26_TOP_top_tb_TRAN", "cornername": "Nominal"}
[2026-06-01 12:38:08.685 Z] [WARN] [cadence.virtuoso.ade.simulationMonitor] -     WARNING (SPECTRE-16462): SOAC_cvart_vbs:Error in specification of subcircuit master. Assert is ignored.
        Further occurrences of this warning will be suppressed. {"history": "Interactive.98", "point": 1, "testname": "VT26_TOP_top_tb_TRAN", "cornername": "Nominal"}
[2026-06-01 12:38:08.685 Z] [INFO] [cadence.virtuoso.ade.simulationMonitor] - Notice from spectre during topology check.
    Only one connection to the following 1455 nodes:
        vdd3rAS!
        vdd3rA!
        vdd3r!
        vdd3oAS!
        vdd3oA!
        Further occurrences of this notice will be suppressed.
    No DC path from node `top_tb.I0.2\:gnd3o!' to ground, Gmin installed to provide path.
    No DC path from node `top_tb.I0.I3|I19|RLIB_GC1.net9' to ground, Gmin installed to provide path.
    No DC path from node `top_tb.I0.5\:gnd3o!' to ground, Gmin installed to prov... {"history": "Interactive.98", "point": 1, "testname": "VT26_TOP_top_tb_TRAN", "cornername": "Nominal"}
[2026-06-01 12:38:11.185 Z] [WARN] [cadence.virtuoso.ade.simulationMonitor] -     WARNING (SPECTRE-592): Following parameters are disabled because they are ignored or redefined in Spectre X:
        Option Parameters:
          iabstol
          reltol
          vabstol
        Tran Parameters:
          errpreset
          maxiters
         {"history": "Interactive.98", "point": 1, "testname": "VT26_TOP_top_tb_TRAN", "cornername": "Nominal"}
[2026-06-01 12:38:11.186 Z] [INFO] [cadence.virtuoso.ade.simulationMonitor] -               nodes 31328 {"history": "Interactive.98", "point": 1, "testname": "VT26_TOP_top_tb_TRAN", "cornername": "Nominal"}
[2026-06-01 12:38:11.186 Z] [INFO] [cadence.virtuoso.ade.simulationMonitor] - Notice from spectre during initial setup.
    6 resistors are shorted because their absolute value is less than or equal to 'rabsshort'.
    Spectre X preset=mx enabled.
    Spectre X postlpreset=mx enabled.
    7 notices suppressed.
    105 warnings suppressed. {"history": "Interactive.98", "point": 1, "testname": "VT26_TOP_top_tb_TRAN", "cornername": "Nominal"}
[2026-06-01 12:38:11.186 Z] [INFO] [cadence.virtuoso.ade.simulationMonitor] - Notice from spectre.
    Multithreading enabled: 8 threads in the system with 16 available processors. {"history": "Interactive.98", "point": 1, "testname": "VT26_TOP_top_tb_TRAN", "cornername": "Nominal"}
[2026-06-01 12:38:11.186 Z] [INFO] [cadence.virtuoso.ade.simulationMonitor] - Peak resident memory used = 423 Mbytes. {"history": "Interactive.98", "point": 1, "testname": "VT26_TOP_top_tb_TRAN", "cornername": "Nominal"}
[2026-06-01 12:38:11.186 Z] [INFO] [cadence.virtuoso.ade.simulationMonitor] -    -   (Spectre X) Multi-threading. The recommended number of threads is [4, 8], consider adding +mt=4 or +mt=8 on command line. {"history": "Interactive.98", "point": 1, "testname": "VT26_TOP_top_tb_TRAN", "cornername": "Nominal"}
[2026-06-01 12:38:11.186 Z] [INFO] [cadence.virtuoso.ade.simulationMonitor] - Notice from spectre during transient analysis `tran'.
    No checklimit analysis defined for asserts. A default checklimit analysis 'SpectreChecklimitAnal' has been created with all asserts enabled. {"history": "Interactive.98", "point": 1, "testname": "VT26_TOP_top_tb_TRAN", "cornername": "Nominal"}
[2026-06-01 12:38:12.187 Z] [INFO] [cadence.virtuoso.ade.simulationMonitor] - Notice from spectre during IC analysis, during transient analysis `tran'.
    GminDC = 1 pS is large enough to noticeably affect the DC solution.
        dV(top_tb.I0._net0) = -14.4885 mV
        Use the `gmin_check' option to eliminate or expand this report.
    Bad pivoting is found during DC analysis. Option dc_pivot_check=yes is recommended for possible improvement of convergence. {"history": "Interactive.98", "point": 1, "testname": "VT26_TOP_top_tb_TRAN", "cornername": "Nominal"}
[2026-06-01 12:39:24.128 Z] [WARN] [cadence.virtuoso.ade.simulationMonitor] -     WARNING (CMI-2425): top_tb.I0.I1|I3|C1(1)_dummy: `Acde' = 2.393 is unusually large. {"history": "Interactive.98", "point": 1, "testname": "VT26_TOP_top_tb_TRAN", "cornername": "Nominal"}
[2026-06-01 12:39:24.128 Z] [WARN] [cadence.virtuoso.ade.simulationMonitor] -     WARNING (CMI-2425): top_tb.I0.I1|I3|C1(1)_dummy: `Noff' = 4.732 is unusually large. {"history": "Interactive.98", "point": 1, "testname": "VT26_TOP_top_tb_TRAN", "cornername": "Nominal"}
[2026-06-01 12:39:24.128 Z] [WARN] [cadence.virtuoso.ade.simulationMonitor] -     WARNING (CMI-2424): top_tb.I0.I1|I3|C1(1)_dummy: `Voffcv' = -867.4e-03 is unusually small. {"history": "Interactive.98", "point": 1, "testname": "VT26_TOP_top_tb_TRAN", "cornername": "Nominal"}
[2026-06-01 12:39:24.128 Z] [WARN] [cadence.virtuoso.ade.simulationMonitor] -     WARNING (CMI-2425): top_tb.I0.I1|I4|C1(1)_dummy: `Acde' = 2.393 is unusually large. {"history": "Interactive.98", "point": 1, "testname": "VT26_TOP_top_tb_TRAN", "cornername": "Nominal"}
[2026-06-01 12:39:24.128 Z] [WARN] [cadence.virtuoso.ade.simulationMonitor] -     WARNING (CMI-2425): top_tb.I0.I1|I4|C1(1)_dummy: `Noff' = 4.732 is unusually large. {"history": "Interactive.98", "point": 1, "testname": "VT26_TOP_top_tb_TRAN", "cornername": "Nominal"}
[2026-06-01 12:39:24.128 Z] [WARN] [cadence.virtuoso.ade.simulationMonitor] -     WARNING (CMI-2424): top_tb.I0.I1|I4|C1(1)_dummy: `Voffcv' = -867.4e-03 is unusually small. {"history": "Interactive.98", "point": 1, "testname": "VT26_TOP_top_tb_TRAN", "cornername": "Nominal"}
[2026-06-01 12:39:24.128 Z] [WARN] [cadence.virtuoso.ade.simulationMonitor] -     WARNING (CMI-2425): top_tb.I0.I2|I0|C1(0)_dummy: `Acde' = 2.393 is unusually large.
        Further occurrences of this warning will be suppressed. {"history": "Interactive.98", "point": 1, "testname": "VT26_TOP_top_tb_TRAN", "cornername": "Nominal"}
[2026-06-01 12:39:24.129 Z] [WARN] [cadence.virtuoso.ade.simulationMonitor] -     WARNING (CMI-2424): top_tb.I0.I2|I0|C1(0)_dummy: `Voffcv' = -867.4e-03 is unusually small. {"history": "Interactive.98", "point": 1, "testname": "VT26_TOP_top_tb_TRAN", "cornername": "Nominal"}
[2026-06-01 12:39:24.629 Z] [WARN] [cadence.virtuoso.ade.simulationMonitor] -     WARNING (CMI-2424): top_tb.I0.I2|I12|C1_dummy: `Voffcv' = -867.4e-03 is unusually small. {"history": "Interactive.98", "point": 1, "testname": "VT26_TOP_top_tb_TRAN", "cornername": "Nominal"}
[2026-06-01 12:39:24.629 Z] [INFO] [cadence.virtuoso.ade.simulationMonitor] - Notice from spectre at time = 160 us during transient analysis `tran'.
    3 warnings suppressed. {"history": "Interactive.98", "point": 1, "testname": "VT26_TOP_top_tb_TRAN", "cornername": "Nominal"}
[2026-06-01 13:05:44.345 Z] [INFO] [cadence.virtuoso.ade.simulationMonitor] - Memory Usage - Current physical: 890.8M, Current virtual: 1158.5M, Peak physical: 890.8M {"history": "Interactive.98", "point": 1, "testname": "VT26_TOP_top_tb_TRAN", "cornername": "Nominal"}
[2026-06-01 13:05:44.345 Z] [INFO] [cadence.virtuoso.ade.simulationMonitor] - CPU Usage - 67.6s system + 72.1s user = 139.7s total (8.4% cpu) {"history": "Interactive.98", "point": 1, "testname": "VT26_TOP_top_tb_TRAN", "cornername": "Nominal"}
[2026-06-01 13:05:44.345 Z] [INFO] [cadence.virtuoso.ade.simulationMonitor] - Total time required for tran analysis `tran': CPU = 9.30324 ks (2h 35m 3s), elapsed = 1.65312 ks (27m  33.1s), util. = 563%. {"history": "Interactive.98", "point": 1, "testname": "VT26_TOP_top_tb_TRAN", "cornername": "Nominal"}
[2026-06-01 13:05:44.345 Z] [INFO] [cadence.virtuoso.ade.simulationMonitor] - Peak resident memory used = 597 Mbytes. {"history": "Interactive.98", "point": 1, "testname": "VT26_TOP_top_tb_TRAN", "cornername": "Nominal"}
[2026-06-01 13:05:44.345 Z] [WARN] [cadence.virtuoso.ade.simulationMonitor] -     WARNING (CMI-2425): top_tb.I0.I1|I3|C1(1)_dummy: `Acde' = 2.393 is unusually large. {"history": "Interactive.98", "point": 1, "testname": "VT26_TOP_top_tb_TRAN", "cornername": "Nominal"}
[2026-06-01 13:05:44.345 Z] [WARN] [cadence.virtuoso.ade.simulationMonitor] -     WARNING (CMI-2425): top_tb.I0.I1|I3|C1(1)_dummy: `Noff' = 4.732 is unusually large. {"history": "Interactive.98", "point": 1, "testname": "VT26_TOP_top_tb_TRAN", "cornername": "Nominal"}
[2026-06-01 13:05:44.345 Z] [WARN] [cadence.virtuoso.ade.simulationMonitor] -     WARNING (CMI-2424): top_tb.I0.I1|I3|C1(1)_dummy: `Voffcv' = -867.4e-03 is unusually small. {"history": "Interactive.98", "point": 1, "testname": "VT26_TOP_top_tb_TRAN", "cornername": "Nominal"}
[2026-06-01 13:05:44.345 Z] [WARN] [cadence.virtuoso.ade.simulationMonitor] -     WARNING (CMI-2425): top_tb.I0.I1|I4|C1(1)_dummy: `Acde' = 2.393 is unusually large. {"history": "Interactive.98", "point": 1, "testname": "VT26_TOP_top_tb_TRAN", "cornername": "Nominal"}
[2026-06-01 13:05:44.345 Z] [WARN] [cadence.virtuoso.ade.simulationMonitor] -     WARNING (CMI-2425): top_tb.I0.I1|I4|C1(1)_dummy: `Noff' = 4.732 is unusually large. {"history": "Interactive.98", "point": 1, "testname": "VT26_TOP_top_tb_TRAN", "cornername": "Nominal"}
[2026-06-01 13:05:44.345 Z] [WARN] [cadence.virtuoso.ade.simulationMonitor] -     WARNING (CMI-2424): top_tb.I0.I1|I4|C1(1)_dummy: `Voffcv' = -867.4e-03 is unusually small. {"history": "Interactive.98", "point": 1, "testname": "VT26_TOP_top_tb_TRAN", "cornername": "Nominal"}
[2026-06-01 13:05:44.345 Z] [WARN] [cadence.virtuoso.ade.simulationMonitor] -     WARNING (CMI-2425): top_tb.I0.I2|I0|C1(0)_dummy: `Acde' = 2.393 is unusually large.
        Further occurrences of this warning will be suppressed. {"history": "Interactive.98", "point": 1, "testname": "VT26_TOP_top_tb_TRAN", "cornername": "Nominal"}
[2026-06-01 13:05:44.346 Z] [WARN] [cadence.virtuoso.ade.simulationMonitor] -     WARNING (CMI-2424): top_tb.I0.I2|I0|C1(0)_dummy: `Voffcv' = -867.4e-03 is unusually small. {"history": "Interactive.98", "point": 1, "testname": "VT26_TOP_top_tb_TRAN", "cornername": "Nominal"}
[2026-06-01 13:05:44.346 Z] [WARN] [cadence.virtuoso.ade.simulationMonitor] -     WARNING (CMI-2424): top_tb.I0.I2|I12|C1_dummy: `Voffcv' = -867.4e-03 is unusually small. {"history": "Interactive.98", "point": 1, "testname": "VT26_TOP_top_tb_TRAN", "cornername": "Nominal"}
[2026-06-01 13:05:44.346 Z] [INFO] [cadence.virtuoso.ade.simulationMonitor] - Notice from spectre.
    3 warnings suppressed. {"history": "Interactive.98", "point": 1, "testname": "VT26_TOP_top_tb_TRAN", "cornername": "Nominal"}
[2026-06-01 13:05:44.346 Z] [INFO] [cadence.virtuoso.ade.simulationMonitor] - Time used: CPU = 9.31 ks (2h 35m 11s), elapsed = 1.66 ks (27m  40.7s), util. = 561%. {"history": "Interactive.98", "point": 1, "testname": "VT26_TOP_top_tb_TRAN", "cornername": "Nominal"}
[2026-06-01 13:05:44.346 Z] [INFO] [cadence.virtuoso.ade.simulationMonitor] - Time spent in licensing: elapsed = 79.6 ms. {"history": "Interactive.98", "point": 1, "testname": "VT26_TOP_top_tb_TRAN", "cornername": "Nominal"}
[2026-06-01 13:05:44.346 Z] [INFO] [cadence.virtuoso.ade.simulationMonitor] - Peak memory used = 595 Mbytes. {"history": "Interactive.98", "point": 1, "testname": "VT26_TOP_top_tb_TRAN", "cornername": "Nominal"}
[2026-06-01 13:05:44.346 Z] [PROCESS] [cadence.virtuoso.ade.simulationMonitor] - Simulation started at: 12:38:03 PM, Mon Jun 1, 2026, ended at: 1:05:44 PM, Mon Jun 1, 2026, with elapsed time (wall clock): 1.66 ks (27m  40.7s). {"history": "Interactive.98", "point": 1, "testname": "VT26_TOP_top_tb_TRAN", "cornername": "Nominal"}
[2026-06-01 13:05:44.346 Z] [PROCESS] [cadence.virtuoso.ade.simulationMonitor] - spectre completes with 0 errors, 64 warnings, and 24 notices. {"history": "Interactive.98", "point": 1, "testname": "VT26_TOP_top_tb_TRAN", "cornername": "Nominal"}
[2026-06-01 13:05:44.346 Z] [INFO] [cadence.virtuoso.ade.simulationMonitor] - xmsim: Memory Usage - Final: 887.9M, Peak: 889.9M, Peak virtual: 1219.0M {"history": "Interactive.98", "point": 1, "testname": "VT26_TOP_top_tb_TRAN", "cornername": "Nominal"}
[2026-06-01 13:05:44.346 Z] [INFO] [cadence.virtuoso.ade.simulationMonitor] - xmsim: CPU Usage - 360.8s system + 9090.3s user = 9451.1s total (1665.8s, 100.0% cpu) {"history": "Interactive.98", "point": 1, "testname": "VT26_TOP_top_tb_TRAN", "cornername": "Nominal"}
[2026-06-01 13:05:44.346 Z] [PROCESS] [cadence.virtuoso.ade.simulationMonitor] - Finished simulating for one point {"hostname": "edatools", "processid": 412755, "history": "Interactive.98", "testname": "VT26_TOP_top_tb_TRAN", "cornername": "Nominal", "point": 1, "logfile": "/home/saul/projects/IL2244_VT26_SAUL/logs_saul/logs0/Job19.log", "simid": "1"}
[2026-06-01 13:05:44.346 Z] [PROCESS] [cadence.virtuoso.ade.simulationMonitor] - Simulator exited {"hostname": "edatools", "processid": 412755, "history": "Interactive.98", "testname": "VT26_TOP_top_tb_TRAN", "cornername": "Nominal", "point": 1, "logfile": "/home/saul/projects/IL2244_VT26_SAUL/logs_saul/logs0/Job19.log", "exitStatus": "0"}
[2026-06-01 13:05:44.346 Z] [PROCESS] [cadence.virtuoso.ade.simulationMonitor] - Finished Simulation {"hostname": "edatools", "processid": 412755, "history": "Interactive.98", "testname": "VT26_TOP_top_tb_TRAN", "cornername": "Nominal", "point": 1, "logfile": "/home/saul/projects/IL2244_VT26_SAUL/logs_saul/logs0/Job19.log", "simid": "1"}
[2026-06-01 13:05:44.347 Z] [PROCESS] [cadence.virtuoso.ade.simulationMonitor] - Expression evaluator launched {"hostname": "edatools", "processid": 412755, "history": "Interactive.98", "testname": "VT26_TOP_top_tb_TRAN", "cornername": "Nominal", "point": 1, "logfile": "/home/saul/projects/IL2244_VT26_SAUL/logs_saul/logs0/Job19.log"}
[2026-06-01 13:06:04.356 Z] [PROCESS] [cadence.virtuoso.ade.simulationMonitor] - Point Finished {"hostname": "edatools", "processid": 412755, "history": "Interactive.98", "testname": "VT26_TOP_top_tb_TRAN", "cornername": "Nominal", "point": 1, "logfile": "/home/saul/projects/IL2244_VT26_SAUL/logs_saul/logs0/Job19.log"}
[2026-06-01 13:11:05.980 Z] [PROCESS] [cadence.virtuoso.ade.simulationMonitor] - Current memory used: 52.3477 MBytes, peak memory used: 52.3477 MBytes {"hostname": "edatools", "processid": 412755, "history": "Interactive.98", "testname": "VT26_TOP_top_tb_TRAN", "cornername": "Nominal", "point": 1, "logfile": "/home/saul/projects/IL2244_VT26_SAUL/logs_saul/logs0/Job19.log"}
[2026-06-01 13:11:05.981 Z] [PROCESS] [cadence.virtuoso.ade.simulationMonitor] - Simulation Monitor process exit. {"hostname": "edatools", "processid": 412755, "history": "Interactive.98", "testname": "VT26_TOP_top_tb_TRAN", "cornername": "Nominal", "point": 1, "logfile": "/home/saul/projects/IL2244_VT26_SAUL/logs_saul/logs0/Job19.log"}
