[Simulation Monitor: 29]
[2026-06-04 11:43:57.400 Z] [PROCESS] [cadence.virtuoso.ade.simulationMonitor] - Simulation Monitor has successfully started up. Trying to set up communication channels to other components ... {"hostname": "edatools", "processid": 763806, "logfile": "/home/saul/projects/IL2244_VT26_SAUL/logs_saul/logs0/Job29.log"}
[2026-06-04 11:43:57.400 Z] [PROCESS] [cadence.virtuoso.ade.simulationMonitor] - Communication channels have been successfully set up. Start processing events ... {"hostname": "edatools", "processid": 763806, "logfile": "/home/saul/projects/IL2244_VT26_SAUL/logs_saul/logs0/Job29.log"}
[2026-06-04 11:43:57.400 Z] [PROCESS] [cadence.virtuoso.ade.simulationMonitor] - Considering to start history {"hostname": "edatools", "processid": 763806, "history": "Interactive.132", "logfile": "/home/saul/projects/IL2244_VT26_SAUL/logs_saul/logs0/Job29.log"}
[2026-06-04 11:43:57.402 Z] [PROCESS] [cadence.virtuoso.ade.simulationMonitor] - HostInfo:
Host name (type):	edatools (x86_64)
Operating system:	Linux 6.17.0-29-generic #29~24.04.1-Ubuntu SMP PREEMPT_DYNAMIC Mon May 11 10:30:58 UTC 2 {"hostname": "edatools", "processid": 763806, "history": "Interactive.132", "logfile": "/home/saul/projects/IL2244_VT26_SAUL/logs_saul/logs0/Job29.log", "nodename": "edatools", "domainname": "(none)", "machine": "x86_64", "sysname": "Linux", "release": "6.17.0-29-generic", "version": "#29~24.04.1-Ubuntu SMP PREEMPT_DYNAMIC Mon May 11 10:30:58 UTC 2"}
[2026-06-04 11:43:57.402 Z] [PROCESS] [cadence.virtuoso.ade.simulationMonitor] - UsageInfo:
pid=763806
totalPhysicalMemory=62.544979GB,Used=42.524830GB,totalVirtualMemory=70.544975GB,Used=42.524830GB
Cpu: Cores=16, Load average:0.290000,0.260000,0.260000 {"hostname": "edatools", "processid": 763806, "history": "Interactive.132", "logfile": "/home/saul/projects/IL2244_VT26_SAUL/logs_saul/logs0/Job29.log", "pid": "763806", "totalPhysicalMemory": "62.544979", "physicalMemoryUsed": "42.524830", "totalVirtualMemory": "70.544975", "virtualMemoryUsed": "42.524830", "cpuCores": "16", "processes": "2219", "loadAverage1": "0.290000", "loadAverage5": "0.260000", "loadAverage15": "0.260000", "loadAverage1Percent": "0.018125"}
[2026-06-04 11:43:57.402 Z] [EVENT] [cadence.virtuoso.ade.simulationMonitor] - NewPoint {"history": "Interactive.132", "point": 1, "testname": "VT26_TOP_top_tb_TRAN_CMFB", "cornername": "Nominal", "event": "NewPoint", "EventSource": "Simulation Monitor", "HistoryName": "Interactive.132", "logFile": "/home/saul/projects/IL2244_VT26_SAUL/logs_saul/logs0/Job29.log", "logFileSize": "2201"}
[2026-06-04 11:43:57.503 Z] [EVENT] [cadence.virtuoso.ade.simulationMonitor] - NewPoint {"history": "Interactive.132", "point": 1, "testname": "VT26_TOP_top_tb_TRAN_CMFB", "cornername": "Nominal", "event": "NewPoint", "EventSource": "ams", "HistoryName": "Interactive.132", "logFile": "/home/saul/projects/IL2244_VT26_SAUL/Sim/VT26_TOP/topsy_cmfb_tb/maestro/results/maestro/Interactive.132/1/VT26_TOP_top_tb_TRAN_CMFB/psf/xrun.log", "logFileSize": "-1"}
[2026-06-04 11:43:57.513 Z] [PROCESS] [cadence.virtuoso.ade.simulationMonitor] - Simulator launched {"hostname": "edatools", "processid": 763806, "history": "Interactive.132", "testname": "VT26_TOP_top_tb_TRAN_CMFB", "cornername": "Nominal", "point": 1, "logfile": "/home/saul/projects/IL2244_VT26_SAUL/logs_saul/logs0/Job29.log", "simid": "1"}
[2026-06-04 11:43:57.514 Z] [PROCESS] [cadence.virtuoso.ade.simulationMonitor] - Expression evaluator launched {"hostname": "edatools", "processid": 763806, "history": "Interactive.132", "testname": "VT26_TOP_top_tb_TRAN_CMFB", "cornername": "Nominal", "point": 1, "logfile": "/home/saul/projects/IL2244_VT26_SAUL/logs_saul/logs0/Job29.log"}
[2026-06-04 11:43:57.541 Z] [PROCESS] [cadence.virtuoso.ade.simulationMonitor] - Started Simulation {"hostname": "edatools", "processid": 763806, "history": "Interactive.132", "testname": "VT26_TOP_top_tb_TRAN_CMFB", "cornername": "Nominal", "point": 1, "logfile": "/home/saul/projects/IL2244_VT26_SAUL/logs_saul/logs0/Job29.log", "event": "started", "task": "simulation"}
[2026-06-04 11:44:08.081 Z] [INFO] [cadence.virtuoso.ade.simulationMonitor] - Notice from spectre during circuit read-in.
    Pre_Configuration file used: /opt/tools/cadence/installs/SPECTRE241/tools.lnx86/spectre/etc/configs/preset.precfg
    Configuration file used: `/opt/tools/cadence/installs/SPECTRE241/tools.lnx86/spectre/etc/configs/preset.cfg'.
    Configuration file used: `/opt/tools/cadence/installs/SPECTRE241/tools.lnx86/spectre/etc/configs/ams.cfg'. {"history": "Interactive.132", "point": 1, "testname": "VT26_TOP_top_tb_TRAN_CMFB", "cornername": "Nominal"}
[2026-06-04 11:44:08.081 Z] [WARN] [cadence.virtuoso.ade.simulationMonitor] -     WARNING (VACOMP-2435): The environment variable CDS_AHDLCMI_ENABLE is no longer supported. Therefore, the simulator will use the default compiled C code flow. {"history": "Interactive.132", "point": 1, "testname": "VT26_TOP_top_tb_TRAN_CMFB", "cornername": "Nominal"}
[2026-06-04 11:44:08.081 Z] [INFO] [cadence.virtuoso.ade.simulationMonitor] - Peak resident memory used = 184 Mbytes. {"history": "Interactive.132", "point": 1, "testname": "VT26_TOP_top_tb_TRAN_CMFB", "cornername": "Nominal"}
[2026-06-04 11:44:08.081 Z] [WARN] [cadence.virtuoso.ade.simulationMonitor] -     WARNING (SFE-3028): The floating resistor topsy_cmfb_tb.R7 is removed. {"history": "Interactive.132", "point": 1, "testname": "VT26_TOP_top_tb_TRAN_CMFB", "cornername": "Nominal"}
[2026-06-04 11:44:08.081 Z] [WARN] [cadence.virtuoso.ade.simulationMonitor] -     WARNING (SFE-3012): The dummy device topsy_cmfb_tb.I0.I3.I15.DLIB10 is removed. {"history": "Interactive.132", "point": 1, "testname": "VT26_TOP_top_tb_TRAN_CMFB", "cornername": "Nominal"}
[2026-06-04 11:44:08.081 Z] [WARN] [cadence.virtuoso.ade.simulationMonitor] -     WARNING (SFE-3012): The dummy device topsy_cmfb_tb.I0.I3.I15.DLIB11 is removed. {"history": "Interactive.132", "point": 1, "testname": "VT26_TOP_top_tb_TRAN_CMFB", "cornername": "Nominal"}
[2026-06-04 11:44:08.082 Z] [WARN] [cadence.virtuoso.ade.simulationMonitor] -     WARNING (SFE-3012): The dummy device topsy_cmfb_tb.I0.I2.I0.I3.MP12_0_turbo_m2 is removed. {"history": "Interactive.132", "point": 1, "testname": "VT26_TOP_top_tb_TRAN_CMFB", "cornername": "Nominal"}
[2026-06-04 11:44:08.082 Z] [WARN] [cadence.virtuoso.ade.simulationMonitor] -     WARNING (SFE-3029): The dummy capacitor topsy_cmfb_tb.I0.I1.I10_turbo_m4.C0.C1 is removed. {"history": "Interactive.132", "point": 1, "testname": "VT26_TOP_top_tb_TRAN_CMFB", "cornername": "Nominal"}
[2026-06-04 11:44:08.082 Z] [WARN] [cadence.virtuoso.ade.simulationMonitor] -     WARNING (SFE-3029): The dummy capacitor topsy_cmfb_tb.I0.I1.I13_turbo_m5.C0.C1 is removed. {"history": "Interactive.132", "point": 1, "testname": "VT26_TOP_top_tb_TRAN_CMFB", "cornername": "Nominal"}
[2026-06-04 11:44:08.082 Z] [WARN] [cadence.virtuoso.ade.simulationMonitor] -     WARNING (SFE-3029): The dummy capacitor topsy_cmfb_tb.I0.I1.I4.R31.CS1 is removed. {"history": "Interactive.132", "point": 1, "testname": "VT26_TOP_top_tb_TRAN_CMFB", "cornername": "Nominal"}
[2026-06-04 11:44:08.082 Z] [WARN] [cadence.virtuoso.ade.simulationMonitor] -     WARNING (SFE-3012): The dummy device topsy_cmfb_tb.I0.I3.I44.DLIB9 is removed. {"history": "Interactive.132", "point": 1, "testname": "VT26_TOP_top_tb_TRAN_CMFB", "cornername": "Nominal"}
[2026-06-04 11:44:08.082 Z] [WARN] [cadence.virtuoso.ade.simulationMonitor] -     WARNING (SFE-3029): The dummy capacitor topsy_cmfb_tb.I0.I1.I1.C1.C1 is removed. {"history": "Interactive.132", "point": 1, "testname": "VT26_TOP_top_tb_TRAN_CMFB", "cornername": "Nominal"}
[2026-06-04 11:44:08.082 Z] [WARN] [cadence.virtuoso.ade.simulationMonitor] -     WARNING (SFE-3029): The dummy capacitor topsy_cmfb_tb.I0.I1.I0.C2.C1 is removed.
        Further occurrences of this warning will be suppressed. {"history": "Interactive.132", "point": 1, "testname": "VT26_TOP_top_tb_TRAN_CMFB", "cornername": "Nominal"}
[2026-06-04 11:44:08.082 Z] [WARN] [cadence.virtuoso.ade.simulationMonitor] -     WARNING (SFE-3012): The dummy device topsy_cmfb_tb.I0.I2.I0.MN14_0_turbo_m4 is removed.
        Further occurrences of this warning will be suppressed. {"history": "Interactive.132", "point": 1, "testname": "VT26_TOP_top_tb_TRAN_CMFB", "cornername": "Nominal"}
[2026-06-04 11:44:08.082 Z] [WARN] [cadence.virtuoso.ade.simulationMonitor] -     WARNING (SFE-3026): The shorted/dummy resistor topsy_cmfb_tb.I0.I3.I17.R2.R0 is removed. {"history": "Interactive.132", "point": 1, "testname": "VT26_TOP_top_tb_TRAN_CMFB", "cornername": "Nominal"}
[2026-06-04 11:44:08.082 Z] [WARN] [cadence.virtuoso.ade.simulationMonitor] -     WARNING (SFE-3026): The shorted/dummy resistor topsy_cmfb_tb.I0.I3.I19.R5.R0 is removed. {"history": "Interactive.132", "point": 1, "testname": "VT26_TOP_top_tb_TRAN_CMFB", "cornername": "Nominal"}
[2026-06-04 11:44:08.082 Z] [WARN] [cadence.virtuoso.ade.simulationMonitor] -     WARNING (SFE-3026): The shorted/dummy resistor topsy_cmfb_tb.I0.I3.I20.R1.R0 is removed. {"history": "Interactive.132", "point": 1, "testname": "VT26_TOP_top_tb_TRAN_CMFB", "cornername": "Nominal"}
[2026-06-04 11:44:08.082 Z] [WARN] [cadence.virtuoso.ade.simulationMonitor] -     WARNING (SFE-3026): The shorted/dummy resistor topsy_cmfb_tb.I0.I3.I18.R1.R0 is removed. {"history": "Interactive.132", "point": 1, "testname": "VT26_TOP_top_tb_TRAN_CMFB", "cornername": "Nominal"}
[2026-06-04 11:44:08.082 Z] [WARN] [cadence.virtuoso.ade.simulationMonitor] -     WARNING (SFE-3031): The floating capacitor topsy_cmfb_tb.C14 is removed. {"history": "Interactive.132", "point": 1, "testname": "VT26_TOP_top_tb_TRAN_CMFB", "cornername": "Nominal"}
[2026-06-04 11:44:08.082 Z] [WARN] [cadence.virtuoso.ade.simulationMonitor] -     WARNING (SFE-3016): The floating node gndr_right! is removed. {"history": "Interactive.132", "point": 1, "testname": "VT26_TOP_top_tb_TRAN_CMFB", "cornername": "Nominal"}
[2026-06-04 11:44:08.082 Z] [WARN] [cadence.virtuoso.ade.simulationMonitor] -     WARNING (SFE-3016): The floating node vddr_right! is removed. {"history": "Interactive.132", "point": 1, "testname": "VT26_TOP_top_tb_TRAN_CMFB", "cornername": "Nominal"}
[2026-06-04 11:44:08.082 Z] [WARN] [cadence.virtuoso.ade.simulationMonitor] -     WARNING (SFE-3016): The floating node topsy_cmfb_tb.I0.I0.spi_Rx_data_temp[34] is removed. {"history": "Interactive.132", "point": 1, "testname": "VT26_TOP_top_tb_TRAN_CMFB", "cornername": "Nominal"}
[2026-06-04 11:44:08.082 Z] [WARN] [cadence.virtuoso.ade.simulationMonitor] -     WARNING (SFE-3016): The floating node gndr_left! is removed. {"history": "Interactive.132", "point": 1, "testname": "VT26_TOP_top_tb_TRAN_CMFB", "cornername": "Nominal"}
[2026-06-04 11:44:08.082 Z] [WARN] [cadence.virtuoso.ade.simulationMonitor] -     WARNING (SFE-3016): The floating node vdd! is removed.
        Further occurrences of this warning will be suppressed. {"history": "Interactive.132", "point": 1, "testname": "VT26_TOP_top_tb_TRAN_CMFB", "cornername": "Nominal"}
[2026-06-04 11:44:08.082 Z] [INFO] [cadence.virtuoso.ade.simulationMonitor] - Notice from spectre during hierarchy flattening.
    The value 'psf' specified for the 'checklimitdest' option will no longer be supported in future releases. Use 'spectre -h' to see other recommended values for the 'checklimitdest' option. {"history": "Interactive.132", "point": 1, "testname": "VT26_TOP_top_tb_TRAN_CMFB", "cornername": "Nominal"}
[2026-06-04 11:44:08.583 Z] [INFO] [cadence.virtuoso.ade.simulationMonitor] - Peak resident memory used = 204 Mbytes. {"history": "Interactive.132", "point": 1, "testname": "VT26_TOP_top_tb_TRAN_CMFB", "cornername": "Nominal"}
[2026-06-04 11:44:08.583 Z] [INFO] [cadence.virtuoso.ade.simulationMonitor] - Notice from spectre during hierarchy flattening.
    The value 'psf' specified for the 'checklimitdest' option will no longer be supported in future releases. Use 'spectre -h' to see other recommended values for the 'checklimitdest' option. {"history": "Interactive.132", "point": 1, "testname": "VT26_TOP_top_tb_TRAN_CMFB", "cornername": "Nominal"}
[2026-06-04 11:44:08.583 Z] [INFO] [cadence.virtuoso.ade.simulationMonitor] - Peak resident memory used = 216 Mbytes. {"history": "Interactive.132", "point": 1, "testname": "VT26_TOP_top_tb_TRAN_CMFB", "cornername": "Nominal"}
[2026-06-04 11:44:08.583 Z] [WARN] [cadence.virtuoso.ade.simulationMonitor] -     WARNING (CMI-2425): topsy_cmfb_tb.I0.I1.I0.C0_0_turbo_m6: `Acde' = 2.393 is unusually large. {"history": "Interactive.132", "point": 1, "testname": "VT26_TOP_top_tb_TRAN_CMFB", "cornername": "Nominal"}
[2026-06-04 11:44:08.583 Z] [WARN] [cadence.virtuoso.ade.simulationMonitor] -     WARNING (CMI-2425): topsy_cmfb_tb.I0.I1.I0.C0_0_turbo_m6: `Noff' = 4.732 is unusually large. {"history": "Interactive.132", "point": 1, "testname": "VT26_TOP_top_tb_TRAN_CMFB", "cornername": "Nominal"}
[2026-06-04 11:44:08.583 Z] [WARN] [cadence.virtuoso.ade.simulationMonitor] -     WARNING (CMI-2424): topsy_cmfb_tb.I0.I1.I0.C0_0_turbo_m6: `Voffcv' = -867.4e-03 is unusually small. {"history": "Interactive.132", "point": 1, "testname": "VT26_TOP_top_tb_TRAN_CMFB", "cornername": "Nominal"}
[2026-06-04 11:44:08.583 Z] [WARN] [cadence.virtuoso.ade.simulationMonitor] -     WARNING (CMI-2425): topsy_cmfb_tb.I0.I1.I3.C1_0_turbo_m6: `Acde' = 2.393 is unusually large. {"history": "Interactive.132", "point": 1, "testname": "VT26_TOP_top_tb_TRAN_CMFB", "cornername": "Nominal"}
[2026-06-04 11:44:08.583 Z] [WARN] [cadence.virtuoso.ade.simulationMonitor] -     WARNING (CMI-2425): topsy_cmfb_tb.I0.I1.I3.C1_0_turbo_m6: `Noff' = 4.732 is unusually large. {"history": "Interactive.132", "point": 1, "testname": "VT26_TOP_top_tb_TRAN_CMFB", "cornername": "Nominal"}
[2026-06-04 11:44:08.583 Z] [WARN] [cadence.virtuoso.ade.simulationMonitor] -     WARNING (CMI-2424): topsy_cmfb_tb.I0.I1.I3.C1_0_turbo_m6: `Voffcv' = -867.4e-03 is unusually small. {"history": "Interactive.132", "point": 1, "testname": "VT26_TOP_top_tb_TRAN_CMFB", "cornername": "Nominal"}
[2026-06-04 11:44:08.583 Z] [WARN] [cadence.virtuoso.ade.simulationMonitor] -     WARNING (CMI-2425): topsy_cmfb_tb.I0.I1.I4.C1_0_turbo_m11: `Acde' = 2.393 is unusually large.
        Further occurrences of this warning will be suppressed. {"history": "Interactive.132", "point": 1, "testname": "VT26_TOP_top_tb_TRAN_CMFB", "cornername": "Nominal"}
[2026-06-04 11:44:08.583 Z] [WARN] [cadence.virtuoso.ade.simulationMonitor] -     WARNING (CMI-2424): topsy_cmfb_tb.I0.I1.I4.C1_0_turbo_m11: `Voffcv' = -867.4e-03 is unusually small. {"history": "Interactive.132", "point": 1, "testname": "VT26_TOP_top_tb_TRAN_CMFB", "cornername": "Nominal"}
[2026-06-04 11:44:08.583 Z] [WARN] [cadence.virtuoso.ade.simulationMonitor] -     WARNING (CMI-2424): topsy_cmfb_tb.I0.I19.I0.I3.C1: `Voffcv' = -867.4e-03 is unusually small. {"history": "Interactive.132", "point": 1, "testname": "VT26_TOP_top_tb_TRAN_CMFB", "cornername": "Nominal"}
[2026-06-04 11:44:08.583 Z] [WARN] [cadence.virtuoso.ade.simulationMonitor] -     WARNING (CMI-2424): topsy_cmfb_tb.I0.I19.I0.C2: `Voffcv' = -867.4e-03 is unusually small.
        Further occurrences of this warning will be suppressed. {"history": "Interactive.132", "point": 1, "testname": "VT26_TOP_top_tb_TRAN_CMFB", "cornername": "Nominal"}
[2026-06-04 11:44:08.583 Z] [WARN] [cadence.virtuoso.ade.simulationMonitor] -     WARNING (SPECTRE-17607): Assert `SOAC_vert10_vsubpsub' is ignored because it contains an expression which is invalid or not supported by native evaluator.  {"history": "Interactive.132", "point": 1, "testname": "VT26_TOP_top_tb_TRAN_CMFB", "cornername": "Nominal"}
[2026-06-04 11:44:08.584 Z] [WARN] [cadence.virtuoso.ade.simulationMonitor] -     WARNING (SPECTRE-17607): Assert `SOAC_vert10_vcsub' is ignored because it contains an expression which is invalid or not supported by native evaluator.  {"history": "Interactive.132", "point": 1, "testname": "VT26_TOP_top_tb_TRAN_CMFB", "cornername": "Nominal"}
[2026-06-04 11:44:08.584 Z] [WARN] [cadence.virtuoso.ade.simulationMonitor] -     WARNING (SPECTRE-17607): Assert `SOAC_rpolyh_vminuspsub' is ignored because it contains an expression which is invalid or not supported by native evaluator.  {"history": "Interactive.132", "point": 1, "testname": "VT26_TOP_top_tb_TRAN_CMFB", "cornername": "Nominal"}
[2026-06-04 11:44:08.584 Z] [WARN] [cadence.virtuoso.ade.simulationMonitor] -     WARNING (SPECTRE-17607): Assert `SOAC_rpolyh_vpluspsub' is ignored because it contains an expression which is invalid or not supported by native evaluator.  {"history": "Interactive.132", "point": 1, "testname": "VT26_TOP_top_tb_TRAN_CMFB", "cornername": "Nominal"}
[2026-06-04 11:44:08.584 Z] [WARN] [cadence.virtuoso.ade.simulationMonitor] -     WARNING (SPECTRE-17607): Assert `SOAC_rpoly2_vminuspsub' is ignored because it contains an expression which is invalid or not supported by native evaluator. 
        Further occurrences of this warning will be suppressed. {"history": "Interactive.132", "point": 1, "testname": "VT26_TOP_top_tb_TRAN_CMFB", "cornername": "Nominal"}
[2026-06-04 11:44:08.584 Z] [WARN] [cadence.virtuoso.ade.simulationMonitor] -     WARNING (SPECTRE-16460): SOAC_cvarm_vspsub:Specified subcircuit master `cvarm' was not found. {"history": "Interactive.132", "point": 1, "testname": "VT26_TOP_top_tb_TRAN_CMFB", "cornername": "Nominal"}
[2026-06-04 11:44:08.584 Z] [WARN] [cadence.virtuoso.ade.simulationMonitor] -     WARNING (SPECTRE-16462): SOAC_cvarm_vspsub:Error in specification of subcircuit master. Assert is ignored. {"history": "Interactive.132", "point": 1, "testname": "VT26_TOP_top_tb_TRAN_CMFB", "cornername": "Nominal"}
[2026-06-04 11:44:08.584 Z] [WARN] [cadence.virtuoso.ade.simulationMonitor] -     WARNING (SPECTRE-16460): SOAC_cvarm_vbs:Specified subcircuit master `cvarm' was not found. {"history": "Interactive.132", "point": 1, "testname": "VT26_TOP_top_tb_TRAN_CMFB", "cornername": "Nominal"}
[2026-06-04 11:44:08.584 Z] [WARN] [cadence.virtuoso.ade.simulationMonitor] -     WARNING (SPECTRE-16462): SOAC_cvarm_vbs:Error in specification of subcircuit master. Assert is ignored. {"history": "Interactive.132", "point": 1, "testname": "VT26_TOP_top_tb_TRAN_CMFB", "cornername": "Nominal"}
[2026-06-04 11:44:08.584 Z] [WARN] [cadence.virtuoso.ade.simulationMonitor] -     WARNING (SPECTRE-16460): SOAC_cvarm_vgb:Specified subcircuit master `cvarm' was not found. {"history": "Interactive.132", "point": 1, "testname": "VT26_TOP_top_tb_TRAN_CMFB", "cornername": "Nominal"}
[2026-06-04 11:44:08.584 Z] [WARN] [cadence.virtuoso.ade.simulationMonitor] -     WARNING (SPECTRE-16462): SOAC_cvarm_vgb:Error in specification of subcircuit master. Assert is ignored. {"history": "Interactive.132", "point": 1, "testname": "VT26_TOP_top_tb_TRAN_CMFB", "cornername": "Nominal"}
[2026-06-04 11:44:08.584 Z] [WARN] [cadence.virtuoso.ade.simulationMonitor] -     WARNING (SPECTRE-16460): SOAC_cvart_vspsub:Specified subcircuit master `cvart' was not found. {"history": "Interactive.132", "point": 1, "testname": "VT26_TOP_top_tb_TRAN_CMFB", "cornername": "Nominal"}
[2026-06-04 11:44:08.584 Z] [WARN] [cadence.virtuoso.ade.simulationMonitor] -     WARNING (SPECTRE-16462): SOAC_cvart_vspsub:Error in specification of subcircuit master. Assert is ignored. {"history": "Interactive.132", "point": 1, "testname": "VT26_TOP_top_tb_TRAN_CMFB", "cornername": "Nominal"}
[2026-06-04 11:44:09.084 Z] [WARN] [cadence.virtuoso.ade.simulationMonitor] -     WARNING (SPECTRE-16460): SOAC_cvart_vbs:Specified subcircuit master `cvart' was not found.
        Further occurrences of this warning will be suppressed. {"history": "Interactive.132", "point": 1, "testname": "VT26_TOP_top_tb_TRAN_CMFB", "cornername": "Nominal"}
[2026-06-04 11:44:09.084 Z] [WARN] [cadence.virtuoso.ade.simulationMonitor] -     WARNING (SPECTRE-16462): SOAC_cvart_vbs:Error in specification of subcircuit master. Assert is ignored.
        Further occurrences of this warning will be suppressed. {"history": "Interactive.132", "point": 1, "testname": "VT26_TOP_top_tb_TRAN_CMFB", "cornername": "Nominal"}
[2026-06-04 11:44:09.084 Z] [INFO] [cadence.virtuoso.ade.simulationMonitor] - Notice from spectre during topology check.
    Only one connection to the following 31 nodes:
        topsy_cmfb_tb.I0.net24
        topsy_cmfb_tb.I0.net25
        topsy_cmfb_tb.I0.net26
        topsy_cmfb_tb.I0.net27
        topsy_cmfb_tb.I0.I3.I28.R8.net9
        Further occurrences of this notice will be suppressed.
    No DC path from node `topsy_cmfb_tb.I0.I19.I27.R19.net9' to ground, Gmin installed to provide path.
    No DC path from node `topsy_cmfb_tb.I0.I19.I27.R18.net9' to ground, Gmin installed... {"history": "Interactive.132", "point": 1, "testname": "VT26_TOP_top_tb_TRAN_CMFB", "cornername": "Nominal"}
[2026-06-04 11:44:09.085 Z] [WARN] [cadence.virtuoso.ade.simulationMonitor] -     WARNING (SPECTRE-592): Following parameters are disabled because they are ignored or redefined in Spectre X:
        Option Parameters:
          iabstol
          reltol
          vabstol
        Tran Parameters:
          errpreset
          maxiters
         {"history": "Interactive.132", "point": 1, "testname": "VT26_TOP_top_tb_TRAN_CMFB", "cornername": "Nominal"}
[2026-06-04 11:44:09.085 Z] [INFO] [cadence.virtuoso.ade.simulationMonitor] -               nodes 5000 {"history": "Interactive.132", "point": 1, "testname": "VT26_TOP_top_tb_TRAN_CMFB", "cornername": "Nominal"}
[2026-06-04 11:44:09.085 Z] [INFO] [cadence.virtuoso.ade.simulationMonitor] - Notice from spectre during initial setup.
    2 resistors are shorted because their absolute value is less than or equal to 'rabsshort'.
    Spectre X preset=vx enabled.
    Spectre X postlpreset=vx enabled.
    5 notices suppressed.
    205 warnings suppressed. {"history": "Interactive.132", "point": 1, "testname": "VT26_TOP_top_tb_TRAN_CMFB", "cornername": "Nominal"}
[2026-06-04 11:44:09.085 Z] [INFO] [cadence.virtuoso.ade.simulationMonitor] - Notice from spectre.
    Multithreading enabled: 8 threads in the system with 16 available processors. {"history": "Interactive.132", "point": 1, "testname": "VT26_TOP_top_tb_TRAN_CMFB", "cornername": "Nominal"}
[2026-06-04 11:44:09.085 Z] [INFO] [cadence.virtuoso.ade.simulationMonitor] - Peak resident memory used = 299 Mbytes. {"history": "Interactive.132", "point": 1, "testname": "VT26_TOP_top_tb_TRAN_CMFB", "cornername": "Nominal"}
[2026-06-04 11:44:09.085 Z] [INFO] [cadence.virtuoso.ade.simulationMonitor] -    -   (Spectre X) Multi-threading. The recommended number of threads is [2, 4], consider adding +mt=2 or +mt=4 on command line. {"history": "Interactive.132", "point": 1, "testname": "VT26_TOP_top_tb_TRAN_CMFB", "cornername": "Nominal"}
[2026-06-04 11:44:09.085 Z] [INFO] [cadence.virtuoso.ade.simulationMonitor] - Notice from spectre during transient analysis `tran'.
    No checklimit analysis defined for asserts. A default checklimit analysis 'SpectreChecklimitAnal' has been created with all asserts enabled. {"history": "Interactive.132", "point": 1, "testname": "VT26_TOP_top_tb_TRAN_CMFB", "cornername": "Nominal"}
[2026-06-04 11:44:09.586 Z] [INFO] [cadence.virtuoso.ade.simulationMonitor] - Notice from spectre during IC analysis, during transient analysis `tran'.
    Bad pivoting is found during DC analysis. Option dc_pivot_check=yes is recommended for possible improvement of convergence. {"history": "Interactive.132", "point": 1, "testname": "VT26_TOP_top_tb_TRAN_CMFB", "cornername": "Nominal"}
[2026-06-04 11:44:09.586 Z] [INFO] [cadence.virtuoso.ade.simulationMonitor] - Notice from spectre during transient analysis `tran'.
    Output compression for transient analysis is enabled. {"history": "Interactive.132", "point": 1, "testname": "VT26_TOP_top_tb_TRAN_CMFB", "cornername": "Nominal"}
[2026-06-04 11:44:17.137 Z] [WARN] [cadence.virtuoso.ade.simulationMonitor] -     WARNING (CMI-2425): topsy_cmfb_tb.I0.I1.I0.C0_0_dummy: `Acde' = 2.393 is unusually large. {"history": "Interactive.132", "point": 1, "testname": "VT26_TOP_top_tb_TRAN_CMFB", "cornername": "Nominal"}
[2026-06-04 11:44:17.138 Z] [WARN] [cadence.virtuoso.ade.simulationMonitor] -     WARNING (CMI-2425): topsy_cmfb_tb.I0.I1.I0.C0_0_dummy: `Noff' = 4.732 is unusually large. {"history": "Interactive.132", "point": 1, "testname": "VT26_TOP_top_tb_TRAN_CMFB", "cornername": "Nominal"}
[2026-06-04 11:44:17.138 Z] [WARN] [cadence.virtuoso.ade.simulationMonitor] -     WARNING (CMI-2424): topsy_cmfb_tb.I0.I1.I0.C0_0_dummy: `Voffcv' = -867.4e-03 is unusually small. {"history": "Interactive.132", "point": 1, "testname": "VT26_TOP_top_tb_TRAN_CMFB", "cornername": "Nominal"}
[2026-06-04 11:44:17.138 Z] [WARN] [cadence.virtuoso.ade.simulationMonitor] -     WARNING (CMI-2425): topsy_cmfb_tb.I0.I1.I3.C1_0_dummy: `Acde' = 2.393 is unusually large. {"history": "Interactive.132", "point": 1, "testname": "VT26_TOP_top_tb_TRAN_CMFB", "cornername": "Nominal"}
[2026-06-04 11:44:17.138 Z] [WARN] [cadence.virtuoso.ade.simulationMonitor] -     WARNING (CMI-2425): topsy_cmfb_tb.I0.I1.I3.C1_0_dummy: `Noff' = 4.732 is unusually large. {"history": "Interactive.132", "point": 1, "testname": "VT26_TOP_top_tb_TRAN_CMFB", "cornername": "Nominal"}
[2026-06-04 11:44:17.138 Z] [WARN] [cadence.virtuoso.ade.simulationMonitor] -     WARNING (CMI-2424): topsy_cmfb_tb.I0.I1.I3.C1_0_dummy: `Voffcv' = -867.4e-03 is unusually small. {"history": "Interactive.132", "point": 1, "testname": "VT26_TOP_top_tb_TRAN_CMFB", "cornername": "Nominal"}
[2026-06-04 11:44:17.138 Z] [WARN] [cadence.virtuoso.ade.simulationMonitor] -     WARNING (CMI-2425): topsy_cmfb_tb.I0.I1.I4.C1_0_dummy: `Acde' = 2.393 is unusually large.
        Further occurrences of this warning will be suppressed. {"history": "Interactive.132", "point": 1, "testname": "VT26_TOP_top_tb_TRAN_CMFB", "cornername": "Nominal"}
[2026-06-04 11:44:17.138 Z] [WARN] [cadence.virtuoso.ade.simulationMonitor] -     WARNING (CMI-2424): topsy_cmfb_tb.I0.I1.I4.C1_0_dummy: `Voffcv' = -867.4e-03 is unusually small. {"history": "Interactive.132", "point": 1, "testname": "VT26_TOP_top_tb_TRAN_CMFB", "cornername": "Nominal"}
[2026-06-04 11:44:17.138 Z] [WARN] [cadence.virtuoso.ade.simulationMonitor] -     WARNING (CMI-2424): topsy_cmfb_tb.I0.I19.I0.C1_0_dummy: `Voffcv' = -867.4e-03 is unusually small. {"history": "Interactive.132", "point": 1, "testname": "VT26_TOP_top_tb_TRAN_CMFB", "cornername": "Nominal"}
[2026-06-04 11:44:17.138 Z] [INFO] [cadence.virtuoso.ade.simulationMonitor] - Notice from spectre at time = 160 us during transient analysis `tran'.
    3 warnings suppressed. {"history": "Interactive.132", "point": 1, "testname": "VT26_TOP_top_tb_TRAN_CMFB", "cornername": "Nominal"}
[2026-06-04 11:44:57.330 Z] [PROCESS] [cadence.virtuoso.ade.simulationMonitor] - Simulation cancelled {"hostname": "edatools", "processid": 763806, "history": "Interactive.132", "testname": "VT26_TOP_top_tb_TRAN_CMFB", "cornername": "Nominal", "point": 1, "logfile": "/home/saul/projects/IL2244_VT26_SAUL/logs_saul/logs0/Job29.log"}
[2026-06-04 11:44:57.330 Z] [INFO] [cadence.virtuoso.ade.simulationMonitor] - SimulationMonitor has terminated the  process '763842', reason: 'the simulation point gets cancelled by GUI' {"history": "Interactive.132", "point": 1, "testname": "VT26_TOP_top_tb_TRAN_CMFB", "cornername": "Nominal"}
[2026-06-04 11:44:57.403 Z] [PROCESS] [cadence.virtuoso.ade.simulationMonitor] - Finished simulating for one point {"hostname": "edatools", "processid": 763806, "history": "Interactive.132", "testname": "VT26_TOP_top_tb_TRAN_CMFB", "cornername": "Nominal", "point": 1, "logfile": "/home/saul/projects/IL2244_VT26_SAUL/logs_saul/logs0/Job29.log", "simid": "1"}
[2026-06-04 11:44:57.403 Z] [PROCESS] [cadence.virtuoso.ade.simulationMonitor] - Simulator exited {"hostname": "edatools", "processid": 763806, "history": "Interactive.132", "testname": "VT26_TOP_top_tb_TRAN_CMFB", "cornername": "Nominal", "point": 1, "logfile": "/home/saul/projects/IL2244_VT26_SAUL/logs_saul/logs0/Job29.log", "exitStatus": "0"}
[2026-06-04 11:44:57.403 Z] [PROCESS] [cadence.virtuoso.ade.simulationMonitor] - Finished Simulation {"hostname": "edatools", "processid": 763806, "history": "Interactive.132", "testname": "VT26_TOP_top_tb_TRAN_CMFB", "cornername": "Nominal", "point": 1, "logfile": "/home/saul/projects/IL2244_VT26_SAUL/logs_saul/logs0/Job29.log", "simid": "1"}
[2026-06-04 11:44:57.407 Z] [PROCESS] [cadence.virtuoso.ade.simulationMonitor] - Point Finished {"hostname": "edatools", "processid": 763806, "history": "Interactive.132", "testname": "VT26_TOP_top_tb_TRAN_CMFB", "cornername": "Nominal", "point": 1, "logfile": "/home/saul/projects/IL2244_VT26_SAUL/logs_saul/logs0/Job29.log"}
[2026-06-04 11:46:42.393 Z] [PROCESS] [cadence.virtuoso.ade.simulationMonitor] - Started History {"hostname": "edatools", "processid": 763806, "history": "Interactive.133", "testname": "VT26_TOP_top_tb_TRAN_CMFB", "cornername": "Nominal", "point": 1, "logfile": "/home/saul/projects/IL2244_VT26_SAUL/logs_saul/logs0/Job29.log"}
[2026-06-04 11:46:42.394 Z] [PROCESS] [cadence.virtuoso.ade.simulationMonitor] - HostInfo:
Host name (type):	edatools (x86_64)
Operating system:	Linux 6.17.0-29-generic #29~24.04.1-Ubuntu SMP PREEMPT_DYNAMIC Mon May 11 10:30:58 UTC 2 {"hostname": "edatools", "processid": 763806, "history": "Interactive.133", "testname": "VT26_TOP_top_tb_TRAN_CMFB", "cornername": "Nominal", "point": 1, "logfile": "/home/saul/projects/IL2244_VT26_SAUL/logs_saul/logs0/Job29.log", "nodename": "edatools", "domainname": "(none)", "machine": "x86_64", "sysname": "Linux", "release": "6.17.0-29-generic", "version": "#29~24.04.1-Ubuntu SMP PREEMPT_DYNAMIC Mon May 11 10:30:58 UTC 2"}
[2026-06-04 11:46:42.394 Z] [PROCESS] [cadence.virtuoso.ade.simulationMonitor] - UsageInfo:
pid=763806
totalPhysicalMemory=62.544979GB,Used=42.562107GB,totalVirtualMemory=70.544975GB,Used=42.562107GB
Cpu: Cores=16, Load average:0.810000,0.920000,0.540000 {"hostname": "edatools", "processid": 763806, "history": "Interactive.133", "testname": "VT26_TOP_top_tb_TRAN_CMFB", "cornername": "Nominal", "point": 1, "logfile": "/home/saul/projects/IL2244_VT26_SAUL/logs_saul/logs0/Job29.log", "pid": "763806", "totalPhysicalMemory": "62.544979", "physicalMemoryUsed": "42.562107", "totalVirtualMemory": "70.544975", "virtualMemoryUsed": "42.562107", "cpuCores": "16", "processes": "2225", "loadAverage1": "0.810000", "loadAverage5": "0.920000", "loadAverage15": "0.540000", "loadAverage1Percent": "0.050625"}
[2026-06-04 11:46:42.395 Z] [EVENT] [cadence.virtuoso.ade.simulationMonitor] - NewPoint {"history": "Interactive.133", "point": 1, "testname": "VT26_TOP_top_tb_TRAN_CMFB", "cornername": "Nominal", "event": "NewPoint", "EventSource": "Simulation Monitor", "HistoryName": "Interactive.133", "logFile": "/home/saul/projects/IL2244_VT26_SAUL/logs_saul/logs0/Job29.log", "logFileSize": "30694"}
[2026-06-04 11:46:42.497 Z] [EVENT] [cadence.virtuoso.ade.simulationMonitor] - NewPoint {"history": "Interactive.133", "point": 1, "testname": "VT26_TOP_top_tb_TRAN_CMFB", "cornername": "Nominal", "event": "NewPoint", "EventSource": "ams", "HistoryName": "Interactive.133", "logFile": "/home/saul/projects/IL2244_VT26_SAUL/Sim/VT26_TOP/topsy_cmfb_tb/maestro/results/maestro/Interactive.133/1/VT26_TOP_top_tb_TRAN_CMFB/psf/xrun.log", "logFileSize": "-1"}
[2026-06-04 11:46:42.513 Z] [PROCESS] [cadence.virtuoso.ade.simulationMonitor] - Simulator launched {"hostname": "edatools", "processid": 763806, "history": "Interactive.133", "testname": "VT26_TOP_top_tb_TRAN_CMFB", "cornername": "Nominal", "point": 1, "logfile": "/home/saul/projects/IL2244_VT26_SAUL/logs_saul/logs0/Job29.log", "simid": "2"}
[2026-06-04 11:46:42.516 Z] [PROCESS] [cadence.virtuoso.ade.simulationMonitor] - Expression evaluator launched {"hostname": "edatools", "processid": 763806, "history": "Interactive.133", "testname": "VT26_TOP_top_tb_TRAN_CMFB", "cornername": "Nominal", "point": 1, "logfile": "/home/saul/projects/IL2244_VT26_SAUL/logs_saul/logs0/Job29.log"}
[2026-06-04 11:46:42.545 Z] [PROCESS] [cadence.virtuoso.ade.simulationMonitor] - Started Simulation {"hostname": "edatools", "processid": 763806, "history": "Interactive.133", "testname": "VT26_TOP_top_tb_TRAN_CMFB", "cornername": "Nominal", "point": 1, "logfile": "/home/saul/projects/IL2244_VT26_SAUL/logs_saul/logs0/Job29.log", "event": "started", "task": "simulation"}
[2026-06-04 11:46:52.086 Z] [INFO] [cadence.virtuoso.ade.simulationMonitor] - Notice from spectre during circuit read-in.
    Pre_Configuration file used: /opt/tools/cadence/installs/SPECTRE241/tools.lnx86/spectre/etc/configs/preset.precfg
    Configuration file used: `/opt/tools/cadence/installs/SPECTRE241/tools.lnx86/spectre/etc/configs/preset.cfg'.
    Configuration file used: `/opt/tools/cadence/installs/SPECTRE241/tools.lnx86/spectre/etc/configs/ams.cfg'. {"history": "Interactive.133", "point": 1, "testname": "VT26_TOP_top_tb_TRAN_CMFB", "cornername": "Nominal"}
[2026-06-04 11:46:52.086 Z] [WARN] [cadence.virtuoso.ade.simulationMonitor] -     WARNING (VACOMP-2435): The environment variable CDS_AHDLCMI_ENABLE is no longer supported. Therefore, the simulator will use the default compiled C code flow. {"history": "Interactive.133", "point": 1, "testname": "VT26_TOP_top_tb_TRAN_CMFB", "cornername": "Nominal"}
[2026-06-04 11:46:52.086 Z] [INFO] [cadence.virtuoso.ade.simulationMonitor] - Peak resident memory used = 184 Mbytes. {"history": "Interactive.133", "point": 1, "testname": "VT26_TOP_top_tb_TRAN_CMFB", "cornername": "Nominal"}
[2026-06-04 11:46:52.586 Z] [WARN] [cadence.virtuoso.ade.simulationMonitor] -     WARNING (SFE-3012): The dummy device topsy_cmfb_tb.I0.I3.I15.DLIB10 is removed. {"history": "Interactive.133", "point": 1, "testname": "VT26_TOP_top_tb_TRAN_CMFB", "cornername": "Nominal"}
[2026-06-04 11:46:52.586 Z] [WARN] [cadence.virtuoso.ade.simulationMonitor] -     WARNING (SFE-3012): The dummy device topsy_cmfb_tb.I0.I3.I15.DLIB11 is removed. {"history": "Interactive.133", "point": 1, "testname": "VT26_TOP_top_tb_TRAN_CMFB", "cornername": "Nominal"}
[2026-06-04 11:46:52.586 Z] [WARN] [cadence.virtuoso.ade.simulationMonitor] -     WARNING (SFE-3012): The dummy device topsy_cmfb_tb.I0.I2.I0.I3.MP12_0_turbo_m2 is removed. {"history": "Interactive.133", "point": 1, "testname": "VT26_TOP_top_tb_TRAN_CMFB", "cornername": "Nominal"}
[2026-06-04 11:46:52.587 Z] [WARN] [cadence.virtuoso.ade.simulationMonitor] -     WARNING (SFE-3029): The dummy capacitor topsy_cmfb_tb.I0.I1.I10_turbo_m4.C0.C1 is removed. {"history": "Interactive.133", "point": 1, "testname": "VT26_TOP_top_tb_TRAN_CMFB", "cornername": "Nominal"}
[2026-06-04 11:46:52.587 Z] [WARN] [cadence.virtuoso.ade.simulationMonitor] -     WARNING (SFE-3029): The dummy capacitor topsy_cmfb_tb.I0.I1.I13_turbo_m5.C0.C1 is removed. {"history": "Interactive.133", "point": 1, "testname": "VT26_TOP_top_tb_TRAN_CMFB", "cornername": "Nominal"}
[2026-06-04 11:46:52.587 Z] [WARN] [cadence.virtuoso.ade.simulationMonitor] -     WARNING (SFE-3029): The dummy capacitor topsy_cmfb_tb.I0.I1.I4.R31.CS1 is removed. {"history": "Interactive.133", "point": 1, "testname": "VT26_TOP_top_tb_TRAN_CMFB", "cornername": "Nominal"}
[2026-06-04 11:46:52.587 Z] [WARN] [cadence.virtuoso.ade.simulationMonitor] -     WARNING (SFE-3012): The dummy device topsy_cmfb_tb.I0.I3.I44.DLIB9 is removed. {"history": "Interactive.133", "point": 1, "testname": "VT26_TOP_top_tb_TRAN_CMFB", "cornername": "Nominal"}
[2026-06-04 11:46:52.587 Z] [WARN] [cadence.virtuoso.ade.simulationMonitor] -     WARNING (SFE-3029): The dummy capacitor topsy_cmfb_tb.I0.I1.I1.C1.C1 is removed. {"history": "Interactive.133", "point": 1, "testname": "VT26_TOP_top_tb_TRAN_CMFB", "cornername": "Nominal"}
[2026-06-04 11:46:52.587 Z] [WARN] [cadence.virtuoso.ade.simulationMonitor] -     WARNING (SFE-3029): The dummy capacitor topsy_cmfb_tb.I0.I1.I0.C2.C1 is removed.
        Further occurrences of this warning will be suppressed. {"history": "Interactive.133", "point": 1, "testname": "VT26_TOP_top_tb_TRAN_CMFB", "cornername": "Nominal"}
[2026-06-04 11:46:52.587 Z] [WARN] [cadence.virtuoso.ade.simulationMonitor] -     WARNING (SFE-3012): The dummy device topsy_cmfb_tb.I0.I2.I0.MN14_0_turbo_m4 is removed.
        Further occurrences of this warning will be suppressed. {"history": "Interactive.133", "point": 1, "testname": "VT26_TOP_top_tb_TRAN_CMFB", "cornername": "Nominal"}
[2026-06-04 11:46:52.587 Z] [WARN] [cadence.virtuoso.ade.simulationMonitor] -     WARNING (SFE-3026): The shorted/dummy resistor topsy_cmfb_tb.I0.I3.I17.R2.R0 is removed. {"history": "Interactive.133", "point": 1, "testname": "VT26_TOP_top_tb_TRAN_CMFB", "cornername": "Nominal"}
[2026-06-04 11:46:52.587 Z] [WARN] [cadence.virtuoso.ade.simulationMonitor] -     WARNING (SFE-3026): The shorted/dummy resistor topsy_cmfb_tb.I0.I3.I19.R5.R0 is removed. {"history": "Interactive.133", "point": 1, "testname": "VT26_TOP_top_tb_TRAN_CMFB", "cornername": "Nominal"}
[2026-06-04 11:46:52.587 Z] [WARN] [cadence.virtuoso.ade.simulationMonitor] -     WARNING (SFE-3026): The shorted/dummy resistor topsy_cmfb_tb.I0.I3.I20.R1.R0 is removed. {"history": "Interactive.133", "point": 1, "testname": "VT26_TOP_top_tb_TRAN_CMFB", "cornername": "Nominal"}
[2026-06-04 11:46:52.587 Z] [WARN] [cadence.virtuoso.ade.simulationMonitor] -     WARNING (SFE-3026): The shorted/dummy resistor topsy_cmfb_tb.I0.I3.I18.R1.R0 is removed. {"history": "Interactive.133", "point": 1, "testname": "VT26_TOP_top_tb_TRAN_CMFB", "cornername": "Nominal"}
[2026-06-04 11:46:52.587 Z] [WARN] [cadence.virtuoso.ade.simulationMonitor] -     WARNING (SFE-3016): The floating node gndr_right! is removed. {"history": "Interactive.133", "point": 1, "testname": "VT26_TOP_top_tb_TRAN_CMFB", "cornername": "Nominal"}
[2026-06-04 11:46:52.587 Z] [WARN] [cadence.virtuoso.ade.simulationMonitor] -     WARNING (SFE-3016): The floating node vddr_right! is removed. {"history": "Interactive.133", "point": 1, "testname": "VT26_TOP_top_tb_TRAN_CMFB", "cornername": "Nominal"}
[2026-06-04 11:46:52.587 Z] [WARN] [cadence.virtuoso.ade.simulationMonitor] -     WARNING (SFE-3016): The floating node topsy_cmfb_tb.I0.I0.spi_Rx_data_temp[34] is removed. {"history": "Interactive.133", "point": 1, "testname": "VT26_TOP_top_tb_TRAN_CMFB", "cornername": "Nominal"}
[2026-06-04 11:46:52.587 Z] [WARN] [cadence.virtuoso.ade.simulationMonitor] -     WARNING (SFE-3016): The floating node gndr_left! is removed. {"history": "Interactive.133", "point": 1, "testname": "VT26_TOP_top_tb_TRAN_CMFB", "cornername": "Nominal"}
[2026-06-04 11:46:52.587 Z] [WARN] [cadence.virtuoso.ade.simulationMonitor] -     WARNING (SFE-3016): The floating node vddo_left! is removed.
        Further occurrences of this warning will be suppressed. {"history": "Interactive.133", "point": 1, "testname": "VT26_TOP_top_tb_TRAN_CMFB", "cornername": "Nominal"}
[2026-06-04 11:46:52.588 Z] [INFO] [cadence.virtuoso.ade.simulationMonitor] - Notice from spectre during hierarchy flattening.
    The value 'psf' specified for the 'checklimitdest' option will no longer be supported in future releases. Use 'spectre -h' to see other recommended values for the 'checklimitdest' option.
    Spectre X Parasitic Optimization enabled.
    Parasitic optimization will filter out parasitic nodes, nodes only connected to RCs, by default. To view individual parasitic nodes use individual save statements (i.e. save out), or use the 'savefilter=none' option to s... {"history": "Interactive.133", "point": 1, "testname": "VT26_TOP_top_tb_TRAN_CMFB", "cornername": "Nominal"}
[2026-06-04 11:46:52.588 Z] [INFO] [cadence.virtuoso.ade.simulationMonitor] - Peak resident memory used = 204 Mbytes. {"history": "Interactive.133", "point": 1, "testname": "VT26_TOP_top_tb_TRAN_CMFB", "cornername": "Nominal"}
[2026-06-04 11:46:52.588 Z] [INFO] [cadence.virtuoso.ade.simulationMonitor] - Notice from spectre during hierarchy flattening.
    The value 'psf' specified for the 'checklimitdest' option will no longer be supported in future releases. Use 'spectre -h' to see other recommended values for the 'checklimitdest' option. {"history": "Interactive.133", "point": 1, "testname": "VT26_TOP_top_tb_TRAN_CMFB", "cornername": "Nominal"}
[2026-06-04 11:46:52.588 Z] [INFO] [cadence.virtuoso.ade.simulationMonitor] - Peak resident memory used = 216 Mbytes. {"history": "Interactive.133", "point": 1, "testname": "VT26_TOP_top_tb_TRAN_CMFB", "cornername": "Nominal"}
[2026-06-04 11:46:52.588 Z] [WARN] [cadence.virtuoso.ade.simulationMonitor] -     WARNING (CMI-2425): topsy_cmfb_tb.I0.I1.I0.C0_0_turbo_m6: `Acde' = 2.393 is unusually large. {"history": "Interactive.133", "point": 1, "testname": "VT26_TOP_top_tb_TRAN_CMFB", "cornername": "Nominal"}
[2026-06-04 11:46:52.588 Z] [WARN] [cadence.virtuoso.ade.simulationMonitor] -     WARNING (CMI-2425): topsy_cmfb_tb.I0.I1.I0.C0_0_turbo_m6: `Noff' = 4.732 is unusually large. {"history": "Interactive.133", "point": 1, "testname": "VT26_TOP_top_tb_TRAN_CMFB", "cornername": "Nominal"}
[2026-06-04 11:46:52.588 Z] [WARN] [cadence.virtuoso.ade.simulationMonitor] -     WARNING (CMI-2424): topsy_cmfb_tb.I0.I1.I0.C0_0_turbo_m6: `Voffcv' = -867.4e-03 is unusually small. {"history": "Interactive.133", "point": 1, "testname": "VT26_TOP_top_tb_TRAN_CMFB", "cornername": "Nominal"}
[2026-06-04 11:46:52.588 Z] [WARN] [cadence.virtuoso.ade.simulationMonitor] -     WARNING (CMI-2425): topsy_cmfb_tb.I0.I1.I3.C1_0_turbo_m6: `Acde' = 2.393 is unusually large. {"history": "Interactive.133", "point": 1, "testname": "VT26_TOP_top_tb_TRAN_CMFB", "cornername": "Nominal"}
[2026-06-04 11:46:52.588 Z] [WARN] [cadence.virtuoso.ade.simulationMonitor] -     WARNING (CMI-2425): topsy_cmfb_tb.I0.I1.I3.C1_0_turbo_m6: `Noff' = 4.732 is unusually large. {"history": "Interactive.133", "point": 1, "testname": "VT26_TOP_top_tb_TRAN_CMFB", "cornername": "Nominal"}
[2026-06-04 11:46:52.588 Z] [WARN] [cadence.virtuoso.ade.simulationMonitor] -     WARNING (CMI-2424): topsy_cmfb_tb.I0.I1.I3.C1_0_turbo_m6: `Voffcv' = -867.4e-03 is unusually small. {"history": "Interactive.133", "point": 1, "testname": "VT26_TOP_top_tb_TRAN_CMFB", "cornername": "Nominal"}
[2026-06-04 11:46:52.588 Z] [WARN] [cadence.virtuoso.ade.simulationMonitor] -     WARNING (CMI-2425): topsy_cmfb_tb.I0.I1.I4.C1_0_turbo_m11: `Acde' = 2.393 is unusually large.
        Further occurrences of this warning will be suppressed. {"history": "Interactive.133", "point": 1, "testname": "VT26_TOP_top_tb_TRAN_CMFB", "cornername": "Nominal"}
[2026-06-04 11:46:52.588 Z] [WARN] [cadence.virtuoso.ade.simulationMonitor] -     WARNING (CMI-2424): topsy_cmfb_tb.I0.I1.I4.C1_0_turbo_m11: `Voffcv' = -867.4e-03 is unusually small. {"history": "Interactive.133", "point": 1, "testname": "VT26_TOP_top_tb_TRAN_CMFB", "cornername": "Nominal"}
[2026-06-04 11:46:53.088 Z] [WARN] [cadence.virtuoso.ade.simulationMonitor] -     WARNING (CMI-2424): topsy_cmfb_tb.I0.I19.I0.I3.C1: `Voffcv' = -867.4e-03 is unusually small. {"history": "Interactive.133", "point": 1, "testname": "VT26_TOP_top_tb_TRAN_CMFB", "cornername": "Nominal"}
[2026-06-04 11:46:53.088 Z] [WARN] [cadence.virtuoso.ade.simulationMonitor] -     WARNING (CMI-2424): topsy_cmfb_tb.I0.I19.I0.C2: `Voffcv' = -867.4e-03 is unusually small.
        Further occurrences of this warning will be suppressed. {"history": "Interactive.133", "point": 1, "testname": "VT26_TOP_top_tb_TRAN_CMFB", "cornername": "Nominal"}
[2026-06-04 11:46:53.088 Z] [WARN] [cadence.virtuoso.ade.simulationMonitor] -     WARNING (SPECTRE-17607): Assert `SOAC_vert10_vsubpsub' is ignored because it contains an expression which is invalid or not supported by native evaluator.  {"history": "Interactive.133", "point": 1, "testname": "VT26_TOP_top_tb_TRAN_CMFB", "cornername": "Nominal"}
[2026-06-04 11:46:53.089 Z] [WARN] [cadence.virtuoso.ade.simulationMonitor] -     WARNING (SPECTRE-17607): Assert `SOAC_vert10_vcsub' is ignored because it contains an expression which is invalid or not supported by native evaluator.  {"history": "Interactive.133", "point": 1, "testname": "VT26_TOP_top_tb_TRAN_CMFB", "cornername": "Nominal"}
[2026-06-04 11:46:53.089 Z] [WARN] [cadence.virtuoso.ade.simulationMonitor] -     WARNING (SPECTRE-17607): Assert `SOAC_rpolyh_vminuspsub' is ignored because it contains an expression which is invalid or not supported by native evaluator.  {"history": "Interactive.133", "point": 1, "testname": "VT26_TOP_top_tb_TRAN_CMFB", "cornername": "Nominal"}
[2026-06-04 11:46:53.089 Z] [WARN] [cadence.virtuoso.ade.simulationMonitor] -     WARNING (SPECTRE-17607): Assert `SOAC_rpolyh_vpluspsub' is ignored because it contains an expression which is invalid or not supported by native evaluator.  {"history": "Interactive.133", "point": 1, "testname": "VT26_TOP_top_tb_TRAN_CMFB", "cornername": "Nominal"}
[2026-06-04 11:46:53.089 Z] [WARN] [cadence.virtuoso.ade.simulationMonitor] -     WARNING (SPECTRE-17607): Assert `SOAC_rpoly2_vminuspsub' is ignored because it contains an expression which is invalid or not supported by native evaluator. 
        Further occurrences of this warning will be suppressed. {"history": "Interactive.133", "point": 1, "testname": "VT26_TOP_top_tb_TRAN_CMFB", "cornername": "Nominal"}
[2026-06-04 11:46:53.089 Z] [WARN] [cadence.virtuoso.ade.simulationMonitor] -     WARNING (SPECTRE-16460): SOAC_cvarm_vspsub:Specified subcircuit master `cvarm' was not found. {"history": "Interactive.133", "point": 1, "testname": "VT26_TOP_top_tb_TRAN_CMFB", "cornername": "Nominal"}
[2026-06-04 11:46:53.089 Z] [WARN] [cadence.virtuoso.ade.simulationMonitor] -     WARNING (SPECTRE-16462): SOAC_cvarm_vspsub:Error in specification of subcircuit master. Assert is ignored. {"history": "Interactive.133", "point": 1, "testname": "VT26_TOP_top_tb_TRAN_CMFB", "cornername": "Nominal"}
[2026-06-04 11:46:53.089 Z] [WARN] [cadence.virtuoso.ade.simulationMonitor] -     WARNING (SPECTRE-16460): SOAC_cvarm_vbs:Specified subcircuit master `cvarm' was not found. {"history": "Interactive.133", "point": 1, "testname": "VT26_TOP_top_tb_TRAN_CMFB", "cornername": "Nominal"}
[2026-06-04 11:46:53.089 Z] [WARN] [cadence.virtuoso.ade.simulationMonitor] -     WARNING (SPECTRE-16462): SOAC_cvarm_vbs:Error in specification of subcircuit master. Assert is ignored. {"history": "Interactive.133", "point": 1, "testname": "VT26_TOP_top_tb_TRAN_CMFB", "cornername": "Nominal"}
[2026-06-04 11:46:53.089 Z] [WARN] [cadence.virtuoso.ade.simulationMonitor] -     WARNING (SPECTRE-16460): SOAC_cvarm_vgb:Specified subcircuit master `cvarm' was not found. {"history": "Interactive.133", "point": 1, "testname": "VT26_TOP_top_tb_TRAN_CMFB", "cornername": "Nominal"}
[2026-06-04 11:46:53.089 Z] [WARN] [cadence.virtuoso.ade.simulationMonitor] -     WARNING (SPECTRE-16462): SOAC_cvarm_vgb:Error in specification of subcircuit master. Assert is ignored. {"history": "Interactive.133", "point": 1, "testname": "VT26_TOP_top_tb_TRAN_CMFB", "cornername": "Nominal"}
[2026-06-04 11:46:53.089 Z] [WARN] [cadence.virtuoso.ade.simulationMonitor] -     WARNING (SPECTRE-16460): SOAC_cvart_vspsub:Specified subcircuit master `cvart' was not found. {"history": "Interactive.133", "point": 1, "testname": "VT26_TOP_top_tb_TRAN_CMFB", "cornername": "Nominal"}
[2026-06-04 11:46:53.089 Z] [WARN] [cadence.virtuoso.ade.simulationMonitor] -     WARNING (SPECTRE-16462): SOAC_cvart_vspsub:Error in specification of subcircuit master. Assert is ignored. {"history": "Interactive.133", "point": 1, "testname": "VT26_TOP_top_tb_TRAN_CMFB", "cornername": "Nominal"}
[2026-06-04 11:46:53.089 Z] [WARN] [cadence.virtuoso.ade.simulationMonitor] -     WARNING (SPECTRE-16460): SOAC_cvart_vbs:Specified subcircuit master `cvart' was not found.
        Further occurrences of this warning will be suppressed. {"history": "Interactive.133", "point": 1, "testname": "VT26_TOP_top_tb_TRAN_CMFB", "cornername": "Nominal"}
[2026-06-04 11:46:53.089 Z] [WARN] [cadence.virtuoso.ade.simulationMonitor] -     WARNING (SPECTRE-16462): SOAC_cvart_vbs:Error in specification of subcircuit master. Assert is ignored.
        Further occurrences of this warning will be suppressed. {"history": "Interactive.133", "point": 1, "testname": "VT26_TOP_top_tb_TRAN_CMFB", "cornername": "Nominal"}
[2026-06-04 11:46:53.089 Z] [INFO] [cadence.virtuoso.ade.simulationMonitor] - Notice from spectre during topology check.
    Only one connection to the following 31 nodes:
        topsy_cmfb_tb.I0.net24
        topsy_cmfb_tb.I0.net25
        topsy_cmfb_tb.I0.net26
        topsy_cmfb_tb.I0.net27
        topsy_cmfb_tb.I0.I3.I33.R8.net9
        Further occurrences of this notice will be suppressed.
    No DC path from node `topsy_cmfb_tb.I0.I19.I27.R19.net9' to ground, Gmin installed to provide path.
    No DC path from node `topsy_cmfb_tb.I0.I19.I27.R18.net9' to ground, Gmin installed... {"history": "Interactive.133", "point": 1, "testname": "VT26_TOP_top_tb_TRAN_CMFB", "cornername": "Nominal"}
[2026-06-04 11:46:53.590 Z] [WARN] [cadence.virtuoso.ade.simulationMonitor] -     WARNING (SPECTRE-592): Following parameters are disabled because they are ignored or redefined in Spectre X:
        Option Parameters:
          iabstol
          reltol
          vabstol
        Tran Parameters:
          errpreset
          maxiters
         {"history": "Interactive.133", "point": 1, "testname": "VT26_TOP_top_tb_TRAN_CMFB", "cornername": "Nominal"}
[2026-06-04 11:46:53.590 Z] [INFO] [cadence.virtuoso.ade.simulationMonitor] -               nodes 4999 {"history": "Interactive.133", "point": 1, "testname": "VT26_TOP_top_tb_TRAN_CMFB", "cornername": "Nominal"}
[2026-06-04 11:46:53.590 Z] [INFO] [cadence.virtuoso.ade.simulationMonitor] - Notice from spectre during initial setup.
    2 resistors are shorted because their absolute value is less than or equal to 'rabsshort'.
    Spectre X preset=vx enabled.
    Spectre X postlpreset=vx enabled.
    5 notices suppressed.
    203 warnings suppressed. {"history": "Interactive.133", "point": 1, "testname": "VT26_TOP_top_tb_TRAN_CMFB", "cornername": "Nominal"}
[2026-06-04 11:46:53.590 Z] [INFO] [cadence.virtuoso.ade.simulationMonitor] - Notice from spectre.
    Multithreading enabled: 8 threads in the system with 16 available processors. {"history": "Interactive.133", "point": 1, "testname": "VT26_TOP_top_tb_TRAN_CMFB", "cornername": "Nominal"}
[2026-06-04 11:46:53.590 Z] [INFO] [cadence.virtuoso.ade.simulationMonitor] - Peak resident memory used = 299 Mbytes. {"history": "Interactive.133", "point": 1, "testname": "VT26_TOP_top_tb_TRAN_CMFB", "cornername": "Nominal"}
[2026-06-04 11:46:53.590 Z] [INFO] [cadence.virtuoso.ade.simulationMonitor] -    -   (Spectre X) Multi-threading. The recommended number of threads is [2, 4], consider adding +mt=2 or +mt=4 on command line. {"history": "Interactive.133", "point": 1, "testname": "VT26_TOP_top_tb_TRAN_CMFB", "cornername": "Nominal"}
[2026-06-04 11:46:53.590 Z] [INFO] [cadence.virtuoso.ade.simulationMonitor] - Notice from spectre during transient analysis `tran'.
    No checklimit analysis defined for asserts. A default checklimit analysis 'SpectreChecklimitAnal' has been created with all asserts enabled. {"history": "Interactive.133", "point": 1, "testname": "VT26_TOP_top_tb_TRAN_CMFB", "cornername": "Nominal"}
[2026-06-04 11:46:53.591 Z] [INFO] [cadence.virtuoso.ade.simulationMonitor] - Notice from spectre during IC analysis, during transient analysis `tran'.
    GminDC = 1 pS is large enough to noticeably affect the DC solution.
        dV(topsy_cmfb_tb.I0.cmfb) = 87.3908 mV
        Use the `gmin_check' option to eliminate or expand this report.
    Bad pivoting is found during DC analysis. Option dc_pivot_check=yes is recommended for possible improvement of convergence. {"history": "Interactive.133", "point": 1, "testname": "VT26_TOP_top_tb_TRAN_CMFB", "cornername": "Nominal"}
[2026-06-04 11:46:53.591 Z] [INFO] [cadence.virtuoso.ade.simulationMonitor] - Notice from spectre during transient analysis `tran'.
    Output compression for transient analysis is enabled. {"history": "Interactive.133", "point": 1, "testname": "VT26_TOP_top_tb_TRAN_CMFB", "cornername": "Nominal"}
[2026-06-04 11:47:01.613 Z] [WARN] [cadence.virtuoso.ade.simulationMonitor] -     WARNING (CMI-2425): topsy_cmfb_tb.I0.I1.I0.C0_0_dummy: `Acde' = 2.393 is unusually large. {"history": "Interactive.133", "point": 1, "testname": "VT26_TOP_top_tb_TRAN_CMFB", "cornername": "Nominal"}
[2026-06-04 11:47:01.613 Z] [WARN] [cadence.virtuoso.ade.simulationMonitor] -     WARNING (CMI-2425): topsy_cmfb_tb.I0.I1.I0.C0_0_dummy: `Noff' = 4.732 is unusually large. {"history": "Interactive.133", "point": 1, "testname": "VT26_TOP_top_tb_TRAN_CMFB", "cornername": "Nominal"}
[2026-06-04 11:47:01.613 Z] [WARN] [cadence.virtuoso.ade.simulationMonitor] -     WARNING (CMI-2424): topsy_cmfb_tb.I0.I1.I0.C0_0_dummy: `Voffcv' = -867.4e-03 is unusually small. {"history": "Interactive.133", "point": 1, "testname": "VT26_TOP_top_tb_TRAN_CMFB", "cornername": "Nominal"}
[2026-06-04 11:47:01.613 Z] [WARN] [cadence.virtuoso.ade.simulationMonitor] -     WARNING (CMI-2425): topsy_cmfb_tb.I0.I1.I3.C1_0_dummy: `Acde' = 2.393 is unusually large. {"history": "Interactive.133", "point": 1, "testname": "VT26_TOP_top_tb_TRAN_CMFB", "cornername": "Nominal"}
[2026-06-04 11:47:01.613 Z] [WARN] [cadence.virtuoso.ade.simulationMonitor] -     WARNING (CMI-2425): topsy_cmfb_tb.I0.I1.I3.C1_0_dummy: `Noff' = 4.732 is unusually large. {"history": "Interactive.133", "point": 1, "testname": "VT26_TOP_top_tb_TRAN_CMFB", "cornername": "Nominal"}
[2026-06-04 11:47:01.613 Z] [WARN] [cadence.virtuoso.ade.simulationMonitor] -     WARNING (CMI-2424): topsy_cmfb_tb.I0.I1.I3.C1_0_dummy: `Voffcv' = -867.4e-03 is unusually small. {"history": "Interactive.133", "point": 1, "testname": "VT26_TOP_top_tb_TRAN_CMFB", "cornername": "Nominal"}
[2026-06-04 11:47:01.613 Z] [WARN] [cadence.virtuoso.ade.simulationMonitor] -     WARNING (CMI-2425): topsy_cmfb_tb.I0.I1.I4.C1_0_dummy: `Acde' = 2.393 is unusually large.
        Further occurrences of this warning will be suppressed. {"history": "Interactive.133", "point": 1, "testname": "VT26_TOP_top_tb_TRAN_CMFB", "cornername": "Nominal"}
[2026-06-04 11:47:01.614 Z] [WARN] [cadence.virtuoso.ade.simulationMonitor] -     WARNING (CMI-2424): topsy_cmfb_tb.I0.I1.I4.C1_0_dummy: `Voffcv' = -867.4e-03 is unusually small. {"history": "Interactive.133", "point": 1, "testname": "VT26_TOP_top_tb_TRAN_CMFB", "cornername": "Nominal"}
[2026-06-04 11:47:01.614 Z] [WARN] [cadence.virtuoso.ade.simulationMonitor] -     WARNING (CMI-2424): topsy_cmfb_tb.I0.I19.I0.C1_0_dummy: `Voffcv' = -867.4e-03 is unusually small. {"history": "Interactive.133", "point": 1, "testname": "VT26_TOP_top_tb_TRAN_CMFB", "cornername": "Nominal"}
[2026-06-04 11:47:01.614 Z] [INFO] [cadence.virtuoso.ade.simulationMonitor] - Notice from spectre at time = 160 us during transient analysis `tran'.
    3 warnings suppressed. {"history": "Interactive.133", "point": 1, "testname": "VT26_TOP_top_tb_TRAN_CMFB", "cornername": "Nominal"}
[2026-06-04 11:48:55.157 Z] [INFO] [cadence.virtuoso.ade.simulationMonitor] - Memory Usage - Current physical: 158.4M, Current virtual: 426.6M, Peak physical: 158.4M {"history": "Interactive.133", "point": 1, "testname": "VT26_TOP_top_tb_TRAN_CMFB", "cornername": "Nominal"}
[2026-06-04 11:48:55.157 Z] [INFO] [cadence.virtuoso.ade.simulationMonitor] - CPU Usage - 1.1s system + 1.1s user = 2.3s total (1.8% cpu) {"history": "Interactive.133", "point": 1, "testname": "VT26_TOP_top_tb_TRAN_CMFB", "cornername": "Nominal"}
[2026-06-04 11:48:55.158 Z] [INFO] [cadence.virtuoso.ade.simulationMonitor] - Total time required for tran analysis `tran': CPU = 682.036 s (11m  22.0s), elapsed = 121.728 s (2m  1.7s), util. = 560%. {"history": "Interactive.133", "point": 1, "testname": "VT26_TOP_top_tb_TRAN_CMFB", "cornername": "Nominal"}
[2026-06-04 11:48:55.158 Z] [INFO] [cadence.virtuoso.ade.simulationMonitor] - Peak resident memory used = 351 Mbytes. {"history": "Interactive.133", "point": 1, "testname": "VT26_TOP_top_tb_TRAN_CMFB", "cornername": "Nominal"}
[2026-06-04 11:48:55.159 Z] [ERROR] [cadence.virtuoso.ade.simulationMonitor] -     FATAL (SPECTRE-18): Segmentation fault. 
        Encountered a critical error during simulation. Submit a Service Request via Cadence Online Support, including the netlist, the log files, the behavioral model files, and any other information that can help identify the problem 
        Encountered a critical error during simulation. Submit a Service Request via Cadence Online Support, including the netlist, the log files, the behavioral model files, and any other information that can help identify the p... {"history": "Interactive.133", "point": 1, "testname": "VT26_TOP_top_tb_TRAN_CMFB", "cornername": "Nominal"}
[2026-06-04 11:48:55.160 Z] [INFO] [cadence.virtuoso.ade.simulationMonitor] - Memory Usage - Current physical: 153.3M, Current virtual: 419.8M, Peak physical: 158.0M {"history": "Interactive.133", "point": 1, "testname": "VT26_TOP_top_tb_TRAN_CMFB", "cornername": "Nominal"}
[2026-06-04 11:48:55.160 Z] [INFO] [cadence.virtuoso.ade.simulationMonitor] - CPU Usage - 1.1s system + 1.2s user = 2.3s total (1.8% cpu) {"history": "Interactive.133", "point": 1, "testname": "VT26_TOP_top_tb_TRAN_CMFB", "cornername": "Nominal"}
[2026-06-04 11:48:55.661 Z] [INFO] [cadence.virtuoso.ade.simulationMonitor] - xmsim: Memory Usage - Final: 153.4M, Peak: 158.0M, Peak virtual: 551.1M {"history": "Interactive.133", "point": 1, "testname": "VT26_TOP_top_tb_TRAN_CMFB", "cornername": "Nominal"}
[2026-06-04 11:48:55.661 Z] [INFO] [cadence.virtuoso.ade.simulationMonitor] - xmsim: CPU Usage - 31.4s system + 655.1s user = 686.4s total (124.3s, 100.0% cpu) {"history": "Interactive.133", "point": 1, "testname": "VT26_TOP_top_tb_TRAN_CMFB", "cornername": "Nominal"}
[2026-06-04 11:48:55.661 Z] [PROCESS] [cadence.virtuoso.ade.simulationMonitor] - Finished simulating for one point {"hostname": "edatools", "processid": 763806, "history": "Interactive.133", "testname": "VT26_TOP_top_tb_TRAN_CMFB", "cornername": "Nominal", "point": 1, "logfile": "/home/saul/projects/IL2244_VT26_SAUL/logs_saul/logs0/Job29.log", "simid": "2"}
[2026-06-04 11:48:55.662 Z] [ERROR] [cadence.virtuoso.ade.simulationMonitor] - While simulating run Interactive.133, point 1, test VT26_TOP_top_tb_TRAN_CMFB, received error:
Simulation Error:
 The simulator process returned a non-zero exit code, indicating failure.
The simulator could have crashed or intentionally returned to indicate an error.
Check the simulator log file for more information.  Common causes:
1. Simulator may have crashed during exit even after reporting success in log file.
2. Abrupt automatic simulator termination (e.g., SIGKILL) because the simulator process has
... {"history": "Interactive.133", "point": 1, "testname": "VT26_TOP_top_tb_TRAN_CMFB", "cornername": "Nominal"}
[2026-06-04 11:48:55.662 Z] [PROCESS] [cadence.virtuoso.ade.simulationMonitor] - Finished Simulation {"hostname": "edatools", "processid": 763806, "history": "Interactive.133", "testname": "VT26_TOP_top_tb_TRAN_CMFB", "cornername": "Nominal", "point": 1, "logfile": "/home/saul/projects/IL2244_VT26_SAUL/logs_saul/logs0/Job29.log", "simid": "2"}
[2026-06-04 11:48:57.169 Z] [PROCESS] [cadence.virtuoso.ade.simulationMonitor] - Point Finished {"hostname": "edatools", "processid": 763806, "history": "Interactive.133", "testname": "VT26_TOP_top_tb_TRAN_CMFB", "cornername": "Nominal", "point": 1, "logfile": "/home/saul/projects/IL2244_VT26_SAUL/logs_saul/logs0/Job29.log"}
[2026-06-04 11:49:39.097 Z] [PROCESS] [cadence.virtuoso.ade.simulationMonitor] - Started History {"hostname": "edatools", "processid": 763806, "history": "Interactive.134", "testname": "VT26_TOP_top_tb_TRAN_CMFB", "cornername": "Nominal", "point": 1, "logfile": "/home/saul/projects/IL2244_VT26_SAUL/logs_saul/logs0/Job29.log"}
[2026-06-04 11:49:39.098 Z] [PROCESS] [cadence.virtuoso.ade.simulationMonitor] - HostInfo:
Host name (type):	edatools (x86_64)
Operating system:	Linux 6.17.0-29-generic #29~24.04.1-Ubuntu SMP PREEMPT_DYNAMIC Mon May 11 10:30:58 UTC 2 {"hostname": "edatools", "processid": 763806, "history": "Interactive.134", "testname": "VT26_TOP_top_tb_TRAN_CMFB", "cornername": "Nominal", "point": 1, "logfile": "/home/saul/projects/IL2244_VT26_SAUL/logs_saul/logs0/Job29.log", "nodename": "edatools", "domainname": "(none)", "machine": "x86_64", "sysname": "Linux", "release": "6.17.0-29-generic", "version": "#29~24.04.1-Ubuntu SMP PREEMPT_DYNAMIC Mon May 11 10:30:58 UTC 2"}
[2026-06-04 11:49:39.099 Z] [PROCESS] [cadence.virtuoso.ade.simulationMonitor] - UsageInfo:
pid=763806
totalPhysicalMemory=62.544979GB,Used=42.463860GB,totalVirtualMemory=70.544975GB,Used=42.463860GB
Cpu: Cores=16, Load average:2.570000,2.290000,1.180000 {"hostname": "edatools", "processid": 763806, "history": "Interactive.134", "testname": "VT26_TOP_top_tb_TRAN_CMFB", "cornername": "Nominal", "point": 1, "logfile": "/home/saul/projects/IL2244_VT26_SAUL/logs_saul/logs0/Job29.log", "pid": "763806", "totalPhysicalMemory": "62.544979", "physicalMemoryUsed": "42.463860", "totalVirtualMemory": "70.544975", "virtualMemoryUsed": "42.463860", "cpuCores": "16", "processes": "2203", "loadAverage1": "2.570000", "loadAverage5": "2.290000", "loadAverage15": "1.180000", "loadAverage1Percent": "0.160625"}
[2026-06-04 11:49:39.099 Z] [EVENT] [cadence.virtuoso.ade.simulationMonitor] - NewPoint {"history": "Interactive.134", "point": 1, "testname": "VT26_TOP_top_tb_TRAN_CMFB", "cornername": "Nominal", "event": "NewPoint", "EventSource": "Simulation Monitor", "HistoryName": "Interactive.134", "logFile": "/home/saul/projects/IL2244_VT26_SAUL/logs_saul/logs0/Job29.log", "logFileSize": "61670"}
[2026-06-04 11:49:39.201 Z] [EVENT] [cadence.virtuoso.ade.simulationMonitor] - NewPoint {"history": "Interactive.134", "point": 1, "testname": "VT26_TOP_top_tb_TRAN_CMFB", "cornername": "Nominal", "event": "NewPoint", "EventSource": "ams", "HistoryName": "Interactive.134", "logFile": "/home/saul/projects/IL2244_VT26_SAUL/Sim/VT26_TOP/topsy_cmfb_tb/maestro/results/maestro/Interactive.134/1/VT26_TOP_top_tb_TRAN_CMFB/psf/xrun.log", "logFileSize": "-1"}
[2026-06-04 11:49:39.217 Z] [PROCESS] [cadence.virtuoso.ade.simulationMonitor] - Simulator launched {"hostname": "edatools", "processid": 763806, "history": "Interactive.134", "testname": "VT26_TOP_top_tb_TRAN_CMFB", "cornername": "Nominal", "point": 1, "logfile": "/home/saul/projects/IL2244_VT26_SAUL/logs_saul/logs0/Job29.log", "simid": "3"}
[2026-06-04 11:49:39.220 Z] [PROCESS] [cadence.virtuoso.ade.simulationMonitor] - Expression evaluator launched {"hostname": "edatools", "processid": 763806, "history": "Interactive.134", "testname": "VT26_TOP_top_tb_TRAN_CMFB", "cornername": "Nominal", "point": 1, "logfile": "/home/saul/projects/IL2244_VT26_SAUL/logs_saul/logs0/Job29.log"}
[2026-06-04 11:49:39.252 Z] [PROCESS] [cadence.virtuoso.ade.simulationMonitor] - Started Simulation {"hostname": "edatools", "processid": 763806, "history": "Interactive.134", "testname": "VT26_TOP_top_tb_TRAN_CMFB", "cornername": "Nominal", "point": 1, "logfile": "/home/saul/projects/IL2244_VT26_SAUL/logs_saul/logs0/Job29.log", "event": "started", "task": "simulation"}
[2026-06-04 11:49:48.277 Z] [INFO] [cadence.virtuoso.ade.simulationMonitor] - Notice from spectre during circuit read-in.
    Pre_Configuration file used: /opt/tools/cadence/installs/SPECTRE241/tools.lnx86/spectre/etc/configs/preset.precfg
    Configuration file used: `/opt/tools/cadence/installs/SPECTRE241/tools.lnx86/spectre/etc/configs/preset.cfg'.
    Configuration file used: `/opt/tools/cadence/installs/SPECTRE241/tools.lnx86/spectre/etc/configs/ams.cfg'. {"history": "Interactive.134", "point": 1, "testname": "VT26_TOP_top_tb_TRAN_CMFB", "cornername": "Nominal"}
[2026-06-04 11:49:48.790 Z] [WARN] [cadence.virtuoso.ade.simulationMonitor] -     WARNING (VACOMP-2435): The environment variable CDS_AHDLCMI_ENABLE is no longer supported. Therefore, the simulator will use the default compiled C code flow. {"history": "Interactive.134", "point": 1, "testname": "VT26_TOP_top_tb_TRAN_CMFB", "cornername": "Nominal"}
[2026-06-04 11:49:48.790 Z] [INFO] [cadence.virtuoso.ade.simulationMonitor] - Peak resident memory used = 184 Mbytes. {"history": "Interactive.134", "point": 1, "testname": "VT26_TOP_top_tb_TRAN_CMFB", "cornername": "Nominal"}
[2026-06-04 11:49:48.790 Z] [WARN] [cadence.virtuoso.ade.simulationMonitor] -     WARNING (SFE-3012): The dummy device topsy_cmfb_tb.I0.I3.I15.DLIB10 is removed. {"history": "Interactive.134", "point": 1, "testname": "VT26_TOP_top_tb_TRAN_CMFB", "cornername": "Nominal"}
[2026-06-04 11:49:48.790 Z] [WARN] [cadence.virtuoso.ade.simulationMonitor] -     WARNING (SFE-3012): The dummy device topsy_cmfb_tb.I0.I3.I15.DLIB11 is removed. {"history": "Interactive.134", "point": 1, "testname": "VT26_TOP_top_tb_TRAN_CMFB", "cornername": "Nominal"}
[2026-06-04 11:49:48.790 Z] [WARN] [cadence.virtuoso.ade.simulationMonitor] -     WARNING (SFE-3012): The dummy device topsy_cmfb_tb.I0.I2.I0.I3.MP12_0_turbo_m2 is removed. {"history": "Interactive.134", "point": 1, "testname": "VT26_TOP_top_tb_TRAN_CMFB", "cornername": "Nominal"}
[2026-06-04 11:49:48.790 Z] [WARN] [cadence.virtuoso.ade.simulationMonitor] -     WARNING (SFE-3029): The dummy capacitor topsy_cmfb_tb.I0.I1.I10_turbo_m4.C0.C1 is removed. {"history": "Interactive.134", "point": 1, "testname": "VT26_TOP_top_tb_TRAN_CMFB", "cornername": "Nominal"}
[2026-06-04 11:49:48.790 Z] [WARN] [cadence.virtuoso.ade.simulationMonitor] -     WARNING (SFE-3029): The dummy capacitor topsy_cmfb_tb.I0.I1.I13_turbo_m5.C0.C1 is removed. {"history": "Interactive.134", "point": 1, "testname": "VT26_TOP_top_tb_TRAN_CMFB", "cornername": "Nominal"}
[2026-06-04 11:49:48.790 Z] [WARN] [cadence.virtuoso.ade.simulationMonitor] -     WARNING (SFE-3029): The dummy capacitor topsy_cmfb_tb.I0.I1.I4.R31.CS1 is removed. {"history": "Interactive.134", "point": 1, "testname": "VT26_TOP_top_tb_TRAN_CMFB", "cornername": "Nominal"}
[2026-06-04 11:49:48.791 Z] [WARN] [cadence.virtuoso.ade.simulationMonitor] -     WARNING (SFE-3012): The dummy device topsy_cmfb_tb.I0.I3.I44.DLIB9 is removed. {"history": "Interactive.134", "point": 1, "testname": "VT26_TOP_top_tb_TRAN_CMFB", "cornername": "Nominal"}
[2026-06-04 11:49:48.791 Z] [WARN] [cadence.virtuoso.ade.simulationMonitor] -     WARNING (SFE-3029): The dummy capacitor topsy_cmfb_tb.I0.I1.I1.C1.C1 is removed. {"history": "Interactive.134", "point": 1, "testname": "VT26_TOP_top_tb_TRAN_CMFB", "cornername": "Nominal"}
[2026-06-04 11:49:48.791 Z] [WARN] [cadence.virtuoso.ade.simulationMonitor] -     WARNING (SFE-3029): The dummy capacitor topsy_cmfb_tb.I0.I1.I0.C2.C1 is removed.
        Further occurrences of this warning will be suppressed. {"history": "Interactive.134", "point": 1, "testname": "VT26_TOP_top_tb_TRAN_CMFB", "cornername": "Nominal"}
[2026-06-04 11:49:48.791 Z] [WARN] [cadence.virtuoso.ade.simulationMonitor] -     WARNING (SFE-3012): The dummy device topsy_cmfb_tb.I0.I2.I0.MN14_0_turbo_m4 is removed.
        Further occurrences of this warning will be suppressed. {"history": "Interactive.134", "point": 1, "testname": "VT26_TOP_top_tb_TRAN_CMFB", "cornername": "Nominal"}
[2026-06-04 11:49:48.791 Z] [WARN] [cadence.virtuoso.ade.simulationMonitor] -     WARNING (SFE-3026): The shorted/dummy resistor topsy_cmfb_tb.I0.I3.I17.R2.R0 is removed. {"history": "Interactive.134", "point": 1, "testname": "VT26_TOP_top_tb_TRAN_CMFB", "cornername": "Nominal"}
[2026-06-04 11:49:48.791 Z] [WARN] [cadence.virtuoso.ade.simulationMonitor] -     WARNING (SFE-3026): The shorted/dummy resistor topsy_cmfb_tb.I0.I3.I19.R5.R0 is removed. {"history": "Interactive.134", "point": 1, "testname": "VT26_TOP_top_tb_TRAN_CMFB", "cornername": "Nominal"}
[2026-06-04 11:49:48.791 Z] [WARN] [cadence.virtuoso.ade.simulationMonitor] -     WARNING (SFE-3026): The shorted/dummy resistor topsy_cmfb_tb.I0.I3.I20.R1.R0 is removed. {"history": "Interactive.134", "point": 1, "testname": "VT26_TOP_top_tb_TRAN_CMFB", "cornername": "Nominal"}
[2026-06-04 11:49:48.791 Z] [WARN] [cadence.virtuoso.ade.simulationMonitor] -     WARNING (SFE-3026): The shorted/dummy resistor topsy_cmfb_tb.I0.I3.I18.R1.R0 is removed. {"history": "Interactive.134", "point": 1, "testname": "VT26_TOP_top_tb_TRAN_CMFB", "cornername": "Nominal"}
[2026-06-04 11:49:48.791 Z] [WARN] [cadence.virtuoso.ade.simulationMonitor] -     WARNING (SFE-3016): The floating node gndr_right! is removed. {"history": "Interactive.134", "point": 1, "testname": "VT26_TOP_top_tb_TRAN_CMFB", "cornername": "Nominal"}
[2026-06-04 11:49:48.791 Z] [WARN] [cadence.virtuoso.ade.simulationMonitor] -     WARNING (SFE-3016): The floating node vddr_right! is removed. {"history": "Interactive.134", "point": 1, "testname": "VT26_TOP_top_tb_TRAN_CMFB", "cornername": "Nominal"}
[2026-06-04 11:49:48.791 Z] [WARN] [cadence.virtuoso.ade.simulationMonitor] -     WARNING (SFE-3016): The floating node topsy_cmfb_tb.I0.I0.spi_Rx_data_temp[34] is removed. {"history": "Interactive.134", "point": 1, "testname": "VT26_TOP_top_tb_TRAN_CMFB", "cornername": "Nominal"}
[2026-06-04 11:49:48.791 Z] [WARN] [cadence.virtuoso.ade.simulationMonitor] -     WARNING (SFE-3016): The floating node gndr_left! is removed. {"history": "Interactive.134", "point": 1, "testname": "VT26_TOP_top_tb_TRAN_CMFB", "cornername": "Nominal"}
[2026-06-04 11:49:48.791 Z] [WARN] [cadence.virtuoso.ade.simulationMonitor] -     WARNING (SFE-3016): The floating node vddo_left! is removed.
        Further occurrences of this warning will be suppressed. {"history": "Interactive.134", "point": 1, "testname": "VT26_TOP_top_tb_TRAN_CMFB", "cornername": "Nominal"}
[2026-06-04 11:49:48.791 Z] [INFO] [cadence.virtuoso.ade.simulationMonitor] - Notice from spectre during hierarchy flattening.
    The value 'psf' specified for the 'checklimitdest' option will no longer be supported in future releases. Use 'spectre -h' to see other recommended values for the 'checklimitdest' option. {"history": "Interactive.134", "point": 1, "testname": "VT26_TOP_top_tb_TRAN_CMFB", "cornername": "Nominal"}
[2026-06-04 11:49:48.791 Z] [INFO] [cadence.virtuoso.ade.simulationMonitor] - Peak resident memory used = 204 Mbytes. {"history": "Interactive.134", "point": 1, "testname": "VT26_TOP_top_tb_TRAN_CMFB", "cornername": "Nominal"}
[2026-06-04 11:49:48.791 Z] [INFO] [cadence.virtuoso.ade.simulationMonitor] - Notice from spectre during hierarchy flattening.
    The value 'psf' specified for the 'checklimitdest' option will no longer be supported in future releases. Use 'spectre -h' to see other recommended values for the 'checklimitdest' option. {"history": "Interactive.134", "point": 1, "testname": "VT26_TOP_top_tb_TRAN_CMFB", "cornername": "Nominal"}
[2026-06-04 11:49:48.792 Z] [INFO] [cadence.virtuoso.ade.simulationMonitor] - Peak resident memory used = 216 Mbytes. {"history": "Interactive.134", "point": 1, "testname": "VT26_TOP_top_tb_TRAN_CMFB", "cornername": "Nominal"}
[2026-06-04 11:49:48.792 Z] [WARN] [cadence.virtuoso.ade.simulationMonitor] -     WARNING (CMI-2425): topsy_cmfb_tb.I0.I1.I0.C0_0_turbo_m6: `Acde' = 2.393 is unusually large. {"history": "Interactive.134", "point": 1, "testname": "VT26_TOP_top_tb_TRAN_CMFB", "cornername": "Nominal"}
[2026-06-04 11:49:48.792 Z] [WARN] [cadence.virtuoso.ade.simulationMonitor] -     WARNING (CMI-2425): topsy_cmfb_tb.I0.I1.I0.C0_0_turbo_m6: `Noff' = 4.732 is unusually large. {"history": "Interactive.134", "point": 1, "testname": "VT26_TOP_top_tb_TRAN_CMFB", "cornername": "Nominal"}
[2026-06-04 11:49:48.792 Z] [WARN] [cadence.virtuoso.ade.simulationMonitor] -     WARNING (CMI-2424): topsy_cmfb_tb.I0.I1.I0.C0_0_turbo_m6: `Voffcv' = -867.4e-03 is unusually small. {"history": "Interactive.134", "point": 1, "testname": "VT26_TOP_top_tb_TRAN_CMFB", "cornername": "Nominal"}
[2026-06-04 11:49:48.792 Z] [WARN] [cadence.virtuoso.ade.simulationMonitor] -     WARNING (CMI-2425): topsy_cmfb_tb.I0.I1.I3.C1_0_turbo_m6: `Acde' = 2.393 is unusually large. {"history": "Interactive.134", "point": 1, "testname": "VT26_TOP_top_tb_TRAN_CMFB", "cornername": "Nominal"}
[2026-06-04 11:49:48.792 Z] [WARN] [cadence.virtuoso.ade.simulationMonitor] -     WARNING (CMI-2425): topsy_cmfb_tb.I0.I1.I3.C1_0_turbo_m6: `Noff' = 4.732 is unusually large. {"history": "Interactive.134", "point": 1, "testname": "VT26_TOP_top_tb_TRAN_CMFB", "cornername": "Nominal"}
[2026-06-04 11:49:48.792 Z] [WARN] [cadence.virtuoso.ade.simulationMonitor] -     WARNING (CMI-2424): topsy_cmfb_tb.I0.I1.I3.C1_0_turbo_m6: `Voffcv' = -867.4e-03 is unusually small. {"history": "Interactive.134", "point": 1, "testname": "VT26_TOP_top_tb_TRAN_CMFB", "cornername": "Nominal"}
[2026-06-04 11:49:48.792 Z] [WARN] [cadence.virtuoso.ade.simulationMonitor] -     WARNING (CMI-2425): topsy_cmfb_tb.I0.I1.I4.C1_0_turbo_m11: `Acde' = 2.393 is unusually large.
        Further occurrences of this warning will be suppressed. {"history": "Interactive.134", "point": 1, "testname": "VT26_TOP_top_tb_TRAN_CMFB", "cornername": "Nominal"}
[2026-06-04 11:49:48.792 Z] [WARN] [cadence.virtuoso.ade.simulationMonitor] -     WARNING (CMI-2424): topsy_cmfb_tb.I0.I1.I4.C1_0_turbo_m11: `Voffcv' = -867.4e-03 is unusually small. {"history": "Interactive.134", "point": 1, "testname": "VT26_TOP_top_tb_TRAN_CMFB", "cornername": "Nominal"}
[2026-06-04 11:49:49.292 Z] [WARN] [cadence.virtuoso.ade.simulationMonitor] -     WARNING (CMI-2424): topsy_cmfb_tb.I0.I19.I0.I3.C1: `Voffcv' = -867.4e-03 is unusually small. {"history": "Interactive.134", "point": 1, "testname": "VT26_TOP_top_tb_TRAN_CMFB", "cornername": "Nominal"}
[2026-06-04 11:49:49.292 Z] [WARN] [cadence.virtuoso.ade.simulationMonitor] -     WARNING (CMI-2424): topsy_cmfb_tb.I0.I19.I0.C2: `Voffcv' = -867.4e-03 is unusually small.
        Further occurrences of this warning will be suppressed. {"history": "Interactive.134", "point": 1, "testname": "VT26_TOP_top_tb_TRAN_CMFB", "cornername": "Nominal"}
[2026-06-04 11:49:49.292 Z] [WARN] [cadence.virtuoso.ade.simulationMonitor] -     WARNING (SPECTRE-17607): Assert `SOAC_vert10_vsubpsub' is ignored because it contains an expression which is invalid or not supported by native evaluator.  {"history": "Interactive.134", "point": 1, "testname": "VT26_TOP_top_tb_TRAN_CMFB", "cornername": "Nominal"}
[2026-06-04 11:49:49.292 Z] [WARN] [cadence.virtuoso.ade.simulationMonitor] -     WARNING (SPECTRE-17607): Assert `SOAC_vert10_vcsub' is ignored because it contains an expression which is invalid or not supported by native evaluator.  {"history": "Interactive.134", "point": 1, "testname": "VT26_TOP_top_tb_TRAN_CMFB", "cornername": "Nominal"}
[2026-06-04 11:49:49.293 Z] [WARN] [cadence.virtuoso.ade.simulationMonitor] -     WARNING (SPECTRE-17607): Assert `SOAC_rpolyh_vminuspsub' is ignored because it contains an expression which is invalid or not supported by native evaluator.  {"history": "Interactive.134", "point": 1, "testname": "VT26_TOP_top_tb_TRAN_CMFB", "cornername": "Nominal"}
[2026-06-04 11:49:49.293 Z] [WARN] [cadence.virtuoso.ade.simulationMonitor] -     WARNING (SPECTRE-17607): Assert `SOAC_rpolyh_vpluspsub' is ignored because it contains an expression which is invalid or not supported by native evaluator.  {"history": "Interactive.134", "point": 1, "testname": "VT26_TOP_top_tb_TRAN_CMFB", "cornername": "Nominal"}
[2026-06-04 11:49:49.293 Z] [WARN] [cadence.virtuoso.ade.simulationMonitor] -     WARNING (SPECTRE-17607): Assert `SOAC_rpoly2_vminuspsub' is ignored because it contains an expression which is invalid or not supported by native evaluator. 
        Further occurrences of this warning will be suppressed. {"history": "Interactive.134", "point": 1, "testname": "VT26_TOP_top_tb_TRAN_CMFB", "cornername": "Nominal"}
[2026-06-04 11:49:49.293 Z] [WARN] [cadence.virtuoso.ade.simulationMonitor] -     WARNING (SPECTRE-16460): SOAC_cvarm_vspsub:Specified subcircuit master `cvarm' was not found. {"history": "Interactive.134", "point": 1, "testname": "VT26_TOP_top_tb_TRAN_CMFB", "cornername": "Nominal"}
[2026-06-04 11:49:49.293 Z] [WARN] [cadence.virtuoso.ade.simulationMonitor] -     WARNING (SPECTRE-16462): SOAC_cvarm_vspsub:Error in specification of subcircuit master. Assert is ignored. {"history": "Interactive.134", "point": 1, "testname": "VT26_TOP_top_tb_TRAN_CMFB", "cornername": "Nominal"}
[2026-06-04 11:49:49.293 Z] [WARN] [cadence.virtuoso.ade.simulationMonitor] -     WARNING (SPECTRE-16460): SOAC_cvarm_vbs:Specified subcircuit master `cvarm' was not found. {"history": "Interactive.134", "point": 1, "testname": "VT26_TOP_top_tb_TRAN_CMFB", "cornername": "Nominal"}
[2026-06-04 11:49:49.293 Z] [WARN] [cadence.virtuoso.ade.simulationMonitor] -     WARNING (SPECTRE-16462): SOAC_cvarm_vbs:Error in specification of subcircuit master. Assert is ignored. {"history": "Interactive.134", "point": 1, "testname": "VT26_TOP_top_tb_TRAN_CMFB", "cornername": "Nominal"}
[2026-06-04 11:49:49.293 Z] [WARN] [cadence.virtuoso.ade.simulationMonitor] -     WARNING (SPECTRE-16460): SOAC_cvarm_vgb:Specified subcircuit master `cvarm' was not found. {"history": "Interactive.134", "point": 1, "testname": "VT26_TOP_top_tb_TRAN_CMFB", "cornername": "Nominal"}
[2026-06-04 11:49:49.293 Z] [WARN] [cadence.virtuoso.ade.simulationMonitor] -     WARNING (SPECTRE-16462): SOAC_cvarm_vgb:Error in specification of subcircuit master. Assert is ignored. {"history": "Interactive.134", "point": 1, "testname": "VT26_TOP_top_tb_TRAN_CMFB", "cornername": "Nominal"}
[2026-06-04 11:49:49.293 Z] [WARN] [cadence.virtuoso.ade.simulationMonitor] -     WARNING (SPECTRE-16460): SOAC_cvart_vspsub:Specified subcircuit master `cvart' was not found. {"history": "Interactive.134", "point": 1, "testname": "VT26_TOP_top_tb_TRAN_CMFB", "cornername": "Nominal"}
[2026-06-04 11:49:49.293 Z] [WARN] [cadence.virtuoso.ade.simulationMonitor] -     WARNING (SPECTRE-16462): SOAC_cvart_vspsub:Error in specification of subcircuit master. Assert is ignored. {"history": "Interactive.134", "point": 1, "testname": "VT26_TOP_top_tb_TRAN_CMFB", "cornername": "Nominal"}
[2026-06-04 11:49:49.793 Z] [WARN] [cadence.virtuoso.ade.simulationMonitor] -     WARNING (SPECTRE-16460): SOAC_cvart_vbs:Specified subcircuit master `cvart' was not found.
        Further occurrences of this warning will be suppressed. {"history": "Interactive.134", "point": 1, "testname": "VT26_TOP_top_tb_TRAN_CMFB", "cornername": "Nominal"}
[2026-06-04 11:49:49.794 Z] [WARN] [cadence.virtuoso.ade.simulationMonitor] -     WARNING (SPECTRE-16462): SOAC_cvart_vbs:Error in specification of subcircuit master. Assert is ignored.
        Further occurrences of this warning will be suppressed. {"history": "Interactive.134", "point": 1, "testname": "VT26_TOP_top_tb_TRAN_CMFB", "cornername": "Nominal"}
[2026-06-04 11:49:49.794 Z] [INFO] [cadence.virtuoso.ade.simulationMonitor] - Notice from spectre during topology check.
    Only one connection to the following 31 nodes:
        topsy_cmfb_tb.I0.net24
        topsy_cmfb_tb.I0.net25
        topsy_cmfb_tb.I0.net26
        topsy_cmfb_tb.I0.net27
        topsy_cmfb_tb.I0.I3.I33.R8.net9
        Further occurrences of this notice will be suppressed.
    No DC path from node `topsy_cmfb_tb.I0.I19.I27.R19.net9' to ground, Gmin installed to provide path.
    No DC path from node `topsy_cmfb_tb.I0.I19.I27.R18.net9' to ground, Gmin installed... {"history": "Interactive.134", "point": 1, "testname": "VT26_TOP_top_tb_TRAN_CMFB", "cornername": "Nominal"}
[2026-06-04 11:49:49.794 Z] [WARN] [cadence.virtuoso.ade.simulationMonitor] -     WARNING (SPECTRE-592): Following parameters are disabled because they are ignored or redefined in Spectre X:
        Option Parameters:
          iabstol
          reltol
          vabstol
        Tran Parameters:
          errpreset
          maxiters
         {"history": "Interactive.134", "point": 1, "testname": "VT26_TOP_top_tb_TRAN_CMFB", "cornername": "Nominal"}
[2026-06-04 11:49:49.794 Z] [INFO] [cadence.virtuoso.ade.simulationMonitor] -               nodes 4999 {"history": "Interactive.134", "point": 1, "testname": "VT26_TOP_top_tb_TRAN_CMFB", "cornername": "Nominal"}
[2026-06-04 11:49:49.794 Z] [INFO] [cadence.virtuoso.ade.simulationMonitor] - Notice from spectre during initial setup.
    2 resistors are shorted because their absolute value is less than or equal to 'rabsshort'.
    Spectre X preset=vx enabled.
    Spectre X postlpreset=vx enabled.
    5 notices suppressed.
    203 warnings suppressed. {"history": "Interactive.134", "point": 1, "testname": "VT26_TOP_top_tb_TRAN_CMFB", "cornername": "Nominal"}
[2026-06-04 11:49:49.794 Z] [INFO] [cadence.virtuoso.ade.simulationMonitor] - Notice from spectre.
    Multithreading enabled: 8 threads in the system with 16 available processors. {"history": "Interactive.134", "point": 1, "testname": "VT26_TOP_top_tb_TRAN_CMFB", "cornername": "Nominal"}
[2026-06-04 11:49:49.794 Z] [INFO] [cadence.virtuoso.ade.simulationMonitor] - Peak resident memory used = 299 Mbytes. {"history": "Interactive.134", "point": 1, "testname": "VT26_TOP_top_tb_TRAN_CMFB", "cornername": "Nominal"}
[2026-06-04 11:49:49.794 Z] [INFO] [cadence.virtuoso.ade.simulationMonitor] -    -   (Spectre X) Multi-threading. The recommended number of threads is [2, 4], consider adding +mt=2 or +mt=4 on command line. {"history": "Interactive.134", "point": 1, "testname": "VT26_TOP_top_tb_TRAN_CMFB", "cornername": "Nominal"}
[2026-06-04 11:49:49.795 Z] [INFO] [cadence.virtuoso.ade.simulationMonitor] - Notice from spectre during transient analysis `tran'.
    No checklimit analysis defined for asserts. A default checklimit analysis 'SpectreChecklimitAnal' has been created with all asserts enabled. {"history": "Interactive.134", "point": 1, "testname": "VT26_TOP_top_tb_TRAN_CMFB", "cornername": "Nominal"}
[2026-06-04 11:49:50.295 Z] [INFO] [cadence.virtuoso.ade.simulationMonitor] - Notice from spectre during IC analysis, during transient analysis `tran'.
    GminDC = 1 pS is large enough to noticeably affect the DC solution.
        dV(topsy_cmfb_tb.I0.cmfb) = 87.3908 mV
        Use the `gmin_check' option to eliminate or expand this report.
    Bad pivoting is found during DC analysis. Option dc_pivot_check=yes is recommended for possible improvement of convergence. {"history": "Interactive.134", "point": 1, "testname": "VT26_TOP_top_tb_TRAN_CMFB", "cornername": "Nominal"}
[2026-06-04 11:49:50.295 Z] [INFO] [cadence.virtuoso.ade.simulationMonitor] - Notice from spectre during transient analysis `tran'.
    Output compression for transient analysis is enabled. {"history": "Interactive.134", "point": 1, "testname": "VT26_TOP_top_tb_TRAN_CMFB", "cornername": "Nominal"}
[2026-06-04 11:49:50.295 Z] [WARN] [cadence.virtuoso.ade.simulationMonitor] -     WARNING (CMI-2425): topsy_cmfb_tb.I0.I1.I0.C0_0_dummy: `Acde' = 2.393 is unusually large. {"history": "Interactive.134", "point": 1, "testname": "VT26_TOP_top_tb_TRAN_CMFB", "cornername": "Nominal"}
[2026-06-04 11:49:50.295 Z] [WARN] [cadence.virtuoso.ade.simulationMonitor] -     WARNING (CMI-2425): topsy_cmfb_tb.I0.I1.I0.C0_0_dummy: `Noff' = 4.732 is unusually large. {"history": "Interactive.134", "point": 1, "testname": "VT26_TOP_top_tb_TRAN_CMFB", "cornername": "Nominal"}
[2026-06-04 11:49:50.295 Z] [WARN] [cadence.virtuoso.ade.simulationMonitor] -     WARNING (CMI-2424): topsy_cmfb_tb.I0.I1.I0.C0_0_dummy: `Voffcv' = -867.4e-03 is unusually small. {"history": "Interactive.134", "point": 1, "testname": "VT26_TOP_top_tb_TRAN_CMFB", "cornername": "Nominal"}
[2026-06-04 11:49:50.296 Z] [WARN] [cadence.virtuoso.ade.simulationMonitor] -     WARNING (CMI-2425): topsy_cmfb_tb.I0.I1.I3.C1_0_dummy: `Acde' = 2.393 is unusually large. {"history": "Interactive.134", "point": 1, "testname": "VT26_TOP_top_tb_TRAN_CMFB", "cornername": "Nominal"}
[2026-06-04 11:49:50.296 Z] [WARN] [cadence.virtuoso.ade.simulationMonitor] -     WARNING (CMI-2425): topsy_cmfb_tb.I0.I1.I3.C1_0_dummy: `Noff' = 4.732 is unusually large. {"history": "Interactive.134", "point": 1, "testname": "VT26_TOP_top_tb_TRAN_CMFB", "cornername": "Nominal"}
[2026-06-04 11:49:50.296 Z] [WARN] [cadence.virtuoso.ade.simulationMonitor] -     WARNING (CMI-2424): topsy_cmfb_tb.I0.I1.I3.C1_0_dummy: `Voffcv' = -867.4e-03 is unusually small. {"history": "Interactive.134", "point": 1, "testname": "VT26_TOP_top_tb_TRAN_CMFB", "cornername": "Nominal"}
[2026-06-04 11:49:50.296 Z] [WARN] [cadence.virtuoso.ade.simulationMonitor] -     WARNING (CMI-2425): topsy_cmfb_tb.I0.I1.I4.C1_0_dummy: `Acde' = 2.393 is unusually large.
        Further occurrences of this warning will be suppressed. {"history": "Interactive.134", "point": 1, "testname": "VT26_TOP_top_tb_TRAN_CMFB", "cornername": "Nominal"}
[2026-06-04 11:49:50.796 Z] [WARN] [cadence.virtuoso.ade.simulationMonitor] -     WARNING (CMI-2424): topsy_cmfb_tb.I0.I1.I4.C1_0_dummy: `Voffcv' = -867.4e-03 is unusually small. {"history": "Interactive.134", "point": 1, "testname": "VT26_TOP_top_tb_TRAN_CMFB", "cornername": "Nominal"}
[2026-06-04 11:49:50.796 Z] [WARN] [cadence.virtuoso.ade.simulationMonitor] -     WARNING (CMI-2424): topsy_cmfb_tb.I0.I19.I0.C1_0_dummy: `Voffcv' = -867.4e-03 is unusually small. {"history": "Interactive.134", "point": 1, "testname": "VT26_TOP_top_tb_TRAN_CMFB", "cornername": "Nominal"}
[2026-06-04 11:49:50.796 Z] [INFO] [cadence.virtuoso.ade.simulationMonitor] - Notice from spectre at time = 160 us during transient analysis `tran'.
    3 warnings suppressed. {"history": "Interactive.134", "point": 1, "testname": "VT26_TOP_top_tb_TRAN_CMFB", "cornername": "Nominal"}
[2026-06-04 11:51:39.297 Z] [PROCESS] [cadence.virtuoso.ade.simulationMonitor] - Simulation cancelled {"hostname": "edatools", "processid": 763806, "history": "Interactive.134", "testname": "VT26_TOP_top_tb_TRAN_CMFB", "cornername": "Nominal", "point": 1, "logfile": "/home/saul/projects/IL2244_VT26_SAUL/logs_saul/logs0/Job29.log"}
[2026-06-04 11:51:39.297 Z] [INFO] [cadence.virtuoso.ade.simulationMonitor] - SimulationMonitor has terminated the  process '768030', reason: 'the simulation point gets cancelled by GUI' {"history": "Interactive.134", "point": 1, "testname": "VT26_TOP_top_tb_TRAN_CMFB", "cornername": "Nominal"}
[2026-06-04 11:51:39.364 Z] [PROCESS] [cadence.virtuoso.ade.simulationMonitor] - Finished simulating for one point {"hostname": "edatools", "processid": 763806, "history": "Interactive.134", "testname": "VT26_TOP_top_tb_TRAN_CMFB", "cornername": "Nominal", "point": 1, "logfile": "/home/saul/projects/IL2244_VT26_SAUL/logs_saul/logs0/Job29.log", "simid": "3"}
[2026-06-04 11:51:39.364 Z] [PROCESS] [cadence.virtuoso.ade.simulationMonitor] - Simulator exited {"hostname": "edatools", "processid": 763806, "history": "Interactive.134", "testname": "VT26_TOP_top_tb_TRAN_CMFB", "cornername": "Nominal", "point": 1, "logfile": "/home/saul/projects/IL2244_VT26_SAUL/logs_saul/logs0/Job29.log", "exitStatus": "0"}
[2026-06-04 11:51:39.364 Z] [PROCESS] [cadence.virtuoso.ade.simulationMonitor] - Finished Simulation {"hostname": "edatools", "processid": 763806, "history": "Interactive.134", "testname": "VT26_TOP_top_tb_TRAN_CMFB", "cornername": "Nominal", "point": 1, "logfile": "/home/saul/projects/IL2244_VT26_SAUL/logs_saul/logs0/Job29.log", "simid": "3"}
[2026-06-04 11:51:39.380 Z] [PROCESS] [cadence.virtuoso.ade.simulationMonitor] - Point Finished {"hostname": "edatools", "processid": 763806, "history": "Interactive.134", "testname": "VT26_TOP_top_tb_TRAN_CMFB", "cornername": "Nominal", "point": 1, "logfile": "/home/saul/projects/IL2244_VT26_SAUL/logs_saul/logs0/Job29.log"}
[2026-06-04 11:56:40.521 Z] [PROCESS] [cadence.virtuoso.ade.simulationMonitor] - Current memory used: 52.4102 MBytes, peak memory used: 52.4102 MBytes {"hostname": "edatools", "processid": 763806, "history": "Interactive.134", "testname": "VT26_TOP_top_tb_TRAN_CMFB", "cornername": "Nominal", "point": 1, "logfile": "/home/saul/projects/IL2244_VT26_SAUL/logs_saul/logs0/Job29.log"}
[2026-06-04 11:56:40.522 Z] [PROCESS] [cadence.virtuoso.ade.simulationMonitor] - Simulation Monitor process exit. {"hostname": "edatools", "processid": 763806, "history": "Interactive.134", "testname": "VT26_TOP_top_tb_TRAN_CMFB", "cornername": "Nominal", "point": 1, "logfile": "/home/saul/projects/IL2244_VT26_SAUL/logs_saul/logs0/Job29.log"}
