[Simulation Monitor: 20]
[2026-06-04 09:31:08.915 Z] [PROCESS] [cadence.virtuoso.ade.simulationMonitor] - Simulation Monitor has successfully started up. Trying to set up communication channels to other components ... {"hostname": "edatools", "processid": 747962, "logfile": "/home/saul/projects/IL2244_VT26_SAUL/logs_saul/logs0/Job20.log"}
[2026-06-04 09:31:08.915 Z] [PROCESS] [cadence.virtuoso.ade.simulationMonitor] - Communication channels have been successfully set up. Start processing events ... {"hostname": "edatools", "processid": 747962, "logfile": "/home/saul/projects/IL2244_VT26_SAUL/logs_saul/logs0/Job20.log"}
[2026-06-04 09:31:08.915 Z] [PROCESS] [cadence.virtuoso.ade.simulationMonitor] - Considering to start history {"hostname": "edatools", "processid": 747962, "history": "Interactive.129", "logfile": "/home/saul/projects/IL2244_VT26_SAUL/logs_saul/logs0/Job20.log"}
[2026-06-04 09:31:08.916 Z] [PROCESS] [cadence.virtuoso.ade.simulationMonitor] - HostInfo:
Host name (type):	edatools (x86_64)
Operating system:	Linux 6.17.0-29-generic #29~24.04.1-Ubuntu SMP PREEMPT_DYNAMIC Mon May 11 10:30:58 UTC 2 {"hostname": "edatools", "processid": 747962, "history": "Interactive.129", "logfile": "/home/saul/projects/IL2244_VT26_SAUL/logs_saul/logs0/Job20.log", "nodename": "edatools", "domainname": "(none)", "machine": "x86_64", "sysname": "Linux", "release": "6.17.0-29-generic", "version": "#29~24.04.1-Ubuntu SMP PREEMPT_DYNAMIC Mon May 11 10:30:58 UTC 2"}
[2026-06-04 09:31:08.917 Z] [PROCESS] [cadence.virtuoso.ade.simulationMonitor] - UsageInfo:
pid=747962
totalPhysicalMemory=62.544979GB,Used=41.831764GB,totalVirtualMemory=70.544975GB,Used=41.831764GB
Cpu: Cores=16, Load average:0.530000,0.610000,1.360000 {"hostname": "edatools", "processid": 747962, "history": "Interactive.129", "logfile": "/home/saul/projects/IL2244_VT26_SAUL/logs_saul/logs0/Job20.log", "pid": "747962", "totalPhysicalMemory": "62.544979", "physicalMemoryUsed": "41.831764", "totalVirtualMemory": "70.544975", "virtualMemoryUsed": "41.831764", "cpuCores": "16", "processes": "2201", "loadAverage1": "0.530000", "loadAverage5": "0.610000", "loadAverage15": "1.360000", "loadAverage1Percent": "0.033125"}
[2026-06-04 09:31:08.917 Z] [EVENT] [cadence.virtuoso.ade.simulationMonitor] - NewPoint {"history": "Interactive.129", "point": 1, "testname": "VT26_TOP_top_tb_TRAN_FILTER_ECG", "cornername": "Nominal", "event": "NewPoint", "EventSource": "Simulation Monitor", "HistoryName": "Interactive.129", "logFile": "/home/saul/projects/IL2244_VT26_SAUL/logs_saul/logs0/Job20.log", "logFileSize": "2201"}
[2026-06-04 09:31:09.017 Z] [EVENT] [cadence.virtuoso.ade.simulationMonitor] - NewPoint {"history": "Interactive.129", "point": 1, "testname": "VT26_TOP_top_tb_TRAN_FILTER_ECG", "cornername": "Nominal", "event": "NewPoint", "EventSource": "ams", "HistoryName": "Interactive.129", "logFile": "/home/saul/projects/IL2244_VT26_SAUL/Sim/VT26_TOP/topsy_tb/maestro/results/maestro/Interactive.129/1/VT26_TOP_top_tb_TRAN_FILTER_ECG/psf/xrun.log", "logFileSize": "-1"}
[2026-06-04 09:31:09.021 Z] [PROCESS] [cadence.virtuoso.ade.simulationMonitor] - Simulator launched {"hostname": "edatools", "processid": 747962, "history": "Interactive.129", "testname": "VT26_TOP_top_tb_TRAN_FILTER_ECG", "cornername": "Nominal", "point": 1, "logfile": "/home/saul/projects/IL2244_VT26_SAUL/logs_saul/logs0/Job20.log", "simid": "1"}
[2026-06-04 09:31:09.022 Z] [PROCESS] [cadence.virtuoso.ade.simulationMonitor] - Expression evaluator launched {"hostname": "edatools", "processid": 747962, "history": "Interactive.129", "testname": "VT26_TOP_top_tb_TRAN_FILTER_ECG", "cornername": "Nominal", "point": 1, "logfile": "/home/saul/projects/IL2244_VT26_SAUL/logs_saul/logs0/Job20.log"}
[2026-06-04 09:31:09.039 Z] [PROCESS] [cadence.virtuoso.ade.simulationMonitor] - Started Simulation {"hostname": "edatools", "processid": 747962, "history": "Interactive.129", "testname": "VT26_TOP_top_tb_TRAN_FILTER_ECG", "cornername": "Nominal", "point": 1, "logfile": "/home/saul/projects/IL2244_VT26_SAUL/logs_saul/logs0/Job20.log", "event": "started", "task": "simulation"}
[2026-06-04 09:31:19.579 Z] [INFO] [cadence.virtuoso.ade.simulationMonitor] - Notice from spectre during circuit read-in.
    Pre_Configuration file used: /opt/tools/cadence/installs/SPECTRE241/tools.lnx86/spectre/etc/configs/preset.precfg
    Configuration file used: `/opt/tools/cadence/installs/SPECTRE241/tools.lnx86/spectre/etc/configs/preset.cfg'.
    Configuration file used: `/opt/tools/cadence/installs/SPECTRE241/tools.lnx86/spectre/etc/configs/ams.cfg'. {"history": "Interactive.129", "point": 1, "testname": "VT26_TOP_top_tb_TRAN_FILTER_ECG", "cornername": "Nominal"}
[2026-06-04 09:31:19.579 Z] [WARN] [cadence.virtuoso.ade.simulationMonitor] -     WARNING (VACOMP-2435): The environment variable CDS_AHDLCMI_ENABLE is no longer supported. Therefore, the simulator will use the default compiled C code flow. {"history": "Interactive.129", "point": 1, "testname": "VT26_TOP_top_tb_TRAN_FILTER_ECG", "cornername": "Nominal"}
[2026-06-04 09:31:19.580 Z] [INFO] [cadence.virtuoso.ade.simulationMonitor] - Peak resident memory used = 184 Mbytes. {"history": "Interactive.129", "point": 1, "testname": "VT26_TOP_top_tb_TRAN_FILTER_ECG", "cornername": "Nominal"}
[2026-06-04 09:31:22.080 Z] [WARN] [cadence.virtuoso.ade.simulationMonitor] -     WARNING (SFE-3012): The dummy device topsy_tb.I0.I3.I16.DLIB11 is removed. {"history": "Interactive.129", "point": 1, "testname": "VT26_TOP_top_tb_TRAN_FILTER_ECG", "cornername": "Nominal"}
[2026-06-04 09:31:22.080 Z] [WARN] [cadence.virtuoso.ade.simulationMonitor] -     WARNING (SFE-3012): The dummy device topsy_tb.I0.I3.I15.DLIB11 is removed. {"history": "Interactive.129", "point": 1, "testname": "VT26_TOP_top_tb_TRAN_FILTER_ECG", "cornername": "Nominal"}
[2026-06-04 09:31:22.080 Z] [WARN] [cadence.virtuoso.ade.simulationMonitor] -     WARNING (SFE-3012): The dummy device topsy_tb.I0.I3.I16.DLIB9 is removed. {"history": "Interactive.129", "point": 1, "testname": "VT26_TOP_top_tb_TRAN_FILTER_ECG", "cornername": "Nominal"}
[2026-06-04 09:31:22.081 Z] [WARN] [cadence.virtuoso.ade.simulationMonitor] -     WARNING (SFE-3012): The dummy device topsy_tb.I0.I19.I0.I3.MP13_0_turbo_m4 is removed. {"history": "Interactive.129", "point": 1, "testname": "VT26_TOP_top_tb_TRAN_FILTER_ECG", "cornername": "Nominal"}
[2026-06-04 09:31:22.081 Z] [WARN] [cadence.virtuoso.ade.simulationMonitor] -     WARNING (SFE-3012): The dummy device topsy_tb.I0.I29.I27.MP27_0_turbo_m2 is removed.
        Further occurrences of this warning will be suppressed. {"history": "Interactive.129", "point": 1, "testname": "VT26_TOP_top_tb_TRAN_FILTER_ECG", "cornername": "Nominal"}
[2026-06-04 09:31:22.081 Z] [WARN] [cadence.virtuoso.ade.simulationMonitor] -     WARNING (SFE-3026): The shorted/dummy resistor topsy_tb.I0.I3.I20.R1.R0 is removed. {"history": "Interactive.129", "point": 1, "testname": "VT26_TOP_top_tb_TRAN_FILTER_ECG", "cornername": "Nominal"}
[2026-06-04 09:31:22.081 Z] [WARN] [cadence.virtuoso.ade.simulationMonitor] -     WARNING (SFE-3026): The shorted/dummy resistor topsy_tb.I0.I3.I19.R5.R0 is removed. {"history": "Interactive.129", "point": 1, "testname": "VT26_TOP_top_tb_TRAN_FILTER_ECG", "cornername": "Nominal"}
[2026-06-04 09:31:22.081 Z] [WARN] [cadence.virtuoso.ade.simulationMonitor] -     WARNING (SFE-3029): The dummy capacitor topsy_tb.I0.I1.I10_turbo_m4.C0.C1 is removed. {"history": "Interactive.129", "point": 1, "testname": "VT26_TOP_top_tb_TRAN_FILTER_ECG", "cornername": "Nominal"}
[2026-06-04 09:31:22.081 Z] [WARN] [cadence.virtuoso.ade.simulationMonitor] -     WARNING (SFE-3029): The dummy capacitor topsy_tb.I0.I1.I13_turbo_m5.C0.C1 is removed. {"history": "Interactive.129", "point": 1, "testname": "VT26_TOP_top_tb_TRAN_FILTER_ECG", "cornername": "Nominal"}
[2026-06-04 09:31:22.081 Z] [WARN] [cadence.virtuoso.ade.simulationMonitor] -     WARNING (SFE-3029): The dummy capacitor topsy_tb.I0.I1.I4.R31.CS1 is removed. {"history": "Interactive.129", "point": 1, "testname": "VT26_TOP_top_tb_TRAN_FILTER_ECG", "cornername": "Nominal"}
[2026-06-04 09:31:22.081 Z] [WARN] [cadence.virtuoso.ade.simulationMonitor] -     WARNING (SFE-3029): The dummy capacitor topsy_tb.I0.I1.I0.C10.C1 is removed. {"history": "Interactive.129", "point": 1, "testname": "VT26_TOP_top_tb_TRAN_FILTER_ECG", "cornername": "Nominal"}
[2026-06-04 09:31:22.081 Z] [WARN] [cadence.virtuoso.ade.simulationMonitor] -     WARNING (SFE-3029): The dummy capacitor topsy_tb.I0.I1.I1.C1.C1 is removed.
        Further occurrences of this warning will be suppressed. {"history": "Interactive.129", "point": 1, "testname": "VT26_TOP_top_tb_TRAN_FILTER_ECG", "cornername": "Nominal"}
[2026-06-04 09:31:22.081 Z] [WARN] [cadence.virtuoso.ade.simulationMonitor] -     WARNING (SFE-3026): The shorted/dummy resistor topsy_tb.I0.I3.I17.R2.R0 is removed. {"history": "Interactive.129", "point": 1, "testname": "VT26_TOP_top_tb_TRAN_FILTER_ECG", "cornername": "Nominal"}
[2026-06-04 09:31:22.081 Z] [WARN] [cadence.virtuoso.ade.simulationMonitor] -     WARNING (SFE-3026): The shorted/dummy resistor topsy_tb.I0.I3.I18.R1.R0 is removed. {"history": "Interactive.129", "point": 1, "testname": "VT26_TOP_top_tb_TRAN_FILTER_ECG", "cornername": "Nominal"}
[2026-06-04 09:31:22.081 Z] [WARN] [cadence.virtuoso.ade.simulationMonitor] -     WARNING (SFE-3016): The floating node gndr_right! is removed. {"history": "Interactive.129", "point": 1, "testname": "VT26_TOP_top_tb_TRAN_FILTER_ECG", "cornername": "Nominal"}
[2026-06-04 09:31:22.081 Z] [WARN] [cadence.virtuoso.ade.simulationMonitor] -     WARNING (SFE-3016): The floating node vddr_right! is removed. {"history": "Interactive.129", "point": 1, "testname": "VT26_TOP_top_tb_TRAN_FILTER_ECG", "cornername": "Nominal"}
[2026-06-04 09:31:22.081 Z] [WARN] [cadence.virtuoso.ade.simulationMonitor] -     WARNING (SFE-3016): The floating node topsy_tb.I0.I0.spi_Rx_data_temp[34] is removed. {"history": "Interactive.129", "point": 1, "testname": "VT26_TOP_top_tb_TRAN_FILTER_ECG", "cornername": "Nominal"}
[2026-06-04 09:31:22.081 Z] [WARN] [cadence.virtuoso.ade.simulationMonitor] -     WARNING (SFE-3016): The floating node gndr_left! is removed. {"history": "Interactive.129", "point": 1, "testname": "VT26_TOP_top_tb_TRAN_FILTER_ECG", "cornername": "Nominal"}
[2026-06-04 09:31:22.081 Z] [WARN] [cadence.virtuoso.ade.simulationMonitor] -     WARNING (SFE-3016): The floating node vddo_left! is removed.
        Further occurrences of this warning will be suppressed. {"history": "Interactive.129", "point": 1, "testname": "VT26_TOP_top_tb_TRAN_FILTER_ECG", "cornername": "Nominal"}
[2026-06-04 09:31:22.081 Z] [INFO] [cadence.virtuoso.ade.simulationMonitor] - Notice from spectre during hierarchy flattening.
    The value 'psf' specified for the 'checklimitdest' option will no longer be supported in future releases. Use 'spectre -h' to see other recommended values for the 'checklimitdest' option.
    Spectre X Parasitic Optimization enabled.
    Parasitic optimization will filter out parasitic nodes, nodes only connected to RCs, by default. To view individual parasitic nodes use individual save statements (i.e. save out), or use the 'savefilter=none' option to s... {"history": "Interactive.129", "point": 1, "testname": "VT26_TOP_top_tb_TRAN_FILTER_ECG", "cornername": "Nominal"}
[2026-06-04 09:31:22.081 Z] [INFO] [cadence.virtuoso.ade.simulationMonitor] - Peak resident memory used = 207 Mbytes. {"history": "Interactive.129", "point": 1, "testname": "VT26_TOP_top_tb_TRAN_FILTER_ECG", "cornername": "Nominal"}
[2026-06-04 09:31:22.081 Z] [INFO] [cadence.virtuoso.ade.simulationMonitor] - Notice from spectre during hierarchy flattening.
    The value 'psf' specified for the 'checklimitdest' option will no longer be supported in future releases. Use 'spectre -h' to see other recommended values for the 'checklimitdest' option. {"history": "Interactive.129", "point": 1, "testname": "VT26_TOP_top_tb_TRAN_FILTER_ECG", "cornername": "Nominal"}
[2026-06-04 09:31:22.081 Z] [INFO] [cadence.virtuoso.ade.simulationMonitor] - Peak resident memory used = 218 Mbytes. {"history": "Interactive.129", "point": 1, "testname": "VT26_TOP_top_tb_TRAN_FILTER_ECG", "cornername": "Nominal"}
[2026-06-04 09:31:22.082 Z] [WARN] [cadence.virtuoso.ade.simulationMonitor] -     WARNING (CMI-2425): topsy_tb.I0.I19.I0.C1_0_turbo_m5: `Acde' = 2.393 is unusually large. {"history": "Interactive.129", "point": 1, "testname": "VT26_TOP_top_tb_TRAN_FILTER_ECG", "cornername": "Nominal"}
[2026-06-04 09:31:22.082 Z] [WARN] [cadence.virtuoso.ade.simulationMonitor] -     WARNING (CMI-2425): topsy_tb.I0.I19.I0.C1_0_turbo_m5: `Noff' = 4.732 is unusually large. {"history": "Interactive.129", "point": 1, "testname": "VT26_TOP_top_tb_TRAN_FILTER_ECG", "cornername": "Nominal"}
[2026-06-04 09:31:22.082 Z] [WARN] [cadence.virtuoso.ade.simulationMonitor] -     WARNING (CMI-2424): topsy_tb.I0.I19.I0.C1_0_turbo_m5: `Voffcv' = -867.4e-03 is unusually small. {"history": "Interactive.129", "point": 1, "testname": "VT26_TOP_top_tb_TRAN_FILTER_ECG", "cornername": "Nominal"}
[2026-06-04 09:31:22.582 Z] [WARN] [cadence.virtuoso.ade.simulationMonitor] -     WARNING (CMI-2425): topsy_tb.I0.I19.I0.C0: `Acde' = 2.393 is unusually large. {"history": "Interactive.129", "point": 1, "testname": "VT26_TOP_top_tb_TRAN_FILTER_ECG", "cornername": "Nominal"}
[2026-06-04 09:31:22.582 Z] [WARN] [cadence.virtuoso.ade.simulationMonitor] -     WARNING (CMI-2425): topsy_tb.I0.I19.I0.C0: `Noff' = 4.732 is unusually large. {"history": "Interactive.129", "point": 1, "testname": "VT26_TOP_top_tb_TRAN_FILTER_ECG", "cornername": "Nominal"}
[2026-06-04 09:31:22.582 Z] [WARN] [cadence.virtuoso.ade.simulationMonitor] -     WARNING (CMI-2424): topsy_tb.I0.I19.I0.C0: `Voffcv' = -867.4e-03 is unusually small. {"history": "Interactive.129", "point": 1, "testname": "VT26_TOP_top_tb_TRAN_FILTER_ECG", "cornername": "Nominal"}
[2026-06-04 09:31:22.582 Z] [WARN] [cadence.virtuoso.ade.simulationMonitor] -     WARNING (CMI-2425): topsy_tb.I0.I19.I0.C3: `Acde' = 2.393 is unusually large.
        Further occurrences of this warning will be suppressed. {"history": "Interactive.129", "point": 1, "testname": "VT26_TOP_top_tb_TRAN_FILTER_ECG", "cornername": "Nominal"}
[2026-06-04 09:31:22.582 Z] [WARN] [cadence.virtuoso.ade.simulationMonitor] -     WARNING (CMI-2424): topsy_tb.I0.I19.I0.C3: `Voffcv' = -867.4e-03 is unusually small. {"history": "Interactive.129", "point": 1, "testname": "VT26_TOP_top_tb_TRAN_FILTER_ECG", "cornername": "Nominal"}
[2026-06-04 09:31:22.582 Z] [WARN] [cadence.virtuoso.ade.simulationMonitor] -     WARNING (CMI-2424): topsy_tb.I0.I19.I0.C2: `Voffcv' = -867.4e-03 is unusually small. {"history": "Interactive.129", "point": 1, "testname": "VT26_TOP_top_tb_TRAN_FILTER_ECG", "cornername": "Nominal"}
[2026-06-04 09:31:22.582 Z] [WARN] [cadence.virtuoso.ade.simulationMonitor] -     WARNING (CMI-2424): topsy_tb.I0.I19.I0.I3.C1: `Voffcv' = -867.4e-03 is unusually small.
        Further occurrences of this warning will be suppressed. {"history": "Interactive.129", "point": 1, "testname": "VT26_TOP_top_tb_TRAN_FILTER_ECG", "cornername": "Nominal"}
[2026-06-04 09:31:22.582 Z] [WARN] [cadence.virtuoso.ade.simulationMonitor] -     WARNING (SPECTRE-17607): Assert `SOAC_vert10_vsubpsub' is ignored because it contains an expression which is invalid or not supported by native evaluator.  {"history": "Interactive.129", "point": 1, "testname": "VT26_TOP_top_tb_TRAN_FILTER_ECG", "cornername": "Nominal"}
[2026-06-04 09:31:22.582 Z] [WARN] [cadence.virtuoso.ade.simulationMonitor] -     WARNING (SPECTRE-17607): Assert `SOAC_vert10_vcsub' is ignored because it contains an expression which is invalid or not supported by native evaluator.  {"history": "Interactive.129", "point": 1, "testname": "VT26_TOP_top_tb_TRAN_FILTER_ECG", "cornername": "Nominal"}
[2026-06-04 09:31:22.583 Z] [WARN] [cadence.virtuoso.ade.simulationMonitor] -     WARNING (SPECTRE-17607): Assert `SOAC_rpolyh_vminuspsub' is ignored because it contains an expression which is invalid or not supported by native evaluator.  {"history": "Interactive.129", "point": 1, "testname": "VT26_TOP_top_tb_TRAN_FILTER_ECG", "cornername": "Nominal"}
[2026-06-04 09:31:22.583 Z] [WARN] [cadence.virtuoso.ade.simulationMonitor] -     WARNING (SPECTRE-17607): Assert `SOAC_rpolyh_vpluspsub' is ignored because it contains an expression which is invalid or not supported by native evaluator.  {"history": "Interactive.129", "point": 1, "testname": "VT26_TOP_top_tb_TRAN_FILTER_ECG", "cornername": "Nominal"}
[2026-06-04 09:31:22.583 Z] [WARN] [cadence.virtuoso.ade.simulationMonitor] -     WARNING (SPECTRE-17607): Assert `SOAC_rpoly2_vminuspsub' is ignored because it contains an expression which is invalid or not supported by native evaluator. 
        Further occurrences of this warning will be suppressed. {"history": "Interactive.129", "point": 1, "testname": "VT26_TOP_top_tb_TRAN_FILTER_ECG", "cornername": "Nominal"}
[2026-06-04 09:31:22.583 Z] [WARN] [cadence.virtuoso.ade.simulationMonitor] -     WARNING (SPECTRE-16460): SOAC_cvarm_vspsub:Specified subcircuit master `cvarm' was not found. {"history": "Interactive.129", "point": 1, "testname": "VT26_TOP_top_tb_TRAN_FILTER_ECG", "cornername": "Nominal"}
[2026-06-04 09:31:22.583 Z] [WARN] [cadence.virtuoso.ade.simulationMonitor] -     WARNING (SPECTRE-16462): SOAC_cvarm_vspsub:Error in specification of subcircuit master. Assert is ignored. {"history": "Interactive.129", "point": 1, "testname": "VT26_TOP_top_tb_TRAN_FILTER_ECG", "cornername": "Nominal"}
[2026-06-04 09:31:22.583 Z] [WARN] [cadence.virtuoso.ade.simulationMonitor] -     WARNING (SPECTRE-16460): SOAC_cvarm_vbs:Specified subcircuit master `cvarm' was not found. {"history": "Interactive.129", "point": 1, "testname": "VT26_TOP_top_tb_TRAN_FILTER_ECG", "cornername": "Nominal"}
[2026-06-04 09:31:22.583 Z] [WARN] [cadence.virtuoso.ade.simulationMonitor] -     WARNING (SPECTRE-16462): SOAC_cvarm_vbs:Error in specification of subcircuit master. Assert is ignored. {"history": "Interactive.129", "point": 1, "testname": "VT26_TOP_top_tb_TRAN_FILTER_ECG", "cornername": "Nominal"}
[2026-06-04 09:31:22.583 Z] [WARN] [cadence.virtuoso.ade.simulationMonitor] -     WARNING (SPECTRE-16460): SOAC_cvarm_vgb:Specified subcircuit master `cvarm' was not found. {"history": "Interactive.129", "point": 1, "testname": "VT26_TOP_top_tb_TRAN_FILTER_ECG", "cornername": "Nominal"}
[2026-06-04 09:31:22.583 Z] [WARN] [cadence.virtuoso.ade.simulationMonitor] -     WARNING (SPECTRE-16462): SOAC_cvarm_vgb:Error in specification of subcircuit master. Assert is ignored. {"history": "Interactive.129", "point": 1, "testname": "VT26_TOP_top_tb_TRAN_FILTER_ECG", "cornername": "Nominal"}
[2026-06-04 09:31:22.583 Z] [WARN] [cadence.virtuoso.ade.simulationMonitor] -     WARNING (SPECTRE-16460): SOAC_cvart_vspsub:Specified subcircuit master `cvart' was not found. {"history": "Interactive.129", "point": 1, "testname": "VT26_TOP_top_tb_TRAN_FILTER_ECG", "cornername": "Nominal"}
[2026-06-04 09:31:22.583 Z] [WARN] [cadence.virtuoso.ade.simulationMonitor] -     WARNING (SPECTRE-16462): SOAC_cvart_vspsub:Error in specification of subcircuit master. Assert is ignored. {"history": "Interactive.129", "point": 1, "testname": "VT26_TOP_top_tb_TRAN_FILTER_ECG", "cornername": "Nominal"}
[2026-06-04 09:31:22.583 Z] [WARN] [cadence.virtuoso.ade.simulationMonitor] -     WARNING (SPECTRE-16460): SOAC_cvart_vbs:Specified subcircuit master `cvart' was not found.
        Further occurrences of this warning will be suppressed. {"history": "Interactive.129", "point": 1, "testname": "VT26_TOP_top_tb_TRAN_FILTER_ECG", "cornername": "Nominal"}
[2026-06-04 09:31:22.583 Z] [WARN] [cadence.virtuoso.ade.simulationMonitor] -     WARNING (SPECTRE-16462): SOAC_cvart_vbs:Error in specification of subcircuit master. Assert is ignored.
        Further occurrences of this warning will be suppressed. {"history": "Interactive.129", "point": 1, "testname": "VT26_TOP_top_tb_TRAN_FILTER_ECG", "cornername": "Nominal"}
[2026-06-04 09:31:22.583 Z] [INFO] [cadence.virtuoso.ade.simulationMonitor] - Notice from spectre during topology check.
    Only one connection to the following 31 nodes:
        topsy_tb.I0.net24
        topsy_tb.I0.net25
        topsy_tb.I0.net26
        topsy_tb.I0.net27
        topsy_tb.I0.I3.I28.R8.net9
        Further occurrences of this notice will be suppressed. {"history": "Interactive.129", "point": 1, "testname": "VT26_TOP_top_tb_TRAN_FILTER_ECG", "cornername": "Nominal"}
[2026-06-04 09:31:23.084 Z] [WARN] [cadence.virtuoso.ade.simulationMonitor] -     WARNING (SPECTRE-592): Following parameters are disabled because they are ignored or redefined in Spectre X:
        Option Parameters:
          iabstol
          reltol
          vabstol
        Tran Parameters:
          errpreset
          maxiters
         {"history": "Interactive.129", "point": 1, "testname": "VT26_TOP_top_tb_TRAN_FILTER_ECG", "cornername": "Nominal"}
[2026-06-04 09:31:23.084 Z] [INFO] [cadence.virtuoso.ade.simulationMonitor] -               nodes 4997 {"history": "Interactive.129", "point": 1, "testname": "VT26_TOP_top_tb_TRAN_FILTER_ECG", "cornername": "Nominal"}
[2026-06-04 09:31:23.084 Z] [INFO] [cadence.virtuoso.ade.simulationMonitor] - Notice from spectre during initial setup.
    Spectre X preset=vx enabled.
    Spectre X postlpreset=vx enabled.
    4 notices suppressed.
    178 warnings suppressed. {"history": "Interactive.129", "point": 1, "testname": "VT26_TOP_top_tb_TRAN_FILTER_ECG", "cornername": "Nominal"}
[2026-06-04 09:31:23.084 Z] [INFO] [cadence.virtuoso.ade.simulationMonitor] - Notice from spectre.
    Multithreading enabled: 8 threads in the system with 16 available processors. {"history": "Interactive.129", "point": 1, "testname": "VT26_TOP_top_tb_TRAN_FILTER_ECG", "cornername": "Nominal"}
[2026-06-04 09:31:23.084 Z] [INFO] [cadence.virtuoso.ade.simulationMonitor] - Peak resident memory used = 270 Mbytes. {"history": "Interactive.129", "point": 1, "testname": "VT26_TOP_top_tb_TRAN_FILTER_ECG", "cornername": "Nominal"}
[2026-06-04 09:31:23.084 Z] [INFO] [cadence.virtuoso.ade.simulationMonitor] -    -   (Spectre X) Multi-threading. The recommended number of threads is [2, 4], consider adding +mt=2 or +mt=4 on command line. {"history": "Interactive.129", "point": 1, "testname": "VT26_TOP_top_tb_TRAN_FILTER_ECG", "cornername": "Nominal"}
[2026-06-04 09:31:23.084 Z] [INFO] [cadence.virtuoso.ade.simulationMonitor] - Notice from spectre during transient analysis `tran'.
    No checklimit analysis defined for asserts. A default checklimit analysis 'SpectreChecklimitAnal' has been created with all asserts enabled. {"history": "Interactive.129", "point": 1, "testname": "VT26_TOP_top_tb_TRAN_FILTER_ECG", "cornername": "Nominal"}
[2026-06-04 09:31:23.084 Z] [INFO] [cadence.virtuoso.ade.simulationMonitor] - Notice from spectre during IC analysis, during transient analysis `tran'.
    Bad pivoting is found during DC analysis. Option dc_pivot_check=yes is recommended for possible improvement of convergence. {"history": "Interactive.129", "point": 1, "testname": "VT26_TOP_top_tb_TRAN_FILTER_ECG", "cornername": "Nominal"}
[2026-06-04 09:31:23.085 Z] [INFO] [cadence.virtuoso.ade.simulationMonitor] - Notice from spectre during transient analysis `tran'.
    Output compression for transient analysis is enabled. {"history": "Interactive.129", "point": 1, "testname": "VT26_TOP_top_tb_TRAN_FILTER_ECG", "cornername": "Nominal"}
[2026-06-04 09:31:31.127 Z] [WARN] [cadence.virtuoso.ade.simulationMonitor] -     WARNING (CMI-2425): topsy_tb.I0.I1.I0.C0_0_dummy: `Acde' = 2.393 is unusually large. {"history": "Interactive.129", "point": 1, "testname": "VT26_TOP_top_tb_TRAN_FILTER_ECG", "cornername": "Nominal"}
[2026-06-04 09:31:31.127 Z] [WARN] [cadence.virtuoso.ade.simulationMonitor] -     WARNING (CMI-2425): topsy_tb.I0.I1.I0.C0_0_dummy: `Noff' = 4.732 is unusually large. {"history": "Interactive.129", "point": 1, "testname": "VT26_TOP_top_tb_TRAN_FILTER_ECG", "cornername": "Nominal"}
[2026-06-04 09:31:31.127 Z] [WARN] [cadence.virtuoso.ade.simulationMonitor] -     WARNING (CMI-2424): topsy_tb.I0.I1.I0.C0_0_dummy: `Voffcv' = -867.4e-03 is unusually small. {"history": "Interactive.129", "point": 1, "testname": "VT26_TOP_top_tb_TRAN_FILTER_ECG", "cornername": "Nominal"}
[2026-06-04 09:31:31.127 Z] [WARN] [cadence.virtuoso.ade.simulationMonitor] -     WARNING (CMI-2425): topsy_tb.I0.I1.I3.C1_0_dummy: `Acde' = 2.393 is unusually large. {"history": "Interactive.129", "point": 1, "testname": "VT26_TOP_top_tb_TRAN_FILTER_ECG", "cornername": "Nominal"}
[2026-06-04 09:31:31.127 Z] [WARN] [cadence.virtuoso.ade.simulationMonitor] -     WARNING (CMI-2425): topsy_tb.I0.I1.I3.C1_0_dummy: `Noff' = 4.732 is unusually large. {"history": "Interactive.129", "point": 1, "testname": "VT26_TOP_top_tb_TRAN_FILTER_ECG", "cornername": "Nominal"}
[2026-06-04 09:31:31.128 Z] [WARN] [cadence.virtuoso.ade.simulationMonitor] -     WARNING (CMI-2424): topsy_tb.I0.I1.I3.C1_0_dummy: `Voffcv' = -867.4e-03 is unusually small. {"history": "Interactive.129", "point": 1, "testname": "VT26_TOP_top_tb_TRAN_FILTER_ECG", "cornername": "Nominal"}
[2026-06-04 09:31:31.128 Z] [WARN] [cadence.virtuoso.ade.simulationMonitor] -     WARNING (CMI-2425): topsy_tb.I0.I1.I4.C1_0_dummy: `Acde' = 2.393 is unusually large.
        Further occurrences of this warning will be suppressed. {"history": "Interactive.129", "point": 1, "testname": "VT26_TOP_top_tb_TRAN_FILTER_ECG", "cornername": "Nominal"}
[2026-06-04 09:31:31.128 Z] [WARN] [cadence.virtuoso.ade.simulationMonitor] -     WARNING (CMI-2424): topsy_tb.I0.I1.I4.C1_0_dummy: `Voffcv' = -867.4e-03 is unusually small. {"history": "Interactive.129", "point": 1, "testname": "VT26_TOP_top_tb_TRAN_FILTER_ECG", "cornername": "Nominal"}
[2026-06-04 09:31:32.128 Z] [WARN] [cadence.virtuoso.ade.simulationMonitor] -     WARNING (CMI-2424): topsy_tb.I0.I19.I0.C1_0_dummy: `Voffcv' = -867.4e-03 is unusually small. {"history": "Interactive.129", "point": 1, "testname": "VT26_TOP_top_tb_TRAN_FILTER_ECG", "cornername": "Nominal"}
[2026-06-04 09:31:32.128 Z] [INFO] [cadence.virtuoso.ade.simulationMonitor] - Notice from spectre at time = 160 us during transient analysis `tran'.
    3 warnings suppressed. {"history": "Interactive.129", "point": 1, "testname": "VT26_TOP_top_tb_TRAN_FILTER_ECG", "cornername": "Nominal"}
[2026-06-04 09:33:15.146 Z] [INFO] [cadence.virtuoso.ade.simulationMonitor] - Memory Usage - Current physical: 158.6M, Current virtual: 426.6M, Peak physical: 158.6M {"history": "Interactive.129", "point": 1, "testname": "VT26_TOP_top_tb_TRAN_FILTER_ECG", "cornername": "Nominal"}
[2026-06-04 09:33:15.147 Z] [INFO] [cadence.virtuoso.ade.simulationMonitor] - CPU Usage - 2.1s system + 2.3s user = 4.4s total (3.7% cpu) {"history": "Interactive.129", "point": 1, "testname": "VT26_TOP_top_tb_TRAN_FILTER_ECG", "cornername": "Nominal"}
[2026-06-04 09:33:15.147 Z] [INFO] [cadence.virtuoso.ade.simulationMonitor] - Total time required for tran analysis `tran': CPU = 634.88 s (10m  34.9s), elapsed = 112.341 s (1m  52.3s), util. = 565%. {"history": "Interactive.129", "point": 1, "testname": "VT26_TOP_top_tb_TRAN_FILTER_ECG", "cornername": "Nominal"}
[2026-06-04 09:33:15.148 Z] [INFO] [cadence.virtuoso.ade.simulationMonitor] - Peak resident memory used = 322 Mbytes. {"history": "Interactive.129", "point": 1, "testname": "VT26_TOP_top_tb_TRAN_FILTER_ECG", "cornername": "Nominal"}
[2026-06-04 09:33:15.148 Z] [WARN] [cadence.virtuoso.ade.simulationMonitor] -     WARNING (CMI-2425): topsy_tb.I0.I1.I0.C0_0_dummy: `Acde' = 2.393 is unusually large. {"history": "Interactive.129", "point": 1, "testname": "VT26_TOP_top_tb_TRAN_FILTER_ECG", "cornername": "Nominal"}
[2026-06-04 09:33:15.148 Z] [WARN] [cadence.virtuoso.ade.simulationMonitor] -     WARNING (CMI-2425): topsy_tb.I0.I1.I0.C0_0_dummy: `Noff' = 4.732 is unusually large. {"history": "Interactive.129", "point": 1, "testname": "VT26_TOP_top_tb_TRAN_FILTER_ECG", "cornername": "Nominal"}
[2026-06-04 09:33:15.149 Z] [WARN] [cadence.virtuoso.ade.simulationMonitor] -     WARNING (CMI-2424): topsy_tb.I0.I1.I0.C0_0_dummy: `Voffcv' = -867.4e-03 is unusually small. {"history": "Interactive.129", "point": 1, "testname": "VT26_TOP_top_tb_TRAN_FILTER_ECG", "cornername": "Nominal"}
[2026-06-04 09:33:15.149 Z] [WARN] [cadence.virtuoso.ade.simulationMonitor] -     WARNING (CMI-2425): topsy_tb.I0.I1.I3.C1_0_dummy: `Acde' = 2.393 is unusually large. {"history": "Interactive.129", "point": 1, "testname": "VT26_TOP_top_tb_TRAN_FILTER_ECG", "cornername": "Nominal"}
[2026-06-04 09:33:15.150 Z] [WARN] [cadence.virtuoso.ade.simulationMonitor] -     WARNING (CMI-2425): topsy_tb.I0.I1.I3.C1_0_dummy: `Noff' = 4.732 is unusually large. {"history": "Interactive.129", "point": 1, "testname": "VT26_TOP_top_tb_TRAN_FILTER_ECG", "cornername": "Nominal"}
[2026-06-04 09:33:15.150 Z] [WARN] [cadence.virtuoso.ade.simulationMonitor] -     WARNING (CMI-2424): topsy_tb.I0.I1.I3.C1_0_dummy: `Voffcv' = -867.4e-03 is unusually small. {"history": "Interactive.129", "point": 1, "testname": "VT26_TOP_top_tb_TRAN_FILTER_ECG", "cornername": "Nominal"}
[2026-06-04 09:33:15.652 Z] [WARN] [cadence.virtuoso.ade.simulationMonitor] -     WARNING (CMI-2425): topsy_tb.I0.I1.I4.C1_0_dummy: `Acde' = 2.393 is unusually large.
        Further occurrences of this warning will be suppressed. {"history": "Interactive.129", "point": 1, "testname": "VT26_TOP_top_tb_TRAN_FILTER_ECG", "cornername": "Nominal"}
[2026-06-04 09:33:15.652 Z] [WARN] [cadence.virtuoso.ade.simulationMonitor] -     WARNING (CMI-2424): topsy_tb.I0.I1.I4.C1_0_dummy: `Voffcv' = -867.4e-03 is unusually small. {"history": "Interactive.129", "point": 1, "testname": "VT26_TOP_top_tb_TRAN_FILTER_ECG", "cornername": "Nominal"}
[2026-06-04 09:33:15.653 Z] [WARN] [cadence.virtuoso.ade.simulationMonitor] -     WARNING (CMI-2424): topsy_tb.I0.I19.I0.C1_0_dummy: `Voffcv' = -867.4e-03 is unusually small. {"history": "Interactive.129", "point": 1, "testname": "VT26_TOP_top_tb_TRAN_FILTER_ECG", "cornername": "Nominal"}
[2026-06-04 09:33:15.653 Z] [INFO] [cadence.virtuoso.ade.simulationMonitor] - Notice from spectre.
    3 warnings suppressed. {"history": "Interactive.129", "point": 1, "testname": "VT26_TOP_top_tb_TRAN_FILTER_ECG", "cornername": "Nominal"}
[2026-06-04 09:33:15.654 Z] [INFO] [cadence.virtuoso.ade.simulationMonitor] - Time used: CPU = 636 s (10m  36.0s), elapsed = 116 s (1m  56.0s), util. = 548%. {"history": "Interactive.129", "point": 1, "testname": "VT26_TOP_top_tb_TRAN_FILTER_ECG", "cornername": "Nominal"}
[2026-06-04 09:33:15.654 Z] [INFO] [cadence.virtuoso.ade.simulationMonitor] - Time spent in licensing: elapsed = 262 ms. {"history": "Interactive.129", "point": 1, "testname": "VT26_TOP_top_tb_TRAN_FILTER_ECG", "cornername": "Nominal"}
[2026-06-04 09:33:15.654 Z] [INFO] [cadence.virtuoso.ade.simulationMonitor] - Peak memory used = 320 Mbytes. {"history": "Interactive.129", "point": 1, "testname": "VT26_TOP_top_tb_TRAN_FILTER_ECG", "cornername": "Nominal"}
[2026-06-04 09:33:15.655 Z] [PROCESS] [cadence.virtuoso.ade.simulationMonitor] - Simulation started at: 9:31:19 AM, Thur Jun 4, 2026, ended at: 9:33:15 AM, Thur Jun 4, 2026, with elapsed time (wall clock): 116 s (1m  56.0s). {"history": "Interactive.129", "point": 1, "testname": "VT26_TOP_top_tb_TRAN_FILTER_ECG", "cornername": "Nominal"}
[2026-06-04 09:33:15.655 Z] [PROCESS] [cadence.virtuoso.ade.simulationMonitor] - spectre completes with 0 errors, 64 warnings, and 24 notices. {"history": "Interactive.129", "point": 1, "testname": "VT26_TOP_top_tb_TRAN_FILTER_ECG", "cornername": "Nominal"}
[2026-06-04 09:33:15.655 Z] [INFO] [cadence.virtuoso.ade.simulationMonitor] - xmsim: Memory Usage - Final: 155.6M, Peak: 158.3M, Peak virtual: 551.1M {"history": "Interactive.129", "point": 1, "testname": "VT26_TOP_top_tb_TRAN_FILTER_ECG", "cornername": "Nominal"}
[2026-06-04 09:33:15.655 Z] [INFO] [cadence.virtuoso.ade.simulationMonitor] - xmsim: CPU Usage - 31.2s system + 615.2s user = 646.3s total (118.1s, 100.0% cpu) {"history": "Interactive.129", "point": 1, "testname": "VT26_TOP_top_tb_TRAN_FILTER_ECG", "cornername": "Nominal"}
[2026-06-04 09:33:15.656 Z] [PROCESS] [cadence.virtuoso.ade.simulationMonitor] - Finished simulating for one point {"hostname": "edatools", "processid": 747962, "history": "Interactive.129", "testname": "VT26_TOP_top_tb_TRAN_FILTER_ECG", "cornername": "Nominal", "point": 1, "logfile": "/home/saul/projects/IL2244_VT26_SAUL/logs_saul/logs0/Job20.log", "simid": "1"}
[2026-06-04 09:33:15.656 Z] [PROCESS] [cadence.virtuoso.ade.simulationMonitor] - Simulator exited {"hostname": "edatools", "processid": 747962, "history": "Interactive.129", "testname": "VT26_TOP_top_tb_TRAN_FILTER_ECG", "cornername": "Nominal", "point": 1, "logfile": "/home/saul/projects/IL2244_VT26_SAUL/logs_saul/logs0/Job20.log", "exitStatus": "0"}
[2026-06-04 09:33:15.656 Z] [PROCESS] [cadence.virtuoso.ade.simulationMonitor] - Finished Simulation {"hostname": "edatools", "processid": 747962, "history": "Interactive.129", "testname": "VT26_TOP_top_tb_TRAN_FILTER_ECG", "cornername": "Nominal", "point": 1, "logfile": "/home/saul/projects/IL2244_VT26_SAUL/logs_saul/logs0/Job20.log", "simid": "1"}
[2026-06-04 09:33:17.662 Z] [PROCESS] [cadence.virtuoso.ade.simulationMonitor] - Point Finished {"hostname": "edatools", "processid": 747962, "history": "Interactive.129", "testname": "VT26_TOP_top_tb_TRAN_FILTER_ECG", "cornername": "Nominal", "point": 1, "logfile": "/home/saul/projects/IL2244_VT26_SAUL/logs_saul/logs0/Job20.log"}
[2026-06-04 09:37:57.425 Z] [PROCESS] [cadence.virtuoso.ade.simulationMonitor] - Started History {"hostname": "edatools", "processid": 747962, "history": "Interactive.130", "testname": "VT26_TOP_top_tb_TRAN_FILTER_ECG", "cornername": "Nominal", "point": 1, "logfile": "/home/saul/projects/IL2244_VT26_SAUL/logs_saul/logs0/Job20.log"}
[2026-06-04 09:37:57.425 Z] [PROCESS] [cadence.virtuoso.ade.simulationMonitor] - HostInfo:
Host name (type):	edatools (x86_64)
Operating system:	Linux 6.17.0-29-generic #29~24.04.1-Ubuntu SMP PREEMPT_DYNAMIC Mon May 11 10:30:58 UTC 2 {"hostname": "edatools", "processid": 747962, "history": "Interactive.130", "testname": "VT26_TOP_top_tb_TRAN_FILTER_ECG", "cornername": "Nominal", "point": 1, "logfile": "/home/saul/projects/IL2244_VT26_SAUL/logs_saul/logs0/Job20.log", "nodename": "edatools", "domainname": "(none)", "machine": "x86_64", "sysname": "Linux", "release": "6.17.0-29-generic", "version": "#29~24.04.1-Ubuntu SMP PREEMPT_DYNAMIC Mon May 11 10:30:58 UTC 2"}
[2026-06-04 09:37:57.425 Z] [PROCESS] [cadence.virtuoso.ade.simulationMonitor] - UsageInfo:
pid=747962
totalPhysicalMemory=62.544979GB,Used=41.961609GB,totalVirtualMemory=70.544975GB,Used=41.961609GB
Cpu: Cores=16, Load average:0.220000,0.970000,1.400000 {"hostname": "edatools", "processid": 747962, "history": "Interactive.130", "testname": "VT26_TOP_top_tb_TRAN_FILTER_ECG", "cornername": "Nominal", "point": 1, "logfile": "/home/saul/projects/IL2244_VT26_SAUL/logs_saul/logs0/Job20.log", "pid": "747962", "totalPhysicalMemory": "62.544979", "physicalMemoryUsed": "41.961609", "totalVirtualMemory": "70.544975", "virtualMemoryUsed": "41.961609", "cpuCores": "16", "processes": "2206", "loadAverage1": "0.220000", "loadAverage5": "0.970000", "loadAverage15": "1.400000", "loadAverage1Percent": "0.013750"}
[2026-06-04 09:37:57.425 Z] [EVENT] [cadence.virtuoso.ade.simulationMonitor] - NewPoint {"history": "Interactive.130", "point": 1, "testname": "VT26_TOP_top_tb_TRAN_FILTER_ECG", "cornername": "Nominal", "event": "NewPoint", "EventSource": "Simulation Monitor", "HistoryName": "Interactive.130", "logFile": "/home/saul/projects/IL2244_VT26_SAUL/logs_saul/logs0/Job20.log", "logFileSize": "35614"}
[2026-06-04 09:37:57.526 Z] [EVENT] [cadence.virtuoso.ade.simulationMonitor] - NewPoint {"history": "Interactive.130", "point": 1, "testname": "VT26_TOP_top_tb_TRAN_FILTER_ECG", "cornername": "Nominal", "event": "NewPoint", "EventSource": "ams", "HistoryName": "Interactive.130", "logFile": "/home/saul/projects/IL2244_VT26_SAUL/Sim/VT26_TOP/topsy_tb/maestro/results/maestro/Interactive.130/1/VT26_TOP_top_tb_TRAN_FILTER_ECG/psf/xrun.log", "logFileSize": "-1"}
[2026-06-04 09:37:57.530 Z] [PROCESS] [cadence.virtuoso.ade.simulationMonitor] - Simulator launched {"hostname": "edatools", "processid": 747962, "history": "Interactive.130", "testname": "VT26_TOP_top_tb_TRAN_FILTER_ECG", "cornername": "Nominal", "point": 1, "logfile": "/home/saul/projects/IL2244_VT26_SAUL/logs_saul/logs0/Job20.log", "simid": "2"}
[2026-06-04 09:37:57.532 Z] [PROCESS] [cadence.virtuoso.ade.simulationMonitor] - Expression evaluator launched {"hostname": "edatools", "processid": 747962, "history": "Interactive.130", "testname": "VT26_TOP_top_tb_TRAN_FILTER_ECG", "cornername": "Nominal", "point": 1, "logfile": "/home/saul/projects/IL2244_VT26_SAUL/logs_saul/logs0/Job20.log"}
[2026-06-04 09:37:57.549 Z] [PROCESS] [cadence.virtuoso.ade.simulationMonitor] - Started Simulation {"hostname": "edatools", "processid": 747962, "history": "Interactive.130", "testname": "VT26_TOP_top_tb_TRAN_FILTER_ECG", "cornername": "Nominal", "point": 1, "logfile": "/home/saul/projects/IL2244_VT26_SAUL/logs_saul/logs0/Job20.log", "event": "started", "task": "simulation"}
[2026-06-04 09:38:06.570 Z] [INFO] [cadence.virtuoso.ade.simulationMonitor] - Notice from spectre during circuit read-in.
    Pre_Configuration file used: /opt/tools/cadence/installs/SPECTRE241/tools.lnx86/spectre/etc/configs/preset.precfg
    Configuration file used: `/opt/tools/cadence/installs/SPECTRE241/tools.lnx86/spectre/etc/configs/preset.cfg'.
    Configuration file used: `/opt/tools/cadence/installs/SPECTRE241/tools.lnx86/spectre/etc/configs/ams.cfg'. {"history": "Interactive.130", "point": 1, "testname": "VT26_TOP_top_tb_TRAN_FILTER_ECG", "cornername": "Nominal"}
[2026-06-04 09:38:07.084 Z] [WARN] [cadence.virtuoso.ade.simulationMonitor] -     WARNING (VACOMP-2435): The environment variable CDS_AHDLCMI_ENABLE is no longer supported. Therefore, the simulator will use the default compiled C code flow. {"history": "Interactive.130", "point": 1, "testname": "VT26_TOP_top_tb_TRAN_FILTER_ECG", "cornername": "Nominal"}
[2026-06-04 09:38:07.084 Z] [INFO] [cadence.virtuoso.ade.simulationMonitor] - Peak resident memory used = 184 Mbytes. {"history": "Interactive.130", "point": 1, "testname": "VT26_TOP_top_tb_TRAN_FILTER_ECG", "cornername": "Nominal"}
[2026-06-04 09:38:07.084 Z] [WARN] [cadence.virtuoso.ade.simulationMonitor] -     WARNING (SFE-3012): The dummy device topsy_tb.I0.I3.I16.DLIB11 is removed. {"history": "Interactive.130", "point": 1, "testname": "VT26_TOP_top_tb_TRAN_FILTER_ECG", "cornername": "Nominal"}
[2026-06-04 09:38:07.084 Z] [WARN] [cadence.virtuoso.ade.simulationMonitor] -     WARNING (SFE-3012): The dummy device topsy_tb.I0.I3.I15.DLIB11 is removed. {"history": "Interactive.130", "point": 1, "testname": "VT26_TOP_top_tb_TRAN_FILTER_ECG", "cornername": "Nominal"}
[2026-06-04 09:38:07.084 Z] [WARN] [cadence.virtuoso.ade.simulationMonitor] -     WARNING (SFE-3012): The dummy device topsy_tb.I0.I3.I16.DLIB9 is removed. {"history": "Interactive.130", "point": 1, "testname": "VT26_TOP_top_tb_TRAN_FILTER_ECG", "cornername": "Nominal"}
[2026-06-04 09:38:07.084 Z] [WARN] [cadence.virtuoso.ade.simulationMonitor] -     WARNING (SFE-3012): The dummy device topsy_tb.I0.I19.I0.I3.MP13_0_turbo_m4 is removed. {"history": "Interactive.130", "point": 1, "testname": "VT26_TOP_top_tb_TRAN_FILTER_ECG", "cornername": "Nominal"}
[2026-06-04 09:38:07.084 Z] [WARN] [cadence.virtuoso.ade.simulationMonitor] -     WARNING (SFE-3012): The dummy device topsy_tb.I0.I29.I27.MP27_0_turbo_m2 is removed.
        Further occurrences of this warning will be suppressed. {"history": "Interactive.130", "point": 1, "testname": "VT26_TOP_top_tb_TRAN_FILTER_ECG", "cornername": "Nominal"}
[2026-06-04 09:38:07.084 Z] [WARN] [cadence.virtuoso.ade.simulationMonitor] -     WARNING (SFE-3026): The shorted/dummy resistor topsy_tb.I0.I3.I20.R1.R0 is removed. {"history": "Interactive.130", "point": 1, "testname": "VT26_TOP_top_tb_TRAN_FILTER_ECG", "cornername": "Nominal"}
[2026-06-04 09:38:07.084 Z] [WARN] [cadence.virtuoso.ade.simulationMonitor] -     WARNING (SFE-3026): The shorted/dummy resistor topsy_tb.I0.I3.I19.R5.R0 is removed. {"history": "Interactive.130", "point": 1, "testname": "VT26_TOP_top_tb_TRAN_FILTER_ECG", "cornername": "Nominal"}
[2026-06-04 09:38:07.084 Z] [WARN] [cadence.virtuoso.ade.simulationMonitor] -     WARNING (SFE-3029): The dummy capacitor topsy_tb.I0.I1.I10_turbo_m4.C0.C1 is removed. {"history": "Interactive.130", "point": 1, "testname": "VT26_TOP_top_tb_TRAN_FILTER_ECG", "cornername": "Nominal"}
[2026-06-04 09:38:07.085 Z] [WARN] [cadence.virtuoso.ade.simulationMonitor] -     WARNING (SFE-3029): The dummy capacitor topsy_tb.I0.I1.I13_turbo_m5.C0.C1 is removed. {"history": "Interactive.130", "point": 1, "testname": "VT26_TOP_top_tb_TRAN_FILTER_ECG", "cornername": "Nominal"}
[2026-06-04 09:38:07.085 Z] [WARN] [cadence.virtuoso.ade.simulationMonitor] -     WARNING (SFE-3029): The dummy capacitor topsy_tb.I0.I1.I4.R31.CS1 is removed. {"history": "Interactive.130", "point": 1, "testname": "VT26_TOP_top_tb_TRAN_FILTER_ECG", "cornername": "Nominal"}
[2026-06-04 09:38:07.085 Z] [WARN] [cadence.virtuoso.ade.simulationMonitor] -     WARNING (SFE-3029): The dummy capacitor topsy_tb.I0.I1.I0.C10.C1 is removed. {"history": "Interactive.130", "point": 1, "testname": "VT26_TOP_top_tb_TRAN_FILTER_ECG", "cornername": "Nominal"}
[2026-06-04 09:38:07.085 Z] [WARN] [cadence.virtuoso.ade.simulationMonitor] -     WARNING (SFE-3029): The dummy capacitor topsy_tb.I0.I1.I1.C1.C1 is removed.
        Further occurrences of this warning will be suppressed. {"history": "Interactive.130", "point": 1, "testname": "VT26_TOP_top_tb_TRAN_FILTER_ECG", "cornername": "Nominal"}
[2026-06-04 09:38:07.085 Z] [WARN] [cadence.virtuoso.ade.simulationMonitor] -     WARNING (SFE-3026): The shorted/dummy resistor topsy_tb.I0.I3.I17.R2.R0 is removed. {"history": "Interactive.130", "point": 1, "testname": "VT26_TOP_top_tb_TRAN_FILTER_ECG", "cornername": "Nominal"}
[2026-06-04 09:38:07.085 Z] [WARN] [cadence.virtuoso.ade.simulationMonitor] -     WARNING (SFE-3026): The shorted/dummy resistor topsy_tb.I0.I3.I18.R1.R0 is removed. {"history": "Interactive.130", "point": 1, "testname": "VT26_TOP_top_tb_TRAN_FILTER_ECG", "cornername": "Nominal"}
[2026-06-04 09:38:07.085 Z] [WARN] [cadence.virtuoso.ade.simulationMonitor] -     WARNING (SFE-3016): The floating node gndr_right! is removed. {"history": "Interactive.130", "point": 1, "testname": "VT26_TOP_top_tb_TRAN_FILTER_ECG", "cornername": "Nominal"}
[2026-06-04 09:38:07.085 Z] [WARN] [cadence.virtuoso.ade.simulationMonitor] -     WARNING (SFE-3016): The floating node vddr_right! is removed. {"history": "Interactive.130", "point": 1, "testname": "VT26_TOP_top_tb_TRAN_FILTER_ECG", "cornername": "Nominal"}
[2026-06-04 09:38:07.085 Z] [WARN] [cadence.virtuoso.ade.simulationMonitor] -     WARNING (SFE-3016): The floating node topsy_tb.I0.I0.spi_Rx_data_temp[34] is removed. {"history": "Interactive.130", "point": 1, "testname": "VT26_TOP_top_tb_TRAN_FILTER_ECG", "cornername": "Nominal"}
[2026-06-04 09:38:07.085 Z] [WARN] [cadence.virtuoso.ade.simulationMonitor] -     WARNING (SFE-3016): The floating node gndr_left! is removed. {"history": "Interactive.130", "point": 1, "testname": "VT26_TOP_top_tb_TRAN_FILTER_ECG", "cornername": "Nominal"}
[2026-06-04 09:38:07.085 Z] [WARN] [cadence.virtuoso.ade.simulationMonitor] -     WARNING (SFE-3016): The floating node vddo_left! is removed.
        Further occurrences of this warning will be suppressed. {"history": "Interactive.130", "point": 1, "testname": "VT26_TOP_top_tb_TRAN_FILTER_ECG", "cornername": "Nominal"}
[2026-06-04 09:38:07.085 Z] [INFO] [cadence.virtuoso.ade.simulationMonitor] - Notice from spectre during hierarchy flattening.
    The value 'psf' specified for the 'checklimitdest' option will no longer be supported in future releases. Use 'spectre -h' to see other recommended values for the 'checklimitdest' option.
    Spectre X Parasitic Optimization enabled.
    Parasitic optimization will filter out parasitic nodes, nodes only connected to RCs, by default. To view individual parasitic nodes use individual save statements (i.e. save out), or use the 'savefilter=none' option to s... {"history": "Interactive.130", "point": 1, "testname": "VT26_TOP_top_tb_TRAN_FILTER_ECG", "cornername": "Nominal"}
[2026-06-04 09:38:07.085 Z] [INFO] [cadence.virtuoso.ade.simulationMonitor] - Peak resident memory used = 204 Mbytes. {"history": "Interactive.130", "point": 1, "testname": "VT26_TOP_top_tb_TRAN_FILTER_ECG", "cornername": "Nominal"}
[2026-06-04 09:38:07.085 Z] [INFO] [cadence.virtuoso.ade.simulationMonitor] - Notice from spectre during hierarchy flattening.
    The value 'psf' specified for the 'checklimitdest' option will no longer be supported in future releases. Use 'spectre -h' to see other recommended values for the 'checklimitdest' option. {"history": "Interactive.130", "point": 1, "testname": "VT26_TOP_top_tb_TRAN_FILTER_ECG", "cornername": "Nominal"}
[2026-06-04 09:38:07.085 Z] [INFO] [cadence.virtuoso.ade.simulationMonitor] - Peak resident memory used = 216 Mbytes. {"history": "Interactive.130", "point": 1, "testname": "VT26_TOP_top_tb_TRAN_FILTER_ECG", "cornername": "Nominal"}
[2026-06-04 09:38:07.085 Z] [WARN] [cadence.virtuoso.ade.simulationMonitor] -     WARNING (CMI-2425): topsy_tb.I0.I19.I0.C1_0_turbo_m5: `Acde' = 2.393 is unusually large. {"history": "Interactive.130", "point": 1, "testname": "VT26_TOP_top_tb_TRAN_FILTER_ECG", "cornername": "Nominal"}
[2026-06-04 09:38:07.086 Z] [WARN] [cadence.virtuoso.ade.simulationMonitor] -     WARNING (CMI-2425): topsy_tb.I0.I19.I0.C1_0_turbo_m5: `Noff' = 4.732 is unusually large. {"history": "Interactive.130", "point": 1, "testname": "VT26_TOP_top_tb_TRAN_FILTER_ECG", "cornername": "Nominal"}
[2026-06-04 09:38:07.586 Z] [WARN] [cadence.virtuoso.ade.simulationMonitor] -     WARNING (CMI-2424): topsy_tb.I0.I19.I0.C1_0_turbo_m5: `Voffcv' = -867.4e-03 is unusually small. {"history": "Interactive.130", "point": 1, "testname": "VT26_TOP_top_tb_TRAN_FILTER_ECG", "cornername": "Nominal"}
[2026-06-04 09:38:07.586 Z] [WARN] [cadence.virtuoso.ade.simulationMonitor] -     WARNING (CMI-2425): topsy_tb.I0.I19.I0.C0: `Acde' = 2.393 is unusually large. {"history": "Interactive.130", "point": 1, "testname": "VT26_TOP_top_tb_TRAN_FILTER_ECG", "cornername": "Nominal"}
[2026-06-04 09:38:07.586 Z] [WARN] [cadence.virtuoso.ade.simulationMonitor] -     WARNING (CMI-2425): topsy_tb.I0.I19.I0.C0: `Noff' = 4.732 is unusually large. {"history": "Interactive.130", "point": 1, "testname": "VT26_TOP_top_tb_TRAN_FILTER_ECG", "cornername": "Nominal"}
[2026-06-04 09:38:07.586 Z] [WARN] [cadence.virtuoso.ade.simulationMonitor] -     WARNING (CMI-2424): topsy_tb.I0.I19.I0.C0: `Voffcv' = -867.4e-03 is unusually small. {"history": "Interactive.130", "point": 1, "testname": "VT26_TOP_top_tb_TRAN_FILTER_ECG", "cornername": "Nominal"}
[2026-06-04 09:38:07.586 Z] [WARN] [cadence.virtuoso.ade.simulationMonitor] -     WARNING (CMI-2425): topsy_tb.I0.I19.I0.C3: `Acde' = 2.393 is unusually large.
        Further occurrences of this warning will be suppressed. {"history": "Interactive.130", "point": 1, "testname": "VT26_TOP_top_tb_TRAN_FILTER_ECG", "cornername": "Nominal"}
[2026-06-04 09:38:07.586 Z] [WARN] [cadence.virtuoso.ade.simulationMonitor] -     WARNING (CMI-2424): topsy_tb.I0.I19.I0.C3: `Voffcv' = -867.4e-03 is unusually small. {"history": "Interactive.130", "point": 1, "testname": "VT26_TOP_top_tb_TRAN_FILTER_ECG", "cornername": "Nominal"}
[2026-06-04 09:38:07.586 Z] [WARN] [cadence.virtuoso.ade.simulationMonitor] -     WARNING (CMI-2424): topsy_tb.I0.I19.I0.C2: `Voffcv' = -867.4e-03 is unusually small. {"history": "Interactive.130", "point": 1, "testname": "VT26_TOP_top_tb_TRAN_FILTER_ECG", "cornername": "Nominal"}
[2026-06-04 09:38:07.586 Z] [WARN] [cadence.virtuoso.ade.simulationMonitor] -     WARNING (CMI-2424): topsy_tb.I0.I19.I0.I3.C1: `Voffcv' = -867.4e-03 is unusually small.
        Further occurrences of this warning will be suppressed. {"history": "Interactive.130", "point": 1, "testname": "VT26_TOP_top_tb_TRAN_FILTER_ECG", "cornername": "Nominal"}
[2026-06-04 09:38:07.586 Z] [WARN] [cadence.virtuoso.ade.simulationMonitor] -     WARNING (SPECTRE-17607): Assert `SOAC_vert10_vsubpsub' is ignored because it contains an expression which is invalid or not supported by native evaluator.  {"history": "Interactive.130", "point": 1, "testname": "VT26_TOP_top_tb_TRAN_FILTER_ECG", "cornername": "Nominal"}
[2026-06-04 09:38:07.586 Z] [WARN] [cadence.virtuoso.ade.simulationMonitor] -     WARNING (SPECTRE-17607): Assert `SOAC_vert10_vcsub' is ignored because it contains an expression which is invalid or not supported by native evaluator.  {"history": "Interactive.130", "point": 1, "testname": "VT26_TOP_top_tb_TRAN_FILTER_ECG", "cornername": "Nominal"}
[2026-06-04 09:38:07.587 Z] [WARN] [cadence.virtuoso.ade.simulationMonitor] -     WARNING (SPECTRE-17607): Assert `SOAC_rpolyh_vminuspsub' is ignored because it contains an expression which is invalid or not supported by native evaluator.  {"history": "Interactive.130", "point": 1, "testname": "VT26_TOP_top_tb_TRAN_FILTER_ECG", "cornername": "Nominal"}
[2026-06-04 09:38:07.587 Z] [WARN] [cadence.virtuoso.ade.simulationMonitor] -     WARNING (SPECTRE-17607): Assert `SOAC_rpolyh_vpluspsub' is ignored because it contains an expression which is invalid or not supported by native evaluator.  {"history": "Interactive.130", "point": 1, "testname": "VT26_TOP_top_tb_TRAN_FILTER_ECG", "cornername": "Nominal"}
[2026-06-04 09:38:07.587 Z] [WARN] [cadence.virtuoso.ade.simulationMonitor] -     WARNING (SPECTRE-17607): Assert `SOAC_rpoly2_vminuspsub' is ignored because it contains an expression which is invalid or not supported by native evaluator. 
        Further occurrences of this warning will be suppressed. {"history": "Interactive.130", "point": 1, "testname": "VT26_TOP_top_tb_TRAN_FILTER_ECG", "cornername": "Nominal"}
[2026-06-04 09:38:07.587 Z] [WARN] [cadence.virtuoso.ade.simulationMonitor] -     WARNING (SPECTRE-16460): SOAC_cvarm_vspsub:Specified subcircuit master `cvarm' was not found. {"history": "Interactive.130", "point": 1, "testname": "VT26_TOP_top_tb_TRAN_FILTER_ECG", "cornername": "Nominal"}
[2026-06-04 09:38:07.587 Z] [WARN] [cadence.virtuoso.ade.simulationMonitor] -     WARNING (SPECTRE-16462): SOAC_cvarm_vspsub:Error in specification of subcircuit master. Assert is ignored. {"history": "Interactive.130", "point": 1, "testname": "VT26_TOP_top_tb_TRAN_FILTER_ECG", "cornername": "Nominal"}
[2026-06-04 09:38:07.587 Z] [WARN] [cadence.virtuoso.ade.simulationMonitor] -     WARNING (SPECTRE-16460): SOAC_cvarm_vbs:Specified subcircuit master `cvarm' was not found. {"history": "Interactive.130", "point": 1, "testname": "VT26_TOP_top_tb_TRAN_FILTER_ECG", "cornername": "Nominal"}
[2026-06-04 09:38:07.587 Z] [WARN] [cadence.virtuoso.ade.simulationMonitor] -     WARNING (SPECTRE-16462): SOAC_cvarm_vbs:Error in specification of subcircuit master. Assert is ignored. {"history": "Interactive.130", "point": 1, "testname": "VT26_TOP_top_tb_TRAN_FILTER_ECG", "cornername": "Nominal"}
[2026-06-04 09:38:07.587 Z] [WARN] [cadence.virtuoso.ade.simulationMonitor] -     WARNING (SPECTRE-16460): SOAC_cvarm_vgb:Specified subcircuit master `cvarm' was not found. {"history": "Interactive.130", "point": 1, "testname": "VT26_TOP_top_tb_TRAN_FILTER_ECG", "cornername": "Nominal"}
[2026-06-04 09:38:07.587 Z] [WARN] [cadence.virtuoso.ade.simulationMonitor] -     WARNING (SPECTRE-16462): SOAC_cvarm_vgb:Error in specification of subcircuit master. Assert is ignored. {"history": "Interactive.130", "point": 1, "testname": "VT26_TOP_top_tb_TRAN_FILTER_ECG", "cornername": "Nominal"}
[2026-06-04 09:38:07.587 Z] [WARN] [cadence.virtuoso.ade.simulationMonitor] -     WARNING (SPECTRE-16460): SOAC_cvart_vspsub:Specified subcircuit master `cvart' was not found. {"history": "Interactive.130", "point": 1, "testname": "VT26_TOP_top_tb_TRAN_FILTER_ECG", "cornername": "Nominal"}
[2026-06-04 09:38:07.587 Z] [WARN] [cadence.virtuoso.ade.simulationMonitor] -     WARNING (SPECTRE-16462): SOAC_cvart_vspsub:Error in specification of subcircuit master. Assert is ignored. {"history": "Interactive.130", "point": 1, "testname": "VT26_TOP_top_tb_TRAN_FILTER_ECG", "cornername": "Nominal"}
[2026-06-04 09:38:07.587 Z] [WARN] [cadence.virtuoso.ade.simulationMonitor] -     WARNING (SPECTRE-16460): SOAC_cvart_vbs:Specified subcircuit master `cvart' was not found.
        Further occurrences of this warning will be suppressed. {"history": "Interactive.130", "point": 1, "testname": "VT26_TOP_top_tb_TRAN_FILTER_ECG", "cornername": "Nominal"}
[2026-06-04 09:38:07.587 Z] [WARN] [cadence.virtuoso.ade.simulationMonitor] -     WARNING (SPECTRE-16462): SOAC_cvart_vbs:Error in specification of subcircuit master. Assert is ignored.
        Further occurrences of this warning will be suppressed. {"history": "Interactive.130", "point": 1, "testname": "VT26_TOP_top_tb_TRAN_FILTER_ECG", "cornername": "Nominal"}
[2026-06-04 09:38:07.587 Z] [INFO] [cadence.virtuoso.ade.simulationMonitor] - Notice from spectre during topology check.
    Only one connection to the following 31 nodes:
        topsy_tb.I0.net24
        topsy_tb.I0.net25
        topsy_tb.I0.net26
        topsy_tb.I0.net27
        topsy_tb.I0.I3.I28.R8.net9
        Further occurrences of this notice will be suppressed. {"history": "Interactive.130", "point": 1, "testname": "VT26_TOP_top_tb_TRAN_FILTER_ECG", "cornername": "Nominal"}
[2026-06-04 09:38:08.087 Z] [WARN] [cadence.virtuoso.ade.simulationMonitor] -     WARNING (SPECTRE-592): Following parameters are disabled because they are ignored or redefined in Spectre X:
        Option Parameters:
          iabstol
          reltol
          vabstol
        Tran Parameters:
          errpreset
          maxiters
         {"history": "Interactive.130", "point": 1, "testname": "VT26_TOP_top_tb_TRAN_FILTER_ECG", "cornername": "Nominal"}
[2026-06-04 09:38:08.088 Z] [INFO] [cadence.virtuoso.ade.simulationMonitor] -               nodes 4997 {"history": "Interactive.130", "point": 1, "testname": "VT26_TOP_top_tb_TRAN_FILTER_ECG", "cornername": "Nominal"}
[2026-06-04 09:38:08.088 Z] [INFO] [cadence.virtuoso.ade.simulationMonitor] - Notice from spectre during initial setup.
    Spectre X preset=vx enabled.
    Spectre X postlpreset=vx enabled.
    4 notices suppressed.
    178 warnings suppressed. {"history": "Interactive.130", "point": 1, "testname": "VT26_TOP_top_tb_TRAN_FILTER_ECG", "cornername": "Nominal"}
[2026-06-04 09:38:08.088 Z] [INFO] [cadence.virtuoso.ade.simulationMonitor] - Notice from spectre.
    Multithreading enabled: 8 threads in the system with 16 available processors. {"history": "Interactive.130", "point": 1, "testname": "VT26_TOP_top_tb_TRAN_FILTER_ECG", "cornername": "Nominal"}
[2026-06-04 09:38:08.088 Z] [INFO] [cadence.virtuoso.ade.simulationMonitor] - Peak resident memory used = 267 Mbytes. {"history": "Interactive.130", "point": 1, "testname": "VT26_TOP_top_tb_TRAN_FILTER_ECG", "cornername": "Nominal"}
[2026-06-04 09:38:08.088 Z] [INFO] [cadence.virtuoso.ade.simulationMonitor] -    -   (Spectre X) Multi-threading. The recommended number of threads is [2, 4], consider adding +mt=2 or +mt=4 on command line. {"history": "Interactive.130", "point": 1, "testname": "VT26_TOP_top_tb_TRAN_FILTER_ECG", "cornername": "Nominal"}
[2026-06-04 09:38:08.088 Z] [INFO] [cadence.virtuoso.ade.simulationMonitor] - Notice from spectre during transient analysis `tran'.
    No checklimit analysis defined for asserts. A default checklimit analysis 'SpectreChecklimitAnal' has been created with all asserts enabled. {"history": "Interactive.130", "point": 1, "testname": "VT26_TOP_top_tb_TRAN_FILTER_ECG", "cornername": "Nominal"}
[2026-06-04 09:38:08.088 Z] [INFO] [cadence.virtuoso.ade.simulationMonitor] - Notice from spectre during IC analysis, during transient analysis `tran'.
    Bad pivoting is found during DC analysis. Option dc_pivot_check=yes is recommended for possible improvement of convergence. {"history": "Interactive.130", "point": 1, "testname": "VT26_TOP_top_tb_TRAN_FILTER_ECG", "cornername": "Nominal"}
[2026-06-04 09:38:08.088 Z] [INFO] [cadence.virtuoso.ade.simulationMonitor] - Notice from spectre during transient analysis `tran'.
    Output compression for transient analysis is enabled. {"history": "Interactive.130", "point": 1, "testname": "VT26_TOP_top_tb_TRAN_FILTER_ECG", "cornername": "Nominal"}
[2026-06-04 09:38:17.129 Z] [WARN] [cadence.virtuoso.ade.simulationMonitor] -     WARNING (CMI-2425): topsy_tb.I0.I1.I0.C0_0_dummy: `Acde' = 2.393 is unusually large. {"history": "Interactive.130", "point": 1, "testname": "VT26_TOP_top_tb_TRAN_FILTER_ECG", "cornername": "Nominal"}
[2026-06-04 09:38:17.129 Z] [WARN] [cadence.virtuoso.ade.simulationMonitor] -     WARNING (CMI-2425): topsy_tb.I0.I1.I0.C0_0_dummy: `Noff' = 4.732 is unusually large. {"history": "Interactive.130", "point": 1, "testname": "VT26_TOP_top_tb_TRAN_FILTER_ECG", "cornername": "Nominal"}
[2026-06-04 09:38:17.129 Z] [WARN] [cadence.virtuoso.ade.simulationMonitor] -     WARNING (CMI-2424): topsy_tb.I0.I1.I0.C0_0_dummy: `Voffcv' = -867.4e-03 is unusually small. {"history": "Interactive.130", "point": 1, "testname": "VT26_TOP_top_tb_TRAN_FILTER_ECG", "cornername": "Nominal"}
[2026-06-04 09:38:17.129 Z] [WARN] [cadence.virtuoso.ade.simulationMonitor] -     WARNING (CMI-2425): topsy_tb.I0.I1.I3.C1_0_dummy: `Acde' = 2.393 is unusually large. {"history": "Interactive.130", "point": 1, "testname": "VT26_TOP_top_tb_TRAN_FILTER_ECG", "cornername": "Nominal"}
[2026-06-04 09:38:17.129 Z] [WARN] [cadence.virtuoso.ade.simulationMonitor] -     WARNING (CMI-2425): topsy_tb.I0.I1.I3.C1_0_dummy: `Noff' = 4.732 is unusually large. {"history": "Interactive.130", "point": 1, "testname": "VT26_TOP_top_tb_TRAN_FILTER_ECG", "cornername": "Nominal"}
[2026-06-04 09:38:17.129 Z] [WARN] [cadence.virtuoso.ade.simulationMonitor] -     WARNING (CMI-2424): topsy_tb.I0.I1.I3.C1_0_dummy: `Voffcv' = -867.4e-03 is unusually small. {"history": "Interactive.130", "point": 1, "testname": "VT26_TOP_top_tb_TRAN_FILTER_ECG", "cornername": "Nominal"}
[2026-06-04 09:38:17.129 Z] [WARN] [cadence.virtuoso.ade.simulationMonitor] -     WARNING (CMI-2425): topsy_tb.I0.I1.I4.C1_0_dummy: `Acde' = 2.393 is unusually large.
        Further occurrences of this warning will be suppressed. {"history": "Interactive.130", "point": 1, "testname": "VT26_TOP_top_tb_TRAN_FILTER_ECG", "cornername": "Nominal"}
[2026-06-04 09:38:17.129 Z] [WARN] [cadence.virtuoso.ade.simulationMonitor] -     WARNING (CMI-2424): topsy_tb.I0.I1.I4.C1_0_dummy: `Voffcv' = -867.4e-03 is unusually small. {"history": "Interactive.130", "point": 1, "testname": "VT26_TOP_top_tb_TRAN_FILTER_ECG", "cornername": "Nominal"}
[2026-06-04 09:38:18.130 Z] [WARN] [cadence.virtuoso.ade.simulationMonitor] -     WARNING (CMI-2424): topsy_tb.I0.I19.I0.C1_0_dummy: `Voffcv' = -867.4e-03 is unusually small. {"history": "Interactive.130", "point": 1, "testname": "VT26_TOP_top_tb_TRAN_FILTER_ECG", "cornername": "Nominal"}
[2026-06-04 09:38:18.130 Z] [INFO] [cadence.virtuoso.ade.simulationMonitor] - Notice from spectre at time = 160 us during transient analysis `tran'.
    3 warnings suppressed. {"history": "Interactive.130", "point": 1, "testname": "VT26_TOP_top_tb_TRAN_FILTER_ECG", "cornername": "Nominal"}
[2026-06-04 09:40:01.088 Z] [INFO] [cadence.virtuoso.ade.simulationMonitor] - Memory Usage - Current physical: 158.5M, Current virtual: 426.6M, Peak physical: 158.5M {"history": "Interactive.130", "point": 1, "testname": "VT26_TOP_top_tb_TRAN_FILTER_ECG", "cornername": "Nominal"}
[2026-06-04 09:40:01.089 Z] [INFO] [cadence.virtuoso.ade.simulationMonitor] - CPU Usage - 2.1s system + 2.2s user = 4.3s total (3.7% cpu) {"history": "Interactive.130", "point": 1, "testname": "VT26_TOP_top_tb_TRAN_FILTER_ECG", "cornername": "Nominal"}
[2026-06-04 09:40:01.590 Z] [INFO] [cadence.virtuoso.ade.simulationMonitor] - Total time required for tran analysis `tran': CPU = 637.402 s (10m  37.4s), elapsed = 113.325 s (1m  53.3s), util. = 562%. {"history": "Interactive.130", "point": 1, "testname": "VT26_TOP_top_tb_TRAN_FILTER_ECG", "cornername": "Nominal"}
[2026-06-04 09:40:01.591 Z] [INFO] [cadence.virtuoso.ade.simulationMonitor] - Peak resident memory used = 319 Mbytes. {"history": "Interactive.130", "point": 1, "testname": "VT26_TOP_top_tb_TRAN_FILTER_ECG", "cornername": "Nominal"}
[2026-06-04 09:40:01.591 Z] [WARN] [cadence.virtuoso.ade.simulationMonitor] -     WARNING (CMI-2425): topsy_tb.I0.I1.I0.C0_0_dummy: `Acde' = 2.393 is unusually large. {"history": "Interactive.130", "point": 1, "testname": "VT26_TOP_top_tb_TRAN_FILTER_ECG", "cornername": "Nominal"}
[2026-06-04 09:40:01.592 Z] [WARN] [cadence.virtuoso.ade.simulationMonitor] -     WARNING (CMI-2425): topsy_tb.I0.I1.I0.C0_0_dummy: `Noff' = 4.732 is unusually large. {"history": "Interactive.130", "point": 1, "testname": "VT26_TOP_top_tb_TRAN_FILTER_ECG", "cornername": "Nominal"}
[2026-06-04 09:40:01.592 Z] [WARN] [cadence.virtuoso.ade.simulationMonitor] -     WARNING (CMI-2424): topsy_tb.I0.I1.I0.C0_0_dummy: `Voffcv' = -867.4e-03 is unusually small. {"history": "Interactive.130", "point": 1, "testname": "VT26_TOP_top_tb_TRAN_FILTER_ECG", "cornername": "Nominal"}
[2026-06-04 09:40:01.592 Z] [WARN] [cadence.virtuoso.ade.simulationMonitor] -     WARNING (CMI-2425): topsy_tb.I0.I1.I3.C1_0_dummy: `Acde' = 2.393 is unusually large. {"history": "Interactive.130", "point": 1, "testname": "VT26_TOP_top_tb_TRAN_FILTER_ECG", "cornername": "Nominal"}
[2026-06-04 09:40:01.593 Z] [WARN] [cadence.virtuoso.ade.simulationMonitor] -     WARNING (CMI-2425): topsy_tb.I0.I1.I3.C1_0_dummy: `Noff' = 4.732 is unusually large. {"history": "Interactive.130", "point": 1, "testname": "VT26_TOP_top_tb_TRAN_FILTER_ECG", "cornername": "Nominal"}
[2026-06-04 09:40:01.593 Z] [WARN] [cadence.virtuoso.ade.simulationMonitor] -     WARNING (CMI-2424): topsy_tb.I0.I1.I3.C1_0_dummy: `Voffcv' = -867.4e-03 is unusually small. {"history": "Interactive.130", "point": 1, "testname": "VT26_TOP_top_tb_TRAN_FILTER_ECG", "cornername": "Nominal"}
[2026-06-04 09:40:01.594 Z] [WARN] [cadence.virtuoso.ade.simulationMonitor] -     WARNING (CMI-2425): topsy_tb.I0.I1.I4.C1_0_dummy: `Acde' = 2.393 is unusually large.
        Further occurrences of this warning will be suppressed. {"history": "Interactive.130", "point": 1, "testname": "VT26_TOP_top_tb_TRAN_FILTER_ECG", "cornername": "Nominal"}
[2026-06-04 09:40:01.594 Z] [WARN] [cadence.virtuoso.ade.simulationMonitor] -     WARNING (CMI-2424): topsy_tb.I0.I1.I4.C1_0_dummy: `Voffcv' = -867.4e-03 is unusually small. {"history": "Interactive.130", "point": 1, "testname": "VT26_TOP_top_tb_TRAN_FILTER_ECG", "cornername": "Nominal"}
[2026-06-04 09:40:01.594 Z] [WARN] [cadence.virtuoso.ade.simulationMonitor] -     WARNING (CMI-2424): topsy_tb.I0.I19.I0.C1_0_dummy: `Voffcv' = -867.4e-03 is unusually small. {"history": "Interactive.130", "point": 1, "testname": "VT26_TOP_top_tb_TRAN_FILTER_ECG", "cornername": "Nominal"}
[2026-06-04 09:40:01.595 Z] [INFO] [cadence.virtuoso.ade.simulationMonitor] - Notice from spectre.
    3 warnings suppressed. {"history": "Interactive.130", "point": 1, "testname": "VT26_TOP_top_tb_TRAN_FILTER_ECG", "cornername": "Nominal"}
[2026-06-04 09:40:01.595 Z] [INFO] [cadence.virtuoso.ade.simulationMonitor] - Time used: CPU = 639 s (10m  38.5s), elapsed = 115 s (1m  54.7s), util. = 557%. {"history": "Interactive.130", "point": 1, "testname": "VT26_TOP_top_tb_TRAN_FILTER_ECG", "cornername": "Nominal"}
[2026-06-04 09:40:01.595 Z] [INFO] [cadence.virtuoso.ade.simulationMonitor] - Time spent in licensing: elapsed = 82.1 ms. {"history": "Interactive.130", "point": 1, "testname": "VT26_TOP_top_tb_TRAN_FILTER_ECG", "cornername": "Nominal"}
[2026-06-04 09:40:01.596 Z] [INFO] [cadence.virtuoso.ade.simulationMonitor] - Peak memory used = 318 Mbytes. {"history": "Interactive.130", "point": 1, "testname": "VT26_TOP_top_tb_TRAN_FILTER_ECG", "cornername": "Nominal"}
[2026-06-04 09:40:01.596 Z] [PROCESS] [cadence.virtuoso.ade.simulationMonitor] - Simulation started at: 9:38:06 AM, Thur Jun 4, 2026, ended at: 9:40:01 AM, Thur Jun 4, 2026, with elapsed time (wall clock): 115 s (1m  54.7s). {"history": "Interactive.130", "point": 1, "testname": "VT26_TOP_top_tb_TRAN_FILTER_ECG", "cornername": "Nominal"}
[2026-06-04 09:40:01.597 Z] [PROCESS] [cadence.virtuoso.ade.simulationMonitor] - spectre completes with 0 errors, 64 warnings, and 24 notices. {"history": "Interactive.130", "point": 1, "testname": "VT26_TOP_top_tb_TRAN_FILTER_ECG", "cornername": "Nominal"}
[2026-06-04 09:40:01.597 Z] [INFO] [cadence.virtuoso.ade.simulationMonitor] - xmsim: Memory Usage - Final: 155.6M, Peak: 157.9M, Peak virtual: 487.1M {"history": "Interactive.130", "point": 1, "testname": "VT26_TOP_top_tb_TRAN_FILTER_ECG", "cornername": "Nominal"}
[2026-06-04 09:40:01.597 Z] [INFO] [cadence.virtuoso.ade.simulationMonitor] - xmsim: CPU Usage - 29.7s system + 613.9s user = 643.6s total (115.7s, 100.0% cpu) {"history": "Interactive.130", "point": 1, "testname": "VT26_TOP_top_tb_TRAN_FILTER_ECG", "cornername": "Nominal"}
[2026-06-04 09:40:01.598 Z] [PROCESS] [cadence.virtuoso.ade.simulationMonitor] - Finished simulating for one point {"hostname": "edatools", "processid": 747962, "history": "Interactive.130", "testname": "VT26_TOP_top_tb_TRAN_FILTER_ECG", "cornername": "Nominal", "point": 1, "logfile": "/home/saul/projects/IL2244_VT26_SAUL/logs_saul/logs0/Job20.log", "simid": "2"}
[2026-06-04 09:40:01.598 Z] [PROCESS] [cadence.virtuoso.ade.simulationMonitor] - Simulator exited {"hostname": "edatools", "processid": 747962, "history": "Interactive.130", "testname": "VT26_TOP_top_tb_TRAN_FILTER_ECG", "cornername": "Nominal", "point": 1, "logfile": "/home/saul/projects/IL2244_VT26_SAUL/logs_saul/logs0/Job20.log", "exitStatus": "0"}
[2026-06-04 09:40:01.599 Z] [PROCESS] [cadence.virtuoso.ade.simulationMonitor] - Finished Simulation {"hostname": "edatools", "processid": 747962, "history": "Interactive.130", "testname": "VT26_TOP_top_tb_TRAN_FILTER_ECG", "cornername": "Nominal", "point": 1, "logfile": "/home/saul/projects/IL2244_VT26_SAUL/logs_saul/logs0/Job20.log", "simid": "2"}
[2026-06-04 09:40:03.608 Z] [PROCESS] [cadence.virtuoso.ade.simulationMonitor] - Point Finished {"hostname": "edatools", "processid": 747962, "history": "Interactive.130", "testname": "VT26_TOP_top_tb_TRAN_FILTER_ECG", "cornername": "Nominal", "point": 1, "logfile": "/home/saul/projects/IL2244_VT26_SAUL/logs_saul/logs0/Job20.log"}
[2026-06-04 09:45:04.298 Z] [PROCESS] [cadence.virtuoso.ade.simulationMonitor] - Current memory used: 52.3984 MBytes, peak memory used: 52.3984 MBytes {"hostname": "edatools", "processid": 747962, "history": "Interactive.130", "testname": "VT26_TOP_top_tb_TRAN_FILTER_ECG", "cornername": "Nominal", "point": 1, "logfile": "/home/saul/projects/IL2244_VT26_SAUL/logs_saul/logs0/Job20.log"}
[2026-06-04 09:45:04.298 Z] [PROCESS] [cadence.virtuoso.ade.simulationMonitor] - Simulation Monitor process exit. {"hostname": "edatools", "processid": 747962, "history": "Interactive.130", "testname": "VT26_TOP_top_tb_TRAN_FILTER_ECG", "cornername": "Nominal", "point": 1, "logfile": "/home/saul/projects/IL2244_VT26_SAUL/logs_saul/logs0/Job20.log"}
