[Simulation Monitor: 22]
[2026-06-04 11:09:58.542 Z] [PROCESS] [cadence.virtuoso.ade.simulationMonitor] - Simulation Monitor has successfully started up. Trying to set up communication channels to other components ... {"hostname": "edatools", "processid": 754635, "logfile": "/home/saul/projects/IL2244_VT26_SAUL/logs_saul/logs0/Job22.log"}
[2026-06-04 11:09:58.543 Z] [PROCESS] [cadence.virtuoso.ade.simulationMonitor] - Communication channels have been successfully set up. Start processing events ... {"hostname": "edatools", "processid": 754635, "logfile": "/home/saul/projects/IL2244_VT26_SAUL/logs_saul/logs0/Job22.log"}
[2026-06-04 11:09:58.543 Z] [PROCESS] [cadence.virtuoso.ade.simulationMonitor] - Considering to start history {"hostname": "edatools", "processid": 754635, "history": "Interactive.131", "logfile": "/home/saul/projects/IL2244_VT26_SAUL/logs_saul/logs0/Job22.log"}
[2026-06-04 11:09:58.544 Z] [PROCESS] [cadence.virtuoso.ade.simulationMonitor] - HostInfo:
Host name (type):	edatools (x86_64)
Operating system:	Linux 6.17.0-29-generic #29~24.04.1-Ubuntu SMP PREEMPT_DYNAMIC Mon May 11 10:30:58 UTC 2 {"hostname": "edatools", "processid": 754635, "history": "Interactive.131", "logfile": "/home/saul/projects/IL2244_VT26_SAUL/logs_saul/logs0/Job22.log", "nodename": "edatools", "domainname": "(none)", "machine": "x86_64", "sysname": "Linux", "release": "6.17.0-29-generic", "version": "#29~24.04.1-Ubuntu SMP PREEMPT_DYNAMIC Mon May 11 10:30:58 UTC 2"}
[2026-06-04 11:09:58.544 Z] [PROCESS] [cadence.virtuoso.ade.simulationMonitor] - UsageInfo:
pid=754635
totalPhysicalMemory=62.544979GB,Used=42.218731GB,totalVirtualMemory=70.544975GB,Used=42.218731GB
Cpu: Cores=16, Load average:0.250000,0.170000,0.070000 {"hostname": "edatools", "processid": 754635, "history": "Interactive.131", "logfile": "/home/saul/projects/IL2244_VT26_SAUL/logs_saul/logs0/Job22.log", "pid": "754635", "totalPhysicalMemory": "62.544979", "physicalMemoryUsed": "42.218731", "totalVirtualMemory": "70.544975", "virtualMemoryUsed": "42.218731", "cpuCores": "16", "processes": "2194", "loadAverage1": "0.250000", "loadAverage5": "0.170000", "loadAverage15": "0.070000", "loadAverage1Percent": "0.015625"}
[2026-06-04 11:09:58.544 Z] [EVENT] [cadence.virtuoso.ade.simulationMonitor] - NewPoint {"history": "Interactive.131", "point": 1, "testname": "VT26_TOP_top_tb_DC", "cornername": "Nominal", "event": "NewPoint", "EventSource": "Simulation Monitor", "HistoryName": "Interactive.131", "logFile": "/home/saul/projects/IL2244_VT26_SAUL/logs_saul/logs0/Job22.log", "logFileSize": "2201"}
[2026-06-04 11:09:58.645 Z] [EVENT] [cadence.virtuoso.ade.simulationMonitor] - NewPoint {"history": "Interactive.131", "point": 1, "testname": "VT26_TOP_top_tb_DC", "cornername": "Nominal", "event": "NewPoint", "EventSource": "ams", "HistoryName": "Interactive.131", "logFile": "/home/saul/projects/IL2244_VT26_SAUL/Sim/VT26_TOP/topsy_tb/maestro/results/maestro/Interactive.131/1/VT26_TOP_top_tb_DC/psf/xrun.log", "logFileSize": "-1"}
[2026-06-04 11:09:58.658 Z] [PROCESS] [cadence.virtuoso.ade.simulationMonitor] - Simulator launched {"hostname": "edatools", "processid": 754635, "history": "Interactive.131", "testname": "VT26_TOP_top_tb_DC", "cornername": "Nominal", "point": 1, "logfile": "/home/saul/projects/IL2244_VT26_SAUL/logs_saul/logs0/Job22.log", "simid": "1"}
[2026-06-04 11:09:58.660 Z] [PROCESS] [cadence.virtuoso.ade.simulationMonitor] - Expression evaluator launched {"hostname": "edatools", "processid": 754635, "history": "Interactive.131", "testname": "VT26_TOP_top_tb_DC", "cornername": "Nominal", "point": 1, "logfile": "/home/saul/projects/IL2244_VT26_SAUL/logs_saul/logs0/Job22.log"}
[2026-06-04 11:09:58.682 Z] [PROCESS] [cadence.virtuoso.ade.simulationMonitor] - Started Simulation {"hostname": "edatools", "processid": 754635, "history": "Interactive.131", "testname": "VT26_TOP_top_tb_DC", "cornername": "Nominal", "point": 1, "logfile": "/home/saul/projects/IL2244_VT26_SAUL/logs_saul/logs0/Job22.log", "event": "started", "task": "simulation"}
[2026-06-04 11:10:09.218 Z] [INFO] [cadence.virtuoso.ade.simulationMonitor] - Notice from spectre during circuit read-in.
    Pre_Configuration file used: /opt/tools/cadence/installs/SPECTRE241/tools.lnx86/spectre/etc/configs/preset.precfg
    Configuration file used: `/opt/tools/cadence/installs/SPECTRE241/tools.lnx86/spectre/etc/configs/preset.cfg'.
    Configuration file used: `/opt/tools/cadence/installs/SPECTRE241/tools.lnx86/spectre/etc/configs/ams.cfg'. {"history": "Interactive.131", "point": 1, "testname": "VT26_TOP_top_tb_DC", "cornername": "Nominal"}
[2026-06-04 11:10:09.218 Z] [WARN] [cadence.virtuoso.ade.simulationMonitor] -     WARNING (VACOMP-2435): The environment variable CDS_AHDLCMI_ENABLE is no longer supported. Therefore, the simulator will use the default compiled C code flow. {"history": "Interactive.131", "point": 1, "testname": "VT26_TOP_top_tb_DC", "cornername": "Nominal"}
[2026-06-04 11:10:09.218 Z] [INFO] [cadence.virtuoso.ade.simulationMonitor] - Peak resident memory used = 218 Mbytes. {"history": "Interactive.131", "point": 1, "testname": "VT26_TOP_top_tb_DC", "cornername": "Nominal"}
[2026-06-04 11:10:09.719 Z] [WARN] [cadence.virtuoso.ade.simulationMonitor] -     WARNING (SFE-3012): The dummy device topsy_tb.I0.I3.I16.DLIB11 is removed. {"history": "Interactive.131", "point": 1, "testname": "VT26_TOP_top_tb_DC", "cornername": "Nominal"}
[2026-06-04 11:10:09.719 Z] [WARN] [cadence.virtuoso.ade.simulationMonitor] -     WARNING (SFE-3012): The dummy device topsy_tb.I0.I3.I15.DLIB11 is removed. {"history": "Interactive.131", "point": 1, "testname": "VT26_TOP_top_tb_DC", "cornername": "Nominal"}
[2026-06-04 11:10:09.719 Z] [WARN] [cadence.virtuoso.ade.simulationMonitor] -     WARNING (SFE-3012): The dummy device topsy_tb.I0.I3.I16.DLIB9 is removed. {"history": "Interactive.131", "point": 1, "testname": "VT26_TOP_top_tb_DC", "cornername": "Nominal"}
[2026-06-04 11:10:09.719 Z] [WARN] [cadence.virtuoso.ade.simulationMonitor] -     WARNING (SFE-3012): The dummy device topsy_tb.I0.I19.I0.I3.MP13_0_turbo_m4 is removed. {"history": "Interactive.131", "point": 1, "testname": "VT26_TOP_top_tb_DC", "cornername": "Nominal"}
[2026-06-04 11:10:09.719 Z] [WARN] [cadence.virtuoso.ade.simulationMonitor] -     WARNING (SFE-3012): The dummy device topsy_tb.I0.I29.I27.MP27_0_turbo_m2 is removed.
        Further occurrences of this warning will be suppressed. {"history": "Interactive.131", "point": 1, "testname": "VT26_TOP_top_tb_DC", "cornername": "Nominal"}
[2026-06-04 11:10:09.719 Z] [WARN] [cadence.virtuoso.ade.simulationMonitor] -     WARNING (SFE-3026): The shorted/dummy resistor topsy_tb.I0.I3.I20.R1.R0 is removed. {"history": "Interactive.131", "point": 1, "testname": "VT26_TOP_top_tb_DC", "cornername": "Nominal"}
[2026-06-04 11:10:09.719 Z] [WARN] [cadence.virtuoso.ade.simulationMonitor] -     WARNING (SFE-3026): The shorted/dummy resistor topsy_tb.I0.I3.I19.R5.R0 is removed. {"history": "Interactive.131", "point": 1, "testname": "VT26_TOP_top_tb_DC", "cornername": "Nominal"}
[2026-06-04 11:10:09.719 Z] [WARN] [cadence.virtuoso.ade.simulationMonitor] -     WARNING (SFE-3029): The dummy capacitor topsy_tb.I0.I1.I10_turbo_m4.C0.C1 is removed. {"history": "Interactive.131", "point": 1, "testname": "VT26_TOP_top_tb_DC", "cornername": "Nominal"}
[2026-06-04 11:10:09.719 Z] [WARN] [cadence.virtuoso.ade.simulationMonitor] -     WARNING (SFE-3029): The dummy capacitor topsy_tb.I0.I1.I13_turbo_m5.C0.C1 is removed. {"history": "Interactive.131", "point": 1, "testname": "VT26_TOP_top_tb_DC", "cornername": "Nominal"}
[2026-06-04 11:10:09.719 Z] [WARN] [cadence.virtuoso.ade.simulationMonitor] -     WARNING (SFE-3029): The dummy capacitor topsy_tb.I0.I1.I4.R31.CS1 is removed. {"history": "Interactive.131", "point": 1, "testname": "VT26_TOP_top_tb_DC", "cornername": "Nominal"}
[2026-06-04 11:10:09.719 Z] [WARN] [cadence.virtuoso.ade.simulationMonitor] -     WARNING (SFE-3029): The dummy capacitor topsy_tb.I0.I1.I0.C10.C1 is removed. {"history": "Interactive.131", "point": 1, "testname": "VT26_TOP_top_tb_DC", "cornername": "Nominal"}
[2026-06-04 11:10:09.720 Z] [WARN] [cadence.virtuoso.ade.simulationMonitor] -     WARNING (SFE-3029): The dummy capacitor topsy_tb.I0.I1.I1.C1.C1 is removed.
        Further occurrences of this warning will be suppressed. {"history": "Interactive.131", "point": 1, "testname": "VT26_TOP_top_tb_DC", "cornername": "Nominal"}
[2026-06-04 11:10:09.720 Z] [WARN] [cadence.virtuoso.ade.simulationMonitor] -     WARNING (SFE-3026): The shorted/dummy resistor topsy_tb.I0.I3.I17.R2.R0 is removed. {"history": "Interactive.131", "point": 1, "testname": "VT26_TOP_top_tb_DC", "cornername": "Nominal"}
[2026-06-04 11:10:09.720 Z] [WARN] [cadence.virtuoso.ade.simulationMonitor] -     WARNING (SFE-3026): The shorted/dummy resistor topsy_tb.I0.I3.I18.R1.R0 is removed. {"history": "Interactive.131", "point": 1, "testname": "VT26_TOP_top_tb_DC", "cornername": "Nominal"}
[2026-06-04 11:10:09.720 Z] [WARN] [cadence.virtuoso.ade.simulationMonitor] -     WARNING (SFE-3016): The floating node gndr_right! is removed. {"history": "Interactive.131", "point": 1, "testname": "VT26_TOP_top_tb_DC", "cornername": "Nominal"}
[2026-06-04 11:10:09.720 Z] [WARN] [cadence.virtuoso.ade.simulationMonitor] -     WARNING (SFE-3016): The floating node vddr_right! is removed. {"history": "Interactive.131", "point": 1, "testname": "VT26_TOP_top_tb_DC", "cornername": "Nominal"}
[2026-06-04 11:10:09.720 Z] [WARN] [cadence.virtuoso.ade.simulationMonitor] -     WARNING (SFE-3016): The floating node topsy_tb.I0.I0.spi_Rx_data_temp[34] is removed. {"history": "Interactive.131", "point": 1, "testname": "VT26_TOP_top_tb_DC", "cornername": "Nominal"}
[2026-06-04 11:10:09.720 Z] [WARN] [cadence.virtuoso.ade.simulationMonitor] -     WARNING (SFE-3016): The floating node gndr_left! is removed. {"history": "Interactive.131", "point": 1, "testname": "VT26_TOP_top_tb_DC", "cornername": "Nominal"}
[2026-06-04 11:10:09.720 Z] [WARN] [cadence.virtuoso.ade.simulationMonitor] -     WARNING (SFE-3016): The floating node vddo_left! is removed.
        Further occurrences of this warning will be suppressed. {"history": "Interactive.131", "point": 1, "testname": "VT26_TOP_top_tb_DC", "cornername": "Nominal"}
[2026-06-04 11:10:09.720 Z] [INFO] [cadence.virtuoso.ade.simulationMonitor] - Notice from spectre during hierarchy flattening.
    The value 'psf' specified for the 'checklimitdest' option will no longer be supported in future releases. Use 'spectre -h' to see other recommended values for the 'checklimitdest' option. {"history": "Interactive.131", "point": 1, "testname": "VT26_TOP_top_tb_DC", "cornername": "Nominal"}
[2026-06-04 11:10:09.720 Z] [INFO] [cadence.virtuoso.ade.simulationMonitor] - Peak resident memory used = 246 Mbytes. {"history": "Interactive.131", "point": 1, "testname": "VT26_TOP_top_tb_DC", "cornername": "Nominal"}
[2026-06-04 11:10:09.720 Z] [INFO] [cadence.virtuoso.ade.simulationMonitor] - Notice from spectre during hierarchy flattening.
    The value 'psf' specified for the 'checklimitdest' option will no longer be supported in future releases. Use 'spectre -h' to see other recommended values for the 'checklimitdest' option. {"history": "Interactive.131", "point": 1, "testname": "VT26_TOP_top_tb_DC", "cornername": "Nominal"}
[2026-06-04 11:10:09.720 Z] [INFO] [cadence.virtuoso.ade.simulationMonitor] - Peak resident memory used = 259 Mbytes. {"history": "Interactive.131", "point": 1, "testname": "VT26_TOP_top_tb_DC", "cornername": "Nominal"}
[2026-06-04 11:10:09.720 Z] [WARN] [cadence.virtuoso.ade.simulationMonitor] -     WARNING (CMI-2425): topsy_tb.I0.I19.I0.C1_0_turbo_m5: `Acde' = 2.393 is unusually large. {"history": "Interactive.131", "point": 1, "testname": "VT26_TOP_top_tb_DC", "cornername": "Nominal"}
[2026-06-04 11:10:09.721 Z] [WARN] [cadence.virtuoso.ade.simulationMonitor] -     WARNING (CMI-2425): topsy_tb.I0.I19.I0.C1_0_turbo_m5: `Noff' = 4.732 is unusually large. {"history": "Interactive.131", "point": 1, "testname": "VT26_TOP_top_tb_DC", "cornername": "Nominal"}
[2026-06-04 11:10:09.721 Z] [WARN] [cadence.virtuoso.ade.simulationMonitor] -     WARNING (CMI-2424): topsy_tb.I0.I19.I0.C1_0_turbo_m5: `Voffcv' = -867.4e-03 is unusually small. {"history": "Interactive.131", "point": 1, "testname": "VT26_TOP_top_tb_DC", "cornername": "Nominal"}
[2026-06-04 11:10:09.721 Z] [WARN] [cadence.virtuoso.ade.simulationMonitor] -     WARNING (CMI-2425): topsy_tb.I0.I19.I0.C0: `Acde' = 2.393 is unusually large. {"history": "Interactive.131", "point": 1, "testname": "VT26_TOP_top_tb_DC", "cornername": "Nominal"}
[2026-06-04 11:10:10.221 Z] [WARN] [cadence.virtuoso.ade.simulationMonitor] -     WARNING (CMI-2425): topsy_tb.I0.I19.I0.C0: `Noff' = 4.732 is unusually large. {"history": "Interactive.131", "point": 1, "testname": "VT26_TOP_top_tb_DC", "cornername": "Nominal"}
[2026-06-04 11:10:10.221 Z] [WARN] [cadence.virtuoso.ade.simulationMonitor] -     WARNING (CMI-2424): topsy_tb.I0.I19.I0.C0: `Voffcv' = -867.4e-03 is unusually small. {"history": "Interactive.131", "point": 1, "testname": "VT26_TOP_top_tb_DC", "cornername": "Nominal"}
[2026-06-04 11:10:10.221 Z] [WARN] [cadence.virtuoso.ade.simulationMonitor] -     WARNING (CMI-2425): topsy_tb.I0.I19.I0.C3: `Acde' = 2.393 is unusually large.
        Further occurrences of this warning will be suppressed. {"history": "Interactive.131", "point": 1, "testname": "VT26_TOP_top_tb_DC", "cornername": "Nominal"}
[2026-06-04 11:10:10.221 Z] [WARN] [cadence.virtuoso.ade.simulationMonitor] -     WARNING (CMI-2424): topsy_tb.I0.I19.I0.C3: `Voffcv' = -867.4e-03 is unusually small. {"history": "Interactive.131", "point": 1, "testname": "VT26_TOP_top_tb_DC", "cornername": "Nominal"}
[2026-06-04 11:10:10.221 Z] [WARN] [cadence.virtuoso.ade.simulationMonitor] -     WARNING (CMI-2424): topsy_tb.I0.I19.I0.C2: `Voffcv' = -867.4e-03 is unusually small. {"history": "Interactive.131", "point": 1, "testname": "VT26_TOP_top_tb_DC", "cornername": "Nominal"}
[2026-06-04 11:10:10.222 Z] [WARN] [cadence.virtuoso.ade.simulationMonitor] -     WARNING (CMI-2424): topsy_tb.I0.I19.I0.I3.C1: `Voffcv' = -867.4e-03 is unusually small.
        Further occurrences of this warning will be suppressed. {"history": "Interactive.131", "point": 1, "testname": "VT26_TOP_top_tb_DC", "cornername": "Nominal"}
[2026-06-04 11:10:10.222 Z] [WARN] [cadence.virtuoso.ade.simulationMonitor] -     WARNING (SPECTRE-17607): Assert `SOAC_vert10_vsubpsub' is ignored because it contains an expression which is invalid or not supported by native evaluator.  {"history": "Interactive.131", "point": 1, "testname": "VT26_TOP_top_tb_DC", "cornername": "Nominal"}
[2026-06-04 11:10:10.222 Z] [WARN] [cadence.virtuoso.ade.simulationMonitor] -     WARNING (SPECTRE-17607): Assert `SOAC_vert10_vcsub' is ignored because it contains an expression which is invalid or not supported by native evaluator.  {"history": "Interactive.131", "point": 1, "testname": "VT26_TOP_top_tb_DC", "cornername": "Nominal"}
[2026-06-04 11:10:10.222 Z] [WARN] [cadence.virtuoso.ade.simulationMonitor] -     WARNING (SPECTRE-17607): Assert `SOAC_rpolyh_vminuspsub' is ignored because it contains an expression which is invalid or not supported by native evaluator.  {"history": "Interactive.131", "point": 1, "testname": "VT26_TOP_top_tb_DC", "cornername": "Nominal"}
[2026-06-04 11:10:10.222 Z] [WARN] [cadence.virtuoso.ade.simulationMonitor] -     WARNING (SPECTRE-17607): Assert `SOAC_rpolyh_vpluspsub' is ignored because it contains an expression which is invalid or not supported by native evaluator.  {"history": "Interactive.131", "point": 1, "testname": "VT26_TOP_top_tb_DC", "cornername": "Nominal"}
[2026-06-04 11:10:10.222 Z] [WARN] [cadence.virtuoso.ade.simulationMonitor] -     WARNING (SPECTRE-17607): Assert `SOAC_rpoly2_vminuspsub' is ignored because it contains an expression which is invalid or not supported by native evaluator. 
        Further occurrences of this warning will be suppressed. {"history": "Interactive.131", "point": 1, "testname": "VT26_TOP_top_tb_DC", "cornername": "Nominal"}
[2026-06-04 11:10:10.222 Z] [WARN] [cadence.virtuoso.ade.simulationMonitor] -     WARNING (SPECTRE-16460): SOAC_cvarm_vspsub:Specified subcircuit master `cvarm' was not found. {"history": "Interactive.131", "point": 1, "testname": "VT26_TOP_top_tb_DC", "cornername": "Nominal"}
[2026-06-04 11:10:10.222 Z] [WARN] [cadence.virtuoso.ade.simulationMonitor] -     WARNING (SPECTRE-16462): SOAC_cvarm_vspsub:Error in specification of subcircuit master. Assert is ignored. {"history": "Interactive.131", "point": 1, "testname": "VT26_TOP_top_tb_DC", "cornername": "Nominal"}
[2026-06-04 11:10:10.222 Z] [WARN] [cadence.virtuoso.ade.simulationMonitor] -     WARNING (SPECTRE-16460): SOAC_cvarm_vbs:Specified subcircuit master `cvarm' was not found. {"history": "Interactive.131", "point": 1, "testname": "VT26_TOP_top_tb_DC", "cornername": "Nominal"}
[2026-06-04 11:10:10.222 Z] [WARN] [cadence.virtuoso.ade.simulationMonitor] -     WARNING (SPECTRE-16462): SOAC_cvarm_vbs:Error in specification of subcircuit master. Assert is ignored. {"history": "Interactive.131", "point": 1, "testname": "VT26_TOP_top_tb_DC", "cornername": "Nominal"}
[2026-06-04 11:10:10.222 Z] [WARN] [cadence.virtuoso.ade.simulationMonitor] -     WARNING (SPECTRE-16460): SOAC_cvarm_vgb:Specified subcircuit master `cvarm' was not found. {"history": "Interactive.131", "point": 1, "testname": "VT26_TOP_top_tb_DC", "cornername": "Nominal"}
[2026-06-04 11:10:10.222 Z] [WARN] [cadence.virtuoso.ade.simulationMonitor] -     WARNING (SPECTRE-16462): SOAC_cvarm_vgb:Error in specification of subcircuit master. Assert is ignored. {"history": "Interactive.131", "point": 1, "testname": "VT26_TOP_top_tb_DC", "cornername": "Nominal"}
[2026-06-04 11:10:10.222 Z] [WARN] [cadence.virtuoso.ade.simulationMonitor] -     WARNING (SPECTRE-16460): SOAC_cvart_vspsub:Specified subcircuit master `cvart' was not found. {"history": "Interactive.131", "point": 1, "testname": "VT26_TOP_top_tb_DC", "cornername": "Nominal"}
[2026-06-04 11:10:10.222 Z] [WARN] [cadence.virtuoso.ade.simulationMonitor] -     WARNING (SPECTRE-16462): SOAC_cvart_vspsub:Error in specification of subcircuit master. Assert is ignored. {"history": "Interactive.131", "point": 1, "testname": "VT26_TOP_top_tb_DC", "cornername": "Nominal"}
[2026-06-04 11:10:10.223 Z] [WARN] [cadence.virtuoso.ade.simulationMonitor] -     WARNING (SPECTRE-16460): SOAC_cvart_vbs:Specified subcircuit master `cvart' was not found.
        Further occurrences of this warning will be suppressed. {"history": "Interactive.131", "point": 1, "testname": "VT26_TOP_top_tb_DC", "cornername": "Nominal"}
[2026-06-04 11:10:10.223 Z] [WARN] [cadence.virtuoso.ade.simulationMonitor] -     WARNING (SPECTRE-16462): SOAC_cvart_vbs:Error in specification of subcircuit master. Assert is ignored.
        Further occurrences of this warning will be suppressed. {"history": "Interactive.131", "point": 1, "testname": "VT26_TOP_top_tb_DC", "cornername": "Nominal"}
[2026-06-04 11:10:10.223 Z] [WARN] [cadence.virtuoso.ade.simulationMonitor] -     WARNING (SPECTRE-294): The number of signals saved (8393) is too high and may slow down the initialization process. Remove the unnecessary signals to speed up the initialization. {"history": "Interactive.131", "point": 1, "testname": "VT26_TOP_top_tb_DC", "cornername": "Nominal"}
[2026-06-04 11:10:10.223 Z] [WARN] [cadence.virtuoso.ade.simulationMonitor] -     WARNING (SPECTRE-294): The number of signals saved (8393) is too high and may slow down the initialization process. Remove the unnecessary signals to speed up the initialization. {"history": "Interactive.131", "point": 1, "testname": "VT26_TOP_top_tb_DC", "cornername": "Nominal"}
[2026-06-04 11:10:10.223 Z] [INFO] [cadence.virtuoso.ade.simulationMonitor] - Notice from spectre during topology check. {"history": "Interactive.131", "point": 1, "testname": "VT26_TOP_top_tb_DC", "cornername": "Nominal"}
[2026-06-04 11:10:10.723 Z] [WARN] [cadence.virtuoso.ade.simulationMonitor] -     WARNING (SPECTRE-592): Following parameters are disabled because they are ignored or redefined in Spectre X:
        Option Parameters:
          iabstol
          reltol
          vabstol
        Tran Parameters:
          errpreset
          maxiters
         {"history": "Interactive.131", "point": 1, "testname": "VT26_TOP_top_tb_DC", "cornername": "Nominal"}
[2026-06-04 11:10:10.723 Z] [INFO] [cadence.virtuoso.ade.simulationMonitor] -               nodes 4997 {"history": "Interactive.131", "point": 1, "testname": "VT26_TOP_top_tb_DC", "cornername": "Nominal"}
[2026-06-04 11:10:10.724 Z] [INFO] [cadence.virtuoso.ade.simulationMonitor] - Notice from spectre during initial setup.
    12 resistors are changed to resistance form because their value are less than 'rthresh'.
    Spectre X preset=vx enabled.
    3 notices suppressed.
    178 warnings suppressed. {"history": "Interactive.131", "point": 1, "testname": "VT26_TOP_top_tb_DC", "cornername": "Nominal"}
[2026-06-04 11:10:10.724 Z] [INFO] [cadence.virtuoso.ade.simulationMonitor] - Notice from spectre.
    Multithreading enabled: 8 threads in the system with 16 available processors. {"history": "Interactive.131", "point": 1, "testname": "VT26_TOP_top_tb_DC", "cornername": "Nominal"}
[2026-06-04 11:10:10.724 Z] [INFO] [cadence.virtuoso.ade.simulationMonitor] - Peak resident memory used = 308 Mbytes. {"history": "Interactive.131", "point": 1, "testname": "VT26_TOP_top_tb_DC", "cornername": "Nominal"}
[2026-06-04 11:10:10.724 Z] [INFO] [cadence.virtuoso.ade.simulationMonitor] -    -   (Spectre X) Multi-threading. The recommended number of threads is [2, 4], consider adding +mt=2 or +mt=4 on command line. {"history": "Interactive.131", "point": 1, "testname": "VT26_TOP_top_tb_DC", "cornername": "Nominal"}
[2026-06-04 11:10:10.724 Z] [INFO] [cadence.virtuoso.ade.simulationMonitor] - Notice from spectre during transient analysis `tran'.
    No checklimit analysis defined for asserts. A default checklimit analysis 'SpectreChecklimitAnal' has been created with all asserts enabled. {"history": "Interactive.131", "point": 1, "testname": "VT26_TOP_top_tb_DC", "cornername": "Nominal"}
[2026-06-04 11:10:10.724 Z] [INFO] [cadence.virtuoso.ade.simulationMonitor] - Notice from spectre during IC analysis, during transient analysis `tran'.
    Bad pivoting is found during DC analysis. Option dc_pivot_check=yes is recommended for possible improvement of convergence. {"history": "Interactive.131", "point": 1, "testname": "VT26_TOP_top_tb_DC", "cornername": "Nominal"}
[2026-06-04 11:10:10.724 Z] [INFO] [cadence.virtuoso.ade.simulationMonitor] - Notice from spectre during transient analysis `tran'.
    Output compression for transient analysis is enabled. {"history": "Interactive.131", "point": 1, "testname": "VT26_TOP_top_tb_DC", "cornername": "Nominal"}
[2026-06-04 11:10:22.381 Z] [WARN] [cadence.virtuoso.ade.simulationMonitor] -     WARNING (CMI-2425): topsy_tb.I0.I1.I0.C0_0_dummy: `Acde' = 2.393 is unusually large. {"history": "Interactive.131", "point": 1, "testname": "VT26_TOP_top_tb_DC", "cornername": "Nominal"}
[2026-06-04 11:10:22.381 Z] [WARN] [cadence.virtuoso.ade.simulationMonitor] -     WARNING (CMI-2425): topsy_tb.I0.I1.I0.C0_0_dummy: `Noff' = 4.732 is unusually large. {"history": "Interactive.131", "point": 1, "testname": "VT26_TOP_top_tb_DC", "cornername": "Nominal"}
[2026-06-04 11:10:22.381 Z] [WARN] [cadence.virtuoso.ade.simulationMonitor] -     WARNING (CMI-2424): topsy_tb.I0.I1.I0.C0_0_dummy: `Voffcv' = -867.4e-03 is unusually small. {"history": "Interactive.131", "point": 1, "testname": "VT26_TOP_top_tb_DC", "cornername": "Nominal"}
[2026-06-04 11:10:22.382 Z] [WARN] [cadence.virtuoso.ade.simulationMonitor] -     WARNING (CMI-2425): topsy_tb.I0.I1.I3.C1_0_dummy: `Acde' = 2.393 is unusually large. {"history": "Interactive.131", "point": 1, "testname": "VT26_TOP_top_tb_DC", "cornername": "Nominal"}
[2026-06-04 11:10:22.382 Z] [WARN] [cadence.virtuoso.ade.simulationMonitor] -     WARNING (CMI-2425): topsy_tb.I0.I1.I3.C1_0_dummy: `Noff' = 4.732 is unusually large. {"history": "Interactive.131", "point": 1, "testname": "VT26_TOP_top_tb_DC", "cornername": "Nominal"}
[2026-06-04 11:10:22.382 Z] [WARN] [cadence.virtuoso.ade.simulationMonitor] -     WARNING (CMI-2424): topsy_tb.I0.I1.I3.C1_0_dummy: `Voffcv' = -867.4e-03 is unusually small. {"history": "Interactive.131", "point": 1, "testname": "VT26_TOP_top_tb_DC", "cornername": "Nominal"}
[2026-06-04 11:10:22.382 Z] [WARN] [cadence.virtuoso.ade.simulationMonitor] -     WARNING (CMI-2425): topsy_tb.I0.I1.I4.C1_0_dummy: `Acde' = 2.393 is unusually large.
        Further occurrences of this warning will be suppressed. {"history": "Interactive.131", "point": 1, "testname": "VT26_TOP_top_tb_DC", "cornername": "Nominal"}
[2026-06-04 11:10:22.382 Z] [WARN] [cadence.virtuoso.ade.simulationMonitor] -     WARNING (CMI-2424): topsy_tb.I0.I1.I4.C1_0_dummy: `Voffcv' = -867.4e-03 is unusually small. {"history": "Interactive.131", "point": 1, "testname": "VT26_TOP_top_tb_DC", "cornername": "Nominal"}
[2026-06-04 11:10:22.883 Z] [WARN] [cadence.virtuoso.ade.simulationMonitor] -     WARNING (CMI-2424): topsy_tb.I0.I19.I0.C1_0_dummy: `Voffcv' = -867.4e-03 is unusually small. {"history": "Interactive.131", "point": 1, "testname": "VT26_TOP_top_tb_DC", "cornername": "Nominal"}
[2026-06-04 11:10:22.884 Z] [INFO] [cadence.virtuoso.ade.simulationMonitor] - Notice from spectre at time = 200 us during transient analysis `tran'.
    3 warnings suppressed. {"history": "Interactive.131", "point": 1, "testname": "VT26_TOP_top_tb_DC", "cornername": "Nominal"}
[2026-06-04 11:10:22.884 Z] [INFO] [cadence.virtuoso.ade.simulationMonitor] - Memory Usage - Current physical: 191.8M, Current virtual: 459.3M, Peak physical: 191.8M {"history": "Interactive.131", "point": 1, "testname": "VT26_TOP_top_tb_DC", "cornername": "Nominal"}
[2026-06-04 11:10:22.885 Z] [INFO] [cadence.virtuoso.ade.simulationMonitor] - CPU Usage - 5.8s system + 4.4s user = 10.2s total (64.6% cpu) {"history": "Interactive.131", "point": 1, "testname": "VT26_TOP_top_tb_DC", "cornername": "Nominal"}
[2026-06-04 11:10:22.885 Z] [INFO] [cadence.virtuoso.ade.simulationMonitor] - Total time required for tran analysis `tran': CPU = 58.3719 s, elapsed = 12.2425 s, util. = 477%. {"history": "Interactive.131", "point": 1, "testname": "VT26_TOP_top_tb_DC", "cornername": "Nominal"}
[2026-06-04 11:10:22.886 Z] [INFO] [cadence.virtuoso.ade.simulationMonitor] - Peak resident memory used = 339 Mbytes. {"history": "Interactive.131", "point": 1, "testname": "VT26_TOP_top_tb_DC", "cornername": "Nominal"}
[2026-06-04 11:10:22.886 Z] [WARN] [cadence.virtuoso.ade.simulationMonitor] -     WARNING (CMI-2425): topsy_tb.I0.I1.I0.C0_0_dummy: `Acde' = 2.393 is unusually large. {"history": "Interactive.131", "point": 1, "testname": "VT26_TOP_top_tb_DC", "cornername": "Nominal"}
[2026-06-04 11:10:22.886 Z] [WARN] [cadence.virtuoso.ade.simulationMonitor] -     WARNING (CMI-2425): topsy_tb.I0.I1.I0.C0_0_dummy: `Noff' = 4.732 is unusually large. {"history": "Interactive.131", "point": 1, "testname": "VT26_TOP_top_tb_DC", "cornername": "Nominal"}
[2026-06-04 11:10:22.887 Z] [WARN] [cadence.virtuoso.ade.simulationMonitor] -     WARNING (CMI-2424): topsy_tb.I0.I1.I0.C0_0_dummy: `Voffcv' = -867.4e-03 is unusually small. {"history": "Interactive.131", "point": 1, "testname": "VT26_TOP_top_tb_DC", "cornername": "Nominal"}
[2026-06-04 11:10:22.887 Z] [WARN] [cadence.virtuoso.ade.simulationMonitor] -     WARNING (CMI-2425): topsy_tb.I0.I1.I3.C1_0_dummy: `Acde' = 2.393 is unusually large. {"history": "Interactive.131", "point": 1, "testname": "VT26_TOP_top_tb_DC", "cornername": "Nominal"}
[2026-06-04 11:10:22.887 Z] [WARN] [cadence.virtuoso.ade.simulationMonitor] -     WARNING (CMI-2425): topsy_tb.I0.I1.I3.C1_0_dummy: `Noff' = 4.732 is unusually large. {"history": "Interactive.131", "point": 1, "testname": "VT26_TOP_top_tb_DC", "cornername": "Nominal"}
[2026-06-04 11:10:22.888 Z] [WARN] [cadence.virtuoso.ade.simulationMonitor] -     WARNING (CMI-2424): topsy_tb.I0.I1.I3.C1_0_dummy: `Voffcv' = -867.4e-03 is unusually small. {"history": "Interactive.131", "point": 1, "testname": "VT26_TOP_top_tb_DC", "cornername": "Nominal"}
[2026-06-04 11:10:22.888 Z] [WARN] [cadence.virtuoso.ade.simulationMonitor] -     WARNING (CMI-2425): topsy_tb.I0.I1.I4.C1_0_dummy: `Acde' = 2.393 is unusually large. {"history": "Interactive.131", "point": 1, "testname": "VT26_TOP_top_tb_DC", "cornername": "Nominal"}
[2026-06-04 11:10:22.889 Z] [WARN] [cadence.virtuoso.ade.simulationMonitor] -     WARNING (CMI-2424): topsy_tb.I0.I1.I4.C1_0_dummy: `Voffcv' = -867.4e-03 is unusually small. {"history": "Interactive.131", "point": 1, "testname": "VT26_TOP_top_tb_DC", "cornername": "Nominal"}
[2026-06-04 11:10:22.889 Z] [WARN] [cadence.virtuoso.ade.simulationMonitor] -     WARNING (CMI-2424): topsy_tb.I0.I19.I0.C1_0_dummy: `Voffcv' = -867.4e-03 is unusually small. {"history": "Interactive.131", "point": 1, "testname": "VT26_TOP_top_tb_DC", "cornername": "Nominal"}
[2026-06-04 11:10:22.889 Z] [INFO] [cadence.virtuoso.ade.simulationMonitor] - Notice from spectre.
    3 warnings suppressed. {"history": "Interactive.131", "point": 1, "testname": "VT26_TOP_top_tb_DC", "cornername": "Nominal"}
[2026-06-04 11:10:22.890 Z] [INFO] [cadence.virtuoso.ade.simulationMonitor] - Time used: CPU = 59.6 s, elapsed = 13.8 s, util. = 432%. {"history": "Interactive.131", "point": 1, "testname": "VT26_TOP_top_tb_DC", "cornername": "Nominal"}
[2026-06-04 11:10:22.890 Z] [INFO] [cadence.virtuoso.ade.simulationMonitor] - Time spent in licensing: elapsed = 80.4 ms. {"history": "Interactive.131", "point": 1, "testname": "VT26_TOP_top_tb_DC", "cornername": "Nominal"}
[2026-06-04 11:10:22.891 Z] [INFO] [cadence.virtuoso.ade.simulationMonitor] - Peak memory used = 337 Mbytes. {"history": "Interactive.131", "point": 1, "testname": "VT26_TOP_top_tb_DC", "cornername": "Nominal"}
[2026-06-04 11:10:22.891 Z] [PROCESS] [cadence.virtuoso.ade.simulationMonitor] - Simulation started at: 11:10:08 AM, Thur Jun 4, 2026, ended at: 11:10:22 AM, Thur Jun 4, 2026, with elapsed time (wall clock): 13.8 s. {"history": "Interactive.131", "point": 1, "testname": "VT26_TOP_top_tb_DC", "cornername": "Nominal"}
[2026-06-04 11:10:22.891 Z] [PROCESS] [cadence.virtuoso.ade.simulationMonitor] - spectre completes with 0 errors, 66 warnings, and 23 notices. {"history": "Interactive.131", "point": 1, "testname": "VT26_TOP_top_tb_DC", "cornername": "Nominal"}
[2026-06-04 11:10:22.892 Z] [INFO] [cadence.virtuoso.ade.simulationMonitor] - xmsim: Memory Usage - Final: 182.6M, Peak: 192.3M, Peak virtual: 519.8M {"history": "Interactive.131", "point": 1, "testname": "VT26_TOP_top_tb_DC", "cornername": "Nominal"}
[2026-06-04 11:10:22.892 Z] [INFO] [cadence.virtuoso.ade.simulationMonitor] - xmsim: CPU Usage - 11.3s system + 59.5s user = 70.8s total (16.0s, 100.0% cpu) {"history": "Interactive.131", "point": 1, "testname": "VT26_TOP_top_tb_DC", "cornername": "Nominal"}
[2026-06-04 11:10:22.893 Z] [PROCESS] [cadence.virtuoso.ade.simulationMonitor] - Finished simulating for one point {"hostname": "edatools", "processid": 754635, "history": "Interactive.131", "testname": "VT26_TOP_top_tb_DC", "cornername": "Nominal", "point": 1, "logfile": "/home/saul/projects/IL2244_VT26_SAUL/logs_saul/logs0/Job22.log", "simid": "1"}
[2026-06-04 11:10:22.893 Z] [PROCESS] [cadence.virtuoso.ade.simulationMonitor] - Simulator exited {"hostname": "edatools", "processid": 754635, "history": "Interactive.131", "testname": "VT26_TOP_top_tb_DC", "cornername": "Nominal", "point": 1, "logfile": "/home/saul/projects/IL2244_VT26_SAUL/logs_saul/logs0/Job22.log", "exitStatus": "0"}
[2026-06-04 11:10:22.894 Z] [PROCESS] [cadence.virtuoso.ade.simulationMonitor] - Finished Simulation {"hostname": "edatools", "processid": 754635, "history": "Interactive.131", "testname": "VT26_TOP_top_tb_DC", "cornername": "Nominal", "point": 1, "logfile": "/home/saul/projects/IL2244_VT26_SAUL/logs_saul/logs0/Job22.log", "simid": "1"}
[2026-06-04 11:10:24.401 Z] [PROCESS] [cadence.virtuoso.ade.simulationMonitor] - Point Finished {"hostname": "edatools", "processid": 754635, "history": "Interactive.131", "testname": "VT26_TOP_top_tb_DC", "cornername": "Nominal", "point": 1, "logfile": "/home/saul/projects/IL2244_VT26_SAUL/logs_saul/logs0/Job22.log"}
[2026-06-04 11:15:25.031 Z] [PROCESS] [cadence.virtuoso.ade.simulationMonitor] - Current memory used: 52.3359 MBytes, peak memory used: 52.3359 MBytes {"hostname": "edatools", "processid": 754635, "history": "Interactive.131", "testname": "VT26_TOP_top_tb_DC", "cornername": "Nominal", "point": 1, "logfile": "/home/saul/projects/IL2244_VT26_SAUL/logs_saul/logs0/Job22.log"}
[2026-06-04 11:15:25.032 Z] [PROCESS] [cadence.virtuoso.ade.simulationMonitor] - Simulation Monitor process exit. {"hostname": "edatools", "processid": 754635, "history": "Interactive.131", "testname": "VT26_TOP_top_tb_DC", "cornername": "Nominal", "point": 1, "logfile": "/home/saul/projects/IL2244_VT26_SAUL/logs_saul/logs0/Job22.log"}
