[Simulation Monitor: 3]
[2026-06-10 19:19:09.681 Z] [PROCESS] [cadence.virtuoso.ade.simulationMonitor] - Simulation Monitor has successfully started up. Trying to set up communication channels to other components ... {"hostname": "edatools", "processid": 1289895, "logfile": "/home/saul/projects/IL2244_VT26_SAUL/logs_saul/logs0/Job3.log"}
[2026-06-10 19:19:09.682 Z] [PROCESS] [cadence.virtuoso.ade.simulationMonitor] - Communication channels have been successfully set up. Start processing events ... {"hostname": "edatools", "processid": 1289895, "logfile": "/home/saul/projects/IL2244_VT26_SAUL/logs_saul/logs0/Job3.log"}
[2026-06-10 19:19:09.682 Z] [PROCESS] [cadence.virtuoso.ade.simulationMonitor] - Considering to start history {"hostname": "edatools", "processid": 1289895, "history": "Interactive.182", "logfile": "/home/saul/projects/IL2244_VT26_SAUL/logs_saul/logs0/Job3.log"}
[2026-06-10 19:19:09.683 Z] [PROCESS] [cadence.virtuoso.ade.simulationMonitor] - Started History {"hostname": "edatools", "processid": 1289895, "history": "Interactive.188", "logfile": "/home/saul/projects/IL2244_VT26_SAUL/logs_saul/logs0/Job3.log"}
[2026-06-10 19:19:09.683 Z] [PROCESS] [cadence.virtuoso.ade.simulationMonitor] - HostInfo:
Host name (type):	edatools (x86_64)
Operating system:	Linux 6.17.0-29-generic #29~24.04.1-Ubuntu SMP PREEMPT_DYNAMIC Mon May 11 10:30:58 UTC 2 {"hostname": "edatools", "processid": 1289895, "history": "Interactive.188", "logfile": "/home/saul/projects/IL2244_VT26_SAUL/logs_saul/logs0/Job3.log", "nodename": "edatools", "domainname": "(none)", "machine": "x86_64", "sysname": "Linux", "release": "6.17.0-29-generic", "version": "#29~24.04.1-Ubuntu SMP PREEMPT_DYNAMIC Mon May 11 10:30:58 UTC 2"}
[2026-06-10 19:19:09.683 Z] [PROCESS] [cadence.virtuoso.ade.simulationMonitor] - UsageInfo:
pid=1289895
totalPhysicalMemory=62.544979GB,Used=55.227673GB,totalVirtualMemory=70.544975GB,Used=55.227673GB
Cpu: Cores=16, Load average:0.450000,1.170000,1.340000 {"hostname": "edatools", "processid": 1289895, "history": "Interactive.188", "logfile": "/home/saul/projects/IL2244_VT26_SAUL/logs_saul/logs0/Job3.log", "pid": "1289895", "totalPhysicalMemory": "62.544979", "physicalMemoryUsed": "55.227673", "totalVirtualMemory": "70.544975", "virtualMemoryUsed": "55.227673", "cpuCores": "16", "processes": "1898", "loadAverage1": "0.450000", "loadAverage5": "1.170000", "loadAverage15": "1.340000", "loadAverage1Percent": "0.028125"}
[2026-06-10 19:19:09.683 Z] [EVENT] [cadence.virtuoso.ade.simulationMonitor] - NewPoint {"history": "Interactive.188", "point": 1, "testname": "VT26_TOP_top_tb_DC", "cornername": "Nominal", "event": "NewPoint", "EventSource": "Simulation Monitor", "HistoryName": "Interactive.188", "logFile": "/home/saul/projects/IL2244_VT26_SAUL/logs_saul/logs0/Job3.log", "logFileSize": "2452"}
[2026-06-10 19:19:09.784 Z] [EVENT] [cadence.virtuoso.ade.simulationMonitor] - NewPoint {"history": "Interactive.188", "point": 1, "testname": "VT26_TOP_top_tb_DC", "cornername": "Nominal", "event": "NewPoint", "EventSource": "ams", "HistoryName": "Interactive.188", "logFile": "/home/saul/projects/IL2244_VT26_SAUL/Sim/VT26_TOP/topsyh_tb/maestro/results/maestro/Interactive.188/1/VT26_TOP_top_tb_DC/psf/xrun.log", "logFileSize": "-1"}
[2026-06-10 19:19:09.798 Z] [PROCESS] [cadence.virtuoso.ade.simulationMonitor] - Simulator launched {"hostname": "edatools", "processid": 1289895, "history": "Interactive.188", "testname": "VT26_TOP_top_tb_DC", "cornername": "Nominal", "point": 1, "logfile": "/home/saul/projects/IL2244_VT26_SAUL/logs_saul/logs0/Job3.log", "simid": "1"}
[2026-06-10 19:19:09.802 Z] [PROCESS] [cadence.virtuoso.ade.simulationMonitor] - Expression evaluator launched {"hostname": "edatools", "processid": 1289895, "history": "Interactive.188", "testname": "VT26_TOP_top_tb_DC", "cornername": "Nominal", "point": 1, "logfile": "/home/saul/projects/IL2244_VT26_SAUL/logs_saul/logs0/Job3.log"}
[2026-06-10 19:19:09.824 Z] [PROCESS] [cadence.virtuoso.ade.simulationMonitor] - Started Simulation {"hostname": "edatools", "processid": 1289895, "history": "Interactive.188", "testname": "VT26_TOP_top_tb_DC", "cornername": "Nominal", "point": 1, "logfile": "/home/saul/projects/IL2244_VT26_SAUL/logs_saul/logs0/Job3.log", "event": "started", "task": "simulation"}
[2026-06-10 19:19:27.868 Z] [INFO] [cadence.virtuoso.ade.simulationMonitor] - Notice from spectre during circuit read-in.
    Pre_Configuration file used: /opt/tools/cadence/installs/SPECTRE241/tools.lnx86/spectre/etc/configs/preset.precfg
    Configuration file used: `/opt/tools/cadence/installs/SPECTRE241/tools.lnx86/spectre/etc/configs/preset.cfg'.
    Configuration file used: `/opt/tools/cadence/installs/SPECTRE241/tools.lnx86/spectre/etc/configs/ams.cfg'. {"history": "Interactive.188", "point": 1, "testname": "VT26_TOP_top_tb_DC", "cornername": "Nominal"}
[2026-06-10 19:19:27.868 Z] [WARN] [cadence.virtuoso.ade.simulationMonitor] -     WARNING (VACOMP-2435): The environment variable CDS_AHDLCMI_ENABLE is no longer supported. Therefore, the simulator will use the default compiled C code flow. {"history": "Interactive.188", "point": 1, "testname": "VT26_TOP_top_tb_DC", "cornername": "Nominal"}
[2026-06-10 19:19:29.383 Z] [INFO] [cadence.virtuoso.ade.simulationMonitor] - Peak resident memory used = 552 Mbytes. {"history": "Interactive.188", "point": 1, "testname": "VT26_TOP_top_tb_DC", "cornername": "Nominal"}
[2026-06-10 19:19:31.383 Z] [WARN] [cadence.virtuoso.ade.simulationMonitor] -     WARNING (SFE-3029): The dummy capacitor topsyh_tb.I0.I3|I19|RLIB_GC1.CS1 is removed. {"history": "Interactive.188", "point": 1, "testname": "VT26_TOP_top_tb_DC", "cornername": "Nominal"}
[2026-06-10 19:19:31.383 Z] [WARN] [cadence.virtuoso.ade.simulationMonitor] -     WARNING (SFE-3012): The dummy device topsyh_tb.I0.I4|I25|I33|MN22(1) is removed. {"history": "Interactive.188", "point": 1, "testname": "VT26_TOP_top_tb_DC", "cornername": "Nominal"}
[2026-06-10 19:19:31.384 Z] [WARN] [cadence.virtuoso.ade.simulationMonitor] -     WARNING (SFE-3029): The dummy capacitor topsyh_tb.I0.I1|I0|R3.CS0 is removed. {"history": "Interactive.188", "point": 1, "testname": "VT26_TOP_top_tb_DC", "cornername": "Nominal"}
[2026-06-10 19:19:31.384 Z] [WARN] [cadence.virtuoso.ade.simulationMonitor] -     WARNING (SFE-3029): The dummy capacitor topsyh_tb.I0.I4|I25|R1.CS0 is removed. {"history": "Interactive.188", "point": 1, "testname": "VT26_TOP_top_tb_DC", "cornername": "Nominal"}
[2026-06-10 19:19:31.384 Z] [WARN] [cadence.virtuoso.ade.simulationMonitor] -     WARNING (SFE-3029): The dummy capacitor topsyh_tb.I0.I1|I4|R31.CS0 is removed. {"history": "Interactive.188", "point": 1, "testname": "VT26_TOP_top_tb_DC", "cornername": "Nominal"}
[2026-06-10 19:19:31.384 Z] [WARN] [cadence.virtuoso.ade.simulationMonitor] -     WARNING (SFE-3029): The dummy capacitor topsyh_tb.I0.I4|I25|R1.CS1 is removed.
        Further occurrences of this warning will be suppressed. {"history": "Interactive.188", "point": 1, "testname": "VT26_TOP_top_tb_DC", "cornername": "Nominal"}
[2026-06-10 19:19:31.384 Z] [WARN] [cadence.virtuoso.ade.simulationMonitor] -     WARNING (SFE-3030): The dangling capacitor topsyh_tb.I0.c13802 is removed. {"history": "Interactive.188", "point": 1, "testname": "VT26_TOP_top_tb_DC", "cornername": "Nominal"}
[2026-06-10 19:19:31.384 Z] [WARN] [cadence.virtuoso.ade.simulationMonitor] -     WARNING (SFE-3026): The shorted/dummy resistor topsyh_tb.I0.I3|I46|R2_4__rcx is removed. {"history": "Interactive.188", "point": 1, "testname": "VT26_TOP_top_tb_DC", "cornername": "Nominal"}
[2026-06-10 19:19:31.384 Z] [WARN] [cadence.virtuoso.ade.simulationMonitor] -     WARNING (SFE-3026): The shorted/dummy resistor topsyh_tb.I0.I3|I46|R2_1__rcx is removed. {"history": "Interactive.188", "point": 1, "testname": "VT26_TOP_top_tb_DC", "cornername": "Nominal"}
[2026-06-10 19:19:31.384 Z] [WARN] [cadence.virtuoso.ade.simulationMonitor] -     WARNING (SFE-3012): The dummy device topsyh_tb.I0.I1|I2|Q3(30)_turbo_m63 is removed. {"history": "Interactive.188", "point": 1, "testname": "VT26_TOP_top_tb_DC", "cornername": "Nominal"}
[2026-06-10 19:19:31.384 Z] [WARN] [cadence.virtuoso.ade.simulationMonitor] -     WARNING (SFE-3013): The dangling device topsyh_tb.I0.I3|I6|avD41_3_turbo_m10.I4 is removed. {"history": "Interactive.188", "point": 1, "testname": "VT26_TOP_top_tb_DC", "cornername": "Nominal"}
[2026-06-10 19:19:31.384 Z] [WARN] [cadence.virtuoso.ade.simulationMonitor] -     WARNING (SFE-3012): The dummy device topsyh_tb.I0.I29|I15|Q6(23)_turbo_m24 is removed. {"history": "Interactive.188", "point": 1, "testname": "VT26_TOP_top_tb_DC", "cornername": "Nominal"}
[2026-06-10 19:19:31.384 Z] [WARN] [cadence.virtuoso.ade.simulationMonitor] -     WARNING (SFE-3026): The shorted/dummy resistor topsyh_tb.I0.I3|I46|R2_3__rcx is removed. {"history": "Interactive.188", "point": 1, "testname": "VT26_TOP_top_tb_DC", "cornername": "Nominal"}
[2026-06-10 19:19:31.385 Z] [WARN] [cadence.virtuoso.ade.simulationMonitor] -     WARNING (SFE-3012): The dummy device topsyh_tb.I0.I2|I2|MP31(3)_turbo_m4 is removed. {"history": "Interactive.188", "point": 1, "testname": "VT26_TOP_top_tb_DC", "cornername": "Nominal"}
[2026-06-10 19:19:31.385 Z] [WARN] [cadence.virtuoso.ade.simulationMonitor] -     WARNING (SFE-3026): The shorted/dummy resistor topsyh_tb.I0.I3|I46|R2_2__rcx is removed. {"history": "Interactive.188", "point": 1, "testname": "VT26_TOP_top_tb_DC", "cornername": "Nominal"}
[2026-06-10 19:19:31.385 Z] [WARN] [cadence.virtuoso.ade.simulationMonitor] -     WARNING (SFE-3012): The dummy device topsyh_tb.I0.I29|I15|MN31(3)_turbo_m4 is removed.
        Further occurrences of this warning will be suppressed. {"history": "Interactive.188", "point": 1, "testname": "VT26_TOP_top_tb_DC", "cornername": "Nominal"}
[2026-06-10 19:19:31.385 Z] [WARN] [cadence.virtuoso.ade.simulationMonitor] -     WARNING (SFE-3026): The shorted/dummy resistor topsyh_tb.I0.I3|I46|R2_6__rcx is removed.
        Further occurrences of this warning will be suppressed. {"history": "Interactive.188", "point": 1, "testname": "VT26_TOP_top_tb_DC", "cornername": "Nominal"}
[2026-06-10 19:19:31.385 Z] [WARN] [cadence.virtuoso.ade.simulationMonitor] -     WARNING (SFE-3015): The dangling node topsyh_tb.I0.avC121 is removed. {"history": "Interactive.188", "point": 1, "testname": "VT26_TOP_top_tb_DC", "cornername": "Nominal"}
[2026-06-10 19:19:31.385 Z] [WARN] [cadence.virtuoso.ade.simulationMonitor] -     WARNING (SFE-3016): The floating node vdd3r1! is removed. {"history": "Interactive.188", "point": 1, "testname": "VT26_TOP_top_tb_DC", "cornername": "Nominal"}
[2026-06-10 19:19:31.385 Z] [WARN] [cadence.virtuoso.ade.simulationMonitor] -     WARNING (SFE-3016): The floating node vdd3r2! is removed. {"history": "Interactive.188", "point": 1, "testname": "VT26_TOP_top_tb_DC", "cornername": "Nominal"}
[2026-06-10 19:19:31.385 Z] [WARN] [cadence.virtuoso.ade.simulationMonitor] -     WARNING (SFE-3015): The dangling node topsyh_tb.I0.1163\:vdd3o! is removed. {"history": "Interactive.188", "point": 1, "testname": "VT26_TOP_top_tb_DC", "cornername": "Nominal"}
[2026-06-10 19:19:31.385 Z] [INFO] [cadence.virtuoso.ade.simulationMonitor] - Notice from spectre during hierarchy flattening.
    The value 'psf' specified for the 'checklimitdest' option will no longer be supported in future releases. Use 'spectre -h' to see other recommended values for the 'checklimitdest' option. {"history": "Interactive.188", "point": 1, "testname": "VT26_TOP_top_tb_DC", "cornername": "Nominal"}
[2026-06-10 19:19:31.885 Z] [INFO] [cadence.virtuoso.ade.simulationMonitor] - Peak resident memory used = 741 Mbytes. {"history": "Interactive.188", "point": 1, "testname": "VT26_TOP_top_tb_DC", "cornername": "Nominal"}
[2026-06-10 19:19:31.886 Z] [INFO] [cadence.virtuoso.ade.simulationMonitor] - Notice from spectre during hierarchy flattening.
    The value 'psf' specified for the 'checklimitdest' option will no longer be supported in future releases. Use 'spectre -h' to see other recommended values for the 'checklimitdest' option. {"history": "Interactive.188", "point": 1, "testname": "VT26_TOP_top_tb_DC", "cornername": "Nominal"}
[2026-06-10 19:19:31.886 Z] [INFO] [cadence.virtuoso.ade.simulationMonitor] - Peak resident memory used = 782 Mbytes. {"history": "Interactive.188", "point": 1, "testname": "VT26_TOP_top_tb_DC", "cornername": "Nominal"}
[2026-06-10 19:19:31.886 Z] [WARN] [cadence.virtuoso.ade.simulationMonitor] -     WARNING (CMI-2425): topsyh_tb.I0.I1|I4|C1(0)_turbo_m11: `Acde' = 2.393 is unusually large. {"history": "Interactive.188", "point": 1, "testname": "VT26_TOP_top_tb_DC", "cornername": "Nominal"}
[2026-06-10 19:19:31.886 Z] [WARN] [cadence.virtuoso.ade.simulationMonitor] -     WARNING (CMI-2425): topsyh_tb.I0.I1|I4|C1(0)_turbo_m11: `Noff' = 4.732 is unusually large. {"history": "Interactive.188", "point": 1, "testname": "VT26_TOP_top_tb_DC", "cornername": "Nominal"}
[2026-06-10 19:19:31.886 Z] [WARN] [cadence.virtuoso.ade.simulationMonitor] -     WARNING (CMI-2424): topsyh_tb.I0.I1|I4|C1(0)_turbo_m11: `Voffcv' = -867.4e-03 is unusually small. {"history": "Interactive.188", "point": 1, "testname": "VT26_TOP_top_tb_DC", "cornername": "Nominal"}
[2026-06-10 19:19:31.886 Z] [WARN] [cadence.virtuoso.ade.simulationMonitor] -     WARNING (CMI-2425): topsyh_tb.I0.I1|I0|C0(0)_turbo_m6: `Acde' = 2.393 is unusually large. {"history": "Interactive.188", "point": 1, "testname": "VT26_TOP_top_tb_DC", "cornername": "Nominal"}
[2026-06-10 19:19:31.887 Z] [WARN] [cadence.virtuoso.ade.simulationMonitor] -     WARNING (CMI-2425): topsyh_tb.I0.I1|I0|C0(0)_turbo_m6: `Noff' = 4.732 is unusually large. {"history": "Interactive.188", "point": 1, "testname": "VT26_TOP_top_tb_DC", "cornername": "Nominal"}
[2026-06-10 19:19:31.887 Z] [WARN] [cadence.virtuoso.ade.simulationMonitor] -     WARNING (CMI-2424): topsyh_tb.I0.I1|I0|C0(0)_turbo_m6: `Voffcv' = -867.4e-03 is unusually small. {"history": "Interactive.188", "point": 1, "testname": "VT26_TOP_top_tb_DC", "cornername": "Nominal"}
[2026-06-10 19:19:31.887 Z] [WARN] [cadence.virtuoso.ade.simulationMonitor] -     WARNING (CMI-2425): topsyh_tb.I0.I1|I3|C1(0)_turbo_m6: `Acde' = 2.393 is unusually large.
        Further occurrences of this warning will be suppressed. {"history": "Interactive.188", "point": 1, "testname": "VT26_TOP_top_tb_DC", "cornername": "Nominal"}
[2026-06-10 19:19:31.887 Z] [WARN] [cadence.virtuoso.ade.simulationMonitor] -     WARNING (CMI-2424): topsyh_tb.I0.I1|I3|C1(0)_turbo_m6: `Voffcv' = -867.4e-03 is unusually small. {"history": "Interactive.188", "point": 1, "testname": "VT26_TOP_top_tb_DC", "cornername": "Nominal"}
[2026-06-10 19:19:33.887 Z] [WARN] [cadence.virtuoso.ade.simulationMonitor] -     WARNING (SPECTRE-17607): Assert `SOAC_vert10_vsubpsub' is ignored because it contains an expression which is invalid or not supported by native evaluator.  {"history": "Interactive.188", "point": 1, "testname": "VT26_TOP_top_tb_DC", "cornername": "Nominal"}
[2026-06-10 19:19:33.888 Z] [WARN] [cadence.virtuoso.ade.simulationMonitor] -     WARNING (SPECTRE-17607): Assert `SOAC_vert10_vcsub' is ignored because it contains an expression which is invalid or not supported by native evaluator.  {"history": "Interactive.188", "point": 1, "testname": "VT26_TOP_top_tb_DC", "cornername": "Nominal"}
[2026-06-10 19:19:33.888 Z] [WARN] [cadence.virtuoso.ade.simulationMonitor] -     WARNING (SPECTRE-17607): Assert `SOAC_rpolyh_vminuspsub' is ignored because it contains an expression which is invalid or not supported by native evaluator.  {"history": "Interactive.188", "point": 1, "testname": "VT26_TOP_top_tb_DC", "cornername": "Nominal"}
[2026-06-10 19:19:33.888 Z] [WARN] [cadence.virtuoso.ade.simulationMonitor] -     WARNING (SPECTRE-17607): Assert `SOAC_rpolyh_vpluspsub' is ignored because it contains an expression which is invalid or not supported by native evaluator.  {"history": "Interactive.188", "point": 1, "testname": "VT26_TOP_top_tb_DC", "cornername": "Nominal"}
[2026-06-10 19:19:33.888 Z] [WARN] [cadence.virtuoso.ade.simulationMonitor] -     WARNING (SPECTRE-17607): Assert `SOAC_rpoly2_vminuspsub' is ignored because it contains an expression which is invalid or not supported by native evaluator. 
        Further occurrences of this warning will be suppressed. {"history": "Interactive.188", "point": 1, "testname": "VT26_TOP_top_tb_DC", "cornername": "Nominal"}
[2026-06-10 19:19:33.888 Z] [WARN] [cadence.virtuoso.ade.simulationMonitor] -     WARNING (SPECTRE-16460): SOAC_cvarm_vspsub:Specified subcircuit master `cvarm' was not found. {"history": "Interactive.188", "point": 1, "testname": "VT26_TOP_top_tb_DC", "cornername": "Nominal"}
[2026-06-10 19:19:33.888 Z] [WARN] [cadence.virtuoso.ade.simulationMonitor] -     WARNING (SPECTRE-16462): SOAC_cvarm_vspsub:Error in specification of subcircuit master. Assert is ignored. {"history": "Interactive.188", "point": 1, "testname": "VT26_TOP_top_tb_DC", "cornername": "Nominal"}
[2026-06-10 19:19:33.889 Z] [WARN] [cadence.virtuoso.ade.simulationMonitor] -     WARNING (SPECTRE-16460): SOAC_cvarm_vbs:Specified subcircuit master `cvarm' was not found. {"history": "Interactive.188", "point": 1, "testname": "VT26_TOP_top_tb_DC", "cornername": "Nominal"}
[2026-06-10 19:19:33.889 Z] [WARN] [cadence.virtuoso.ade.simulationMonitor] -     WARNING (SPECTRE-16462): SOAC_cvarm_vbs:Error in specification of subcircuit master. Assert is ignored. {"history": "Interactive.188", "point": 1, "testname": "VT26_TOP_top_tb_DC", "cornername": "Nominal"}
[2026-06-10 19:19:33.889 Z] [WARN] [cadence.virtuoso.ade.simulationMonitor] -     WARNING (SPECTRE-16460): SOAC_cvarm_vgb:Specified subcircuit master `cvarm' was not found. {"history": "Interactive.188", "point": 1, "testname": "VT26_TOP_top_tb_DC", "cornername": "Nominal"}
[2026-06-10 19:19:33.889 Z] [WARN] [cadence.virtuoso.ade.simulationMonitor] -     WARNING (SPECTRE-16462): SOAC_cvarm_vgb:Error in specification of subcircuit master. Assert is ignored. {"history": "Interactive.188", "point": 1, "testname": "VT26_TOP_top_tb_DC", "cornername": "Nominal"}
[2026-06-10 19:19:33.889 Z] [WARN] [cadence.virtuoso.ade.simulationMonitor] -     WARNING (SPECTRE-16460): SOAC_cvart_vspsub:Specified subcircuit master `cvart' was not found. {"history": "Interactive.188", "point": 1, "testname": "VT26_TOP_top_tb_DC", "cornername": "Nominal"}
[2026-06-10 19:19:33.889 Z] [WARN] [cadence.virtuoso.ade.simulationMonitor] -     WARNING (SPECTRE-16462): SOAC_cvart_vspsub:Error in specification of subcircuit master. Assert is ignored. {"history": "Interactive.188", "point": 1, "testname": "VT26_TOP_top_tb_DC", "cornername": "Nominal"}
[2026-06-10 19:19:33.889 Z] [WARN] [cadence.virtuoso.ade.simulationMonitor] -     WARNING (SPECTRE-16460): SOAC_cvart_vbs:Specified subcircuit master `cvart' was not found.
        Further occurrences of this warning will be suppressed. {"history": "Interactive.188", "point": 1, "testname": "VT26_TOP_top_tb_DC", "cornername": "Nominal"}
[2026-06-10 19:19:33.889 Z] [WARN] [cadence.virtuoso.ade.simulationMonitor] -     WARNING (SPECTRE-16462): SOAC_cvart_vbs:Error in specification of subcircuit master. Assert is ignored.
        Further occurrences of this warning will be suppressed. {"history": "Interactive.188", "point": 1, "testname": "VT26_TOP_top_tb_DC", "cornername": "Nominal"}
[2026-06-10 19:19:34.402 Z] [WARN] [cadence.virtuoso.ade.simulationMonitor] -     WARNING (SPECTRE-294): The number of signals saved (117415) is too high and may slow down the initialization process. Remove the unnecessary signals to speed up the initialization. {"history": "Interactive.188", "point": 1, "testname": "VT26_TOP_top_tb_DC", "cornername": "Nominal"}
[2026-06-10 19:19:34.402 Z] [WARN] [cadence.virtuoso.ade.simulationMonitor] -     WARNING (SPECTRE-294): The number of signals saved (117415) is too high and may slow down the initialization process. Remove the unnecessary signals to speed up the initialization. {"history": "Interactive.188", "point": 1, "testname": "VT26_TOP_top_tb_DC", "cornername": "Nominal"}
[2026-06-10 19:19:34.402 Z] [INFO] [cadence.virtuoso.ade.simulationMonitor] - Notice from spectre during topology check.
    Only one connection to the following 27 nodes:
        vdd3rAS!
        vdd3rA!
        vdd3r!
        vdd3oAS!
        vdd3oA!
        Further occurrences of this notice will be suppressed.
    No DC path from node `topsyh_tb.I0.I3|I43|RLIB_GC1.net9' to ground, Gmin installed to provide path.
    No DC path from node `topsyh_tb.I0.I3|I46|RLIB_GC1.net9' to ground, Gmin installed to provide path.
    No DC path from node `topsyh_tb.I0.I19|I27|R19.net9' to groun... {"history": "Interactive.188", "point": 1, "testname": "VT26_TOP_top_tb_DC", "cornername": "Nominal"}
[2026-06-10 19:19:35.903 Z] [WARN] [cadence.virtuoso.ade.simulationMonitor] -     WARNING (SPECTRE-592): Following parameters are disabled because they are ignored or redefined in Spectre X:
        Option Parameters:
          iabstol
          reltol
          vabstol
        Tran Parameters:
          errpreset
          maxiters
         {"history": "Interactive.188", "point": 1, "testname": "VT26_TOP_top_tb_DC", "cornername": "Nominal"}
[2026-06-10 19:19:35.903 Z] [INFO] [cadence.virtuoso.ade.simulationMonitor] -               nodes 25797 {"history": "Interactive.188", "point": 1, "testname": "VT26_TOP_top_tb_DC", "cornername": "Nominal"}
[2026-06-10 19:19:35.903 Z] [INFO] [cadence.virtuoso.ade.simulationMonitor] - Notice from spectre during initial setup.
    2 resistors are shorted because their absolute value is less than or equal to 'rabsshort'.
    Spectre X preset=vx enabled.
    6 notices suppressed.
    31 warnings suppressed. {"history": "Interactive.188", "point": 1, "testname": "VT26_TOP_top_tb_DC", "cornername": "Nominal"}
[2026-06-10 19:19:35.904 Z] [INFO] [cadence.virtuoso.ade.simulationMonitor] - Notice from spectre.
    Multithreading enabled: 8 threads in the system with 16 available processors. {"history": "Interactive.188", "point": 1, "testname": "VT26_TOP_top_tb_DC", "cornername": "Nominal"}
[2026-06-10 19:19:35.904 Z] [INFO] [cadence.virtuoso.ade.simulationMonitor] - Peak resident memory used = 924 Mbytes. {"history": "Interactive.188", "point": 1, "testname": "VT26_TOP_top_tb_DC", "cornername": "Nominal"}
[2026-06-10 19:19:35.904 Z] [INFO] [cadence.virtuoso.ade.simulationMonitor] -    -   (Spectre X) Multi-threading. The recommended number of threads is [8, 16], consider adding +mt=8 or +mt=16 on command line. {"history": "Interactive.188", "point": 1, "testname": "VT26_TOP_top_tb_DC", "cornername": "Nominal"}
[2026-06-10 19:19:35.904 Z] [INFO] [cadence.virtuoso.ade.simulationMonitor] - Notice from spectre during transient analysis `tran'.
    No checklimit analysis defined for asserts. A default checklimit analysis 'SpectreChecklimitAnal' has been created with all asserts enabled. {"history": "Interactive.188", "point": 1, "testname": "VT26_TOP_top_tb_DC", "cornername": "Nominal"}
[2026-06-10 19:19:36.904 Z] [INFO] [cadence.virtuoso.ade.simulationMonitor] - Notice from spectre during IC analysis, during transient analysis `tran'.
    GminDC = 1 pS is large enough to noticeably affect the DC solution.
        dV(topsyh_tb.I0._net2) = -16.8501 mV
        Use the `gmin_check' option to eliminate or expand this report.
    Bad pivoting is found during DC analysis. Option dc_pivot_check=yes is recommended for possible improvement of convergence. {"history": "Interactive.188", "point": 1, "testname": "VT26_TOP_top_tb_DC", "cornername": "Nominal"}
[2026-06-10 19:19:36.904 Z] [INFO] [cadence.virtuoso.ade.simulationMonitor] - Notice from spectre during transient analysis `tran'.
    Output compression for transient analysis is enabled. {"history": "Interactive.188", "point": 1, "testname": "VT26_TOP_top_tb_DC", "cornername": "Nominal"}
[2026-06-10 19:32:23.395 Z] [WARN] [cadence.virtuoso.ade.simulationMonitor] -     WARNING (CMI-2425): topsyh_tb.I0.I1|I3|C1(0)_dummy: `Acde' = 2.393 is unusually large. {"history": "Interactive.188", "point": 1, "testname": "VT26_TOP_top_tb_DC", "cornername": "Nominal"}
[2026-06-10 19:32:23.396 Z] [WARN] [cadence.virtuoso.ade.simulationMonitor] -     WARNING (CMI-2425): topsyh_tb.I0.I1|I3|C1(0)_dummy: `Noff' = 4.732 is unusually large. {"history": "Interactive.188", "point": 1, "testname": "VT26_TOP_top_tb_DC", "cornername": "Nominal"}
[2026-06-10 19:32:23.396 Z] [WARN] [cadence.virtuoso.ade.simulationMonitor] -     WARNING (CMI-2424): topsyh_tb.I0.I1|I3|C1(0)_dummy: `Voffcv' = -867.4e-03 is unusually small. {"history": "Interactive.188", "point": 1, "testname": "VT26_TOP_top_tb_DC", "cornername": "Nominal"}
[2026-06-10 19:32:23.396 Z] [WARN] [cadence.virtuoso.ade.simulationMonitor] -     WARNING (CMI-2425): topsyh_tb.I0.I1|I0|C0(0)_dummy: `Acde' = 2.393 is unusually large. {"history": "Interactive.188", "point": 1, "testname": "VT26_TOP_top_tb_DC", "cornername": "Nominal"}
[2026-06-10 19:32:23.396 Z] [WARN] [cadence.virtuoso.ade.simulationMonitor] -     WARNING (CMI-2425): topsyh_tb.I0.I1|I0|C0(0)_dummy: `Noff' = 4.732 is unusually large. {"history": "Interactive.188", "point": 1, "testname": "VT26_TOP_top_tb_DC", "cornername": "Nominal"}
[2026-06-10 19:32:23.396 Z] [WARN] [cadence.virtuoso.ade.simulationMonitor] -     WARNING (CMI-2424): topsyh_tb.I0.I1|I0|C0(0)_dummy: `Voffcv' = -867.4e-03 is unusually small. {"history": "Interactive.188", "point": 1, "testname": "VT26_TOP_top_tb_DC", "cornername": "Nominal"}
[2026-06-10 19:32:23.396 Z] [WARN] [cadence.virtuoso.ade.simulationMonitor] -     WARNING (CMI-2425): topsyh_tb.I0.I1|I4|C1(0)_dummy: `Acde' = 2.393 is unusually large.
        Further occurrences of this warning will be suppressed. {"history": "Interactive.188", "point": 1, "testname": "VT26_TOP_top_tb_DC", "cornername": "Nominal"}
[2026-06-10 19:32:23.396 Z] [WARN] [cadence.virtuoso.ade.simulationMonitor] -     WARNING (CMI-2424): topsyh_tb.I0.I1|I4|C1(0)_dummy: `Voffcv' = -867.4e-03 is unusually small. {"history": "Interactive.188", "point": 1, "testname": "VT26_TOP_top_tb_DC", "cornername": "Nominal"}
[2026-06-10 19:32:23.396 Z] [INFO] [cadence.virtuoso.ade.simulationMonitor] - Notice from spectre at time = 80 ms during transient analysis `tran'.
    1 warning suppressed. {"history": "Interactive.188", "point": 1, "testname": "VT26_TOP_top_tb_DC", "cornername": "Nominal"}
[2026-06-10 19:32:23.396 Z] [INFO] [cadence.virtuoso.ade.simulationMonitor] - Memory Usage - Current physical: 982.4M, Current virtual: 1243.4M, Peak physical: 982.4M {"history": "Interactive.188", "point": 1, "testname": "VT26_TOP_top_tb_DC", "cornername": "Nominal"}
[2026-06-10 19:32:23.396 Z] [INFO] [cadence.virtuoso.ade.simulationMonitor] - CPU Usage - 327.8s system + 397.5s user = 725.3s total (92.8% cpu) {"history": "Interactive.188", "point": 1, "testname": "VT26_TOP_top_tb_DC", "cornername": "Nominal"}
[2026-06-10 19:32:23.396 Z] [INFO] [cadence.virtuoso.ade.simulationMonitor] - Total time required for tran analysis `tran': CPU = 1.75924 ks (29m  19.2s), elapsed = 767.598 s (12m  47.6s), util. = 229%. {"history": "Interactive.188", "point": 1, "testname": "VT26_TOP_top_tb_DC", "cornername": "Nominal"}
[2026-06-10 19:32:23.396 Z] [INFO] [cadence.virtuoso.ade.simulationMonitor] - Peak resident memory used = 945 Mbytes. {"history": "Interactive.188", "point": 1, "testname": "VT26_TOP_top_tb_DC", "cornername": "Nominal"}
[2026-06-10 19:32:23.396 Z] [WARN] [cadence.virtuoso.ade.simulationMonitor] -     WARNING (CMI-2425): topsyh_tb.I0.I1|I3|C1(0)_dummy: `Acde' = 2.393 is unusually large. {"history": "Interactive.188", "point": 1, "testname": "VT26_TOP_top_tb_DC", "cornername": "Nominal"}
[2026-06-10 19:32:23.397 Z] [WARN] [cadence.virtuoso.ade.simulationMonitor] -     WARNING (CMI-2425): topsyh_tb.I0.I1|I3|C1(0)_dummy: `Noff' = 4.732 is unusually large. {"history": "Interactive.188", "point": 1, "testname": "VT26_TOP_top_tb_DC", "cornername": "Nominal"}
[2026-06-10 19:32:23.397 Z] [WARN] [cadence.virtuoso.ade.simulationMonitor] -     WARNING (CMI-2424): topsyh_tb.I0.I1|I3|C1(0)_dummy: `Voffcv' = -867.4e-03 is unusually small. {"history": "Interactive.188", "point": 1, "testname": "VT26_TOP_top_tb_DC", "cornername": "Nominal"}
[2026-06-10 19:32:23.397 Z] [WARN] [cadence.virtuoso.ade.simulationMonitor] -     WARNING (CMI-2425): topsyh_tb.I0.I1|I0|C0(0)_dummy: `Acde' = 2.393 is unusually large. {"history": "Interactive.188", "point": 1, "testname": "VT26_TOP_top_tb_DC", "cornername": "Nominal"}
[2026-06-10 19:32:23.397 Z] [WARN] [cadence.virtuoso.ade.simulationMonitor] -     WARNING (CMI-2425): topsyh_tb.I0.I1|I0|C0(0)_dummy: `Noff' = 4.732 is unusually large. {"history": "Interactive.188", "point": 1, "testname": "VT26_TOP_top_tb_DC", "cornername": "Nominal"}
[2026-06-10 19:32:23.397 Z] [WARN] [cadence.virtuoso.ade.simulationMonitor] -     WARNING (CMI-2424): topsyh_tb.I0.I1|I0|C0(0)_dummy: `Voffcv' = -867.4e-03 is unusually small. {"history": "Interactive.188", "point": 1, "testname": "VT26_TOP_top_tb_DC", "cornername": "Nominal"}
[2026-06-10 19:32:23.898 Z] [WARN] [cadence.virtuoso.ade.simulationMonitor] -     WARNING (CMI-2425): topsyh_tb.I0.I1|I4|C1(0)_dummy: `Acde' = 2.393 is unusually large.
        Further occurrences of this warning will be suppressed. {"history": "Interactive.188", "point": 1, "testname": "VT26_TOP_top_tb_DC", "cornername": "Nominal"}
[2026-06-10 19:32:23.899 Z] [WARN] [cadence.virtuoso.ade.simulationMonitor] -     WARNING (CMI-2424): topsyh_tb.I0.I1|I4|C1(0)_dummy: `Voffcv' = -867.4e-03 is unusually small. {"history": "Interactive.188", "point": 1, "testname": "VT26_TOP_top_tb_DC", "cornername": "Nominal"}
[2026-06-10 19:32:23.899 Z] [INFO] [cadence.virtuoso.ade.simulationMonitor] - Notice from spectre.
    1 warning suppressed. {"history": "Interactive.188", "point": 1, "testname": "VT26_TOP_top_tb_DC", "cornername": "Nominal"}
[2026-06-10 19:32:23.900 Z] [INFO] [cadence.virtuoso.ade.simulationMonitor] - Time used: CPU = 1.77 ks (29m  27.7s), elapsed = 776 s (12m  56.3s), util. = 228%. {"history": "Interactive.188", "point": 1, "testname": "VT26_TOP_top_tb_DC", "cornername": "Nominal"}
[2026-06-10 19:32:23.900 Z] [INFO] [cadence.virtuoso.ade.simulationMonitor] - Time spent in licensing: elapsed = 81.1 ms. {"history": "Interactive.188", "point": 1, "testname": "VT26_TOP_top_tb_DC", "cornername": "Nominal"}
[2026-06-10 19:32:23.900 Z] [INFO] [cadence.virtuoso.ade.simulationMonitor] - Peak memory used = 943 Mbytes. {"history": "Interactive.188", "point": 1, "testname": "VT26_TOP_top_tb_DC", "cornername": "Nominal"}
[2026-06-10 19:32:23.901 Z] [PROCESS] [cadence.virtuoso.ade.simulationMonitor] - Simulation started at: 7:19:27 PM, Wed Jun 10, 2026, ended at: 7:32:23 PM, Wed Jun 10, 2026, with elapsed time (wall clock): 776 s (12m  56.3s). {"history": "Interactive.188", "point": 1, "testname": "VT26_TOP_top_tb_DC", "cornername": "Nominal"}
[2026-06-10 19:32:23.902 Z] [PROCESS] [cadence.virtuoso.ade.simulationMonitor] - spectre completes with 0 errors, 64 warnings, and 25 notices. {"history": "Interactive.188", "point": 1, "testname": "VT26_TOP_top_tb_DC", "cornername": "Nominal"}
[2026-06-10 19:32:23.902 Z] [INFO] [cadence.virtuoso.ade.simulationMonitor] - xmsim: Memory Usage - Final: 977.9M, Peak: 981.9M, Peak virtual: 1243.4M {"history": "Interactive.188", "point": 1, "testname": "VT26_TOP_top_tb_DC", "cornername": "Nominal"}
[2026-06-10 19:32:23.903 Z] [INFO] [cadence.virtuoso.ade.simulationMonitor] - xmsim: CPU Usage - 520.6s system + 1973.5s user = 2494.1s total (781.8s, 100.0% cpu) {"history": "Interactive.188", "point": 1, "testname": "VT26_TOP_top_tb_DC", "cornername": "Nominal"}
[2026-06-10 19:32:23.903 Z] [PROCESS] [cadence.virtuoso.ade.simulationMonitor] - Finished simulating for one point {"hostname": "edatools", "processid": 1289895, "history": "Interactive.188", "testname": "VT26_TOP_top_tb_DC", "cornername": "Nominal", "point": 1, "logfile": "/home/saul/projects/IL2244_VT26_SAUL/logs_saul/logs0/Job3.log", "simid": "1"}
[2026-06-10 19:32:23.903 Z] [PROCESS] [cadence.virtuoso.ade.simulationMonitor] - Simulator exited {"hostname": "edatools", "processid": 1289895, "history": "Interactive.188", "testname": "VT26_TOP_top_tb_DC", "cornername": "Nominal", "point": 1, "logfile": "/home/saul/projects/IL2244_VT26_SAUL/logs_saul/logs0/Job3.log", "exitStatus": "0"}
[2026-06-10 19:32:23.904 Z] [PROCESS] [cadence.virtuoso.ade.simulationMonitor] - Finished Simulation {"hostname": "edatools", "processid": 1289895, "history": "Interactive.188", "testname": "VT26_TOP_top_tb_DC", "cornername": "Nominal", "point": 1, "logfile": "/home/saul/projects/IL2244_VT26_SAUL/logs_saul/logs0/Job3.log", "simid": "1"}
[2026-06-10 19:32:23.908 Z] [PROCESS] [cadence.virtuoso.ade.simulationMonitor] - Expression evaluator launched {"hostname": "edatools", "processid": 1289895, "history": "Interactive.188", "testname": "VT26_TOP_top_tb_DC", "cornername": "Nominal", "point": 1, "logfile": "/home/saul/projects/IL2244_VT26_SAUL/logs_saul/logs0/Job3.log"}
[2026-06-10 19:32:34.920 Z] [PROCESS] [cadence.virtuoso.ade.simulationMonitor] - Point Finished {"hostname": "edatools", "processid": 1289895, "history": "Interactive.188", "testname": "VT26_TOP_top_tb_DC", "cornername": "Nominal", "point": 1, "logfile": "/home/saul/projects/IL2244_VT26_SAUL/logs_saul/logs0/Job3.log"}
[2026-06-10 19:37:36.616 Z] [PROCESS] [cadence.virtuoso.ade.simulationMonitor] - Current memory used: 52.3359 MBytes, peak memory used: 52.3359 MBytes {"hostname": "edatools", "processid": 1289895, "history": "Interactive.188", "testname": "VT26_TOP_top_tb_DC", "cornername": "Nominal", "point": 1, "logfile": "/home/saul/projects/IL2244_VT26_SAUL/logs_saul/logs0/Job3.log"}
[2026-06-10 19:37:36.617 Z] [PROCESS] [cadence.virtuoso.ade.simulationMonitor] - Simulation Monitor process exit. {"hostname": "edatools", "processid": 1289895, "history": "Interactive.188", "testname": "VT26_TOP_top_tb_DC", "cornername": "Nominal", "point": 1, "logfile": "/home/saul/projects/IL2244_VT26_SAUL/logs_saul/logs0/Job3.log"}
