[Simulation Monitor: 4]
[2026-06-09 13:54:58.274 Z] [PROCESS] [cadence.virtuoso.ade.simulationMonitor] - Simulation Monitor has successfully started up. Trying to set up communication channels to other components ... {"hostname": "edatools", "processid": 1110705, "logfile": "/home/saul/projects/IL2244_VT26_SAUL/logs_saul/logs0/Job4.log"}
[2026-06-09 13:54:58.275 Z] [PROCESS] [cadence.virtuoso.ade.simulationMonitor] - Communication channels have been successfully set up. Start processing events ... {"hostname": "edatools", "processid": 1110705, "logfile": "/home/saul/projects/IL2244_VT26_SAUL/logs_saul/logs0/Job4.log"}
[2026-06-09 13:54:58.275 Z] [PROCESS] [cadence.virtuoso.ade.simulationMonitor] - Considering to start history {"hostname": "edatools", "processid": 1110705, "history": "Interactive.156", "logfile": "/home/saul/projects/IL2244_VT26_SAUL/logs_saul/logs0/Job4.log"}
[2026-06-09 13:54:58.276 Z] [PROCESS] [cadence.virtuoso.ade.simulationMonitor] - HostInfo:
Host name (type):	edatools (x86_64)
Operating system:	Linux 6.17.0-29-generic #29~24.04.1-Ubuntu SMP PREEMPT_DYNAMIC Mon May 11 10:30:58 UTC 2 {"hostname": "edatools", "processid": 1110705, "history": "Interactive.156", "logfile": "/home/saul/projects/IL2244_VT26_SAUL/logs_saul/logs0/Job4.log", "nodename": "edatools", "domainname": "(none)", "machine": "x86_64", "sysname": "Linux", "release": "6.17.0-29-generic", "version": "#29~24.04.1-Ubuntu SMP PREEMPT_DYNAMIC Mon May 11 10:30:58 UTC 2"}
[2026-06-09 13:54:58.276 Z] [PROCESS] [cadence.virtuoso.ade.simulationMonitor] - UsageInfo:
pid=1110705
totalPhysicalMemory=62.544979GB,Used=36.839550GB,totalVirtualMemory=70.544975GB,Used=36.839550GB
Cpu: Cores=16, Load average:0.380000,0.210000,0.210000 {"hostname": "edatools", "processid": 1110705, "history": "Interactive.156", "logfile": "/home/saul/projects/IL2244_VT26_SAUL/logs_saul/logs0/Job4.log", "pid": "1110705", "totalPhysicalMemory": "62.544979", "physicalMemoryUsed": "36.839550", "totalVirtualMemory": "70.544975", "virtualMemoryUsed": "36.839550", "cpuCores": "16", "processes": "1607", "loadAverage1": "0.380000", "loadAverage5": "0.210000", "loadAverage15": "0.210000", "loadAverage1Percent": "0.023750"}
[2026-06-09 13:54:58.276 Z] [EVENT] [cadence.virtuoso.ade.simulationMonitor] - NewPoint {"history": "Interactive.156", "point": 1, "testname": "VT26_TOP_top_tb_DC", "cornername": "Nominal", "event": "NewPoint", "EventSource": "Simulation Monitor", "HistoryName": "Interactive.156", "logFile": "/home/saul/projects/IL2244_VT26_SAUL/logs_saul/logs0/Job4.log", "logFileSize": "2202"}
[2026-06-09 13:54:58.377 Z] [EVENT] [cadence.virtuoso.ade.simulationMonitor] - NewPoint {"history": "Interactive.156", "point": 1, "testname": "VT26_TOP_top_tb_DC", "cornername": "Nominal", "event": "NewPoint", "EventSource": "ams", "HistoryName": "Interactive.156", "logFile": "/home/saul/projects/IL2244_VT26_SAUL/Sim/VT26_TOP/topsyh_tb/maestro/results/maestro/Interactive.156/1/VT26_TOP_top_tb_DC/psf/xrun.log", "logFileSize": "-1"}
[2026-06-09 13:54:58.384 Z] [PROCESS] [cadence.virtuoso.ade.simulationMonitor] - Simulator launched {"hostname": "edatools", "processid": 1110705, "history": "Interactive.156", "testname": "VT26_TOP_top_tb_DC", "cornername": "Nominal", "point": 1, "logfile": "/home/saul/projects/IL2244_VT26_SAUL/logs_saul/logs0/Job4.log", "simid": "1"}
[2026-06-09 13:54:58.386 Z] [PROCESS] [cadence.virtuoso.ade.simulationMonitor] - Expression evaluator launched {"hostname": "edatools", "processid": 1110705, "history": "Interactive.156", "testname": "VT26_TOP_top_tb_DC", "cornername": "Nominal", "point": 1, "logfile": "/home/saul/projects/IL2244_VT26_SAUL/logs_saul/logs0/Job4.log"}
[2026-06-09 13:54:58.411 Z] [PROCESS] [cadence.virtuoso.ade.simulationMonitor] - Started Simulation {"hostname": "edatools", "processid": 1110705, "history": "Interactive.156", "testname": "VT26_TOP_top_tb_DC", "cornername": "Nominal", "point": 1, "logfile": "/home/saul/projects/IL2244_VT26_SAUL/logs_saul/logs0/Job4.log", "event": "started", "task": "simulation"}
[2026-06-09 13:55:08.950 Z] [INFO] [cadence.virtuoso.ade.simulationMonitor] - Notice from spectre during circuit read-in.
    Pre_Configuration file used: /opt/tools/cadence/installs/SPECTRE241/tools.lnx86/spectre/etc/configs/preset.precfg
    Configuration file used: `/opt/tools/cadence/installs/SPECTRE241/tools.lnx86/spectre/etc/configs/preset.cfg'.
    Configuration file used: `/opt/tools/cadence/installs/SPECTRE241/tools.lnx86/spectre/etc/configs/ams.cfg'. {"history": "Interactive.156", "point": 1, "testname": "VT26_TOP_top_tb_DC", "cornername": "Nominal"}
[2026-06-09 13:55:09.451 Z] [WARN] [cadence.virtuoso.ade.simulationMonitor] -     WARNING (VACOMP-2435): The environment variable CDS_AHDLCMI_ENABLE is no longer supported. Therefore, the simulator will use the default compiled C code flow. {"history": "Interactive.156", "point": 1, "testname": "VT26_TOP_top_tb_DC", "cornername": "Nominal"}
[2026-06-09 13:55:09.451 Z] [INFO] [cadence.virtuoso.ade.simulationMonitor] - Peak resident memory used = 236 Mbytes. {"history": "Interactive.156", "point": 1, "testname": "VT26_TOP_top_tb_DC", "cornername": "Nominal"}
[2026-06-09 13:55:10.451 Z] [WARN] [cadence.virtuoso.ade.simulationMonitor] -     WARNING (SFE-3012): The dummy device topsyh_tb.I0.I3.I16.DLIB11 is removed. {"history": "Interactive.156", "point": 1, "testname": "VT26_TOP_top_tb_DC", "cornername": "Nominal"}
[2026-06-09 13:55:10.451 Z] [WARN] [cadence.virtuoso.ade.simulationMonitor] -     WARNING (SFE-3012): The dummy device topsyh_tb.I0.I3.I20.DLIB3 is removed. {"history": "Interactive.156", "point": 1, "testname": "VT26_TOP_top_tb_DC", "cornername": "Nominal"}
[2026-06-09 13:55:10.451 Z] [WARN] [cadence.virtuoso.ade.simulationMonitor] -     WARNING (SFE-3012): The dummy device topsyh_tb.I0.I3.I18.DLIB5 is removed. {"history": "Interactive.156", "point": 1, "testname": "VT26_TOP_top_tb_DC", "cornername": "Nominal"}
[2026-06-09 13:55:10.451 Z] [WARN] [cadence.virtuoso.ade.simulationMonitor] -     WARNING (SFE-3026): The shorted/dummy resistor topsyh_tb.I0.I3.I18.R1.R0 is removed. {"history": "Interactive.156", "point": 1, "testname": "VT26_TOP_top_tb_DC", "cornername": "Nominal"}
[2026-06-09 13:55:10.452 Z] [WARN] [cadence.virtuoso.ade.simulationMonitor] -     WARNING (SFE-3012): The dummy device topsyh_tb.I0.I3.I15.DLIB11 is removed. {"history": "Interactive.156", "point": 1, "testname": "VT26_TOP_top_tb_DC", "cornername": "Nominal"}
[2026-06-09 13:55:10.452 Z] [WARN] [cadence.virtuoso.ade.simulationMonitor] -     WARNING (SFE-3012): The dummy device topsyh_tb.I0.I3.I44.DLIB10 is removed.
        Further occurrences of this warning will be suppressed. {"history": "Interactive.156", "point": 1, "testname": "VT26_TOP_top_tb_DC", "cornername": "Nominal"}
[2026-06-09 13:55:10.452 Z] [WARN] [cadence.virtuoso.ade.simulationMonitor] -     WARNING (SFE-3029): The dummy capacitor topsyh_tb.I0.I2.I8.C12.C1 is removed. {"history": "Interactive.156", "point": 1, "testname": "VT26_TOP_top_tb_DC", "cornername": "Nominal"}
[2026-06-09 13:55:10.452 Z] [WARN] [cadence.virtuoso.ade.simulationMonitor] -     WARNING (SFE-3029): The dummy capacitor topsyh_tb.I0.I19.I2.C6_0_turbo_m3.C1 is removed. {"history": "Interactive.156", "point": 1, "testname": "VT26_TOP_top_tb_DC", "cornername": "Nominal"}
[2026-06-09 13:55:10.452 Z] [WARN] [cadence.virtuoso.ade.simulationMonitor] -     WARNING (SFE-3029): The dummy capacitor topsyh_tb.I0.I29.I27.R3.CS1 is removed. {"history": "Interactive.156", "point": 1, "testname": "VT26_TOP_top_tb_DC", "cornername": "Nominal"}
[2026-06-09 13:55:10.452 Z] [WARN] [cadence.virtuoso.ade.simulationMonitor] -     WARNING (SFE-3029): The dummy capacitor topsyh_tb.I0.I29.I27.C5.C1 is removed. {"history": "Interactive.156", "point": 1, "testname": "VT26_TOP_top_tb_DC", "cornername": "Nominal"}
[2026-06-09 13:55:10.452 Z] [WARN] [cadence.virtuoso.ade.simulationMonitor] -     WARNING (SFE-3029): The dummy capacitor topsyh_tb.I0.I29.I27.C4.C1 is removed.
        Further occurrences of this warning will be suppressed. {"history": "Interactive.156", "point": 1, "testname": "VT26_TOP_top_tb_DC", "cornername": "Nominal"}
[2026-06-09 13:55:10.452 Z] [WARN] [cadence.virtuoso.ade.simulationMonitor] -     WARNING (SFE-3026): The shorted/dummy resistor topsyh_tb.I0.I3.I17.R2.R0 is removed. {"history": "Interactive.156", "point": 1, "testname": "VT26_TOP_top_tb_DC", "cornername": "Nominal"}
[2026-06-09 13:55:10.452 Z] [WARN] [cadence.virtuoso.ade.simulationMonitor] -     WARNING (SFE-3026): The shorted/dummy resistor topsyh_tb.I0.I3.I20.R1.R0 is removed. {"history": "Interactive.156", "point": 1, "testname": "VT26_TOP_top_tb_DC", "cornername": "Nominal"}
[2026-06-09 13:55:10.452 Z] [WARN] [cadence.virtuoso.ade.simulationMonitor] -     WARNING (SFE-3026): The shorted/dummy resistor topsyh_tb.I0.I3.I19.R5.R0 is removed. {"history": "Interactive.156", "point": 1, "testname": "VT26_TOP_top_tb_DC", "cornername": "Nominal"}
[2026-06-09 13:55:10.452 Z] [WARN] [cadence.virtuoso.ade.simulationMonitor] -     WARNING (SFE-3016): The floating node vdd! is removed. {"history": "Interactive.156", "point": 1, "testname": "VT26_TOP_top_tb_DC", "cornername": "Nominal"}
[2026-06-09 13:55:10.452 Z] [WARN] [cadence.virtuoso.ade.simulationMonitor] -     WARNING (SFE-3016): The floating node vddo_right! is removed. {"history": "Interactive.156", "point": 1, "testname": "VT26_TOP_top_tb_DC", "cornername": "Nominal"}
[2026-06-09 13:55:10.452 Z] [WARN] [cadence.virtuoso.ade.simulationMonitor] -     WARNING (SFE-3016): The floating node gndo_right! is removed. {"history": "Interactive.156", "point": 1, "testname": "VT26_TOP_top_tb_DC", "cornername": "Nominal"}
[2026-06-09 13:55:10.452 Z] [WARN] [cadence.virtuoso.ade.simulationMonitor] -     WARNING (SFE-3016): The floating node gndr_left! is removed. {"history": "Interactive.156", "point": 1, "testname": "VT26_TOP_top_tb_DC", "cornername": "Nominal"}
[2026-06-09 13:55:10.452 Z] [WARN] [cadence.virtuoso.ade.simulationMonitor] -     WARNING (SFE-3016): The floating node vddr_left! is removed.
        Further occurrences of this warning will be suppressed. {"history": "Interactive.156", "point": 1, "testname": "VT26_TOP_top_tb_DC", "cornername": "Nominal"}
[2026-06-09 13:55:10.452 Z] [INFO] [cadence.virtuoso.ade.simulationMonitor] - Notice from spectre during hierarchy flattening.
    The value 'psf' specified for the 'checklimitdest' option will no longer be supported in future releases. Use 'spectre -h' to see other recommended values for the 'checklimitdest' option. {"history": "Interactive.156", "point": 1, "testname": "VT26_TOP_top_tb_DC", "cornername": "Nominal"}
[2026-06-09 13:55:10.452 Z] [INFO] [cadence.virtuoso.ade.simulationMonitor] - Peak resident memory used = 289 Mbytes. {"history": "Interactive.156", "point": 1, "testname": "VT26_TOP_top_tb_DC", "cornername": "Nominal"}
[2026-06-09 13:55:10.453 Z] [INFO] [cadence.virtuoso.ade.simulationMonitor] - Notice from spectre during hierarchy flattening.
    The value 'psf' specified for the 'checklimitdest' option will no longer be supported in future releases. Use 'spectre -h' to see other recommended values for the 'checklimitdest' option. {"history": "Interactive.156", "point": 1, "testname": "VT26_TOP_top_tb_DC", "cornername": "Nominal"}
[2026-06-09 13:55:10.453 Z] [INFO] [cadence.virtuoso.ade.simulationMonitor] - Peak resident memory used = 294 Mbytes. {"history": "Interactive.156", "point": 1, "testname": "VT26_TOP_top_tb_DC", "cornername": "Nominal"}
[2026-06-09 13:55:10.453 Z] [WARN] [cadence.virtuoso.ade.simulationMonitor] -     WARNING (CMI-2425): topsyh_tb.I0.I1.I4.C1_0_turbo_m11: `Acde' = 2.393 is unusually large. {"history": "Interactive.156", "point": 1, "testname": "VT26_TOP_top_tb_DC", "cornername": "Nominal"}
[2026-06-09 13:55:10.453 Z] [WARN] [cadence.virtuoso.ade.simulationMonitor] -     WARNING (CMI-2425): topsyh_tb.I0.I1.I4.C1_0_turbo_m11: `Noff' = 4.732 is unusually large. {"history": "Interactive.156", "point": 1, "testname": "VT26_TOP_top_tb_DC", "cornername": "Nominal"}
[2026-06-09 13:55:10.453 Z] [WARN] [cadence.virtuoso.ade.simulationMonitor] -     WARNING (CMI-2424): topsyh_tb.I0.I1.I4.C1_0_turbo_m11: `Voffcv' = -867.4e-03 is unusually small. {"history": "Interactive.156", "point": 1, "testname": "VT26_TOP_top_tb_DC", "cornername": "Nominal"}
[2026-06-09 13:55:10.953 Z] [WARN] [cadence.virtuoso.ade.simulationMonitor] -     WARNING (CMI-2425): topsyh_tb.I0.I1.I3.C1_0_turbo_m6: `Acde' = 2.393 is unusually large. {"history": "Interactive.156", "point": 1, "testname": "VT26_TOP_top_tb_DC", "cornername": "Nominal"}
[2026-06-09 13:55:10.953 Z] [WARN] [cadence.virtuoso.ade.simulationMonitor] -     WARNING (CMI-2425): topsyh_tb.I0.I1.I3.C1_0_turbo_m6: `Noff' = 4.732 is unusually large. {"history": "Interactive.156", "point": 1, "testname": "VT26_TOP_top_tb_DC", "cornername": "Nominal"}
[2026-06-09 13:55:10.953 Z] [WARN] [cadence.virtuoso.ade.simulationMonitor] -     WARNING (CMI-2424): topsyh_tb.I0.I1.I3.C1_0_turbo_m6: `Voffcv' = -867.4e-03 is unusually small. {"history": "Interactive.156", "point": 1, "testname": "VT26_TOP_top_tb_DC", "cornername": "Nominal"}
[2026-06-09 13:55:10.953 Z] [WARN] [cadence.virtuoso.ade.simulationMonitor] -     WARNING (CMI-2425): topsyh_tb.I0.I1.I0.C0_0_turbo_m6: `Acde' = 2.393 is unusually large.
        Further occurrences of this warning will be suppressed. {"history": "Interactive.156", "point": 1, "testname": "VT26_TOP_top_tb_DC", "cornername": "Nominal"}
[2026-06-09 13:55:10.953 Z] [WARN] [cadence.virtuoso.ade.simulationMonitor] -     WARNING (CMI-2424): topsyh_tb.I0.I1.I0.C0_0_turbo_m6: `Voffcv' = -867.4e-03 is unusually small. {"history": "Interactive.156", "point": 1, "testname": "VT26_TOP_top_tb_DC", "cornername": "Nominal"}
[2026-06-09 13:55:10.953 Z] [WARN] [cadence.virtuoso.ade.simulationMonitor] -     WARNING (SPECTRE-17607): Assert `SOAC_vert10_vsubpsub' is ignored because it contains an expression which is invalid or not supported by native evaluator.  {"history": "Interactive.156", "point": 1, "testname": "VT26_TOP_top_tb_DC", "cornername": "Nominal"}
[2026-06-09 13:55:10.953 Z] [WARN] [cadence.virtuoso.ade.simulationMonitor] -     WARNING (SPECTRE-17607): Assert `SOAC_vert10_vcsub' is ignored because it contains an expression which is invalid or not supported by native evaluator.  {"history": "Interactive.156", "point": 1, "testname": "VT26_TOP_top_tb_DC", "cornername": "Nominal"}
[2026-06-09 13:55:10.953 Z] [WARN] [cadence.virtuoso.ade.simulationMonitor] -     WARNING (SPECTRE-17607): Assert `SOAC_rpolyh_vminuspsub' is ignored because it contains an expression which is invalid or not supported by native evaluator.  {"history": "Interactive.156", "point": 1, "testname": "VT26_TOP_top_tb_DC", "cornername": "Nominal"}
[2026-06-09 13:55:10.953 Z] [WARN] [cadence.virtuoso.ade.simulationMonitor] -     WARNING (SPECTRE-17607): Assert `SOAC_rpolyh_vpluspsub' is ignored because it contains an expression which is invalid or not supported by native evaluator.  {"history": "Interactive.156", "point": 1, "testname": "VT26_TOP_top_tb_DC", "cornername": "Nominal"}
[2026-06-09 13:55:10.953 Z] [WARN] [cadence.virtuoso.ade.simulationMonitor] -     WARNING (SPECTRE-17607): Assert `SOAC_rpoly2_vminuspsub' is ignored because it contains an expression which is invalid or not supported by native evaluator. 
        Further occurrences of this warning will be suppressed. {"history": "Interactive.156", "point": 1, "testname": "VT26_TOP_top_tb_DC", "cornername": "Nominal"}
[2026-06-09 13:55:10.954 Z] [WARN] [cadence.virtuoso.ade.simulationMonitor] -     WARNING (SPECTRE-16460): SOAC_cvarm_vspsub:Specified subcircuit master `cvarm' was not found. {"history": "Interactive.156", "point": 1, "testname": "VT26_TOP_top_tb_DC", "cornername": "Nominal"}
[2026-06-09 13:55:10.954 Z] [WARN] [cadence.virtuoso.ade.simulationMonitor] -     WARNING (SPECTRE-16462): SOAC_cvarm_vspsub:Error in specification of subcircuit master. Assert is ignored. {"history": "Interactive.156", "point": 1, "testname": "VT26_TOP_top_tb_DC", "cornername": "Nominal"}
[2026-06-09 13:55:10.954 Z] [WARN] [cadence.virtuoso.ade.simulationMonitor] -     WARNING (SPECTRE-16460): SOAC_cvarm_vbs:Specified subcircuit master `cvarm' was not found. {"history": "Interactive.156", "point": 1, "testname": "VT26_TOP_top_tb_DC", "cornername": "Nominal"}
[2026-06-09 13:55:10.954 Z] [WARN] [cadence.virtuoso.ade.simulationMonitor] -     WARNING (SPECTRE-16462): SOAC_cvarm_vbs:Error in specification of subcircuit master. Assert is ignored. {"history": "Interactive.156", "point": 1, "testname": "VT26_TOP_top_tb_DC", "cornername": "Nominal"}
[2026-06-09 13:55:10.954 Z] [WARN] [cadence.virtuoso.ade.simulationMonitor] -     WARNING (SPECTRE-16460): SOAC_cvarm_vgb:Specified subcircuit master `cvarm' was not found. {"history": "Interactive.156", "point": 1, "testname": "VT26_TOP_top_tb_DC", "cornername": "Nominal"}
[2026-06-09 13:55:10.954 Z] [WARN] [cadence.virtuoso.ade.simulationMonitor] -     WARNING (SPECTRE-16462): SOAC_cvarm_vgb:Error in specification of subcircuit master. Assert is ignored. {"history": "Interactive.156", "point": 1, "testname": "VT26_TOP_top_tb_DC", "cornername": "Nominal"}
[2026-06-09 13:55:10.954 Z] [WARN] [cadence.virtuoso.ade.simulationMonitor] -     WARNING (SPECTRE-16460): SOAC_cvart_vspsub:Specified subcircuit master `cvart' was not found. {"history": "Interactive.156", "point": 1, "testname": "VT26_TOP_top_tb_DC", "cornername": "Nominal"}
[2026-06-09 13:55:10.954 Z] [WARN] [cadence.virtuoso.ade.simulationMonitor] -     WARNING (SPECTRE-16462): SOAC_cvart_vspsub:Error in specification of subcircuit master. Assert is ignored. {"history": "Interactive.156", "point": 1, "testname": "VT26_TOP_top_tb_DC", "cornername": "Nominal"}
[2026-06-09 13:55:10.954 Z] [WARN] [cadence.virtuoso.ade.simulationMonitor] -     WARNING (SPECTRE-16460): SOAC_cvart_vbs:Specified subcircuit master `cvart' was not found.
        Further occurrences of this warning will be suppressed. {"history": "Interactive.156", "point": 1, "testname": "VT26_TOP_top_tb_DC", "cornername": "Nominal"}
[2026-06-09 13:55:10.954 Z] [WARN] [cadence.virtuoso.ade.simulationMonitor] -     WARNING (SPECTRE-16462): SOAC_cvart_vbs:Error in specification of subcircuit master. Assert is ignored.
        Further occurrences of this warning will be suppressed. {"history": "Interactive.156", "point": 1, "testname": "VT26_TOP_top_tb_DC", "cornername": "Nominal"}
[2026-06-09 13:55:10.954 Z] [WARN] [cadence.virtuoso.ade.simulationMonitor] -     WARNING (SPECTRE-294): The number of signals saved (30499) is too high and may slow down the initialization process. Remove the unnecessary signals to speed up the initialization. {"history": "Interactive.156", "point": 1, "testname": "VT26_TOP_top_tb_DC", "cornername": "Nominal"}
[2026-06-09 13:55:10.954 Z] [WARN] [cadence.virtuoso.ade.simulationMonitor] -     WARNING (SPECTRE-294): The number of signals saved (30499) is too high and may slow down the initialization process. Remove the unnecessary signals to speed up the initialization. {"history": "Interactive.156", "point": 1, "testname": "VT26_TOP_top_tb_DC", "cornername": "Nominal"}
[2026-06-09 13:55:10.954 Z] [INFO] [cadence.virtuoso.ade.simulationMonitor] - Notice from spectre during topology check.
    No DC path from node `topsyh_tb.I0.I19.I28.R11.net9' to ground, Gmin installed to provide path.
    No DC path from node `topsyh_tb.I0.I19.I28.R12.net9' to ground, Gmin installed to provide path. {"history": "Interactive.156", "point": 1, "testname": "VT26_TOP_top_tb_DC", "cornername": "Nominal"}
[2026-06-09 13:55:11.454 Z] [WARN] [cadence.virtuoso.ade.simulationMonitor] -     WARNING (SPECTRE-592): Following parameters are disabled because they are ignored or redefined in Spectre X:
        Option Parameters:
          iabstol
          reltol
          vabstol
        Tran Parameters:
          errpreset
          maxiters
         {"history": "Interactive.156", "point": 1, "testname": "VT26_TOP_top_tb_DC", "cornername": "Nominal"}
[2026-06-09 13:55:11.455 Z] [INFO] [cadence.virtuoso.ade.simulationMonitor] -               nodes 2537 {"history": "Interactive.156", "point": 1, "testname": "VT26_TOP_top_tb_DC", "cornername": "Nominal"}
[2026-06-09 13:55:11.455 Z] [INFO] [cadence.virtuoso.ade.simulationMonitor] - Notice from spectre during initial setup.
    12 resistors are changed to resistance form because their value are less than 'rthresh'.
    Spectre X preset=vx enabled.
    3 notices suppressed.
    195 warnings suppressed. {"history": "Interactive.156", "point": 1, "testname": "VT26_TOP_top_tb_DC", "cornername": "Nominal"}
[2026-06-09 13:55:11.455 Z] [INFO] [cadence.virtuoso.ade.simulationMonitor] - Notice from spectre.
    Multithreading enabled: 8 threads in the system with 16 available processors. {"history": "Interactive.156", "point": 1, "testname": "VT26_TOP_top_tb_DC", "cornername": "Nominal"}
[2026-06-09 13:55:11.455 Z] [INFO] [cadence.virtuoso.ade.simulationMonitor] - Peak resident memory used = 325 Mbytes. {"history": "Interactive.156", "point": 1, "testname": "VT26_TOP_top_tb_DC", "cornername": "Nominal"}
[2026-06-09 13:55:11.455 Z] [INFO] [cadence.virtuoso.ade.simulationMonitor] -    -   (Spectre X) Multi-threading. The recommended number of threads is [2, 4], consider adding +mt=2 or +mt=4 on command line. {"history": "Interactive.156", "point": 1, "testname": "VT26_TOP_top_tb_DC", "cornername": "Nominal"}
[2026-06-09 13:55:11.455 Z] [INFO] [cadence.virtuoso.ade.simulationMonitor] - Notice from spectre during transient analysis `tran'.
    No checklimit analysis defined for asserts. A default checklimit analysis 'SpectreChecklimitAnal' has been created with all asserts enabled. {"history": "Interactive.156", "point": 1, "testname": "VT26_TOP_top_tb_DC", "cornername": "Nominal"}
[2026-06-09 13:55:11.455 Z] [INFO] [cadence.virtuoso.ade.simulationMonitor] - Notice from spectre during IC analysis, during transient analysis `tran'.
    Bad pivoting is found during DC analysis. Option dc_pivot_check=yes is recommended for possible improvement of convergence. {"history": "Interactive.156", "point": 1, "testname": "VT26_TOP_top_tb_DC", "cornername": "Nominal"}
[2026-06-09 13:55:11.455 Z] [INFO] [cadence.virtuoso.ade.simulationMonitor] - Notice from spectre during transient analysis `tran'.
    Output compression for transient analysis is enabled. {"history": "Interactive.156", "point": 1, "testname": "VT26_TOP_top_tb_DC", "cornername": "Nominal"}
[2026-06-09 13:55:16.473 Z] [WARN] [cadence.virtuoso.ade.simulationMonitor] -     WARNING (CMI-2425): topsyh_tb.I0.I1.I0.C0_0_dummy: `Acde' = 2.393 is unusually large. {"history": "Interactive.156", "point": 1, "testname": "VT26_TOP_top_tb_DC", "cornername": "Nominal"}
[2026-06-09 13:55:16.474 Z] [WARN] [cadence.virtuoso.ade.simulationMonitor] -     WARNING (CMI-2425): topsyh_tb.I0.I1.I0.C0_0_dummy: `Noff' = 4.732 is unusually large. {"history": "Interactive.156", "point": 1, "testname": "VT26_TOP_top_tb_DC", "cornername": "Nominal"}
[2026-06-09 13:55:16.474 Z] [WARN] [cadence.virtuoso.ade.simulationMonitor] -     WARNING (CMI-2424): topsyh_tb.I0.I1.I0.C0_0_dummy: `Voffcv' = -867.4e-03 is unusually small. {"history": "Interactive.156", "point": 1, "testname": "VT26_TOP_top_tb_DC", "cornername": "Nominal"}
[2026-06-09 13:55:16.475 Z] [WARN] [cadence.virtuoso.ade.simulationMonitor] -     WARNING (CMI-2425): topsyh_tb.I0.I1.I3.C1_0_dummy: `Acde' = 2.393 is unusually large. {"history": "Interactive.156", "point": 1, "testname": "VT26_TOP_top_tb_DC", "cornername": "Nominal"}
[2026-06-09 13:55:16.475 Z] [WARN] [cadence.virtuoso.ade.simulationMonitor] -     WARNING (CMI-2425): topsyh_tb.I0.I1.I3.C1_0_dummy: `Noff' = 4.732 is unusually large. {"history": "Interactive.156", "point": 1, "testname": "VT26_TOP_top_tb_DC", "cornername": "Nominal"}
[2026-06-09 13:55:16.476 Z] [WARN] [cadence.virtuoso.ade.simulationMonitor] -     WARNING (CMI-2424): topsyh_tb.I0.I1.I3.C1_0_dummy: `Voffcv' = -867.4e-03 is unusually small. {"history": "Interactive.156", "point": 1, "testname": "VT26_TOP_top_tb_DC", "cornername": "Nominal"}
[2026-06-09 13:55:16.476 Z] [WARN] [cadence.virtuoso.ade.simulationMonitor] -     WARNING (CMI-2425): topsyh_tb.I0.I1.I4.C1_0_dummy: `Acde' = 2.393 is unusually large.
        Further occurrences of this warning will be suppressed. {"history": "Interactive.156", "point": 1, "testname": "VT26_TOP_top_tb_DC", "cornername": "Nominal"}
[2026-06-09 13:55:16.477 Z] [WARN] [cadence.virtuoso.ade.simulationMonitor] -     WARNING (CMI-2424): topsyh_tb.I0.I1.I4.C1_0_dummy: `Voffcv' = -867.4e-03 is unusually small. {"history": "Interactive.156", "point": 1, "testname": "VT26_TOP_top_tb_DC", "cornername": "Nominal"}
[2026-06-09 13:55:16.477 Z] [INFO] [cadence.virtuoso.ade.simulationMonitor] - Notice from spectre at time = 200 us during transient analysis `tran'.
    1 warning suppressed. {"history": "Interactive.156", "point": 1, "testname": "VT26_TOP_top_tb_DC", "cornername": "Nominal"}
[2026-06-09 13:55:16.478 Z] [INFO] [cadence.virtuoso.ade.simulationMonitor] - Memory Usage - Current physical: 247.8M, Current virtual: 490.6M, Peak physical: 247.8M {"history": "Interactive.156", "point": 1, "testname": "VT26_TOP_top_tb_DC", "cornername": "Nominal"}
[2026-06-09 13:55:16.478 Z] [INFO] [cadence.virtuoso.ade.simulationMonitor] - CPU Usage - 2.2s system + 1.9s user = 4.2s total (43.4% cpu) {"history": "Interactive.156", "point": 1, "testname": "VT26_TOP_top_tb_DC", "cornername": "Nominal"}
[2026-06-09 13:55:16.478 Z] [INFO] [cadence.virtuoso.ade.simulationMonitor] - Total time required for tran analysis `tran': CPU = 18.1788 s, elapsed = 5.12758 s, util. = 355%. {"history": "Interactive.156", "point": 1, "testname": "VT26_TOP_top_tb_DC", "cornername": "Nominal"}
[2026-06-09 13:55:16.479 Z] [INFO] [cadence.virtuoso.ade.simulationMonitor] - Peak resident memory used = 335 Mbytes. {"history": "Interactive.156", "point": 1, "testname": "VT26_TOP_top_tb_DC", "cornername": "Nominal"}
[2026-06-09 13:55:16.479 Z] [WARN] [cadence.virtuoso.ade.simulationMonitor] -     WARNING (CMI-2425): topsyh_tb.I0.I1.I0.C0_0_dummy: `Acde' = 2.393 is unusually large. {"history": "Interactive.156", "point": 1, "testname": "VT26_TOP_top_tb_DC", "cornername": "Nominal"}
[2026-06-09 13:55:16.479 Z] [WARN] [cadence.virtuoso.ade.simulationMonitor] -     WARNING (CMI-2425): topsyh_tb.I0.I1.I0.C0_0_dummy: `Noff' = 4.732 is unusually large. {"history": "Interactive.156", "point": 1, "testname": "VT26_TOP_top_tb_DC", "cornername": "Nominal"}
[2026-06-09 13:55:16.479 Z] [WARN] [cadence.virtuoso.ade.simulationMonitor] -     WARNING (CMI-2424): topsyh_tb.I0.I1.I0.C0_0_dummy: `Voffcv' = -867.4e-03 is unusually small. {"history": "Interactive.156", "point": 1, "testname": "VT26_TOP_top_tb_DC", "cornername": "Nominal"}
[2026-06-09 13:55:16.480 Z] [WARN] [cadence.virtuoso.ade.simulationMonitor] -     WARNING (CMI-2425): topsyh_tb.I0.I1.I3.C1_0_dummy: `Acde' = 2.393 is unusually large. {"history": "Interactive.156", "point": 1, "testname": "VT26_TOP_top_tb_DC", "cornername": "Nominal"}
[2026-06-09 13:55:16.480 Z] [WARN] [cadence.virtuoso.ade.simulationMonitor] -     WARNING (CMI-2425): topsyh_tb.I0.I1.I3.C1_0_dummy: `Noff' = 4.732 is unusually large. {"history": "Interactive.156", "point": 1, "testname": "VT26_TOP_top_tb_DC", "cornername": "Nominal"}
[2026-06-09 13:55:16.480 Z] [WARN] [cadence.virtuoso.ade.simulationMonitor] -     WARNING (CMI-2424): topsyh_tb.I0.I1.I3.C1_0_dummy: `Voffcv' = -867.4e-03 is unusually small. {"history": "Interactive.156", "point": 1, "testname": "VT26_TOP_top_tb_DC", "cornername": "Nominal"}
[2026-06-09 13:55:16.481 Z] [WARN] [cadence.virtuoso.ade.simulationMonitor] -     WARNING (CMI-2425): topsyh_tb.I0.I1.I4.C1_0_dummy: `Acde' = 2.393 is unusually large.
        Further occurrences of this warning will be suppressed. {"history": "Interactive.156", "point": 1, "testname": "VT26_TOP_top_tb_DC", "cornername": "Nominal"}
[2026-06-09 13:55:16.481 Z] [WARN] [cadence.virtuoso.ade.simulationMonitor] -     WARNING (CMI-2424): topsyh_tb.I0.I1.I4.C1_0_dummy: `Voffcv' = -867.4e-03 is unusually small. {"history": "Interactive.156", "point": 1, "testname": "VT26_TOP_top_tb_DC", "cornername": "Nominal"}
[2026-06-09 13:55:16.482 Z] [INFO] [cadence.virtuoso.ade.simulationMonitor] - Notice from spectre.
    1 warning suppressed. {"history": "Interactive.156", "point": 1, "testname": "VT26_TOP_top_tb_DC", "cornername": "Nominal"}
[2026-06-09 13:55:16.482 Z] [INFO] [cadence.virtuoso.ade.simulationMonitor] - Time used: CPU = 19.6 s, elapsed = 7.53 s, util. = 260%. {"history": "Interactive.156", "point": 1, "testname": "VT26_TOP_top_tb_DC", "cornername": "Nominal"}
[2026-06-09 13:55:16.483 Z] [INFO] [cadence.virtuoso.ade.simulationMonitor] - Time spent in licensing: elapsed = 94.3 ms. {"history": "Interactive.156", "point": 1, "testname": "VT26_TOP_top_tb_DC", "cornername": "Nominal"}
[2026-06-09 13:55:16.483 Z] [INFO] [cadence.virtuoso.ade.simulationMonitor] - Peak memory used = 333 Mbytes. {"history": "Interactive.156", "point": 1, "testname": "VT26_TOP_top_tb_DC", "cornername": "Nominal"}
[2026-06-09 13:55:16.484 Z] [PROCESS] [cadence.virtuoso.ade.simulationMonitor] - Simulation started at: 1:55:08 PM, Tue Jun 9, 2026, ended at: 1:55:16 PM, Tue Jun 9, 2026, with elapsed time (wall clock): 7.53 s. {"history": "Interactive.156", "point": 1, "testname": "VT26_TOP_top_tb_DC", "cornername": "Nominal"}
[2026-06-09 13:55:16.484 Z] [PROCESS] [cadence.virtuoso.ade.simulationMonitor] - spectre completes with 0 errors, 62 warnings, and 22 notices. {"history": "Interactive.156", "point": 1, "testname": "VT26_TOP_top_tb_DC", "cornername": "Nominal"}
[2026-06-09 13:55:16.485 Z] [INFO] [cadence.virtuoso.ade.simulationMonitor] - xmsim: Memory Usage - Final: 237.8M, Peak: 248.5M, Peak virtual: 550.1M {"history": "Interactive.156", "point": 1, "testname": "VT26_TOP_top_tb_DC", "cornername": "Nominal"}
[2026-06-09 13:55:16.485 Z] [INFO] [cadence.virtuoso.ade.simulationMonitor] - xmsim: CPU Usage - 6.1s system + 20.1s user = 26.1s total (9.8s, 100.0% cpu) {"history": "Interactive.156", "point": 1, "testname": "VT26_TOP_top_tb_DC", "cornername": "Nominal"}
[2026-06-09 13:55:16.486 Z] [PROCESS] [cadence.virtuoso.ade.simulationMonitor] - Finished simulating for one point {"hostname": "edatools", "processid": 1110705, "history": "Interactive.156", "testname": "VT26_TOP_top_tb_DC", "cornername": "Nominal", "point": 1, "logfile": "/home/saul/projects/IL2244_VT26_SAUL/logs_saul/logs0/Job4.log", "simid": "1"}
[2026-06-09 13:55:16.486 Z] [PROCESS] [cadence.virtuoso.ade.simulationMonitor] - Simulator exited {"hostname": "edatools", "processid": 1110705, "history": "Interactive.156", "testname": "VT26_TOP_top_tb_DC", "cornername": "Nominal", "point": 1, "logfile": "/home/saul/projects/IL2244_VT26_SAUL/logs_saul/logs0/Job4.log", "exitStatus": "0"}
[2026-06-09 13:55:16.487 Z] [PROCESS] [cadence.virtuoso.ade.simulationMonitor] - Finished Simulation {"hostname": "edatools", "processid": 1110705, "history": "Interactive.156", "testname": "VT26_TOP_top_tb_DC", "cornername": "Nominal", "point": 1, "logfile": "/home/saul/projects/IL2244_VT26_SAUL/logs_saul/logs0/Job4.log", "simid": "1"}
[2026-06-09 13:55:18.000 Z] [PROCESS] [cadence.virtuoso.ade.simulationMonitor] - Point Finished {"hostname": "edatools", "processid": 1110705, "history": "Interactive.156", "testname": "VT26_TOP_top_tb_DC", "cornername": "Nominal", "point": 1, "logfile": "/home/saul/projects/IL2244_VT26_SAUL/logs_saul/logs0/Job4.log"}
[2026-06-09 14:00:18.653 Z] [PROCESS] [cadence.virtuoso.ade.simulationMonitor] - Current memory used: 52.3750 MBytes, peak memory used: 52.3750 MBytes {"hostname": "edatools", "processid": 1110705, "history": "Interactive.156", "testname": "VT26_TOP_top_tb_DC", "cornername": "Nominal", "point": 1, "logfile": "/home/saul/projects/IL2244_VT26_SAUL/logs_saul/logs0/Job4.log"}
[2026-06-09 14:00:18.653 Z] [PROCESS] [cadence.virtuoso.ade.simulationMonitor] - Simulation Monitor process exit. {"hostname": "edatools", "processid": 1110705, "history": "Interactive.156", "testname": "VT26_TOP_top_tb_DC", "cornername": "Nominal", "point": 1, "logfile": "/home/saul/projects/IL2244_VT26_SAUL/logs_saul/logs0/Job4.log"}
