[Simulation Monitor: 6]
[2026-06-11 06:57:17.551 Z] [PROCESS] [cadence.virtuoso.ade.simulationMonitor] - Simulation Monitor has successfully started up. Trying to set up communication channels to other components ... {"hostname": "edatools", "processid": 1361259, "logfile": "/home/saul/projects/IL2244_VT26_SAUL/logs_saul/logs0/Job6.log"}
[2026-06-11 06:57:17.552 Z] [PROCESS] [cadence.virtuoso.ade.simulationMonitor] - Communication channels have been successfully set up. Start processing events ... {"hostname": "edatools", "processid": 1361259, "logfile": "/home/saul/projects/IL2244_VT26_SAUL/logs_saul/logs0/Job6.log"}
[2026-06-11 06:57:17.552 Z] [PROCESS] [cadence.virtuoso.ade.simulationMonitor] - Considering to start history {"hostname": "edatools", "processid": 1361259, "history": "Interactive.143", "logfile": "/home/saul/projects/IL2244_VT26_SAUL/logs_saul/logs0/Job6.log"}
[2026-06-11 06:57:17.553 Z] [PROCESS] [cadence.virtuoso.ade.simulationMonitor] - Started History {"hostname": "edatools", "processid": 1361259, "history": "Interactive.148", "logfile": "/home/saul/projects/IL2244_VT26_SAUL/logs_saul/logs0/Job6.log"}
[2026-06-11 06:57:17.553 Z] [PROCESS] [cadence.virtuoso.ade.simulationMonitor] - HostInfo:
Host name (type):	edatools (x86_64)
Operating system:	Linux 6.17.0-29-generic #29~24.04.1-Ubuntu SMP PREEMPT_DYNAMIC Mon May 11 10:30:58 UTC 2 {"hostname": "edatools", "processid": 1361259, "history": "Interactive.148", "logfile": "/home/saul/projects/IL2244_VT26_SAUL/logs_saul/logs0/Job6.log", "nodename": "edatools", "domainname": "(none)", "machine": "x86_64", "sysname": "Linux", "release": "6.17.0-29-generic", "version": "#29~24.04.1-Ubuntu SMP PREEMPT_DYNAMIC Mon May 11 10:30:58 UTC 2"}
[2026-06-11 06:57:17.553 Z] [PROCESS] [cadence.virtuoso.ade.simulationMonitor] - UsageInfo:
pid=1361259
totalPhysicalMemory=62.544979GB,Used=53.210518GB,totalVirtualMemory=70.544975GB,Used=53.210518GB
Cpu: Cores=16, Load average:0.510000,0.540000,1.740000 {"hostname": "edatools", "processid": 1361259, "history": "Interactive.148", "logfile": "/home/saul/projects/IL2244_VT26_SAUL/logs_saul/logs0/Job6.log", "pid": "1361259", "totalPhysicalMemory": "62.544979", "physicalMemoryUsed": "53.210518", "totalVirtualMemory": "70.544975", "virtualMemoryUsed": "53.210518", "cpuCores": "16", "processes": "2213", "loadAverage1": "0.510000", "loadAverage5": "0.540000", "loadAverage15": "1.740000", "loadAverage1Percent": "0.031875"}
[2026-06-11 06:57:17.553 Z] [EVENT] [cadence.virtuoso.ade.simulationMonitor] - NewPoint {"history": "Interactive.148", "point": 1, "testname": "VT26_TOP_top_tb_TRAN_CMFB", "cornername": "Nominal", "event": "NewPoint", "EventSource": "Simulation Monitor", "HistoryName": "Interactive.148", "logFile": "/home/saul/projects/IL2244_VT26_SAUL/logs_saul/logs0/Job6.log", "logFileSize": "2452"}
[2026-06-11 06:57:17.654 Z] [EVENT] [cadence.virtuoso.ade.simulationMonitor] - NewPoint {"history": "Interactive.148", "point": 1, "testname": "VT26_TOP_top_tb_TRAN_CMFB", "cornername": "Nominal", "event": "NewPoint", "EventSource": "ams", "HistoryName": "Interactive.148", "logFile": "/home/saul/projects/IL2244_VT26_SAUL/Sim/VT26_TOP/topsy_cmfb_tb/maestro/results/maestro/Interactive.148/1/VT26_TOP_top_tb_TRAN_CMFB/psf/xrun.log", "logFileSize": "-1"}
[2026-06-11 06:57:17.659 Z] [PROCESS] [cadence.virtuoso.ade.simulationMonitor] - Simulator launched {"hostname": "edatools", "processid": 1361259, "history": "Interactive.148", "testname": "VT26_TOP_top_tb_TRAN_CMFB", "cornername": "Nominal", "point": 1, "logfile": "/home/saul/projects/IL2244_VT26_SAUL/logs_saul/logs0/Job6.log", "simid": "1"}
[2026-06-11 06:57:17.660 Z] [PROCESS] [cadence.virtuoso.ade.simulationMonitor] - Expression evaluator launched {"hostname": "edatools", "processid": 1361259, "history": "Interactive.148", "testname": "VT26_TOP_top_tb_TRAN_CMFB", "cornername": "Nominal", "point": 1, "logfile": "/home/saul/projects/IL2244_VT26_SAUL/logs_saul/logs0/Job6.log"}
[2026-06-11 06:57:17.677 Z] [PROCESS] [cadence.virtuoso.ade.simulationMonitor] - Started Simulation {"hostname": "edatools", "processid": 1361259, "history": "Interactive.148", "testname": "VT26_TOP_top_tb_TRAN_CMFB", "cornername": "Nominal", "point": 1, "logfile": "/home/saul/projects/IL2244_VT26_SAUL/logs_saul/logs0/Job6.log", "event": "started", "task": "simulation"}
[2026-06-11 06:57:34.231 Z] [INFO] [cadence.virtuoso.ade.simulationMonitor] - Notice from spectre during circuit read-in.
    Pre_Configuration file used: /opt/tools/cadence/installs/SPECTRE241/tools.lnx86/spectre/etc/configs/preset.precfg
    Configuration file used: `/opt/tools/cadence/installs/SPECTRE241/tools.lnx86/spectre/etc/configs/preset.cfg'.
    Configuration file used: `/opt/tools/cadence/installs/SPECTRE241/tools.lnx86/spectre/etc/configs/ams.cfg'. {"history": "Interactive.148", "point": 1, "testname": "VT26_TOP_top_tb_TRAN_CMFB", "cornername": "Nominal"}
[2026-06-11 06:57:34.731 Z] [WARN] [cadence.virtuoso.ade.simulationMonitor] -     WARNING (VACOMP-2435): The environment variable CDS_AHDLCMI_ENABLE is no longer supported. Therefore, the simulator will use the default compiled C code flow. {"history": "Interactive.148", "point": 1, "testname": "VT26_TOP_top_tb_TRAN_CMFB", "cornername": "Nominal"}
[2026-06-11 06:57:34.732 Z] [INFO] [cadence.virtuoso.ade.simulationMonitor] - Peak resident memory used = 205 Mbytes. {"history": "Interactive.148", "point": 1, "testname": "VT26_TOP_top_tb_TRAN_CMFB", "cornername": "Nominal"}
[2026-06-11 06:57:35.732 Z] [WARN] [cadence.virtuoso.ade.simulationMonitor] -     WARNING (SFE-3029): The dummy capacitor topsy_cmfb_tb.I0.I3|I10|RLIB_GC1.CS0 is removed. {"history": "Interactive.148", "point": 1, "testname": "VT26_TOP_top_tb_TRAN_CMFB", "cornername": "Nominal"}
[2026-06-11 06:57:35.732 Z] [WARN] [cadence.virtuoso.ade.simulationMonitor] -     WARNING (SFE-3029): The dummy capacitor topsy_cmfb_tb.I0.I3|I43|RLIB_GC1.CS0 is removed. {"history": "Interactive.148", "point": 1, "testname": "VT26_TOP_top_tb_TRAN_CMFB", "cornername": "Nominal"}
[2026-06-11 06:57:35.732 Z] [WARN] [cadence.virtuoso.ade.simulationMonitor] -     WARNING (SFE-3012): The dummy device topsy_cmfb_tb.I0.I4|I25|I33|MN22(1) is removed. {"history": "Interactive.148", "point": 1, "testname": "VT26_TOP_top_tb_TRAN_CMFB", "cornername": "Nominal"}
[2026-06-11 06:57:35.732 Z] [WARN] [cadence.virtuoso.ade.simulationMonitor] -     WARNING (SFE-3029): The dummy capacitor topsy_cmfb_tb.I0.I1|I0|R3.CS0 is removed. {"history": "Interactive.148", "point": 1, "testname": "VT26_TOP_top_tb_TRAN_CMFB", "cornername": "Nominal"}
[2026-06-11 06:57:35.732 Z] [WARN] [cadence.virtuoso.ade.simulationMonitor] -     WARNING (SFE-3029): The dummy capacitor topsy_cmfb_tb.I0.I4|I25|R1.CS0 is removed. {"history": "Interactive.148", "point": 1, "testname": "VT26_TOP_top_tb_TRAN_CMFB", "cornername": "Nominal"}
[2026-06-11 06:57:35.732 Z] [WARN] [cadence.virtuoso.ade.simulationMonitor] -     WARNING (SFE-3029): The dummy capacitor topsy_cmfb_tb.I0.I1|I4|R31.CS0 is removed.
        Further occurrences of this warning will be suppressed. {"history": "Interactive.148", "point": 1, "testname": "VT26_TOP_top_tb_TRAN_CMFB", "cornername": "Nominal"}
[2026-06-11 06:57:35.733 Z] [WARN] [cadence.virtuoso.ade.simulationMonitor] -     WARNING (SFE-3012): The dummy device topsy_cmfb_tb.I0.I29|I15|Q6(23)_turbo_m24 is removed. {"history": "Interactive.148", "point": 1, "testname": "VT26_TOP_top_tb_TRAN_CMFB", "cornername": "Nominal"}
[2026-06-11 06:57:35.733 Z] [WARN] [cadence.virtuoso.ade.simulationMonitor] -     WARNING (SFE-3013): The dangling device topsy_cmfb_tb.I0.I3|I6|avD41_3_turbo_m10.I4 is removed. {"history": "Interactive.148", "point": 1, "testname": "VT26_TOP_top_tb_TRAN_CMFB", "cornername": "Nominal"}
[2026-06-11 06:57:35.733 Z] [WARN] [cadence.virtuoso.ade.simulationMonitor] -     WARNING (SFE-3026): The shorted/dummy resistor topsy_cmfb_tb.I0.I3|I46|R2_1__rcx is removed. {"history": "Interactive.148", "point": 1, "testname": "VT26_TOP_top_tb_TRAN_CMFB", "cornername": "Nominal"}
[2026-06-11 06:57:35.733 Z] [WARN] [cadence.virtuoso.ade.simulationMonitor] -     WARNING (SFE-3026): The shorted/dummy resistor topsy_cmfb_tb.I0.I3|I46|R2_3__rcx is removed. {"history": "Interactive.148", "point": 1, "testname": "VT26_TOP_top_tb_TRAN_CMFB", "cornername": "Nominal"}
[2026-06-11 06:57:35.733 Z] [WARN] [cadence.virtuoso.ade.simulationMonitor] -     WARNING (SFE-3012): The dummy device topsy_cmfb_tb.I0.I1|I2|Q3(30)_turbo_m63 is removed. {"history": "Interactive.148", "point": 1, "testname": "VT26_TOP_top_tb_TRAN_CMFB", "cornername": "Nominal"}
[2026-06-11 06:57:35.733 Z] [WARN] [cadence.virtuoso.ade.simulationMonitor] -     WARNING (SFE-3030): The dangling capacitor topsy_cmfb_tb.I0.c13802 is removed. {"history": "Interactive.148", "point": 1, "testname": "VT26_TOP_top_tb_TRAN_CMFB", "cornername": "Nominal"}
[2026-06-11 06:57:35.733 Z] [WARN] [cadence.virtuoso.ade.simulationMonitor] -     WARNING (SFE-3026): The shorted/dummy resistor topsy_cmfb_tb.I0.I3|I46|R2_4__rcx is removed. {"history": "Interactive.148", "point": 1, "testname": "VT26_TOP_top_tb_TRAN_CMFB", "cornername": "Nominal"}
[2026-06-11 06:57:35.733 Z] [WARN] [cadence.virtuoso.ade.simulationMonitor] -     WARNING (SFE-3012): The dummy device topsy_cmfb_tb.I0.I2|I2|MP31(3)_turbo_m4 is removed. {"history": "Interactive.148", "point": 1, "testname": "VT26_TOP_top_tb_TRAN_CMFB", "cornername": "Nominal"}
[2026-06-11 06:57:35.733 Z] [WARN] [cadence.virtuoso.ade.simulationMonitor] -     WARNING (SFE-3026): The shorted/dummy resistor topsy_cmfb_tb.I0.I3|I46|R2_2__rcx is removed. {"history": "Interactive.148", "point": 1, "testname": "VT26_TOP_top_tb_TRAN_CMFB", "cornername": "Nominal"}
[2026-06-11 06:57:35.733 Z] [WARN] [cadence.virtuoso.ade.simulationMonitor] -     WARNING (SFE-3012): The dummy device topsy_cmfb_tb.I0.I29|I15|MN31(3)_turbo_m4 is removed.
        Further occurrences of this warning will be suppressed. {"history": "Interactive.148", "point": 1, "testname": "VT26_TOP_top_tb_TRAN_CMFB", "cornername": "Nominal"}
[2026-06-11 06:57:35.733 Z] [WARN] [cadence.virtuoso.ade.simulationMonitor] -     WARNING (SFE-3026): The shorted/dummy resistor topsy_cmfb_tb.I0.I3|I46|R2_6__rcx is removed.
        Further occurrences of this warning will be suppressed. {"history": "Interactive.148", "point": 1, "testname": "VT26_TOP_top_tb_TRAN_CMFB", "cornername": "Nominal"}
[2026-06-11 06:57:35.733 Z] [WARN] [cadence.virtuoso.ade.simulationMonitor] -     WARNING (SFE-3015): The dangling node topsy_cmfb_tb.I0.avC121 is removed. {"history": "Interactive.148", "point": 1, "testname": "VT26_TOP_top_tb_TRAN_CMFB", "cornername": "Nominal"}
[2026-06-11 06:57:35.733 Z] [WARN] [cadence.virtuoso.ade.simulationMonitor] -     WARNING (SFE-3016): The floating node vdd3r1! is removed. {"history": "Interactive.148", "point": 1, "testname": "VT26_TOP_top_tb_TRAN_CMFB", "cornername": "Nominal"}
[2026-06-11 06:57:35.733 Z] [WARN] [cadence.virtuoso.ade.simulationMonitor] -     WARNING (SFE-3016): The floating node vdd3r2! is removed. {"history": "Interactive.148", "point": 1, "testname": "VT26_TOP_top_tb_TRAN_CMFB", "cornername": "Nominal"}
[2026-06-11 06:57:35.733 Z] [WARN] [cadence.virtuoso.ade.simulationMonitor] -     WARNING (SFE-3015): The dangling node topsy_cmfb_tb.I0.1163\:vdd3o! is removed. {"history": "Interactive.148", "point": 1, "testname": "VT26_TOP_top_tb_TRAN_CMFB", "cornername": "Nominal"}
[2026-06-11 06:57:35.734 Z] [INFO] [cadence.virtuoso.ade.simulationMonitor] - Notice from spectre during hierarchy flattening.
    The value 'psf' specified for the 'checklimitdest' option will no longer be supported in future releases. Use 'spectre -h' to see other recommended values for the 'checklimitdest' option.
    Spectre X Parasitic Optimization enabled.
    Parasitic optimization will filter out parasitic nodes, nodes only connected to RCs, by default. To view individual parasitic nodes use individual save statements (i.e. save out), or use the 'savefilter=none' option to s... {"history": "Interactive.148", "point": 1, "testname": "VT26_TOP_top_tb_TRAN_CMFB", "cornername": "Nominal"}
[2026-06-11 06:57:35.734 Z] [INFO] [cadence.virtuoso.ade.simulationMonitor] - Peak resident memory used = 269 Mbytes. {"history": "Interactive.148", "point": 1, "testname": "VT26_TOP_top_tb_TRAN_CMFB", "cornername": "Nominal"}
[2026-06-11 06:57:35.734 Z] [INFO] [cadence.virtuoso.ade.simulationMonitor] - Notice from spectre during hierarchy flattening.
    The value 'psf' specified for the 'checklimitdest' option will no longer be supported in future releases. Use 'spectre -h' to see other recommended values for the 'checklimitdest' option. {"history": "Interactive.148", "point": 1, "testname": "VT26_TOP_top_tb_TRAN_CMFB", "cornername": "Nominal"}
[2026-06-11 06:57:35.734 Z] [INFO] [cadence.virtuoso.ade.simulationMonitor] - Peak resident memory used = 307 Mbytes. {"history": "Interactive.148", "point": 1, "testname": "VT26_TOP_top_tb_TRAN_CMFB", "cornername": "Nominal"}
[2026-06-11 06:57:35.734 Z] [WARN] [cadence.virtuoso.ade.simulationMonitor] -     WARNING (CMI-2425): topsy_cmfb_tb.I0.I1|I3|C1(0)_turbo_m6: `Acde' = 2.393 is unusually large. {"history": "Interactive.148", "point": 1, "testname": "VT26_TOP_top_tb_TRAN_CMFB", "cornername": "Nominal"}
[2026-06-11 06:57:35.734 Z] [WARN] [cadence.virtuoso.ade.simulationMonitor] -     WARNING (CMI-2425): topsy_cmfb_tb.I0.I1|I3|C1(0)_turbo_m6: `Noff' = 4.732 is unusually large. {"history": "Interactive.148", "point": 1, "testname": "VT26_TOP_top_tb_TRAN_CMFB", "cornername": "Nominal"}
[2026-06-11 06:57:35.734 Z] [WARN] [cadence.virtuoso.ade.simulationMonitor] -     WARNING (CMI-2424): topsy_cmfb_tb.I0.I1|I3|C1(0)_turbo_m6: `Voffcv' = -867.4e-03 is unusually small. {"history": "Interactive.148", "point": 1, "testname": "VT26_TOP_top_tb_TRAN_CMFB", "cornername": "Nominal"}
[2026-06-11 06:57:35.734 Z] [WARN] [cadence.virtuoso.ade.simulationMonitor] -     WARNING (CMI-2425): topsy_cmfb_tb.I0.I1|I0|C0(0)_turbo_m6: `Acde' = 2.393 is unusually large. {"history": "Interactive.148", "point": 1, "testname": "VT26_TOP_top_tb_TRAN_CMFB", "cornername": "Nominal"}
[2026-06-11 06:57:35.734 Z] [WARN] [cadence.virtuoso.ade.simulationMonitor] -     WARNING (CMI-2425): topsy_cmfb_tb.I0.I1|I0|C0(0)_turbo_m6: `Noff' = 4.732 is unusually large. {"history": "Interactive.148", "point": 1, "testname": "VT26_TOP_top_tb_TRAN_CMFB", "cornername": "Nominal"}
[2026-06-11 06:57:35.734 Z] [WARN] [cadence.virtuoso.ade.simulationMonitor] -     WARNING (CMI-2424): topsy_cmfb_tb.I0.I1|I0|C0(0)_turbo_m6: `Voffcv' = -867.4e-03 is unusually small. {"history": "Interactive.148", "point": 1, "testname": "VT26_TOP_top_tb_TRAN_CMFB", "cornername": "Nominal"}
[2026-06-11 06:57:37.748 Z] [WARN] [cadence.virtuoso.ade.simulationMonitor] -     WARNING (CMI-2425): topsy_cmfb_tb.I0.I1|I4|C1(0)_turbo_m11: `Acde' = 2.393 is unusually large.
        Further occurrences of this warning will be suppressed. {"history": "Interactive.148", "point": 1, "testname": "VT26_TOP_top_tb_TRAN_CMFB", "cornername": "Nominal"}
[2026-06-11 06:57:37.748 Z] [WARN] [cadence.virtuoso.ade.simulationMonitor] -     WARNING (CMI-2424): topsy_cmfb_tb.I0.I1|I4|C1(0)_turbo_m11: `Voffcv' = -867.4e-03 is unusually small. {"history": "Interactive.148", "point": 1, "testname": "VT26_TOP_top_tb_TRAN_CMFB", "cornername": "Nominal"}
[2026-06-11 06:57:37.748 Z] [WARN] [cadence.virtuoso.ade.simulationMonitor] -     WARNING (CMI-2424): topsy_cmfb_tb.I0.I1|I4|C1(0)_turbo_m11: `Voffcv' = -867.4e-03 is unusually small. {"history": "Interactive.148", "point": 1, "testname": "VT26_TOP_top_tb_TRAN_CMFB", "cornername": "Nominal"}
[2026-06-11 06:57:37.748 Z] [WARN] [cadence.virtuoso.ade.simulationMonitor] -     WARNING (CMI-2424): topsy_cmfb_tb.I0.I1|I0|C0(0)_turbo_m6: `Voffcv' = -867.4e-03 is unusually small.
        Further occurrences of this warning will be suppressed. {"history": "Interactive.148", "point": 1, "testname": "VT26_TOP_top_tb_TRAN_CMFB", "cornername": "Nominal"}
[2026-06-11 06:57:37.749 Z] [WARN] [cadence.virtuoso.ade.simulationMonitor] -     WARNING (SPECTRE-17607): Assert `SOAC_vert10_vsubpsub' is ignored because it contains an expression which is invalid or not supported by native evaluator.  {"history": "Interactive.148", "point": 1, "testname": "VT26_TOP_top_tb_TRAN_CMFB", "cornername": "Nominal"}
[2026-06-11 06:57:37.749 Z] [WARN] [cadence.virtuoso.ade.simulationMonitor] -     WARNING (SPECTRE-17607): Assert `SOAC_vert10_vcsub' is ignored because it contains an expression which is invalid or not supported by native evaluator.  {"history": "Interactive.148", "point": 1, "testname": "VT26_TOP_top_tb_TRAN_CMFB", "cornername": "Nominal"}
[2026-06-11 06:57:37.749 Z] [WARN] [cadence.virtuoso.ade.simulationMonitor] -     WARNING (SPECTRE-17607): Assert `SOAC_rpolyh_vminuspsub' is ignored because it contains an expression which is invalid or not supported by native evaluator.  {"history": "Interactive.148", "point": 1, "testname": "VT26_TOP_top_tb_TRAN_CMFB", "cornername": "Nominal"}
[2026-06-11 06:57:37.749 Z] [WARN] [cadence.virtuoso.ade.simulationMonitor] -     WARNING (SPECTRE-17607): Assert `SOAC_rpolyh_vpluspsub' is ignored because it contains an expression which is invalid or not supported by native evaluator.  {"history": "Interactive.148", "point": 1, "testname": "VT26_TOP_top_tb_TRAN_CMFB", "cornername": "Nominal"}
[2026-06-11 06:57:37.749 Z] [WARN] [cadence.virtuoso.ade.simulationMonitor] -     WARNING (SPECTRE-17607): Assert `SOAC_rpoly2_vminuspsub' is ignored because it contains an expression which is invalid or not supported by native evaluator. 
        Further occurrences of this warning will be suppressed. {"history": "Interactive.148", "point": 1, "testname": "VT26_TOP_top_tb_TRAN_CMFB", "cornername": "Nominal"}
[2026-06-11 06:57:37.749 Z] [WARN] [cadence.virtuoso.ade.simulationMonitor] -     WARNING (SPECTRE-16460): SOAC_cvarm_vspsub:Specified subcircuit master `cvarm' was not found. {"history": "Interactive.148", "point": 1, "testname": "VT26_TOP_top_tb_TRAN_CMFB", "cornername": "Nominal"}
[2026-06-11 06:57:37.749 Z] [WARN] [cadence.virtuoso.ade.simulationMonitor] -     WARNING (SPECTRE-16462): SOAC_cvarm_vspsub:Error in specification of subcircuit master. Assert is ignored. {"history": "Interactive.148", "point": 1, "testname": "VT26_TOP_top_tb_TRAN_CMFB", "cornername": "Nominal"}
[2026-06-11 06:57:37.749 Z] [WARN] [cadence.virtuoso.ade.simulationMonitor] -     WARNING (SPECTRE-16460): SOAC_cvarm_vbs:Specified subcircuit master `cvarm' was not found. {"history": "Interactive.148", "point": 1, "testname": "VT26_TOP_top_tb_TRAN_CMFB", "cornername": "Nominal"}
[2026-06-11 06:57:37.749 Z] [WARN] [cadence.virtuoso.ade.simulationMonitor] -     WARNING (SPECTRE-16462): SOAC_cvarm_vbs:Error in specification of subcircuit master. Assert is ignored. {"history": "Interactive.148", "point": 1, "testname": "VT26_TOP_top_tb_TRAN_CMFB", "cornername": "Nominal"}
[2026-06-11 06:57:37.749 Z] [WARN] [cadence.virtuoso.ade.simulationMonitor] -     WARNING (SPECTRE-16460): SOAC_cvarm_vgb:Specified subcircuit master `cvarm' was not found. {"history": "Interactive.148", "point": 1, "testname": "VT26_TOP_top_tb_TRAN_CMFB", "cornername": "Nominal"}
[2026-06-11 06:57:37.749 Z] [WARN] [cadence.virtuoso.ade.simulationMonitor] -     WARNING (SPECTRE-16462): SOAC_cvarm_vgb:Error in specification of subcircuit master. Assert is ignored. {"history": "Interactive.148", "point": 1, "testname": "VT26_TOP_top_tb_TRAN_CMFB", "cornername": "Nominal"}
[2026-06-11 06:57:37.749 Z] [WARN] [cadence.virtuoso.ade.simulationMonitor] -     WARNING (SPECTRE-16460): SOAC_cvart_vspsub:Specified subcircuit master `cvart' was not found. {"history": "Interactive.148", "point": 1, "testname": "VT26_TOP_top_tb_TRAN_CMFB", "cornername": "Nominal"}
[2026-06-11 06:57:37.749 Z] [WARN] [cadence.virtuoso.ade.simulationMonitor] -     WARNING (SPECTRE-16462): SOAC_cvart_vspsub:Error in specification of subcircuit master. Assert is ignored. {"history": "Interactive.148", "point": 1, "testname": "VT26_TOP_top_tb_TRAN_CMFB", "cornername": "Nominal"}
[2026-06-11 06:57:37.749 Z] [WARN] [cadence.virtuoso.ade.simulationMonitor] -     WARNING (SPECTRE-16460): SOAC_cvart_vbs:Specified subcircuit master `cvart' was not found.
        Further occurrences of this warning will be suppressed. {"history": "Interactive.148", "point": 1, "testname": "VT26_TOP_top_tb_TRAN_CMFB", "cornername": "Nominal"}
[2026-06-11 06:57:37.749 Z] [WARN] [cadence.virtuoso.ade.simulationMonitor] -     WARNING (SPECTRE-16462): SOAC_cvart_vbs:Error in specification of subcircuit master. Assert is ignored.
        Further occurrences of this warning will be suppressed. {"history": "Interactive.148", "point": 1, "testname": "VT26_TOP_top_tb_TRAN_CMFB", "cornername": "Nominal"}
[2026-06-11 06:57:37.750 Z] [INFO] [cadence.virtuoso.ade.simulationMonitor] - Notice from spectre during topology check.
    Only one connection to the following 27 nodes:
        vdd3rAS!
        vdd3rA!
        vdd3r!
        vdd3oAS!
        vdd3oA!
        Further occurrences of this notice will be suppressed.
    No DC path from node `topsy_cmfb_tb.I0.I3|I43|RLIB_GC1.net9' to ground, Gmin installed to provide path.
    No DC path from node `topsy_cmfb_tb.I0.I3|I46|RLIB_GC1.net9' to ground, Gmin installed to provide path.
    No DC path from node `topsy_cmfb_tb.I0.I19|I27|R19.ne... {"history": "Interactive.148", "point": 1, "testname": "VT26_TOP_top_tb_TRAN_CMFB", "cornername": "Nominal"}
[2026-06-11 06:57:39.250 Z] [WARN] [cadence.virtuoso.ade.simulationMonitor] -     WARNING (SPECTRE-592): Following parameters are disabled because they are ignored or redefined in Spectre X:
        Option Parameters:
          iabstol
          reltol
          vabstol
        Tran Parameters:
          errpreset
          maxiters
         {"history": "Interactive.148", "point": 1, "testname": "VT26_TOP_top_tb_TRAN_CMFB", "cornername": "Nominal"}
[2026-06-11 06:57:39.250 Z] [INFO] [cadence.virtuoso.ade.simulationMonitor] -               nodes 25799 {"history": "Interactive.148", "point": 1, "testname": "VT26_TOP_top_tb_TRAN_CMFB", "cornername": "Nominal"}
[2026-06-11 06:57:39.251 Z] [INFO] [cadence.virtuoso.ade.simulationMonitor] - Notice from spectre during initial setup.
    4 resistors are shorted because their absolute value is less than or equal to 'rabsshort'.
    Spectre X preset=vx enabled.
    Spectre X postlpreset=vx enabled.
    7 notices suppressed.
    39 warnings suppressed. {"history": "Interactive.148", "point": 1, "testname": "VT26_TOP_top_tb_TRAN_CMFB", "cornername": "Nominal"}
[2026-06-11 06:57:39.251 Z] [INFO] [cadence.virtuoso.ade.simulationMonitor] - Notice from spectre.
    Multithreading enabled: 8 threads in the system with 16 available processors. {"history": "Interactive.148", "point": 1, "testname": "VT26_TOP_top_tb_TRAN_CMFB", "cornername": "Nominal"}
[2026-06-11 06:57:39.251 Z] [INFO] [cadence.virtuoso.ade.simulationMonitor] - Peak resident memory used = 476 Mbytes. {"history": "Interactive.148", "point": 1, "testname": "VT26_TOP_top_tb_TRAN_CMFB", "cornername": "Nominal"}
[2026-06-11 06:57:39.251 Z] [INFO] [cadence.virtuoso.ade.simulationMonitor] -    -   (Spectre X) Multi-threading. The recommended number of threads is [8, 16], consider adding +mt=8 or +mt=16 on command line. {"history": "Interactive.148", "point": 1, "testname": "VT26_TOP_top_tb_TRAN_CMFB", "cornername": "Nominal"}
[2026-06-11 06:57:39.251 Z] [INFO] [cadence.virtuoso.ade.simulationMonitor] - Notice from spectre during transient analysis `tran'.
    No checklimit analysis defined for asserts. A default checklimit analysis 'SpectreChecklimitAnal' has been created with all asserts enabled. {"history": "Interactive.148", "point": 1, "testname": "VT26_TOP_top_tb_TRAN_CMFB", "cornername": "Nominal"}
[2026-06-11 06:57:40.759 Z] [INFO] [cadence.virtuoso.ade.simulationMonitor] - Notice from spectre during IC analysis, during transient analysis `tran'.
    GminDC = 1 pS is large enough to noticeably affect the DC solution.
        dV(topsy_cmfb_tb.I0.27\:vinp) = -200.697 mV
        Use the `gmin_check' option to eliminate or expand this report.
    Bad pivoting is found during DC analysis. Option dc_pivot_check=yes is recommended for possible improvement of convergence. {"history": "Interactive.148", "point": 1, "testname": "VT26_TOP_top_tb_TRAN_CMFB", "cornername": "Nominal"}
[2026-06-11 06:57:40.759 Z] [INFO] [cadence.virtuoso.ade.simulationMonitor] - Notice from spectre during transient analysis `tran'.
    Output compression for transient analysis is enabled. {"history": "Interactive.148", "point": 1, "testname": "VT26_TOP_top_tb_TRAN_CMFB", "cornername": "Nominal"}
[2026-06-11 07:00:20.222 Z] [INFO] [cadence.virtuoso.ade.simulationMonitor] - Memory Usage - Current physical: 684.1M, Current virtual: 952.1M, Peak physical: 684.1M {"history": "Interactive.148", "point": 1, "testname": "VT26_TOP_top_tb_TRAN_CMFB", "cornername": "Nominal"}
[2026-06-11 07:00:20.222 Z] [INFO] [cadence.virtuoso.ade.simulationMonitor] - CPU Usage - 0.6s system + 2.9s user = 3.5s total (2.0% cpu) {"history": "Interactive.148", "point": 1, "testname": "VT26_TOP_top_tb_TRAN_CMFB", "cornername": "Nominal"}
[2026-06-11 07:00:20.722 Z] [INFO] [cadence.virtuoso.ade.simulationMonitor] - Total time required for tran analysis `tran': CPU = 954.512 s (15m  54.5s), elapsed = 161.329 s (2m  41.3s), util. = 592%. {"history": "Interactive.148", "point": 1, "testname": "VT26_TOP_top_tb_TRAN_CMFB", "cornername": "Nominal"}
[2026-06-11 07:00:20.723 Z] [INFO] [cadence.virtuoso.ade.simulationMonitor] - Peak resident memory used = 678 Mbytes. {"history": "Interactive.148", "point": 1, "testname": "VT26_TOP_top_tb_TRAN_CMFB", "cornername": "Nominal"}
[2026-06-11 07:00:20.723 Z] [WARN] [cadence.virtuoso.ade.simulationMonitor] -     WARNING (SPECTRE-16518): An arithmetic exception occurred in analysis `finalTimeOP' . Use `+diagnose' command-line option to get more information. {"history": "Interactive.148", "point": 1, "testname": "VT26_TOP_top_tb_TRAN_CMFB", "cornername": "Nominal"}
[2026-06-11 07:00:20.723 Z] [WARN] [cadence.virtuoso.ade.simulationMonitor] -     WARNING (CMI-2425): topsy_cmfb_tb.I0.I1|I4|C1(0)_turbo_m11: `Acde' = 2.393 is unusually large. {"history": "Interactive.148", "point": 1, "testname": "VT26_TOP_top_tb_TRAN_CMFB", "cornername": "Nominal"}
[2026-06-11 07:00:20.723 Z] [WARN] [cadence.virtuoso.ade.simulationMonitor] -     WARNING (CMI-2425): topsy_cmfb_tb.I0.I1|I4|C1(0)_turbo_m11: `Noff' = 4.732 is unusually large. {"history": "Interactive.148", "point": 1, "testname": "VT26_TOP_top_tb_TRAN_CMFB", "cornername": "Nominal"}
[2026-06-11 07:00:20.723 Z] [WARN] [cadence.virtuoso.ade.simulationMonitor] -     WARNING (CMI-2424): topsy_cmfb_tb.I0.I1|I4|C1(0)_turbo_m11: `Voffcv' = -867.4e-03 is unusually small. {"history": "Interactive.148", "point": 1, "testname": "VT26_TOP_top_tb_TRAN_CMFB", "cornername": "Nominal"}
[2026-06-11 07:00:20.723 Z] [WARN] [cadence.virtuoso.ade.simulationMonitor] -     WARNING (CMI-2425): topsy_cmfb_tb.I0.I1|I0|C0(0)_turbo_m6: `Acde' = 2.393 is unusually large. {"history": "Interactive.148", "point": 1, "testname": "VT26_TOP_top_tb_TRAN_CMFB", "cornername": "Nominal"}
[2026-06-11 07:00:20.723 Z] [WARN] [cadence.virtuoso.ade.simulationMonitor] -     WARNING (CMI-2425): topsy_cmfb_tb.I0.I1|I0|C0(0)_turbo_m6: `Noff' = 4.732 is unusually large. {"history": "Interactive.148", "point": 1, "testname": "VT26_TOP_top_tb_TRAN_CMFB", "cornername": "Nominal"}
[2026-06-11 07:00:20.723 Z] [WARN] [cadence.virtuoso.ade.simulationMonitor] -     WARNING (CMI-2424): topsy_cmfb_tb.I0.I1|I0|C0(0)_turbo_m6: `Voffcv' = -867.4e-03 is unusually small. {"history": "Interactive.148", "point": 1, "testname": "VT26_TOP_top_tb_TRAN_CMFB", "cornername": "Nominal"}
[2026-06-11 07:00:20.723 Z] [WARN] [cadence.virtuoso.ade.simulationMonitor] -     WARNING (CMI-2425): topsy_cmfb_tb.I0.I1|I3|C1(0)_turbo_m6: `Acde' = 2.393 is unusually large.
        Further occurrences of this warning will be suppressed. {"history": "Interactive.148", "point": 1, "testname": "VT26_TOP_top_tb_TRAN_CMFB", "cornername": "Nominal"}
[2026-06-11 07:00:20.723 Z] [WARN] [cadence.virtuoso.ade.simulationMonitor] -     WARNING (CMI-2424): topsy_cmfb_tb.I0.I1|I3|C1(0)_turbo_m6: `Voffcv' = -867.4e-03 is unusually small. {"history": "Interactive.148", "point": 1, "testname": "VT26_TOP_top_tb_TRAN_CMFB", "cornername": "Nominal"}
[2026-06-11 07:00:20.723 Z] [WARN] [cadence.virtuoso.ade.simulationMonitor] -     WARNING (CMI-2424): topsy_cmfb_tb.I0.I1|I4|C1(0)_turbo_m11: `Voffcv' = -867.4e-03 is unusually small. {"history": "Interactive.148", "point": 1, "testname": "VT26_TOP_top_tb_TRAN_CMFB", "cornername": "Nominal"}
[2026-06-11 07:00:20.724 Z] [WARN] [cadence.virtuoso.ade.simulationMonitor] -     WARNING (CMI-2424): topsy_cmfb_tb.I0.I1|I0|C0(0)_turbo_m6: `Voffcv' = -867.4e-03 is unusually small.
        Further occurrences of this warning will be suppressed. {"history": "Interactive.148", "point": 1, "testname": "VT26_TOP_top_tb_TRAN_CMFB", "cornername": "Nominal"}
[2026-06-11 07:00:20.724 Z] [INFO] [cadence.virtuoso.ade.simulationMonitor] - Notice from spectre.
    8 warnings suppressed. {"history": "Interactive.148", "point": 1, "testname": "VT26_TOP_top_tb_TRAN_CMFB", "cornername": "Nominal"}
[2026-06-11 07:00:20.724 Z] [WARN] [cadence.virtuoso.ade.simulationMonitor] -     WARNING (CMI-2425): topsy_cmfb_tb.I0.I1|I4|C1(0)_turbo_m11: `Acde' = 2.393 is unusually large. {"history": "Interactive.148", "point": 1, "testname": "VT26_TOP_top_tb_TRAN_CMFB", "cornername": "Nominal"}
[2026-06-11 07:00:20.724 Z] [WARN] [cadence.virtuoso.ade.simulationMonitor] -     WARNING (CMI-2425): topsy_cmfb_tb.I0.I1|I4|C1(0)_turbo_m11: `Noff' = 4.732 is unusually large. {"history": "Interactive.148", "point": 1, "testname": "VT26_TOP_top_tb_TRAN_CMFB", "cornername": "Nominal"}
[2026-06-11 07:00:20.724 Z] [WARN] [cadence.virtuoso.ade.simulationMonitor] -     WARNING (CMI-2424): topsy_cmfb_tb.I0.I1|I4|C1(0)_turbo_m11: `Voffcv' = -867.4e-03 is unusually small. {"history": "Interactive.148", "point": 1, "testname": "VT26_TOP_top_tb_TRAN_CMFB", "cornername": "Nominal"}
[2026-06-11 07:00:20.724 Z] [WARN] [cadence.virtuoso.ade.simulationMonitor] -     WARNING (CMI-2425): topsy_cmfb_tb.I0.I1|I0|C0(0)_turbo_m6: `Acde' = 2.393 is unusually large. {"history": "Interactive.148", "point": 1, "testname": "VT26_TOP_top_tb_TRAN_CMFB", "cornername": "Nominal"}
[2026-06-11 07:00:20.724 Z] [WARN] [cadence.virtuoso.ade.simulationMonitor] -     WARNING (CMI-2425): topsy_cmfb_tb.I0.I1|I0|C0(0)_turbo_m6: `Noff' = 4.732 is unusually large. {"history": "Interactive.148", "point": 1, "testname": "VT26_TOP_top_tb_TRAN_CMFB", "cornername": "Nominal"}
[2026-06-11 07:00:20.724 Z] [WARN] [cadence.virtuoso.ade.simulationMonitor] -     WARNING (CMI-2424): topsy_cmfb_tb.I0.I1|I0|C0(0)_turbo_m6: `Voffcv' = -867.4e-03 is unusually small. {"history": "Interactive.148", "point": 1, "testname": "VT26_TOP_top_tb_TRAN_CMFB", "cornername": "Nominal"}
[2026-06-11 07:00:20.724 Z] [WARN] [cadence.virtuoso.ade.simulationMonitor] -     WARNING (CMI-2425): topsy_cmfb_tb.I0.I1|I3|C1(0)_turbo_m6: `Acde' = 2.393 is unusually large.
        Further occurrences of this warning will be suppressed. {"history": "Interactive.148", "point": 1, "testname": "VT26_TOP_top_tb_TRAN_CMFB", "cornername": "Nominal"}
[2026-06-11 07:00:20.724 Z] [WARN] [cadence.virtuoso.ade.simulationMonitor] -     WARNING (CMI-2424): topsy_cmfb_tb.I0.I1|I3|C1(0)_turbo_m6: `Voffcv' = -867.4e-03 is unusually small. {"history": "Interactive.148", "point": 1, "testname": "VT26_TOP_top_tb_TRAN_CMFB", "cornername": "Nominal"}
[2026-06-11 07:00:20.724 Z] [WARN] [cadence.virtuoso.ade.simulationMonitor] -     WARNING (CMI-2424): topsy_cmfb_tb.I0.I1|I3|C1(0)_dummy: `Voffcv' = -867.4e-03 is unusually small. {"history": "Interactive.148", "point": 1, "testname": "VT26_TOP_top_tb_TRAN_CMFB", "cornername": "Nominal"}
[2026-06-11 07:00:20.724 Z] [WARN] [cadence.virtuoso.ade.simulationMonitor] -     WARNING (CMI-2424): topsy_cmfb_tb.I0.I1|I0|C0(0)_dummy: `Voffcv' = -867.4e-03 is unusually small. {"history": "Interactive.148", "point": 1, "testname": "VT26_TOP_top_tb_TRAN_CMFB", "cornername": "Nominal"}
[2026-06-11 07:00:21.224 Z] [INFO] [cadence.virtuoso.ade.simulationMonitor] - Notice from spectre.
    17 warnings suppressed. {"history": "Interactive.148", "point": 1, "testname": "VT26_TOP_top_tb_TRAN_CMFB", "cornername": "Nominal"}
[2026-06-11 07:00:21.224 Z] [WARN] [cadence.virtuoso.ade.simulationMonitor] -     WARNING (CMI-2425): topsy_cmfb_tb.I0.I1|I4|C1(0)_turbo_m11: `Acde' = 2.393 is unusually large. {"history": "Interactive.148", "point": 1, "testname": "VT26_TOP_top_tb_TRAN_CMFB", "cornername": "Nominal"}
[2026-06-11 07:00:21.225 Z] [WARN] [cadence.virtuoso.ade.simulationMonitor] -     WARNING (CMI-2425): topsy_cmfb_tb.I0.I1|I4|C1(0)_turbo_m11: `Noff' = 4.732 is unusually large. {"history": "Interactive.148", "point": 1, "testname": "VT26_TOP_top_tb_TRAN_CMFB", "cornername": "Nominal"}
[2026-06-11 07:00:21.225 Z] [WARN] [cadence.virtuoso.ade.simulationMonitor] -     WARNING (CMI-2424): topsy_cmfb_tb.I0.I1|I4|C1(0)_turbo_m11: `Voffcv' = -867.4e-03 is unusually small. {"history": "Interactive.148", "point": 1, "testname": "VT26_TOP_top_tb_TRAN_CMFB", "cornername": "Nominal"}
[2026-06-11 07:00:21.225 Z] [WARN] [cadence.virtuoso.ade.simulationMonitor] -     WARNING (CMI-2425): topsy_cmfb_tb.I0.I1|I0|C0(0)_turbo_m6: `Acde' = 2.393 is unusually large. {"history": "Interactive.148", "point": 1, "testname": "VT26_TOP_top_tb_TRAN_CMFB", "cornername": "Nominal"}
[2026-06-11 07:00:21.225 Z] [WARN] [cadence.virtuoso.ade.simulationMonitor] -     WARNING (CMI-2425): topsy_cmfb_tb.I0.I1|I0|C0(0)_turbo_m6: `Noff' = 4.732 is unusually large. {"history": "Interactive.148", "point": 1, "testname": "VT26_TOP_top_tb_TRAN_CMFB", "cornername": "Nominal"}
[2026-06-11 07:00:21.225 Z] [WARN] [cadence.virtuoso.ade.simulationMonitor] -     WARNING (CMI-2424): topsy_cmfb_tb.I0.I1|I0|C0(0)_turbo_m6: `Voffcv' = -867.4e-03 is unusually small. {"history": "Interactive.148", "point": 1, "testname": "VT26_TOP_top_tb_TRAN_CMFB", "cornername": "Nominal"}
[2026-06-11 07:00:21.225 Z] [WARN] [cadence.virtuoso.ade.simulationMonitor] -     WARNING (CMI-2425): topsy_cmfb_tb.I0.I1|I3|C1(0)_turbo_m6: `Acde' = 2.393 is unusually large.
        Further occurrences of this warning will be suppressed. {"history": "Interactive.148", "point": 1, "testname": "VT26_TOP_top_tb_TRAN_CMFB", "cornername": "Nominal"}
[2026-06-11 07:00:21.225 Z] [WARN] [cadence.virtuoso.ade.simulationMonitor] -     WARNING (CMI-2424): topsy_cmfb_tb.I0.I1|I3|C1(0)_turbo_m6: `Voffcv' = -867.4e-03 is unusually small. {"history": "Interactive.148", "point": 1, "testname": "VT26_TOP_top_tb_TRAN_CMFB", "cornername": "Nominal"}
[2026-06-11 07:00:21.225 Z] [WARN] [cadence.virtuoso.ade.simulationMonitor] -     WARNING (CMI-2424): topsy_cmfb_tb.I0.I1|I4|C1(0)_turbo_m11: `Voffcv' = -867.4e-03 is unusually small. {"history": "Interactive.148", "point": 1, "testname": "VT26_TOP_top_tb_TRAN_CMFB", "cornername": "Nominal"}
[2026-06-11 07:00:21.225 Z] [WARN] [cadence.virtuoso.ade.simulationMonitor] -     WARNING (CMI-2424): topsy_cmfb_tb.I0.I1|I0|C0(0)_turbo_m6: `Voffcv' = -867.4e-03 is unusually small.
        Further occurrences of this warning will be suppressed. {"history": "Interactive.148", "point": 1, "testname": "VT26_TOP_top_tb_TRAN_CMFB", "cornername": "Nominal"}
[2026-06-11 07:00:21.225 Z] [INFO] [cadence.virtuoso.ade.simulationMonitor] - Notice from spectre.
    8 warnings suppressed. {"history": "Interactive.148", "point": 1, "testname": "VT26_TOP_top_tb_TRAN_CMFB", "cornername": "Nominal"}
[2026-06-11 07:00:21.225 Z] [INFO] [cadence.virtuoso.ade.simulationMonitor] - Time used: CPU = 960 s (15m  59.9s), elapsed = 167 s (2m  47.0s), util. = 575%. {"history": "Interactive.148", "point": 1, "testname": "VT26_TOP_top_tb_TRAN_CMFB", "cornername": "Nominal"}
[2026-06-11 07:00:21.225 Z] [INFO] [cadence.virtuoso.ade.simulationMonitor] - Time spent in licensing: elapsed = 76.9 ms. {"history": "Interactive.148", "point": 1, "testname": "VT26_TOP_top_tb_TRAN_CMFB", "cornername": "Nominal"}
[2026-06-11 07:00:21.225 Z] [INFO] [cadence.virtuoso.ade.simulationMonitor] - Peak memory used = 677 Mbytes. {"history": "Interactive.148", "point": 1, "testname": "VT26_TOP_top_tb_TRAN_CMFB", "cornername": "Nominal"}
[2026-06-11 07:00:21.225 Z] [PROCESS] [cadence.virtuoso.ade.simulationMonitor] - Simulation started at: 6:57:33 AM, Thur Jun 11, 2026, ended at: 7:00:20 AM, Thur Jun 11, 2026, with elapsed time (wall clock): 167 s (2m  47.0s). {"history": "Interactive.148", "point": 1, "testname": "VT26_TOP_top_tb_TRAN_CMFB", "cornername": "Nominal"}
[2026-06-11 07:00:21.225 Z] [PROCESS] [cadence.virtuoso.ade.simulationMonitor] - spectre completes with 0 errors, 79 warnings, and 27 notices. {"history": "Interactive.148", "point": 1, "testname": "VT26_TOP_top_tb_TRAN_CMFB", "cornername": "Nominal"}
[2026-06-11 07:00:21.225 Z] [INFO] [cadence.virtuoso.ade.simulationMonitor] - xmsim: Memory Usage - Final: 681.2M, Peak: 683.6M, Peak virtual: 1012.6M {"history": "Interactive.148", "point": 1, "testname": "VT26_TOP_top_tb_TRAN_CMFB", "cornername": "Nominal"}
[2026-06-11 07:00:21.225 Z] [INFO] [cadence.virtuoso.ade.simulationMonitor] - xmsim: CPU Usage - 19.1s system + 945.2s user = 964.3s total (171.2s, 100.0% cpu) {"history": "Interactive.148", "point": 1, "testname": "VT26_TOP_top_tb_TRAN_CMFB", "cornername": "Nominal"}
[2026-06-11 07:00:21.226 Z] [PROCESS] [cadence.virtuoso.ade.simulationMonitor] - Finished simulating for one point {"hostname": "edatools", "processid": 1361259, "history": "Interactive.148", "testname": "VT26_TOP_top_tb_TRAN_CMFB", "cornername": "Nominal", "point": 1, "logfile": "/home/saul/projects/IL2244_VT26_SAUL/logs_saul/logs0/Job6.log", "simid": "1"}
[2026-06-11 07:00:21.226 Z] [PROCESS] [cadence.virtuoso.ade.simulationMonitor] - Simulator exited {"hostname": "edatools", "processid": 1361259, "history": "Interactive.148", "testname": "VT26_TOP_top_tb_TRAN_CMFB", "cornername": "Nominal", "point": 1, "logfile": "/home/saul/projects/IL2244_VT26_SAUL/logs_saul/logs0/Job6.log", "exitStatus": "0"}
[2026-06-11 07:00:21.226 Z] [PROCESS] [cadence.virtuoso.ade.simulationMonitor] - Finished Simulation {"hostname": "edatools", "processid": 1361259, "history": "Interactive.148", "testname": "VT26_TOP_top_tb_TRAN_CMFB", "cornername": "Nominal", "point": 1, "logfile": "/home/saul/projects/IL2244_VT26_SAUL/logs_saul/logs0/Job6.log", "simid": "1"}
[2026-06-11 07:00:22.731 Z] [PROCESS] [cadence.virtuoso.ade.simulationMonitor] - Point Finished {"hostname": "edatools", "processid": 1361259, "history": "Interactive.148", "testname": "VT26_TOP_top_tb_TRAN_CMFB", "cornername": "Nominal", "point": 1, "logfile": "/home/saul/projects/IL2244_VT26_SAUL/logs_saul/logs0/Job6.log"}
[2026-06-11 07:00:23.733 Z] [PROCESS] [cadence.virtuoso.ade.simulationMonitor] - Stay with the runId '5', Linger time '300', currentRunSyn '11', currentTestSyn '12' {"hostname": "edatools", "processid": 1361259, "history": "Interactive.148", "testname": "VT26_TOP_top_tb_TRAN_CMFB", "cornername": "Nominal", "point": 1, "logfile": "/home/saul/projects/IL2244_VT26_SAUL/logs_saul/logs0/Job6.log"}
[2026-06-11 07:05:24.795 Z] [PROCESS] [cadence.virtuoso.ade.simulationMonitor] - Current memory used: 52.3750 MBytes, peak memory used: 52.3750 MBytes {"hostname": "edatools", "processid": 1361259, "history": "Interactive.148", "testname": "VT26_TOP_top_tb_TRAN_CMFB", "cornername": "Nominal", "point": 1, "logfile": "/home/saul/projects/IL2244_VT26_SAUL/logs_saul/logs0/Job6.log"}
[2026-06-11 07:05:24.795 Z] [PROCESS] [cadence.virtuoso.ade.simulationMonitor] - Simulation Monitor process exit. {"hostname": "edatools", "processid": 1361259, "history": "Interactive.148", "testname": "VT26_TOP_top_tb_TRAN_CMFB", "cornername": "Nominal", "point": 1, "logfile": "/home/saul/projects/IL2244_VT26_SAUL/logs_saul/logs0/Job6.log"}
