\# Program start time:     UTC 2026.05.26 08:11:53.867
\# Local time: UTC (UTC+00:00) 2026.05.26 08:11:53.867
\o Program:		@(#)$CDS: virtuoso version 6.1.8-64b 09/03/2024 19:11 (sjfhw316) $
\o Hierarchy:		/opt/tools/cadence/installs/IC618/tools.lnx86/dfII/
\o Sub version:		sub-version  IC6.1.8-64b.500.36  (64-bit addresses)
\# Command line:	/opt/tools/cadence/installs/IC618/tools.lnx86/dfII/bin/64bit/virtuoso -beanhost edatools -beanport 11300 -beanbinlog  -beanLogFile /home/saul/projects/IL2244_VT26_SAUL/logs_saul/logs0/amps_Service37.log -mpssession virtuoso93243 -mpshost edatools -davinciService DaVinciService_93243_1779769417 -scopedPid 93243 -axlSession fnxSession1 -axlServiceIdFlag 37 -uuid 742bd3a9-8481-43c2-9f37-17ef82fa1989 -heartbeat /dev/shm/swift-heartbeat.2BOsWCycNT -log /home/saul/projects/IL2244_VT26_SAUL/logs_saul/logs0/Service37.log -noautostart -nographE -lscs 000175E1894CBE06FF0966E38F1FFC06BC4D138FFC7EFC06BC4D68F886089075D3225CD1A12FD236867F66E38F1FFC06BC4D66E38F1FFC06BC4D0CF6DAD7A9CED65800001E7A -interactive -offlineExprEval -fenixMode assembler -heartbeatTimeout  -lingerTimeout 300 -pointlifetime -1
\# Host name (type):	edatools (x86_64)
\# Operating system:	Linux 6.17.0-29-generic #29~24.04.1-Ubuntu SMP PREEMPT_DYNAMIC Mon May 11 10:30:58 UTC 2
\# Linux /etc/issue:	\S
\# Linux /etc/issue:	Kernel \r on an \m
\# X display name (WxH):	:5391 (1024x868)
\# Available geometry:			TL(0:0) BR(1023:867)
\# X server:			The X.Org Foundation
\# Depth of Visual (Root):	24 (24)
\# Number of Planes Used:	24
\# X version:		11.0 (vendor release 12011000)
\# X resource pool:	base 0x400000, mask 0x1fffff (2097151), shift 0
\# 			current id 0x0, current max 0x1ffffa (2097146)
\# Max data seg size:	     unlimited
\# Max process size:	     unlimited
\# Initial sbrk value:	      1,217 MB
\# Available memory:	     53,660 MB
\# System memory:	     72,238 MB
\# Maximum memory size:	     71,140 MB
\# Max mem available:	     53,779 MB
\# Initial memory used:	        119 MB
\#        process size:	      1,676 MB
\# Thread usage limits (effective/default):	maxthreads 4294967295/4294967295 maxload 16.00/16.00
\# Qt version:		5.9.1
\# Window Manager:	other
\# User Name:		saul
\o Working Directory:	edatools:/home/saul/projects/IL2244_VT26_SAUL
\# Process Id:		227877
\o 
\o COPYRIGHT (C) 1992-2024  CADENCE DESIGN SYSTEMS INC.  ALL RIGHTS RESERVED.
\o           (C) 1992-2024  UNIX SYSTEMS Laboratories INC.,
\o                          Reproduced with permission.
\o 
\o This Cadence Design Systems program and online documentation are
\o proprietary/confidential information and may be disclosed/used only
\o as authorized in a license agreement controlling such use and disclosure.
\o 
\o           RESTRICTED RIGHTS NOTICE (SHORT FORM)
\o Use/reproduction/disclosure is subject to restriction
\o set forth at FAR 1252.227-19 or its equivalent.
\o Loading geView.cxt 
\o Loading menuBuilder.cxt 
\o Loading schView.cxt 
\o Loading selectSv.cxt 
\o Loading wireEdit.cxt 
\o Loading pte2.cxt 
\o Loading xlUI.cxt 
\o Loading auCore.cxt 
\o Loading vhdl.cxt 
\o Loading seismic.cxt 
\o Loading ci.cxt 
\o Loading ams.cxt 
\o Loading oasis.cxt 
\o Loading analog.cxt 
\o Loading asimenv.cxt 
\o Loading dal.cxt 
\o Loading awv.cxt 
\o Loading socket.cxt 
\o Loading par.cxt 
\o Loading alvs.cxt 
\o Loading caa.cxt 
\o Loading amps.cxt 
\o Loading adexlCore.cxt 
\o Loading adexl.cxt 
\o *Info*    Exporting services from client ... 
\o 
\o Loading adexlDM.cxt 
\o Loading cpf.cxt 
\o Loading cli.cxt 
\o Loading lp.cxt 
\o INFO (ELI-00302) Connecting to parent process (session=virtuoso93243, host=edatools). Connection mode is LSCS. Total timeout is 180 seconds. Connection timeout is 90 seconds.
\o INFO (ELI-00303) Step 1: Connecting to parent. Time spent is 0 seconds.
\o INFO (ELI-00304) The registration of the child 227877 within 90 seconds is being processed...
\o INFO (ELI-00305) The result of registration is true. Time spent is 0 seconds.
\o INFO (ELI-00308) The connection has ended. Result is true. Total time spent is 0 seconds.
\# [08:11:53.445330] Configured Lic search path (22.01-s002): 3000@lic08.ug.kth.se:29000@lic06.ug.kth.se
\o ......................................................................................
\o            ams AG HIT-Kit v.ams_4.10
\o ......................................................................................
\o COPYRIGHT (c) 2012 Full Service Foundry @ ams AG.  ALL RIGHTS RESERVED
\o This HIT-Kit and attached documentation are confidential information and may 
\o only be used as authorized by the HIT-Kit license agreement.
\o ......................................................................................
\# Memory report: using         273 MB, process size 1,960 MB at UTC 2026.05.26 08:11:55.009
\# Current Window: window(2)
\o Loading simulator default settings.
\o //
\o //  Calibre Skill Interface * (v2024.4_12.9) *
\o //
\o //                         Copyright Siemens 1996-2020     
\o //                             All Rights Reserved.
\o //         THIS WORK CONTAINS TRADE SECRET AND PROPRIETARY INFORMATION
\o //            WHICH IS THE PROPERTY OF MENTOR GRAPHICS CORPORATION
\o //              OR ITS LICENSORS AND IS SUBJECT TO LICENSE TERMS.
\o //
\o //
\o Loading simulator default settings.
\p hitkit: ams_4.10  Tech: c35b4c3  User: saul 
\# Loading perfDiag...
\# (PerfDiag): Set GDB path to environment variable 'gdbPath' (gdb).
\# Performance Diagnostic tool is installed. You can access PerfDiag from CIW Tools or use the shell command 'cdsPerfDiag -p 227877' to open it when Virtuoso freezes.
\# (PerfDiag): Use backtrace from GLIBC.
\w *WARNING* _perfPstackCheck: Cannot find pstack/gstack. Please setup PATH environment variable to pstack/gstack executable.
\i _axlRunServices()
\# [08:11:55.369634] Periodic Lic check successful
\# [08:11:55.369642] Feature usage summary:
\o Loading simui.cxt 
\o [2026-05-26 08:11:55.915 Z] [PROCESS] [cadence.virtuoso.ade.services] - Netlist Service has successfully started. Waiting for incoming messages ... {"hostname": "edatools", "processid": 227877, "logfile": "/home/saul/projects/IL2244_VT26_SAUL/logs_saul/logs0/Service37.log"}
\o [2026-05-26 08:11:55.958 Z] [EVENT] [cadence.virtuoso.ade.services.netlister] - NewPoint {"point": 0, "testname": "TRAN_VDD_PULSE", "event": "NewPoint", "EventSource": "Netlist Service", "HistoryName": "Interactive.76", "logFile": "/home/saul/projects/IL2244_VT26_SAUL/logs_saul/logs0/Service37.log", "logFileSize": "5660"}
\o [2026-05-26 08:11:55.959 Z] [INFO] [cadence.virtuoso.ade.services.netlister] - Started preparing netlist {"point": 0, "testname": "TRAN_VDD_PULSE", "testnameKey": "TRAN_VDD_PULSE"}
\o Loading vqp.cxt 
\o Loading vdsil.cxt 
\o *Warning* AXL Context Manager : job 37 is already registered. 
\o 
\o Loading hdlPkg.cxt 
\o 
\o 
\o *Info*    Configuring the session ...
\o 
\o 	Library      = FECG
\o 	Cell         = fecg_front_end_tran_tb
\o 	View         = config
\o 	Simulator    = spectre
\o 	State Path   = $AXL_SETUPDB_DIR/test_states
\o 	State Name   = Interactive.76
\o 	Results DB   = /home/saul/projects/IL2244_VT26_SAUL/FECG/fecg_front_end_tran_tb/maestro/results/maestro/Interactive.76.rdb
\o 	Results Dir  = /home/saul/projects/IL2244_VT26_SAUL/Sim/FECG/fecg_front_end_tran_tb/maestro/results/maestro/Interactive.76/1/TRAN_VDD_PULSE
\o 	Results Loc  = /home/saul/projects/IL2244_VT26_SAUL/Sim/FECG/fecg_front_end_tran_tb/maestro/results/maestro
\o 	Project Dir  = /home/saul/projects/IL2244_VT26_SAUL/Sim
\o 	Setup DB loc = /home/saul/projects/IL2244_VT26_SAUL/FECG/fecg_front_end_tran_tb/maestro
\o 	File Encoding = 0
\o 
\o 
\o Loading viva.cxt 
\o Loading spectrei.cxt 
\o Loading devCheck.cxt 
\o Loading relXpert.cxt 
\o Loading hspiceD.cxt 
\o Loading spectreinl.cxt 
\o Loading msgHandler.cxt 
\o Loading UltraSim.cxt 
\o Loading AMSOSS.cxt 
\o Loading AMS.cxt 
\o 
\o *Info*    The auto suspension is disabled.
\o 
\o Loading elec.cxt 
\o Resetting statistical vars
\o 
\o *Info*    Setting parameter values ...
\o 
\o Setting var CM_PULSE = "0"
\o Setting var F0 = "3.3"
\o Setting var F1 = "3.3"
\o Setting var F2 = "0"
\o Setting var FC = "4k"
\o Setting var S0 = "3.3"
\o Setting var S1 = "0"
\o Setting var S2 = "0"
\o Setting var VCM_AC = "0"
\o Setting var VCM_AMP = "0"
\o Setting var VCM_DC = "1.5"
\o Setting var VDD = "0"
\o Setting var VDD_PULSE = "3.3"
\o Setting var VIN_AC = "1"
\o Setting var VIN_AMP = "0"
\o Setting var VIN_DC = "0"
\o Setting var VIN_FREQ = "50"
\o Setting var VIN_PULSE = "0"
\o Loading monte.cxt 
\o Reusing AHDL Data dir
\o 
\o *Info*    Data Directory    =
\o           /home/saul/projects/IL2244_VT26_SAUL/Sim/FECG/fecg_front_end_tran_tb/maestro/results/maestro/Interactive.76/psf/TRAN_VDD_PULSE
\o 
\o generate netlist...
\o Loading hnlInit.cxt 
\o Loading seCore.cxt 
\o function ansCdlCompPrim redefined
\o function ansCdlCompPrim redefined
\# Memory report: using         413 MB, process size 2,178 MB at UTC 2026.05.26 08:11:58.008
\o Begin Incremental Netlisting May 26 08:11:58 2026
\o WARNING (OSSHNL-225): The design variable 'temperature', used in the last netlisting session in the current
\o run directory is not used in this netlisting session. The netlist(s) generated
\o in the last netlisting session cannot be reused for incremental netlisting.
\o Therefore re-netlisting the design.
\o 
\o Loading json.cxt 
\o End netlisting May 26 08:11:58 2026
\o 
\o Netlisting Statistics:
\o 	Number of components: 1109
\o 
\o 	Elapsed time:          1.0s (1109.00/s)
\o Errors: 0	Warnings: 0
\o       ...successful.
\o compose simulator input file...
\o       ...successful.
\o [2026-05-26 08:11:58.449 Z] [INFO] [cadence.virtuoso.ade.services.netlister] - Finished preparing netlist {"point": 0, "testname": "TRAN_VDD_PULSE", "testnameKey": "TRAN_VDD_PULSE"}
\o [2026-05-26 08:11:59.451 Z] [EVENT] [cadence.virtuoso.ade.services.netlister] - NewPoint {"point": 1, "testname": "TRAN_VDD_PULSE", "event": "NewPoint", "EventSource": "Netlist Service", "HistoryName": "Interactive.76", "logFile": "/home/saul/projects/IL2244_VT26_SAUL/logs_saul/logs0/Service37.log", "logFileSize": "6733"}
\o [2026-05-26 08:11:59.451 Z] [INFO] [cadence.virtuoso.ade.services.netlister] - Started netlisting {"point": 1, "testname": "TRAN_VDD_PULSE"}
\o Simulation design variables differ from those on the cellView,
\o they have been saved in the file "/tmp/saved-design-variables".
\o To save future changes, copy variables to cellView before exiting.
\o *Warning* AXL Context Manager : job 37 is already registered. 
\o 
\o 
\o 
\o *Info*    Configuring the session ...
\o 
\o 	Library      = FECG
\o 	Cell         = fecg_front_end_tran_tb
\o 	View         = config
\o 	Simulator    = spectre
\o 	State Path   = $AXL_SETUPDB_DIR/test_states
\o 	State Name   = Interactive.76
\o 	Results DB   = /home/saul/projects/IL2244_VT26_SAUL/FECG/fecg_front_end_tran_tb/maestro/results/maestro/Interactive.76.rdb
\o 	Results Dir  = /home/saul/projects/IL2244_VT26_SAUL/Sim/FECG/fecg_front_end_tran_tb/maestro/results/maestro/Interactive.76/1/TRAN_VDD_PULSE
\o 	Results Loc  = /home/saul/projects/IL2244_VT26_SAUL/Sim/FECG/fecg_front_end_tran_tb/maestro/results/maestro
\o 	Project Dir  = /home/saul/projects/IL2244_VT26_SAUL/Sim
\o 	Setup DB loc = /home/saul/projects/IL2244_VT26_SAUL/FECG/fecg_front_end_tran_tb/maestro
\o 	File Encoding = 0
\o 
\o 
\o 
\o *Info*    The auto suspension is disabled.
\o 
\o Resetting statistical vars
\o 
\o *Info*    Setting parameter values ...
\o 
\o Setting var CM_PULSE = "0"
\o Setting var F0 = "3.3"
\o Setting var F1 = "3.3"
\o Setting var F2 = "0"
\o Setting var FC = "4k"
\o Setting var S0 = "3.3"
\o Setting var S1 = "0"
\o Setting var S2 = "0"
\o Setting var VCM_AC = "0"
\o Setting var VCM_AMP = "0"
\o Setting var VCM_DC = "1.5"
\o Setting var VDD = "0"
\o Setting var VDD_PULSE = "3.3"
\o Setting var VIN_AC = "1"
\o Setting var VIN_AMP = "0"
\o Setting var VIN_DC = "0"
\o Setting var VIN_FREQ = "50"
\o Setting var VIN_PULSE = "0"
\o Setting var temperature = "27"
\o Setting temp(T) = 27
\o 
\o *Info*    Netlist Directory =
\o           /home/saul/projects/IL2244_VT26_SAUL/Sim/FECG/fecg_front_end_tran_tb/maestro/results/maestro/Interactive.76/1/TRAN_VDD_PULSE/netlist
\o 
\o 
\o *Info*    Data Directory    =
\o           /home/saul/projects/IL2244_VT26_SAUL/Sim/FECG/fecg_front_end_tran_tb/maestro/results/maestro/Interactive.76/1/TRAN_VDD_PULSE
\o 
\o Reusing AHDL Data dir
\o generate netlist...
\o function ansCdlCompPrim redefined
\o Ignoring netlist creation since ignoreDesignChangesDuringRun is set to true
\o       ...successful.
\o compose simulator input file...
\o       ...successful.
\o WARNING (ADE-3080): Fast viewing extensions for PSF XL format (also known as RTSF) will be discontinued  
\o        and Virtuoso Visualization and Analysis XL will not use RTSF data to plot waveforms from IC6.1.8 ISR7 onward. 
\o        There will be no performance impact on data visualization due to this change.
\o [2026-05-26 08:12:00.413 Z] [PROCESS] [cadence.virtuoso.ade.services.netlister] - Current memory used: 714.8125 MBytes, peak memory used: 714.8125 MBytes {"hostname": "edatools", "processid": 227877, "testname": "TRAN_VDD_PULSE", "point": 1, "logfile": "/home/saul/projects/IL2244_VT26_SAUL/logs_saul/logs0/Service37.log"}
\o [2026-05-26 08:12:00.413 Z] [INFO] [cadence.virtuoso.ade.services.netlister] - Finished netlisting {"point": 1, "testname": "TRAN_VDD_PULSE"}
\o [2026-05-26 08:12:00.414 Z] [EVENT] [cadence.virtuoso.ade.services.netlister] - NewPoint {"point": 2, "testname": "TRAN_VDD_PULSE", "event": "NewPoint", "EventSource": "Netlist Service", "HistoryName": "Interactive.76", "logFile": "/home/saul/projects/IL2244_VT26_SAUL/logs_saul/logs0/Service37.log", "logFileSize": "13510"}
\o [2026-05-26 08:12:00.414 Z] [INFO] [cadence.virtuoso.ade.services.netlister] - Started netlisting {"point": 2, "testname": "TRAN_VDD_PULSE"}
\o Resetting statistical vars
\o 
\o *Info*    Setting parameter values ...
\o 
\o Setting var temperature = "-40"
\o Setting temp(T) = -40
\o 
\o *Info*    Netlist Directory =
\o           /home/saul/projects/IL2244_VT26_SAUL/Sim/FECG/fecg_front_end_tran_tb/maestro/results/maestro/Interactive.76/2/TRAN_VDD_PULSE/netlist
\o 
\o 
\o *Info*    Data Directory    =
\o           /home/saul/projects/IL2244_VT26_SAUL/Sim/FECG/fecg_front_end_tran_tb/maestro/results/maestro/Interactive.76/2/TRAN_VDD_PULSE
\o 
\o Reusing AHDL Data dir
\o generate netlist...
\o function ansCdlCompPrim redefined
\o Ignoring netlist creation since ignoreDesignChangesDuringRun is set to true
\o       ...successful.
\o compose simulator input file...
\o       ...successful.
\o WARNING (ADE-3080): Fast viewing extensions for PSF XL format (also known as RTSF) will be discontinued  
\o        and Virtuoso Visualization and Analysis XL will not use RTSF data to plot waveforms from IC6.1.8 ISR7 onward. 
\o        There will be no performance impact on data visualization due to this change.
\o [2026-05-26 08:12:00.705 Z] [PROCESS] [cadence.virtuoso.ade.services.netlister] - Current memory used: 714.8125 MBytes, peak memory used: 714.8125 MBytes {"hostname": "edatools", "processid": 227877, "testname": "TRAN_VDD_PULSE", "point": 2, "logfile": "/home/saul/projects/IL2244_VT26_SAUL/logs_saul/logs0/Service37.log"}
\o [2026-05-26 08:12:00.705 Z] [INFO] [cadence.virtuoso.ade.services.netlister] - Finished netlisting {"point": 2, "testname": "TRAN_VDD_PULSE"}
\o [2026-05-26 08:12:00.706 Z] [EVENT] [cadence.virtuoso.ade.services.netlister] - NewPoint {"point": 3, "testname": "TRAN_VDD_PULSE", "event": "NewPoint", "EventSource": "Netlist Service", "HistoryName": "Interactive.76", "logFile": "/home/saul/projects/IL2244_VT26_SAUL/logs_saul/logs0/Service37.log", "logFileSize": "15524"}
\o [2026-05-26 08:12:00.706 Z] [INFO] [cadence.virtuoso.ade.services.netlister] - Started netlisting {"point": 3, "testname": "TRAN_VDD_PULSE"}
\o Resetting statistical vars
\o 
\o *Info*    Setting parameter values ...
\o 
\o Setting var temperature = "85"
\o Setting temp(T) = 85
\o 
\o *Info*    Netlist Directory =
\o           /home/saul/projects/IL2244_VT26_SAUL/Sim/FECG/fecg_front_end_tran_tb/maestro/results/maestro/Interactive.76/3/TRAN_VDD_PULSE/netlist
\o 
\o 
\o *Info*    Data Directory    =
\o           /home/saul/projects/IL2244_VT26_SAUL/Sim/FECG/fecg_front_end_tran_tb/maestro/results/maestro/Interactive.76/3/TRAN_VDD_PULSE
\o 
\o Reusing AHDL Data dir
\o generate netlist...
\o function ansCdlCompPrim redefined
\o Ignoring netlist creation since ignoreDesignChangesDuringRun is set to true
\o       ...successful.
\o compose simulator input file...
\o       ...successful.
\o WARNING (ADE-3080): Fast viewing extensions for PSF XL format (also known as RTSF) will be discontinued  
\o        and Virtuoso Visualization and Analysis XL will not use RTSF data to plot waveforms from IC6.1.8 ISR7 onward. 
\o        There will be no performance impact on data visualization due to this change.
\o [2026-05-26 08:12:00.978 Z] [PROCESS] [cadence.virtuoso.ade.services.netlister] - Current memory used: 714.8125 MBytes, peak memory used: 714.8125 MBytes {"hostname": "edatools", "processid": 227877, "testname": "TRAN_VDD_PULSE", "point": 3, "logfile": "/home/saul/projects/IL2244_VT26_SAUL/logs_saul/logs0/Service37.log"}
\o [2026-05-26 08:12:00.979 Z] [INFO] [cadence.virtuoso.ade.services.netlister] - Finished netlisting {"point": 3, "testname": "TRAN_VDD_PULSE"}
\o [2026-05-26 08:12:00.980 Z] [EVENT] [cadence.virtuoso.ade.services.netlister] - NewPoint {"point": 4, "testname": "TRAN_VDD_PULSE", "event": "NewPoint", "EventSource": "Netlist Service", "HistoryName": "Interactive.76", "logFile": "/home/saul/projects/IL2244_VT26_SAUL/logs_saul/logs0/Service37.log", "logFileSize": "17536"}
\o [2026-05-26 08:12:00.980 Z] [INFO] [cadence.virtuoso.ade.services.netlister] - Started netlisting {"point": 4, "testname": "TRAN_VDD_PULSE"}
\o Resetting statistical vars
\o 
\o *Info*    Setting parameter values ...
\o 
\o Setting var temperature = "-40"
\o Setting temp(T) = -40
\o 
\o *Info*    Netlist Directory =
\o           /home/saul/projects/IL2244_VT26_SAUL/Sim/FECG/fecg_front_end_tran_tb/maestro/results/maestro/Interactive.76/4/TRAN_VDD_PULSE/netlist
\o 
\o 
\o *Info*    Data Directory    =
\o           /home/saul/projects/IL2244_VT26_SAUL/Sim/FECG/fecg_front_end_tran_tb/maestro/results/maestro/Interactive.76/4/TRAN_VDD_PULSE
\o 
\o Reusing AHDL Data dir
\o generate netlist...
\o function ansCdlCompPrim redefined
\o Ignoring netlist creation since ignoreDesignChangesDuringRun is set to true
\o       ...successful.
\o compose simulator input file...
\o       ...successful.
\o WARNING (ADE-3080): Fast viewing extensions for PSF XL format (also known as RTSF) will be discontinued  
\o        and Virtuoso Visualization and Analysis XL will not use RTSF data to plot waveforms from IC6.1.8 ISR7 onward. 
\o        There will be no performance impact on data visualization due to this change.
\o [2026-05-26 08:12:01.279 Z] [PROCESS] [cadence.virtuoso.ade.services.netlister] - Current memory used: 714.8125 MBytes, peak memory used: 714.8125 MBytes {"hostname": "edatools", "processid": 227877, "testname": "TRAN_VDD_PULSE", "point": 4, "logfile": "/home/saul/projects/IL2244_VT26_SAUL/logs_saul/logs0/Service37.log"}
\o [2026-05-26 08:12:01.280 Z] [INFO] [cadence.virtuoso.ade.services.netlister] - Finished netlisting {"point": 4, "testname": "TRAN_VDD_PULSE"}
\o [2026-05-26 08:12:01.281 Z] [EVENT] [cadence.virtuoso.ade.services.netlister] - NewPoint {"point": 5, "testname": "TRAN_VDD_PULSE", "event": "NewPoint", "EventSource": "Netlist Service", "HistoryName": "Interactive.76", "logFile": "/home/saul/projects/IL2244_VT26_SAUL/logs_saul/logs0/Service37.log", "logFileSize": "19550"}
\o [2026-05-26 08:12:01.281 Z] [INFO] [cadence.virtuoso.ade.services.netlister] - Started netlisting {"point": 5, "testname": "TRAN_VDD_PULSE"}
\o Resetting statistical vars
\o 
\o *Info*    Setting parameter values ...
\o 
\o Setting var temperature = "85"
\o Setting temp(T) = 85
\o 
\o *Info*    Netlist Directory =
\o           /home/saul/projects/IL2244_VT26_SAUL/Sim/FECG/fecg_front_end_tran_tb/maestro/results/maestro/Interactive.76/5/TRAN_VDD_PULSE/netlist
\o 
\o 
\o *Info*    Data Directory    =
\o           /home/saul/projects/IL2244_VT26_SAUL/Sim/FECG/fecg_front_end_tran_tb/maestro/results/maestro/Interactive.76/5/TRAN_VDD_PULSE
\o 
\o Reusing AHDL Data dir
\o generate netlist...
\o function ansCdlCompPrim redefined
\o Ignoring netlist creation since ignoreDesignChangesDuringRun is set to true
\o       ...successful.
\o compose simulator input file...
\o       ...successful.
\o WARNING (ADE-3080): Fast viewing extensions for PSF XL format (also known as RTSF) will be discontinued  
\o        and Virtuoso Visualization and Analysis XL will not use RTSF data to plot waveforms from IC6.1.8 ISR7 onward. 
\o        There will be no performance impact on data visualization due to this change.
\o [2026-05-26 08:12:01.587 Z] [PROCESS] [cadence.virtuoso.ade.services.netlister] - Current memory used: 714.8125 MBytes, peak memory used: 714.8125 MBytes {"hostname": "edatools", "processid": 227877, "testname": "TRAN_VDD_PULSE", "point": 5, "logfile": "/home/saul/projects/IL2244_VT26_SAUL/logs_saul/logs0/Service37.log"}
\o [2026-05-26 08:12:01.587 Z] [INFO] [cadence.virtuoso.ade.services.netlister] - Finished netlisting {"point": 5, "testname": "TRAN_VDD_PULSE"}
\o [2026-05-26 08:12:01.588 Z] [EVENT] [cadence.virtuoso.ade.services.netlister] - NewPoint {"point": 6, "testname": "TRAN_VDD_PULSE", "event": "NewPoint", "EventSource": "Netlist Service", "HistoryName": "Interactive.76", "logFile": "/home/saul/projects/IL2244_VT26_SAUL/logs_saul/logs0/Service37.log", "logFileSize": "21562"}
\o [2026-05-26 08:12:01.588 Z] [INFO] [cadence.virtuoso.ade.services.netlister] - Started netlisting {"point": 6, "testname": "TRAN_VDD_PULSE"}
\o Resetting statistical vars
\o 
\o *Info*    Setting parameter values ...
\o 
\o Setting var temperature = "-40"
\o Setting temp(T) = -40
\o 
\o *Info*    Netlist Directory =
\o           /home/saul/projects/IL2244_VT26_SAUL/Sim/FECG/fecg_front_end_tran_tb/maestro/results/maestro/Interactive.76/6/TRAN_VDD_PULSE/netlist
\o 
\o 
\o *Info*    Data Directory    =
\o           /home/saul/projects/IL2244_VT26_SAUL/Sim/FECG/fecg_front_end_tran_tb/maestro/results/maestro/Interactive.76/6/TRAN_VDD_PULSE
\o 
\o Reusing AHDL Data dir
\o generate netlist...
\o function ansCdlCompPrim redefined
\o Ignoring netlist creation since ignoreDesignChangesDuringRun is set to true
\o       ...successful.
\o compose simulator input file...
\o       ...successful.
\o WARNING (ADE-3080): Fast viewing extensions for PSF XL format (also known as RTSF) will be discontinued  
\o        and Virtuoso Visualization and Analysis XL will not use RTSF data to plot waveforms from IC6.1.8 ISR7 onward. 
\o        There will be no performance impact on data visualization due to this change.
\o [2026-05-26 08:12:01.883 Z] [PROCESS] [cadence.virtuoso.ade.services.netlister] - Current memory used: 715.2344 MBytes, peak memory used: 715.2344 MBytes {"hostname": "edatools", "processid": 227877, "testname": "TRAN_VDD_PULSE", "point": 6, "logfile": "/home/saul/projects/IL2244_VT26_SAUL/logs_saul/logs0/Service37.log"}
\o [2026-05-26 08:12:01.883 Z] [INFO] [cadence.virtuoso.ade.services.netlister] - Finished netlisting {"point": 6, "testname": "TRAN_VDD_PULSE"}
\o [2026-05-26 08:12:01.884 Z] [EVENT] [cadence.virtuoso.ade.services.netlister] - NewPoint {"point": 7, "testname": "TRAN_VDD_PULSE", "event": "NewPoint", "EventSource": "Netlist Service", "HistoryName": "Interactive.76", "logFile": "/home/saul/projects/IL2244_VT26_SAUL/logs_saul/logs0/Service37.log", "logFileSize": "23576"}
\o [2026-05-26 08:12:01.884 Z] [INFO] [cadence.virtuoso.ade.services.netlister] - Started netlisting {"point": 7, "testname": "TRAN_VDD_PULSE"}
\o Resetting statistical vars
\o 
\o *Info*    Setting parameter values ...
\o 
\o Setting var temperature = "85"
\o Setting temp(T) = 85
\o 
\o *Info*    Netlist Directory =
\o           /home/saul/projects/IL2244_VT26_SAUL/Sim/FECG/fecg_front_end_tran_tb/maestro/results/maestro/Interactive.76/7/TRAN_VDD_PULSE/netlist
\o 
\o 
\o *Info*    Data Directory    =
\o           /home/saul/projects/IL2244_VT26_SAUL/Sim/FECG/fecg_front_end_tran_tb/maestro/results/maestro/Interactive.76/7/TRAN_VDD_PULSE
\o 
\o Reusing AHDL Data dir
\o generate netlist...
\o function ansCdlCompPrim redefined
\o Ignoring netlist creation since ignoreDesignChangesDuringRun is set to true
\o       ...successful.
\o compose simulator input file...
\o       ...successful.
\o WARNING (ADE-3080): Fast viewing extensions for PSF XL format (also known as RTSF) will be discontinued  
\o        and Virtuoso Visualization and Analysis XL will not use RTSF data to plot waveforms from IC6.1.8 ISR7 onward. 
\o        There will be no performance impact on data visualization due to this change.
\o [2026-05-26 08:12:02.150 Z] [PROCESS] [cadence.virtuoso.ade.services.netlister] - Current memory used: 716.1562 MBytes, peak memory used: 716.1562 MBytes {"hostname": "edatools", "processid": 227877, "testname": "TRAN_VDD_PULSE", "point": 7, "logfile": "/home/saul/projects/IL2244_VT26_SAUL/logs_saul/logs0/Service37.log"}
\o [2026-05-26 08:12:02.150 Z] [INFO] [cadence.virtuoso.ade.services.netlister] - Finished netlisting {"point": 7, "testname": "TRAN_VDD_PULSE"}
\o [2026-05-26 08:12:02.151 Z] [EVENT] [cadence.virtuoso.ade.services.netlister] - NewPoint {"point": 8, "testname": "TRAN_VDD_PULSE", "event": "NewPoint", "EventSource": "Netlist Service", "HistoryName": "Interactive.76", "logFile": "/home/saul/projects/IL2244_VT26_SAUL/logs_saul/logs0/Service37.log", "logFileSize": "25588"}
\o [2026-05-26 08:12:02.151 Z] [INFO] [cadence.virtuoso.ade.services.netlister] - Started netlisting {"point": 8, "testname": "TRAN_VDD_PULSE"}
\o Resetting statistical vars
\o 
\o *Info*    Setting parameter values ...
\o 
\o Setting var temperature = "-40"
\o Setting temp(T) = -40
\o 
\o *Info*    Netlist Directory =
\o           /home/saul/projects/IL2244_VT26_SAUL/Sim/FECG/fecg_front_end_tran_tb/maestro/results/maestro/Interactive.76/8/TRAN_VDD_PULSE/netlist
\o 
\o 
\o *Info*    Data Directory    =
\o           /home/saul/projects/IL2244_VT26_SAUL/Sim/FECG/fecg_front_end_tran_tb/maestro/results/maestro/Interactive.76/8/TRAN_VDD_PULSE
\o 
\o Reusing AHDL Data dir
\o generate netlist...
\o function ansCdlCompPrim redefined
\o Ignoring netlist creation since ignoreDesignChangesDuringRun is set to true
\o       ...successful.
\o compose simulator input file...
\o       ...successful.
\o WARNING (ADE-3080): Fast viewing extensions for PSF XL format (also known as RTSF) will be discontinued  
\o        and Virtuoso Visualization and Analysis XL will not use RTSF data to plot waveforms from IC6.1.8 ISR7 onward. 
\o        There will be no performance impact on data visualization due to this change.
\o [2026-05-26 08:12:02.430 Z] [PROCESS] [cadence.virtuoso.ade.services.netlister] - Current memory used: 718.3555 MBytes, peak memory used: 718.3555 MBytes {"hostname": "edatools", "processid": 227877, "testname": "TRAN_VDD_PULSE", "point": 8, "logfile": "/home/saul/projects/IL2244_VT26_SAUL/logs_saul/logs0/Service37.log"}
\o [2026-05-26 08:12:02.431 Z] [INFO] [cadence.virtuoso.ade.services.netlister] - Finished netlisting {"point": 8, "testname": "TRAN_VDD_PULSE"}
\o [2026-05-26 08:12:02.431 Z] [EVENT] [cadence.virtuoso.ade.services.netlister] - NewPoint {"point": 9, "testname": "TRAN_VDD_PULSE", "event": "NewPoint", "EventSource": "Netlist Service", "HistoryName": "Interactive.76", "logFile": "/home/saul/projects/IL2244_VT26_SAUL/logs_saul/logs0/Service37.log", "logFileSize": "27602"}
\o [2026-05-26 08:12:02.431 Z] [INFO] [cadence.virtuoso.ade.services.netlister] - Started netlisting {"point": 9, "testname": "TRAN_VDD_PULSE"}
\o Resetting statistical vars
\o 
\o *Info*    Setting parameter values ...
\o 
\o Setting var temperature = "85"
\o Setting temp(T) = 85
\o 
\o *Info*    Netlist Directory =
\o           /home/saul/projects/IL2244_VT26_SAUL/Sim/FECG/fecg_front_end_tran_tb/maestro/results/maestro/Interactive.76/9/TRAN_VDD_PULSE/netlist
\o 
\o 
\o *Info*    Data Directory    =
\o           /home/saul/projects/IL2244_VT26_SAUL/Sim/FECG/fecg_front_end_tran_tb/maestro/results/maestro/Interactive.76/9/TRAN_VDD_PULSE
\o 
\o Reusing AHDL Data dir
\o generate netlist...
\o function ansCdlCompPrim redefined
\o Ignoring netlist creation since ignoreDesignChangesDuringRun is set to true
\o       ...successful.
\o compose simulator input file...
\o       ...successful.
\o WARNING (ADE-3080): Fast viewing extensions for PSF XL format (also known as RTSF) will be discontinued  
\o        and Virtuoso Visualization and Analysis XL will not use RTSF data to plot waveforms from IC6.1.8 ISR7 onward. 
\o        There will be no performance impact on data visualization due to this change.
\o [2026-05-26 08:12:02.694 Z] [PROCESS] [cadence.virtuoso.ade.services.netlister] - Current memory used: 720.9648 MBytes, peak memory used: 720.9648 MBytes {"hostname": "edatools", "processid": 227877, "testname": "TRAN_VDD_PULSE", "point": 9, "logfile": "/home/saul/projects/IL2244_VT26_SAUL/logs_saul/logs0/Service37.log"}
\o [2026-05-26 08:12:02.695 Z] [INFO] [cadence.virtuoso.ade.services.netlister] - Finished netlisting {"point": 9, "testname": "TRAN_VDD_PULSE"}
\o [2026-05-26 08:12:02.695 Z] [EVENT] [cadence.virtuoso.ade.services.netlister] - NewPoint {"point": 10, "testname": "TRAN_VDD_PULSE", "event": "NewPoint", "EventSource": "Netlist Service", "HistoryName": "Interactive.76", "logFile": "/home/saul/projects/IL2244_VT26_SAUL/logs_saul/logs0/Service37.log", "logFileSize": "29614"}
\o [2026-05-26 08:12:02.695 Z] [INFO] [cadence.virtuoso.ade.services.netlister] - Started netlisting {"point": 10, "testname": "TRAN_VDD_PULSE"}
\# Available memory:         53,003 MB at UTC 2026.05.26 08:12:04.181
\# Memory report: Maximum memory size now 53,450 MB at UTC 2026.05.26 08:12:04.181
\# Thread usage report: 22 active threads, active load 1.40 at UTC 2026.05.26 08:12:04.182
\o Resetting statistical vars
\o 
\o *Info*    Setting parameter values ...
\o 
\o Setting var temperature = "-40"
\o Setting temp(T) = -40
\o 
\o *Info*    Netlist Directory =
\o           /home/saul/projects/IL2244_VT26_SAUL/Sim/FECG/fecg_front_end_tran_tb/maestro/results/maestro/Interactive.76/10/TRAN_VDD_PULSE/netlist
\o 
\o 
\o *Info*    Data Directory    =
\o           /home/saul/projects/IL2244_VT26_SAUL/Sim/FECG/fecg_front_end_tran_tb/maestro/results/maestro/Interactive.76/10/TRAN_VDD_PULSE
\o 
\o Reusing AHDL Data dir
\o generate netlist...
\o function ansCdlCompPrim redefined
\o Ignoring netlist creation since ignoreDesignChangesDuringRun is set to true
\o       ...successful.
\o compose simulator input file...
\o       ...successful.
\o WARNING (ADE-3080): Fast viewing extensions for PSF XL format (also known as RTSF) will be discontinued  
\o        and Virtuoso Visualization and Analysis XL will not use RTSF data to plot waveforms from IC6.1.8 ISR7 onward. 
\o        There will be no performance impact on data visualization due to this change.
\o [2026-05-26 08:12:05.432 Z] [PROCESS] [cadence.virtuoso.ade.services.netlister] - Current memory used: 723.7930 MBytes, peak memory used: 723.7930 MBytes {"hostname": "edatools", "processid": 227877, "testname": "TRAN_VDD_PULSE", "point": 10, "logfile": "/home/saul/projects/IL2244_VT26_SAUL/logs_saul/logs0/Service37.log"}
\o [2026-05-26 08:12:05.433 Z] [INFO] [cadence.virtuoso.ade.services.netlister] - Finished netlisting {"point": 10, "testname": "TRAN_VDD_PULSE"}
\o [2026-05-26 08:12:05.434 Z] [EVENT] [cadence.virtuoso.ade.services.netlister] - NewPoint {"point": 11, "testname": "TRAN_VDD_PULSE", "event": "NewPoint", "EventSource": "Netlist Service", "HistoryName": "Interactive.76", "logFile": "/home/saul/projects/IL2244_VT26_SAUL/logs_saul/logs0/Service37.log", "logFileSize": "31878"}
\o [2026-05-26 08:12:05.434 Z] [INFO] [cadence.virtuoso.ade.services.netlister] - Started netlisting {"point": 11, "testname": "TRAN_VDD_PULSE"}
\o Resetting statistical vars
\o 
\o *Info*    Setting parameter values ...
\o 
\o Setting var temperature = "85"
\o Setting temp(T) = 85
\o 
\o *Info*    Netlist Directory =
\o           /home/saul/projects/IL2244_VT26_SAUL/Sim/FECG/fecg_front_end_tran_tb/maestro/results/maestro/Interactive.76/11/TRAN_VDD_PULSE/netlist
\o 
\o 
\o *Info*    Data Directory    =
\o           /home/saul/projects/IL2244_VT26_SAUL/Sim/FECG/fecg_front_end_tran_tb/maestro/results/maestro/Interactive.76/11/TRAN_VDD_PULSE
\o 
\o Reusing AHDL Data dir
\o generate netlist...
\o function ansCdlCompPrim redefined
\o Ignoring netlist creation since ignoreDesignChangesDuringRun is set to true
\o       ...successful.
\o compose simulator input file...
\o       ...successful.
\o WARNING (ADE-3080): Fast viewing extensions for PSF XL format (also known as RTSF) will be discontinued  
\o        and Virtuoso Visualization and Analysis XL will not use RTSF data to plot waveforms from IC6.1.8 ISR7 onward. 
\o        There will be no performance impact on data visualization due to this change.
\o [2026-05-26 08:12:06.817 Z] [PROCESS] [cadence.virtuoso.ade.services.netlister] - Current memory used: 723.7930 MBytes, peak memory used: 723.7930 MBytes {"hostname": "edatools", "processid": 227877, "testname": "TRAN_VDD_PULSE", "point": 11, "logfile": "/home/saul/projects/IL2244_VT26_SAUL/logs_saul/logs0/Service37.log"}
\o [2026-05-26 08:12:06.819 Z] [INFO] [cadence.virtuoso.ade.services.netlister] - Finished netlisting {"point": 11, "testname": "TRAN_VDD_PULSE"}
\o [2026-05-26 08:12:06.881 Z] [EVENT] [cadence.virtuoso.ade.services.netlister] - NewPoint {"point": 12, "testname": "TRAN_VDD_PULSE", "event": "NewPoint", "EventSource": "Netlist Service", "HistoryName": "Interactive.76", "logFile": "/home/saul/projects/IL2244_VT26_SAUL/logs_saul/logs0/Service37.log", "logFileSize": "33896"}
\o [2026-05-26 08:12:06.881 Z] [INFO] [cadence.virtuoso.ade.services.netlister] - Started netlisting {"point": 12, "testname": "TRAN_VDD_PULSE"}
\o Resetting statistical vars
\o 
\o *Info*    Setting parameter values ...
\o 
\o Setting var temperature = "-40"
\o Setting temp(T) = -40
\o 
\o *Info*    Netlist Directory =
\o           /home/saul/projects/IL2244_VT26_SAUL/Sim/FECG/fecg_front_end_tran_tb/maestro/results/maestro/Interactive.76/12/TRAN_VDD_PULSE/netlist
\o 
\o 
\o *Info*    Data Directory    =
\o           /home/saul/projects/IL2244_VT26_SAUL/Sim/FECG/fecg_front_end_tran_tb/maestro/results/maestro/Interactive.76/12/TRAN_VDD_PULSE
\o 
\o Reusing AHDL Data dir
\o generate netlist...
\o function ansCdlCompPrim redefined
\o Ignoring netlist creation since ignoreDesignChangesDuringRun is set to true
\o       ...successful.
\o compose simulator input file...
\o       ...successful.
\o WARNING (ADE-3080): Fast viewing extensions for PSF XL format (also known as RTSF) will be discontinued  
\o        and Virtuoso Visualization and Analysis XL will not use RTSF data to plot waveforms from IC6.1.8 ISR7 onward. 
\o        There will be no performance impact on data visualization due to this change.
\o [2026-05-26 08:12:10.490 Z] [PROCESS] [cadence.virtuoso.ade.services.netlister] - Current memory used: 723.7930 MBytes, peak memory used: 723.7930 MBytes {"hostname": "edatools", "processid": 227877, "testname": "TRAN_VDD_PULSE", "point": 12, "logfile": "/home/saul/projects/IL2244_VT26_SAUL/logs_saul/logs0/Service37.log"}
\o [2026-05-26 08:12:10.491 Z] [INFO] [cadence.virtuoso.ade.services.netlister] - Finished netlisting {"point": 12, "testname": "TRAN_VDD_PULSE"}
\o [2026-05-26 08:12:10.493 Z] [EVENT] [cadence.virtuoso.ade.services.netlister] - NewPoint {"point": 13, "testname": "TRAN_VDD_PULSE", "event": "NewPoint", "EventSource": "Netlist Service", "HistoryName": "Interactive.76", "logFile": "/home/saul/projects/IL2244_VT26_SAUL/logs_saul/logs0/Service37.log", "logFileSize": "35916"}
\o [2026-05-26 08:12:10.493 Z] [INFO] [cadence.virtuoso.ade.services.netlister] - Started netlisting {"point": 13, "testname": "TRAN_VDD_PULSE"}
\o Resetting statistical vars
\o 
\o *Info*    Setting parameter values ...
\o 
\o Setting var temperature = "85"
\o Setting temp(T) = 85
\o 
\o *Info*    Netlist Directory =
\o           /home/saul/projects/IL2244_VT26_SAUL/Sim/FECG/fecg_front_end_tran_tb/maestro/results/maestro/Interactive.76/13/TRAN_VDD_PULSE/netlist
\o 
\o 
\o *Info*    Data Directory    =
\o           /home/saul/projects/IL2244_VT26_SAUL/Sim/FECG/fecg_front_end_tran_tb/maestro/results/maestro/Interactive.76/13/TRAN_VDD_PULSE
\o 
\o Reusing AHDL Data dir
\o generate netlist...
\o function ansCdlCompPrim redefined
\o Ignoring netlist creation since ignoreDesignChangesDuringRun is set to true
\o       ...successful.
\o compose simulator input file...
\o       ...successful.
\o WARNING (ADE-3080): Fast viewing extensions for PSF XL format (also known as RTSF) will be discontinued  
\o        and Virtuoso Visualization and Analysis XL will not use RTSF data to plot waveforms from IC6.1.8 ISR7 onward. 
\o        There will be no performance impact on data visualization due to this change.
\o [2026-05-26 08:12:12.882 Z] [PROCESS] [cadence.virtuoso.ade.services.netlister] - Current memory used: 723.7930 MBytes, peak memory used: 723.7930 MBytes {"hostname": "edatools", "processid": 227877, "testname": "TRAN_VDD_PULSE", "point": 13, "logfile": "/home/saul/projects/IL2244_VT26_SAUL/logs_saul/logs0/Service37.log"}
\o [2026-05-26 08:12:12.884 Z] [INFO] [cadence.virtuoso.ade.services.netlister] - Finished netlisting {"point": 13, "testname": "TRAN_VDD_PULSE"}
\o [2026-05-26 08:12:12.889 Z] [EVENT] [cadence.virtuoso.ade.services.netlister] - NewPoint {"point": 14, "testname": "TRAN_VDD_PULSE", "event": "NewPoint", "EventSource": "Netlist Service", "HistoryName": "Interactive.76", "logFile": "/home/saul/projects/IL2244_VT26_SAUL/logs_saul/logs0/Service37.log", "logFileSize": "37934"}
\o [2026-05-26 08:12:12.890 Z] [INFO] [cadence.virtuoso.ade.services.netlister] - Started netlisting {"point": 14, "testname": "TRAN_VDD_PULSE"}
\# Memory report: Maximum memory size now 52,381 MB at UTC 2026.05.26 08:12:14.985
\o Resetting statistical vars
\o 
\o *Info*    Setting parameter values ...
\o 
\o Setting var temperature = "-40"
\o Setting temp(T) = -40
\o 
\o *Info*    Netlist Directory =
\o           /home/saul/projects/IL2244_VT26_SAUL/Sim/FECG/fecg_front_end_tran_tb/maestro/results/maestro/Interactive.76/14/TRAN_VDD_PULSE/netlist
\o 
\o 
\o *Info*    Data Directory    =
\o           /home/saul/projects/IL2244_VT26_SAUL/Sim/FECG/fecg_front_end_tran_tb/maestro/results/maestro/Interactive.76/14/TRAN_VDD_PULSE
\o 
\o Reusing AHDL Data dir
\o generate netlist...
\o function ansCdlCompPrim redefined
\o Ignoring netlist creation since ignoreDesignChangesDuringRun is set to true
\o       ...successful.
\o compose simulator input file...
\o       ...successful.
\o WARNING (ADE-3080): Fast viewing extensions for PSF XL format (also known as RTSF) will be discontinued  
\o        and Virtuoso Visualization and Analysis XL will not use RTSF data to plot waveforms from IC6.1.8 ISR7 onward. 
\o        There will be no performance impact on data visualization due to this change.
\o [2026-05-26 08:12:16.304 Z] [PROCESS] [cadence.virtuoso.ade.services.netlister] - Current memory used: 723.7930 MBytes, peak memory used: 723.7930 MBytes {"hostname": "edatools", "processid": 227877, "testname": "TRAN_VDD_PULSE", "point": 14, "logfile": "/home/saul/projects/IL2244_VT26_SAUL/logs_saul/logs0/Service37.log"}
\o [2026-05-26 08:12:16.306 Z] [INFO] [cadence.virtuoso.ade.services.netlister] - Finished netlisting {"point": 14, "testname": "TRAN_VDD_PULSE"}
\o [2026-05-26 08:12:16.310 Z] [EVENT] [cadence.virtuoso.ade.services.netlister] - NewPoint {"point": 15, "testname": "TRAN_VDD_PULSE", "event": "NewPoint", "EventSource": "Netlist Service", "HistoryName": "Interactive.76", "logFile": "/home/saul/projects/IL2244_VT26_SAUL/logs_saul/logs0/Service37.log", "logFileSize": "40037"}
\o [2026-05-26 08:12:16.311 Z] [INFO] [cadence.virtuoso.ade.services.netlister] - Started netlisting {"point": 15, "testname": "TRAN_VDD_PULSE"}
\o Resetting statistical vars
\o 
\o *Info*    Setting parameter values ...
\o 
\o Setting var temperature = "85"
\o Setting temp(T) = 85
\o 
\o *Info*    Netlist Directory =
\o           /home/saul/projects/IL2244_VT26_SAUL/Sim/FECG/fecg_front_end_tran_tb/maestro/results/maestro/Interactive.76/15/TRAN_VDD_PULSE/netlist
\o 
\o 
\o *Info*    Data Directory    =
\o           /home/saul/projects/IL2244_VT26_SAUL/Sim/FECG/fecg_front_end_tran_tb/maestro/results/maestro/Interactive.76/15/TRAN_VDD_PULSE
\o 
\o Reusing AHDL Data dir
\o generate netlist...
\o function ansCdlCompPrim redefined
\o Ignoring netlist creation since ignoreDesignChangesDuringRun is set to true
\o       ...successful.
\o compose simulator input file...
\o       ...successful.
\o WARNING (ADE-3080): Fast viewing extensions for PSF XL format (also known as RTSF) will be discontinued  
\o        and Virtuoso Visualization and Analysis XL will not use RTSF data to plot waveforms from IC6.1.8 ISR7 onward. 
\o        There will be no performance impact on data visualization due to this change.
\o [2026-05-26 08:12:16.985 Z] [PROCESS] [cadence.virtuoso.ade.services.netlister] - Current memory used: 723.7930 MBytes, peak memory used: 723.7930 MBytes {"hostname": "edatools", "processid": 227877, "testname": "TRAN_VDD_PULSE", "point": 15, "logfile": "/home/saul/projects/IL2244_VT26_SAUL/logs_saul/logs0/Service37.log"}
\o [2026-05-26 08:12:16.986 Z] [INFO] [cadence.virtuoso.ade.services.netlister] - Finished netlisting {"point": 15, "testname": "TRAN_VDD_PULSE"}
\o [2026-05-26 08:12:16.987 Z] [EVENT] [cadence.virtuoso.ade.services.netlister] - NewPoint {"point": 16, "testname": "TRAN_VDD_PULSE", "event": "NewPoint", "EventSource": "Netlist Service", "HistoryName": "Interactive.76", "logFile": "/home/saul/projects/IL2244_VT26_SAUL/logs_saul/logs0/Service37.log", "logFileSize": "42055"}
\o [2026-05-26 08:12:16.987 Z] [INFO] [cadence.virtuoso.ade.services.netlister] - Started netlisting {"point": 16, "testname": "TRAN_VDD_PULSE"}
\o Resetting statistical vars
\o 
\o *Info*    Setting parameter values ...
\o 
\o Setting var temperature = "-40"
\o Setting temp(T) = -40
\o 
\o *Info*    Netlist Directory =
\o           /home/saul/projects/IL2244_VT26_SAUL/Sim/FECG/fecg_front_end_tran_tb/maestro/results/maestro/Interactive.76/16/TRAN_VDD_PULSE/netlist
\o 
\o 
\o *Info*    Data Directory    =
\o           /home/saul/projects/IL2244_VT26_SAUL/Sim/FECG/fecg_front_end_tran_tb/maestro/results/maestro/Interactive.76/16/TRAN_VDD_PULSE
\o 
\o Reusing AHDL Data dir
\o generate netlist...
\o function ansCdlCompPrim redefined
\o Ignoring netlist creation since ignoreDesignChangesDuringRun is set to true
\o       ...successful.
\o compose simulator input file...
\o       ...successful.
\o WARNING (ADE-3080): Fast viewing extensions for PSF XL format (also known as RTSF) will be discontinued  
\o        and Virtuoso Visualization and Analysis XL will not use RTSF data to plot waveforms from IC6.1.8 ISR7 onward. 
\o        There will be no performance impact on data visualization due to this change.
\o [2026-05-26 08:12:17.413 Z] [PROCESS] [cadence.virtuoso.ade.services.netlister] - Current memory used: 723.7930 MBytes, peak memory used: 723.7930 MBytes {"hostname": "edatools", "processid": 227877, "testname": "TRAN_VDD_PULSE", "point": 16, "logfile": "/home/saul/projects/IL2244_VT26_SAUL/logs_saul/logs0/Service37.log"}
\o [2026-05-26 08:12:17.413 Z] [INFO] [cadence.virtuoso.ade.services.netlister] - Finished netlisting {"point": 16, "testname": "TRAN_VDD_PULSE"}
\o [2026-05-26 08:12:17.414 Z] [EVENT] [cadence.virtuoso.ade.services.netlister] - NewPoint {"point": 17, "testname": "TRAN_VDD_PULSE", "event": "NewPoint", "EventSource": "Netlist Service", "HistoryName": "Interactive.76", "logFile": "/home/saul/projects/IL2244_VT26_SAUL/logs_saul/logs0/Service37.log", "logFileSize": "44075"}
\o [2026-05-26 08:12:17.414 Z] [INFO] [cadence.virtuoso.ade.services.netlister] - Started netlisting {"point": 17, "testname": "TRAN_VDD_PULSE"}
\o Resetting statistical vars
\o 
\o *Info*    Setting parameter values ...
\o 
\o Setting var temperature = "85"
\o Setting temp(T) = 85
\o 
\o *Info*    Netlist Directory =
\o           /home/saul/projects/IL2244_VT26_SAUL/Sim/FECG/fecg_front_end_tran_tb/maestro/results/maestro/Interactive.76/17/TRAN_VDD_PULSE/netlist
\o 
\o 
\o *Info*    Data Directory    =
\o           /home/saul/projects/IL2244_VT26_SAUL/Sim/FECG/fecg_front_end_tran_tb/maestro/results/maestro/Interactive.76/17/TRAN_VDD_PULSE
\o 
\o Reusing AHDL Data dir
\o generate netlist...
\o function ansCdlCompPrim redefined
\o Ignoring netlist creation since ignoreDesignChangesDuringRun is set to true
\o       ...successful.
\o compose simulator input file...
\o       ...successful.
\o WARNING (ADE-3080): Fast viewing extensions for PSF XL format (also known as RTSF) will be discontinued  
\o        and Virtuoso Visualization and Analysis XL will not use RTSF data to plot waveforms from IC6.1.8 ISR7 onward. 
\o        There will be no performance impact on data visualization due to this change.
\o [2026-05-26 08:12:17.842 Z] [PROCESS] [cadence.virtuoso.ade.services.netlister] - Current memory used: 723.7930 MBytes, peak memory used: 723.7930 MBytes {"hostname": "edatools", "processid": 227877, "testname": "TRAN_VDD_PULSE", "point": 17, "logfile": "/home/saul/projects/IL2244_VT26_SAUL/logs_saul/logs0/Service37.log"}
\o [2026-05-26 08:12:17.843 Z] [INFO] [cadence.virtuoso.ade.services.netlister] - Finished netlisting {"point": 17, "testname": "TRAN_VDD_PULSE"}
\o [2026-05-26 08:12:17.844 Z] [EVENT] [cadence.virtuoso.ade.services.netlister] - NewPoint {"point": 18, "testname": "TRAN_VDD_PULSE", "event": "NewPoint", "EventSource": "Netlist Service", "HistoryName": "Interactive.76", "logFile": "/home/saul/projects/IL2244_VT26_SAUL/logs_saul/logs0/Service37.log", "logFileSize": "46093"}
\o [2026-05-26 08:12:17.844 Z] [INFO] [cadence.virtuoso.ade.services.netlister] - Started netlisting {"point": 18, "testname": "TRAN_VDD_PULSE"}
\o Resetting statistical vars
\o 
\o *Info*    Setting parameter values ...
\o 
\o Setting var temperature = "-40"
\o Setting temp(T) = -40
\o 
\o *Info*    Netlist Directory =
\o           /home/saul/projects/IL2244_VT26_SAUL/Sim/FECG/fecg_front_end_tran_tb/maestro/results/maestro/Interactive.76/18/TRAN_VDD_PULSE/netlist
\o 
\o 
\o *Info*    Data Directory    =
\o           /home/saul/projects/IL2244_VT26_SAUL/Sim/FECG/fecg_front_end_tran_tb/maestro/results/maestro/Interactive.76/18/TRAN_VDD_PULSE
\o 
\o Reusing AHDL Data dir
\o generate netlist...
\o function ansCdlCompPrim redefined
\o Ignoring netlist creation since ignoreDesignChangesDuringRun is set to true
\o       ...successful.
\o compose simulator input file...
\o       ...successful.
\o WARNING (ADE-3080): Fast viewing extensions for PSF XL format (also known as RTSF) will be discontinued  
\o        and Virtuoso Visualization and Analysis XL will not use RTSF data to plot waveforms from IC6.1.8 ISR7 onward. 
\o        There will be no performance impact on data visualization due to this change.
\o [2026-05-26 08:12:18.256 Z] [PROCESS] [cadence.virtuoso.ade.services.netlister] - Current memory used: 723.7930 MBytes, peak memory used: 723.7930 MBytes {"hostname": "edatools", "processid": 227877, "testname": "TRAN_VDD_PULSE", "point": 18, "logfile": "/home/saul/projects/IL2244_VT26_SAUL/logs_saul/logs0/Service37.log"}
\o [2026-05-26 08:12:18.256 Z] [INFO] [cadence.virtuoso.ade.services.netlister] - Finished netlisting {"point": 18, "testname": "TRAN_VDD_PULSE"}
\o [2026-05-26 08:12:18.257 Z] [EVENT] [cadence.virtuoso.ade.services.netlister] - NewPoint {"point": 19, "testname": "TRAN_VDD_PULSE", "event": "NewPoint", "EventSource": "Netlist Service", "HistoryName": "Interactive.76", "logFile": "/home/saul/projects/IL2244_VT26_SAUL/logs_saul/logs0/Service37.log", "logFileSize": "48113"}
\o [2026-05-26 08:12:18.257 Z] [INFO] [cadence.virtuoso.ade.services.netlister] - Started netlisting {"point": 19, "testname": "TRAN_VDD_PULSE"}
\o Resetting statistical vars
\o 
\o *Info*    Setting parameter values ...
\o 
\o Setting var temperature = "85"
\o Setting temp(T) = 85
\o 
\o *Info*    Netlist Directory =
\o           /home/saul/projects/IL2244_VT26_SAUL/Sim/FECG/fecg_front_end_tran_tb/maestro/results/maestro/Interactive.76/19/TRAN_VDD_PULSE/netlist
\o 
\o 
\o *Info*    Data Directory    =
\o           /home/saul/projects/IL2244_VT26_SAUL/Sim/FECG/fecg_front_end_tran_tb/maestro/results/maestro/Interactive.76/19/TRAN_VDD_PULSE
\o 
\o Reusing AHDL Data dir
\o generate netlist...
\o function ansCdlCompPrim redefined
\o Ignoring netlist creation since ignoreDesignChangesDuringRun is set to true
\o       ...successful.
\o compose simulator input file...
\o       ...successful.
\o WARNING (ADE-3080): Fast viewing extensions for PSF XL format (also known as RTSF) will be discontinued  
\o        and Virtuoso Visualization and Analysis XL will not use RTSF data to plot waveforms from IC6.1.8 ISR7 onward. 
\o        There will be no performance impact on data visualization due to this change.
\o [2026-05-26 08:12:18.698 Z] [PROCESS] [cadence.virtuoso.ade.services.netlister] - Current memory used: 723.7930 MBytes, peak memory used: 723.7930 MBytes {"hostname": "edatools", "processid": 227877, "testname": "TRAN_VDD_PULSE", "point": 19, "logfile": "/home/saul/projects/IL2244_VT26_SAUL/logs_saul/logs0/Service37.log"}
\o [2026-05-26 08:12:18.699 Z] [INFO] [cadence.virtuoso.ade.services.netlister] - Finished netlisting {"point": 19, "testname": "TRAN_VDD_PULSE"}
\o [2026-05-26 08:12:18.700 Z] [EVENT] [cadence.virtuoso.ade.services.netlister] - NewPoint {"point": 20, "testname": "TRAN_VDD_PULSE", "event": "NewPoint", "EventSource": "Netlist Service", "HistoryName": "Interactive.76", "logFile": "/home/saul/projects/IL2244_VT26_SAUL/logs_saul/logs0/Service37.log", "logFileSize": "50131"}
\o [2026-05-26 08:12:18.700 Z] [INFO] [cadence.virtuoso.ade.services.netlister] - Started netlisting {"point": 20, "testname": "TRAN_VDD_PULSE"}
\o Resetting statistical vars
\o 
\o *Info*    Setting parameter values ...
\o 
\o Setting var temperature = "-40"
\o Setting temp(T) = -40
\o 
\o *Info*    Netlist Directory =
\o           /home/saul/projects/IL2244_VT26_SAUL/Sim/FECG/fecg_front_end_tran_tb/maestro/results/maestro/Interactive.76/20/TRAN_VDD_PULSE/netlist
\o 
\o 
\o *Info*    Data Directory    =
\o           /home/saul/projects/IL2244_VT26_SAUL/Sim/FECG/fecg_front_end_tran_tb/maestro/results/maestro/Interactive.76/20/TRAN_VDD_PULSE
\o 
\o Reusing AHDL Data dir
\o generate netlist...
\o function ansCdlCompPrim redefined
\o Ignoring netlist creation since ignoreDesignChangesDuringRun is set to true
\o       ...successful.
\o compose simulator input file...
\o       ...successful.
\o WARNING (ADE-3080): Fast viewing extensions for PSF XL format (also known as RTSF) will be discontinued  
\o        and Virtuoso Visualization and Analysis XL will not use RTSF data to plot waveforms from IC6.1.8 ISR7 onward. 
\o        There will be no performance impact on data visualization due to this change.
\o [2026-05-26 08:12:19.110 Z] [PROCESS] [cadence.virtuoso.ade.services.netlister] - Current memory used: 723.7930 MBytes, peak memory used: 723.7930 MBytes {"hostname": "edatools", "processid": 227877, "testname": "TRAN_VDD_PULSE", "point": 20, "logfile": "/home/saul/projects/IL2244_VT26_SAUL/logs_saul/logs0/Service37.log"}
\o [2026-05-26 08:12:19.111 Z] [INFO] [cadence.virtuoso.ade.services.netlister] - Finished netlisting {"point": 20, "testname": "TRAN_VDD_PULSE"}
\o [2026-05-26 08:12:19.112 Z] [EVENT] [cadence.virtuoso.ade.services.netlister] - NewPoint {"point": 21, "testname": "TRAN_VDD_PULSE", "event": "NewPoint", "EventSource": "Netlist Service", "HistoryName": "Interactive.76", "logFile": "/home/saul/projects/IL2244_VT26_SAUL/logs_saul/logs0/Service37.log", "logFileSize": "52151"}
\o [2026-05-26 08:12:19.112 Z] [INFO] [cadence.virtuoso.ade.services.netlister] - Started netlisting {"point": 21, "testname": "TRAN_VDD_PULSE"}
\o Resetting statistical vars
\o 
\o *Info*    Setting parameter values ...
\o 
\o Setting var temperature = "85"
\o Setting temp(T) = 85
\o 
\o *Info*    Netlist Directory =
\o           /home/saul/projects/IL2244_VT26_SAUL/Sim/FECG/fecg_front_end_tran_tb/maestro/results/maestro/Interactive.76/21/TRAN_VDD_PULSE/netlist
\o 
\o 
\o *Info*    Data Directory    =
\o           /home/saul/projects/IL2244_VT26_SAUL/Sim/FECG/fecg_front_end_tran_tb/maestro/results/maestro/Interactive.76/21/TRAN_VDD_PULSE
\o 
\o Reusing AHDL Data dir
\o generate netlist...
\o function ansCdlCompPrim redefined
\o Ignoring netlist creation since ignoreDesignChangesDuringRun is set to true
\o       ...successful.
\o compose simulator input file...
\o       ...successful.
\o WARNING (ADE-3080): Fast viewing extensions for PSF XL format (also known as RTSF) will be discontinued  
\o        and Virtuoso Visualization and Analysis XL will not use RTSF data to plot waveforms from IC6.1.8 ISR7 onward. 
\o        There will be no performance impact on data visualization due to this change.
\o [2026-05-26 08:12:19.585 Z] [PROCESS] [cadence.virtuoso.ade.services.netlister] - Current memory used: 723.7930 MBytes, peak memory used: 723.7930 MBytes {"hostname": "edatools", "processid": 227877, "testname": "TRAN_VDD_PULSE", "point": 21, "logfile": "/home/saul/projects/IL2244_VT26_SAUL/logs_saul/logs0/Service37.log"}
\o [2026-05-26 08:12:19.585 Z] [INFO] [cadence.virtuoso.ade.services.netlister] - Finished netlisting {"point": 21, "testname": "TRAN_VDD_PULSE"}
\o [2026-05-26 08:12:19.586 Z] [EVENT] [cadence.virtuoso.ade.services.netlister] - NewPoint {"point": 22, "testname": "TRAN_VDD_PULSE", "event": "NewPoint", "EventSource": "Netlist Service", "HistoryName": "Interactive.76", "logFile": "/home/saul/projects/IL2244_VT26_SAUL/logs_saul/logs0/Service37.log", "logFileSize": "54169"}
\o [2026-05-26 08:12:19.587 Z] [INFO] [cadence.virtuoso.ade.services.netlister] - Started netlisting {"point": 22, "testname": "TRAN_VDD_PULSE"}
\o Resetting statistical vars
\o 
\o *Info*    Setting parameter values ...
\o 
\o Setting var temperature = "-40"
\o Setting temp(T) = -40
\o 
\o *Info*    Netlist Directory =
\o           /home/saul/projects/IL2244_VT26_SAUL/Sim/FECG/fecg_front_end_tran_tb/maestro/results/maestro/Interactive.76/22/TRAN_VDD_PULSE/netlist
\o 
\o 
\o *Info*    Data Directory    =
\o           /home/saul/projects/IL2244_VT26_SAUL/Sim/FECG/fecg_front_end_tran_tb/maestro/results/maestro/Interactive.76/22/TRAN_VDD_PULSE
\o 
\o Reusing AHDL Data dir
\o generate netlist...
\o function ansCdlCompPrim redefined
\o Ignoring netlist creation since ignoreDesignChangesDuringRun is set to true
\o       ...successful.
\o compose simulator input file...
\o       ...successful.
\o WARNING (ADE-3080): Fast viewing extensions for PSF XL format (also known as RTSF) will be discontinued  
\o        and Virtuoso Visualization and Analysis XL will not use RTSF data to plot waveforms from IC6.1.8 ISR7 onward. 
\o        There will be no performance impact on data visualization due to this change.
\o [2026-05-26 08:12:20.015 Z] [PROCESS] [cadence.virtuoso.ade.services.netlister] - Current memory used: 723.7930 MBytes, peak memory used: 723.7930 MBytes {"hostname": "edatools", "processid": 227877, "testname": "TRAN_VDD_PULSE", "point": 22, "logfile": "/home/saul/projects/IL2244_VT26_SAUL/logs_saul/logs0/Service37.log"}
\o [2026-05-26 08:12:20.015 Z] [INFO] [cadence.virtuoso.ade.services.netlister] - Finished netlisting {"point": 22, "testname": "TRAN_VDD_PULSE"}
\o [2026-05-26 08:12:20.016 Z] [EVENT] [cadence.virtuoso.ade.services.netlister] - NewPoint {"point": 23, "testname": "TRAN_VDD_PULSE", "event": "NewPoint", "EventSource": "Netlist Service", "HistoryName": "Interactive.76", "logFile": "/home/saul/projects/IL2244_VT26_SAUL/logs_saul/logs0/Service37.log", "logFileSize": "56189"}
\o [2026-05-26 08:12:20.017 Z] [INFO] [cadence.virtuoso.ade.services.netlister] - Started netlisting {"point": 23, "testname": "TRAN_VDD_PULSE"}
\o Resetting statistical vars
\o 
\o *Info*    Setting parameter values ...
\o 
\o Setting var temperature = "85"
\o Setting temp(T) = 85
\o 
\o *Info*    Netlist Directory =
\o           /home/saul/projects/IL2244_VT26_SAUL/Sim/FECG/fecg_front_end_tran_tb/maestro/results/maestro/Interactive.76/23/TRAN_VDD_PULSE/netlist
\o 
\o 
\o *Info*    Data Directory    =
\o           /home/saul/projects/IL2244_VT26_SAUL/Sim/FECG/fecg_front_end_tran_tb/maestro/results/maestro/Interactive.76/23/TRAN_VDD_PULSE
\o 
\o Reusing AHDL Data dir
\o generate netlist...
\o function ansCdlCompPrim redefined
\o Ignoring netlist creation since ignoreDesignChangesDuringRun is set to true
\o       ...successful.
\o compose simulator input file...
\o       ...successful.
\o WARNING (ADE-3080): Fast viewing extensions for PSF XL format (also known as RTSF) will be discontinued  
\o        and Virtuoso Visualization and Analysis XL will not use RTSF data to plot waveforms from IC6.1.8 ISR7 onward. 
\o        There will be no performance impact on data visualization due to this change.
\o [2026-05-26 08:12:20.426 Z] [PROCESS] [cadence.virtuoso.ade.services.netlister] - Current memory used: 723.7930 MBytes, peak memory used: 723.7930 MBytes {"hostname": "edatools", "processid": 227877, "testname": "TRAN_VDD_PULSE", "point": 23, "logfile": "/home/saul/projects/IL2244_VT26_SAUL/logs_saul/logs0/Service37.log"}
\o [2026-05-26 08:12:20.427 Z] [INFO] [cadence.virtuoso.ade.services.netlister] - Finished netlisting {"point": 23, "testname": "TRAN_VDD_PULSE"}
\o [2026-05-26 08:12:20.430 Z] [EVENT] [cadence.virtuoso.ade.services.netlister] - NewPoint {"point": 24, "testname": "TRAN_VDD_PULSE", "event": "NewPoint", "EventSource": "Netlist Service", "HistoryName": "Interactive.76", "logFile": "/home/saul/projects/IL2244_VT26_SAUL/logs_saul/logs0/Service37.log", "logFileSize": "58207"}
\o [2026-05-26 08:12:20.430 Z] [INFO] [cadence.virtuoso.ade.services.netlister] - Started netlisting {"point": 24, "testname": "TRAN_VDD_PULSE"}
\o Resetting statistical vars
\o 
\o *Info*    Setting parameter values ...
\o 
\o Setting var temperature = "-40"
\o Setting temp(T) = -40
\o 
\o *Info*    Netlist Directory =
\o           /home/saul/projects/IL2244_VT26_SAUL/Sim/FECG/fecg_front_end_tran_tb/maestro/results/maestro/Interactive.76/24/TRAN_VDD_PULSE/netlist
\o 
\o 
\o *Info*    Data Directory    =
\o           /home/saul/projects/IL2244_VT26_SAUL/Sim/FECG/fecg_front_end_tran_tb/maestro/results/maestro/Interactive.76/24/TRAN_VDD_PULSE
\o 
\o Reusing AHDL Data dir
\o generate netlist...
\o function ansCdlCompPrim redefined
\o Ignoring netlist creation since ignoreDesignChangesDuringRun is set to true
\o       ...successful.
\o compose simulator input file...
\o       ...successful.
\o WARNING (ADE-3080): Fast viewing extensions for PSF XL format (also known as RTSF) will be discontinued  
\o        and Virtuoso Visualization and Analysis XL will not use RTSF data to plot waveforms from IC6.1.8 ISR7 onward. 
\o        There will be no performance impact on data visualization due to this change.
\o [2026-05-26 08:12:20.851 Z] [PROCESS] [cadence.virtuoso.ade.services.netlister] - Current memory used: 723.7930 MBytes, peak memory used: 723.7930 MBytes {"hostname": "edatools", "processid": 227877, "testname": "TRAN_VDD_PULSE", "point": 24, "logfile": "/home/saul/projects/IL2244_VT26_SAUL/logs_saul/logs0/Service37.log"}
\o [2026-05-26 08:12:20.851 Z] [INFO] [cadence.virtuoso.ade.services.netlister] - Finished netlisting {"point": 24, "testname": "TRAN_VDD_PULSE"}
\o [2026-05-26 08:12:20.853 Z] [EVENT] [cadence.virtuoso.ade.services.netlister] - NewPoint {"point": 25, "testname": "TRAN_VDD_PULSE", "event": "NewPoint", "EventSource": "Netlist Service", "HistoryName": "Interactive.76", "logFile": "/home/saul/projects/IL2244_VT26_SAUL/logs_saul/logs0/Service37.log", "logFileSize": "60227"}
\o [2026-05-26 08:12:20.853 Z] [INFO] [cadence.virtuoso.ade.services.netlister] - Started netlisting {"point": 25, "testname": "TRAN_VDD_PULSE"}
\o Resetting statistical vars
\o 
\o *Info*    Setting parameter values ...
\o 
\o Setting var temperature = "85"
\o Setting temp(T) = 85
\o 
\o *Info*    Netlist Directory =
\o           /home/saul/projects/IL2244_VT26_SAUL/Sim/FECG/fecg_front_end_tran_tb/maestro/results/maestro/Interactive.76/25/TRAN_VDD_PULSE/netlist
\o 
\o 
\o *Info*    Data Directory    =
\o           /home/saul/projects/IL2244_VT26_SAUL/Sim/FECG/fecg_front_end_tran_tb/maestro/results/maestro/Interactive.76/25/TRAN_VDD_PULSE
\o 
\o Reusing AHDL Data dir
\o generate netlist...
\o function ansCdlCompPrim redefined
\o Ignoring netlist creation since ignoreDesignChangesDuringRun is set to true
\o       ...successful.
\o compose simulator input file...
\o       ...successful.
\o WARNING (ADE-3080): Fast viewing extensions for PSF XL format (also known as RTSF) will be discontinued  
\o        and Virtuoso Visualization and Analysis XL will not use RTSF data to plot waveforms from IC6.1.8 ISR7 onward. 
\o        There will be no performance impact on data visualization due to this change.
\o [2026-05-26 08:12:21.281 Z] [PROCESS] [cadence.virtuoso.ade.services.netlister] - Current memory used: 723.7930 MBytes, peak memory used: 723.7930 MBytes {"hostname": "edatools", "processid": 227877, "testname": "TRAN_VDD_PULSE", "point": 25, "logfile": "/home/saul/projects/IL2244_VT26_SAUL/logs_saul/logs0/Service37.log"}
\o [2026-05-26 08:12:21.282 Z] [INFO] [cadence.virtuoso.ade.services.netlister] - Finished netlisting {"point": 25, "testname": "TRAN_VDD_PULSE"}
\o [2026-05-26 08:12:21.283 Z] [EVENT] [cadence.virtuoso.ade.services.netlister] - NewPoint {"point": 26, "testname": "TRAN_VDD_PULSE", "event": "NewPoint", "EventSource": "Netlist Service", "HistoryName": "Interactive.76", "logFile": "/home/saul/projects/IL2244_VT26_SAUL/logs_saul/logs0/Service37.log", "logFileSize": "62245"}
\o [2026-05-26 08:12:21.283 Z] [INFO] [cadence.virtuoso.ade.services.netlister] - Started netlisting {"point": 26, "testname": "TRAN_VDD_PULSE"}
\o Resetting statistical vars
\o 
\o *Info*    Setting parameter values ...
\o 
\o Setting var temperature = "-40"
\o Setting temp(T) = -40
\o 
\o *Info*    Netlist Directory =
\o           /home/saul/projects/IL2244_VT26_SAUL/Sim/FECG/fecg_front_end_tran_tb/maestro/results/maestro/Interactive.76/26/TRAN_VDD_PULSE/netlist
\o 
\o 
\o *Info*    Data Directory    =
\o           /home/saul/projects/IL2244_VT26_SAUL/Sim/FECG/fecg_front_end_tran_tb/maestro/results/maestro/Interactive.76/26/TRAN_VDD_PULSE
\o 
\o Reusing AHDL Data dir
\o generate netlist...
\o function ansCdlCompPrim redefined
\o Ignoring netlist creation since ignoreDesignChangesDuringRun is set to true
\o       ...successful.
\o compose simulator input file...
\o       ...successful.
\o WARNING (ADE-3080): Fast viewing extensions for PSF XL format (also known as RTSF) will be discontinued  
\o        and Virtuoso Visualization and Analysis XL will not use RTSF data to plot waveforms from IC6.1.8 ISR7 onward. 
\o        There will be no performance impact on data visualization due to this change.
\o [2026-05-26 08:12:21.696 Z] [PROCESS] [cadence.virtuoso.ade.services.netlister] - Current memory used: 723.7930 MBytes, peak memory used: 723.7930 MBytes {"hostname": "edatools", "processid": 227877, "testname": "TRAN_VDD_PULSE", "point": 26, "logfile": "/home/saul/projects/IL2244_VT26_SAUL/logs_saul/logs0/Service37.log"}
\o [2026-05-26 08:12:21.697 Z] [INFO] [cadence.virtuoso.ade.services.netlister] - Finished netlisting {"point": 26, "testname": "TRAN_VDD_PULSE"}
\o [2026-05-26 08:12:21.698 Z] [EVENT] [cadence.virtuoso.ade.services.netlister] - NewPoint {"point": 27, "testname": "TRAN_VDD_PULSE", "event": "NewPoint", "EventSource": "Netlist Service", "HistoryName": "Interactive.76", "logFile": "/home/saul/projects/IL2244_VT26_SAUL/logs_saul/logs0/Service37.log", "logFileSize": "64265"}
\o [2026-05-26 08:12:21.698 Z] [INFO] [cadence.virtuoso.ade.services.netlister] - Started netlisting {"point": 27, "testname": "TRAN_VDD_PULSE"}
\o Resetting statistical vars
\o 
\o *Info*    Setting parameter values ...
\o 
\o Setting var temperature = "85"
\o Setting temp(T) = 85
\o 
\o *Info*    Netlist Directory =
\o           /home/saul/projects/IL2244_VT26_SAUL/Sim/FECG/fecg_front_end_tran_tb/maestro/results/maestro/Interactive.76/27/TRAN_VDD_PULSE/netlist
\o 
\o 
\o *Info*    Data Directory    =
\o           /home/saul/projects/IL2244_VT26_SAUL/Sim/FECG/fecg_front_end_tran_tb/maestro/results/maestro/Interactive.76/27/TRAN_VDD_PULSE
\o 
\o Reusing AHDL Data dir
\o generate netlist...
\o function ansCdlCompPrim redefined
\o Ignoring netlist creation since ignoreDesignChangesDuringRun is set to true
\o       ...successful.
\o compose simulator input file...
\o       ...successful.
\o WARNING (ADE-3080): Fast viewing extensions for PSF XL format (also known as RTSF) will be discontinued  
\o        and Virtuoso Visualization and Analysis XL will not use RTSF data to plot waveforms from IC6.1.8 ISR7 onward. 
\o        There will be no performance impact on data visualization due to this change.
\o [2026-05-26 08:12:22.114 Z] [PROCESS] [cadence.virtuoso.ade.services.netlister] - Current memory used: 723.7930 MBytes, peak memory used: 723.7930 MBytes {"hostname": "edatools", "processid": 227877, "testname": "TRAN_VDD_PULSE", "point": 27, "logfile": "/home/saul/projects/IL2244_VT26_SAUL/logs_saul/logs0/Service37.log"}
\o [2026-05-26 08:12:22.114 Z] [INFO] [cadence.virtuoso.ade.services.netlister] - Finished netlisting {"point": 27, "testname": "TRAN_VDD_PULSE"}
\o [2026-05-26 08:12:22.115 Z] [EVENT] [cadence.virtuoso.ade.services.netlister] - NewPoint {"point": 28, "testname": "TRAN_VDD_PULSE", "event": "NewPoint", "EventSource": "Netlist Service", "HistoryName": "Interactive.76", "logFile": "/home/saul/projects/IL2244_VT26_SAUL/logs_saul/logs0/Service37.log", "logFileSize": "66283"}
\o [2026-05-26 08:12:22.115 Z] [INFO] [cadence.virtuoso.ade.services.netlister] - Started netlisting {"point": 28, "testname": "TRAN_VDD_PULSE"}
\o Resetting statistical vars
\o 
\o *Info*    Setting parameter values ...
\o 
\o Setting var temperature = "-40"
\o Setting temp(T) = -40
\o 
\o *Info*    Netlist Directory =
\o           /home/saul/projects/IL2244_VT26_SAUL/Sim/FECG/fecg_front_end_tran_tb/maestro/results/maestro/Interactive.76/28/TRAN_VDD_PULSE/netlist
\o 
\o 
\o *Info*    Data Directory    =
\o           /home/saul/projects/IL2244_VT26_SAUL/Sim/FECG/fecg_front_end_tran_tb/maestro/results/maestro/Interactive.76/28/TRAN_VDD_PULSE
\o 
\o Reusing AHDL Data dir
\o generate netlist...
\o function ansCdlCompPrim redefined
\o Ignoring netlist creation since ignoreDesignChangesDuringRun is set to true
\o       ...successful.
\o compose simulator input file...
\o       ...successful.
\o WARNING (ADE-3080): Fast viewing extensions for PSF XL format (also known as RTSF) will be discontinued  
\o        and Virtuoso Visualization and Analysis XL will not use RTSF data to plot waveforms from IC6.1.8 ISR7 onward. 
\o        There will be no performance impact on data visualization due to this change.
\o [2026-05-26 08:12:22.527 Z] [PROCESS] [cadence.virtuoso.ade.services.netlister] - Current memory used: 723.7930 MBytes, peak memory used: 723.7930 MBytes {"hostname": "edatools", "processid": 227877, "testname": "TRAN_VDD_PULSE", "point": 28, "logfile": "/home/saul/projects/IL2244_VT26_SAUL/logs_saul/logs0/Service37.log"}
\o [2026-05-26 08:12:22.527 Z] [INFO] [cadence.virtuoso.ade.services.netlister] - Finished netlisting {"point": 28, "testname": "TRAN_VDD_PULSE"}
\o [2026-05-26 08:12:22.528 Z] [EVENT] [cadence.virtuoso.ade.services.netlister] - NewPoint {"point": 29, "testname": "TRAN_VDD_PULSE", "event": "NewPoint", "EventSource": "Netlist Service", "HistoryName": "Interactive.76", "logFile": "/home/saul/projects/IL2244_VT26_SAUL/logs_saul/logs0/Service37.log", "logFileSize": "68303"}
\o [2026-05-26 08:12:22.528 Z] [INFO] [cadence.virtuoso.ade.services.netlister] - Started netlisting {"point": 29, "testname": "TRAN_VDD_PULSE"}
\o Resetting statistical vars
\o 
\o *Info*    Setting parameter values ...
\o 
\o Setting var temperature = "85"
\o Setting temp(T) = 85
\o 
\o *Info*    Netlist Directory =
\o           /home/saul/projects/IL2244_VT26_SAUL/Sim/FECG/fecg_front_end_tran_tb/maestro/results/maestro/Interactive.76/29/TRAN_VDD_PULSE/netlist
\o 
\o 
\o *Info*    Data Directory    =
\o           /home/saul/projects/IL2244_VT26_SAUL/Sim/FECG/fecg_front_end_tran_tb/maestro/results/maestro/Interactive.76/29/TRAN_VDD_PULSE
\o 
\o Reusing AHDL Data dir
\o generate netlist...
\o function ansCdlCompPrim redefined
\o Ignoring netlist creation since ignoreDesignChangesDuringRun is set to true
\o       ...successful.
\o compose simulator input file...
\o       ...successful.
\o WARNING (ADE-3080): Fast viewing extensions for PSF XL format (also known as RTSF) will be discontinued  
\o        and Virtuoso Visualization and Analysis XL will not use RTSF data to plot waveforms from IC6.1.8 ISR7 onward. 
\o        There will be no performance impact on data visualization due to this change.
\o [2026-05-26 08:12:22.959 Z] [PROCESS] [cadence.virtuoso.ade.services.netlister] - Current memory used: 723.7930 MBytes, peak memory used: 723.7930 MBytes {"hostname": "edatools", "processid": 227877, "testname": "TRAN_VDD_PULSE", "point": 29, "logfile": "/home/saul/projects/IL2244_VT26_SAUL/logs_saul/logs0/Service37.log"}
\o [2026-05-26 08:12:22.959 Z] [INFO] [cadence.virtuoso.ade.services.netlister] - Finished netlisting {"point": 29, "testname": "TRAN_VDD_PULSE"}
\o [2026-05-26 08:12:22.961 Z] [EVENT] [cadence.virtuoso.ade.services.netlister] - NewPoint {"point": 30, "testname": "TRAN_VDD_PULSE", "event": "NewPoint", "EventSource": "Netlist Service", "HistoryName": "Interactive.76", "logFile": "/home/saul/projects/IL2244_VT26_SAUL/logs_saul/logs0/Service37.log", "logFileSize": "70321"}
\o [2026-05-26 08:12:22.961 Z] [INFO] [cadence.virtuoso.ade.services.netlister] - Started netlisting {"point": 30, "testname": "TRAN_VDD_PULSE"}
\o Resetting statistical vars
\o 
\o *Info*    Setting parameter values ...
\o 
\o Setting var temperature = "-40"
\o Setting temp(T) = -40
\o 
\o *Info*    Netlist Directory =
\o           /home/saul/projects/IL2244_VT26_SAUL/Sim/FECG/fecg_front_end_tran_tb/maestro/results/maestro/Interactive.76/30/TRAN_VDD_PULSE/netlist
\o 
\o 
\o *Info*    Data Directory    =
\o           /home/saul/projects/IL2244_VT26_SAUL/Sim/FECG/fecg_front_end_tran_tb/maestro/results/maestro/Interactive.76/30/TRAN_VDD_PULSE
\o 
\o Reusing AHDL Data dir
\o generate netlist...
\o function ansCdlCompPrim redefined
\o Ignoring netlist creation since ignoreDesignChangesDuringRun is set to true
\o       ...successful.
\o compose simulator input file...
\o       ...successful.
\o WARNING (ADE-3080): Fast viewing extensions for PSF XL format (also known as RTSF) will be discontinued  
\o        and Virtuoso Visualization and Analysis XL will not use RTSF data to plot waveforms from IC6.1.8 ISR7 onward. 
\o        There will be no performance impact on data visualization due to this change.
\o [2026-05-26 08:12:23.401 Z] [PROCESS] [cadence.virtuoso.ade.services.netlister] - Current memory used: 723.7930 MBytes, peak memory used: 723.7930 MBytes {"hostname": "edatools", "processid": 227877, "testname": "TRAN_VDD_PULSE", "point": 30, "logfile": "/home/saul/projects/IL2244_VT26_SAUL/logs_saul/logs0/Service37.log"}
\o [2026-05-26 08:12:23.401 Z] [INFO] [cadence.virtuoso.ade.services.netlister] - Finished netlisting {"point": 30, "testname": "TRAN_VDD_PULSE"}
\o [2026-05-26 08:12:23.403 Z] [EVENT] [cadence.virtuoso.ade.services.netlister] - NewPoint {"point": 31, "testname": "TRAN_VDD_PULSE", "event": "NewPoint", "EventSource": "Netlist Service", "HistoryName": "Interactive.76", "logFile": "/home/saul/projects/IL2244_VT26_SAUL/logs_saul/logs0/Service37.log", "logFileSize": "72341"}
\o [2026-05-26 08:12:23.403 Z] [INFO] [cadence.virtuoso.ade.services.netlister] - Started netlisting {"point": 31, "testname": "TRAN_VDD_PULSE"}
\o Resetting statistical vars
\o 
\o *Info*    Setting parameter values ...
\o 
\o Setting var temperature = "85"
\o Setting temp(T) = 85
\o 
\o *Info*    Netlist Directory =
\o           /home/saul/projects/IL2244_VT26_SAUL/Sim/FECG/fecg_front_end_tran_tb/maestro/results/maestro/Interactive.76/31/TRAN_VDD_PULSE/netlist
\o 
\o 
\o *Info*    Data Directory    =
\o           /home/saul/projects/IL2244_VT26_SAUL/Sim/FECG/fecg_front_end_tran_tb/maestro/results/maestro/Interactive.76/31/TRAN_VDD_PULSE
\o 
\o Reusing AHDL Data dir
\o generate netlist...
\o function ansCdlCompPrim redefined
\o Ignoring netlist creation since ignoreDesignChangesDuringRun is set to true
\o       ...successful.
\o compose simulator input file...
\o       ...successful.
\o WARNING (ADE-3080): Fast viewing extensions for PSF XL format (also known as RTSF) will be discontinued  
\o        and Virtuoso Visualization and Analysis XL will not use RTSF data to plot waveforms from IC6.1.8 ISR7 onward. 
\o        There will be no performance impact on data visualization due to this change.
\o [2026-05-26 08:12:23.810 Z] [PROCESS] [cadence.virtuoso.ade.services.netlister] - Current memory used: 723.7930 MBytes, peak memory used: 723.7930 MBytes {"hostname": "edatools", "processid": 227877, "testname": "TRAN_VDD_PULSE", "point": 31, "logfile": "/home/saul/projects/IL2244_VT26_SAUL/logs_saul/logs0/Service37.log"}
\o [2026-05-26 08:12:23.810 Z] [INFO] [cadence.virtuoso.ade.services.netlister] - Finished netlisting {"point": 31, "testname": "TRAN_VDD_PULSE"}
\o [2026-05-26 08:12:23.811 Z] [EVENT] [cadence.virtuoso.ade.services.netlister] - NewPoint {"point": 32, "testname": "TRAN_VDD_PULSE", "event": "NewPoint", "EventSource": "Netlist Service", "HistoryName": "Interactive.76", "logFile": "/home/saul/projects/IL2244_VT26_SAUL/logs_saul/logs0/Service37.log", "logFileSize": "74359"}
\o [2026-05-26 08:12:23.811 Z] [INFO] [cadence.virtuoso.ade.services.netlister] - Started netlisting {"point": 32, "testname": "TRAN_VDD_PULSE"}
\o Resetting statistical vars
\o 
\o *Info*    Setting parameter values ...
\o 
\o Setting var temperature = "-40"
\o Setting temp(T) = -40
\o 
\o *Info*    Netlist Directory =
\o           /home/saul/projects/IL2244_VT26_SAUL/Sim/FECG/fecg_front_end_tran_tb/maestro/results/maestro/Interactive.76/32/TRAN_VDD_PULSE/netlist
\o 
\o 
\o *Info*    Data Directory    =
\o           /home/saul/projects/IL2244_VT26_SAUL/Sim/FECG/fecg_front_end_tran_tb/maestro/results/maestro/Interactive.76/32/TRAN_VDD_PULSE
\o 
\o Reusing AHDL Data dir
\o generate netlist...
\o function ansCdlCompPrim redefined
\o Ignoring netlist creation since ignoreDesignChangesDuringRun is set to true
\o       ...successful.
\o compose simulator input file...
\o       ...successful.
\o WARNING (ADE-3080): Fast viewing extensions for PSF XL format (also known as RTSF) will be discontinued  
\o        and Virtuoso Visualization and Analysis XL will not use RTSF data to plot waveforms from IC6.1.8 ISR7 onward. 
\o        There will be no performance impact on data visualization due to this change.
\o [2026-05-26 08:12:24.214 Z] [PROCESS] [cadence.virtuoso.ade.services.netlister] - Current memory used: 723.7930 MBytes, peak memory used: 723.7930 MBytes {"hostname": "edatools", "processid": 227877, "testname": "TRAN_VDD_PULSE", "point": 32, "logfile": "/home/saul/projects/IL2244_VT26_SAUL/logs_saul/logs0/Service37.log"}
\o [2026-05-26 08:12:24.215 Z] [INFO] [cadence.virtuoso.ade.services.netlister] - Finished netlisting {"point": 32, "testname": "TRAN_VDD_PULSE"}
\o [2026-05-26 08:12:24.216 Z] [EVENT] [cadence.virtuoso.ade.services.netlister] - NewPoint {"point": 33, "testname": "TRAN_VDD_PULSE", "event": "NewPoint", "EventSource": "Netlist Service", "HistoryName": "Interactive.76", "logFile": "/home/saul/projects/IL2244_VT26_SAUL/logs_saul/logs0/Service37.log", "logFileSize": "76379"}
\o [2026-05-26 08:12:24.216 Z] [INFO] [cadence.virtuoso.ade.services.netlister] - Started netlisting {"point": 33, "testname": "TRAN_VDD_PULSE"}
\o Resetting statistical vars
\o 
\o *Info*    Setting parameter values ...
\o 
\o Setting var temperature = "85"
\o Setting temp(T) = 85
\o 
\o *Info*    Netlist Directory =
\o           /home/saul/projects/IL2244_VT26_SAUL/Sim/FECG/fecg_front_end_tran_tb/maestro/results/maestro/Interactive.76/33/TRAN_VDD_PULSE/netlist
\o 
\o 
\o *Info*    Data Directory    =
\o           /home/saul/projects/IL2244_VT26_SAUL/Sim/FECG/fecg_front_end_tran_tb/maestro/results/maestro/Interactive.76/33/TRAN_VDD_PULSE
\o 
\o Reusing AHDL Data dir
\o generate netlist...
\o function ansCdlCompPrim redefined
\o Ignoring netlist creation since ignoreDesignChangesDuringRun is set to true
\o       ...successful.
\o compose simulator input file...
\o       ...successful.
\o WARNING (ADE-3080): Fast viewing extensions for PSF XL format (also known as RTSF) will be discontinued  
\o        and Virtuoso Visualization and Analysis XL will not use RTSF data to plot waveforms from IC6.1.8 ISR7 onward. 
\o        There will be no performance impact on data visualization due to this change.
\o [2026-05-26 08:12:24.695 Z] [PROCESS] [cadence.virtuoso.ade.services.netlister] - Current memory used: 723.7930 MBytes, peak memory used: 723.7930 MBytes {"hostname": "edatools", "processid": 227877, "testname": "TRAN_VDD_PULSE", "point": 33, "logfile": "/home/saul/projects/IL2244_VT26_SAUL/logs_saul/logs0/Service37.log"}
\o [2026-05-26 08:12:24.696 Z] [INFO] [cadence.virtuoso.ade.services.netlister] - Finished netlisting {"point": 33, "testname": "TRAN_VDD_PULSE"}
\o Simulation design variables differ from those on the cellView,
\o they have been saved in the file "/tmp/saved-design-variables".
\o To save future changes, copy variables to cellView before exiting.
\# Lic Summary:
\# [08:17:27.340041] Cdslmd servers:3000@lic08.ug.kth.se:29000@lic06.ug.kth.se
\# [08:17:27.340048] Feature usage summary:
\# Memory report: on exit            451 MB, process size 2,214 MB at UTC 2026.05.26 08:17:27.864
\# Memory report: peak usage         451 MB, process size 2,216 MB
