\# Program start time:     UTC 2026.05.26 05:17:15.849
\# Local time: UTC (UTC+00:00) 2026.05.26 05:17:15.849
\o Program:		@(#)$CDS: virtuoso version 6.1.8-64b 09/03/2024 19:11 (sjfhw316) $
\o Hierarchy:		/opt/tools/cadence/installs/IC618/tools.lnx86/dfII/
\o Sub version:		sub-version  IC6.1.8-64b.500.36  (64-bit addresses)
\# Command line:	/opt/tools/cadence/installs/IC618/tools.lnx86/dfII/bin/64bit/virtuoso -beanhost edatools -beanport 11300 -beanbinlog  -beanLogFile /home/saul/projects/IL2244_VT26_SAUL/logs_saul/logs0/amps_Service18.log -mpssession virtuoso93243 -mpshost edatools -davinciService DaVinciService_93243_1779769417 -scopedPid 93243 -axlSession fnxSession0 -axlServiceIdFlag 18 -uuid 811114ac-0be9-45a5-b5fe-c2e98bdcea2c -heartbeat /dev/shm/swift-heartbeat.mzLVtdbiw9 -log /home/saul/projects/IL2244_VT26_SAUL/logs_saul/logs0/Service18.log -noautostart -nographE -lscs 000175E1894CBE06FF0966E38F1FFC06BC4D138FFC7EFC06BC4D68F886089075D3225CD1A12FD236867F66E38F1FFC06BC4D66E38F1FFC06BC4D0CF6A3C5D0DCD65800001E5F -interactive -offlineExprEval -fenixMode assembler -heartbeatTimeout  -lingerTimeout 300 -pointlifetime -1
\# Host name (type):	edatools (x86_64)
\# Operating system:	Linux 6.17.0-29-generic #29~24.04.1-Ubuntu SMP PREEMPT_DYNAMIC Mon May 11 10:30:58 UTC 2
\# Linux /etc/issue:	\S
\# Linux /etc/issue:	Kernel \r on an \m
\# X display name (WxH):	:6433 (1024x868)
\# Available geometry:			TL(0:0) BR(1023:867)
\# X server:			The X.Org Foundation
\# Depth of Visual (Root):	24 (24)
\# Number of Planes Used:	24
\# X version:		11.0 (vendor release 12011000)
\# X resource pool:	base 0x400000, mask 0x1fffff (2097151), shift 0
\# 			current id 0x0, current max 0x1ffffa (2097146)
\# Max data seg size:	     unlimited
\# Max process size:	     unlimited
\# Initial sbrk value:	      1,139 MB
\# Available memory:	     55,747 MB
\# System memory:	     72,238 MB
\# Maximum memory size:	     71,218 MB
\# Max mem available:	     55,866 MB
\# Initial memory used:	        119 MB
\#        process size:	      1,676 MB
\# Thread usage limits (effective/default):	maxthreads 4294967295/4294967295 maxload 16.00/16.00
\# Qt version:		5.9.1
\# Window Manager:	other
\# User Name:		saul
\o Working Directory:	edatools:/home/saul/projects/IL2244_VT26_SAUL
\# Process Id:		148501
\o 
\o COPYRIGHT (C) 1992-2024  CADENCE DESIGN SYSTEMS INC.  ALL RIGHTS RESERVED.
\o           (C) 1992-2024  UNIX SYSTEMS Laboratories INC.,
\o                          Reproduced with permission.
\o 
\o This Cadence Design Systems program and online documentation are
\o proprietary/confidential information and may be disclosed/used only
\o as authorized in a license agreement controlling such use and disclosure.
\o 
\o           RESTRICTED RIGHTS NOTICE (SHORT FORM)
\o Use/reproduction/disclosure is subject to restriction
\o set forth at FAR 1252.227-19 or its equivalent.
\o Loading geView.cxt 
\o Loading menuBuilder.cxt 
\o Loading schView.cxt 
\o Loading selectSv.cxt 
\o Loading wireEdit.cxt 
\o Loading pte2.cxt 
\o Loading xlUI.cxt 
\o Loading auCore.cxt 
\o Loading vhdl.cxt 
\o Loading seismic.cxt 
\o Loading ci.cxt 
\o Loading ams.cxt 
\o Loading oasis.cxt 
\o Loading analog.cxt 
\o Loading asimenv.cxt 
\o Loading dal.cxt 
\o Loading awv.cxt 
\o Loading socket.cxt 
\o Loading par.cxt 
\o Loading alvs.cxt 
\o Loading caa.cxt 
\o Loading amps.cxt 
\o Loading adexlCore.cxt 
\o Loading adexl.cxt 
\o *Info*    Exporting services from client ... 
\o 
\o Loading adexlDM.cxt 
\o Loading cpf.cxt 
\o Loading cli.cxt 
\o Loading lp.cxt 
\o INFO (ELI-00302) Connecting to parent process (session=virtuoso93243, host=edatools). Connection mode is LSCS. Total timeout is 180 seconds. Connection timeout is 90 seconds.
\o INFO (ELI-00303) Step 1: Connecting to parent. Time spent is 0 seconds.
\o INFO (ELI-00304) The registration of the child 148501 within 90 seconds is being processed...
\o INFO (ELI-00305) The result of registration is true. Time spent is 0 seconds.
\o INFO (ELI-00308) The connection has ended. Result is true. Total time spent is 0 seconds.
\# [05:17:15.445338] Configured Lic search path (22.01-s002): 3000@lic08.ug.kth.se:29000@lic06.ug.kth.se
\o ......................................................................................
\o            ams AG HIT-Kit v.ams_4.10
\o ......................................................................................
\o COPYRIGHT (c) 2012 Full Service Foundry @ ams AG.  ALL RIGHTS RESERVED
\o This HIT-Kit and attached documentation are confidential information and may 
\o only be used as authorized by the HIT-Kit license agreement.
\o ......................................................................................
\# Current Window: window(2)
\o Loading simulator default settings.
\o //
\o //  Calibre Skill Interface * (v2024.4_12.9) *
\o //
\o //                         Copyright Siemens 1996-2020     
\o //                             All Rights Reserved.
\o //         THIS WORK CONTAINS TRADE SECRET AND PROPRIETARY INFORMATION
\o //            WHICH IS THE PROPERTY OF MENTOR GRAPHICS CORPORATION
\o //              OR ITS LICENSORS AND IS SUBJECT TO LICENSE TERMS.
\o //
\o //
\# Memory report: using         281 MB, process size 1,972 MB at UTC 2026.05.26 05:17:17.443
\o Loading simulator default settings.
\p hitkit: ams_4.10  Tech: c35b4c3  User: saul 
\# Loading perfDiag...
\# (PerfDiag): Set GDB path to environment variable 'gdbPath' (gdb).
\# Performance Diagnostic tool is installed. You can access PerfDiag from CIW Tools or use the shell command 'cdsPerfDiag -p 148501' to open it when Virtuoso freezes.
\# (PerfDiag): Use backtrace from GLIBC.
\w *WARNING* _perfPstackCheck: Cannot find pstack/gstack. Please setup PATH environment variable to pstack/gstack executable.
\i _axlRunServices()
\# [05:17:17.277346] periodic Lic check successful
\# [05:17:17.277347] Feature usage summary:
\o Loading simui.cxt 
\o [2026-05-26 05:17:17.824 Z] [PROCESS] [cadence.virtuoso.ade.services] - Netlist Service has successfully started. Waiting for incoming messages ... {"hostname": "edatools", "processid": 148501, "logfile": "/home/saul/projects/IL2244_VT26_SAUL/logs_saul/logs0/Service18.log"}
\o [2026-05-26 05:17:17.868 Z] [EVENT] [cadence.virtuoso.ade.services.netlister] - NewPoint {"point": 0, "testname": "PSS_VIN_MC", "event": "NewPoint", "EventSource": "Netlist Service", "HistoryName": "MonteCarlo.0", "logFile": "/home/saul/projects/IL2244_VT26_SAUL/logs_saul/logs0/Service18.log", "logFileSize": "5660"}
\o [2026-05-26 05:17:17.869 Z] [INFO] [cadence.virtuoso.ade.services.netlister] - Started preparing netlist {"point": 0, "testname": "PSS_VIN_MC", "testnameKey": "PSS_VIN_MC"}
\o Loading vqp.cxt 
\o Loading vdsil.cxt 
\o *Warning* AXL Context Manager : job 18 is already registered. 
\o 
\o Loading hdlPkg.cxt 
\o 
\o 
\o *Info*    Configuring the session ...
\o 
\o 	Library      = FECG
\o 	Cell         = fecg_front_end_tb
\o 	View         = config
\o 	Simulator    = spectre
\o 	State Path   = $AXL_SETUPDB_DIR/test_states
\o 	State Name   = MonteCarlo.0
\o 	Results DB   = /home/saul/projects/IL2244_VT26_SAUL/FECG/fecg_front_end_tb/maestro/results/maestro/MonteCarlo.0.rdb
\o 	Results Dir  = /home/saul/projects/IL2244_VT26_SAUL/Sim/FECG/fecg_front_end_tb/maestro/results/maestro/MonteCarlo.0/1/PSS_VIN_MC
\o 	Results Loc  = /home/saul/projects/IL2244_VT26_SAUL/Sim/FECG/fecg_front_end_tb/maestro/results/maestro
\o 	Project Dir  = /home/saul/projects/IL2244_VT26_SAUL/Sim
\o 	Setup DB loc = /home/saul/projects/IL2244_VT26_SAUL/FECG/fecg_front_end_tb/maestro
\o 	File Encoding = 0
\o 
\o 
\o Loading viva.cxt 
\o Loading spectrei.cxt 
\o Loading devCheck.cxt 
\o Loading relXpert.cxt 
\o Loading hspiceD.cxt 
\o Loading spectreinl.cxt 
\o Loading msgHandler.cxt 
\o Loading UltraSim.cxt 
\o Loading AMSOSS.cxt 
\o Loading AMS.cxt 
\o 
\o *Info*    The auto suspension is disabled.
\o 
\o Loading elec.cxt 
\o Resetting statistical vars
\o 
\o *Info*    Setting parameter values ...
\o 
\o Setting var EN_CMFB = "0"
\o Setting var F0 = "3.3"
\o Setting var F1 = "3.3"
\o Setting var F2 = "0"
\o Setting var FC = "4k"
\o Setting var S0 = "3.3"
\o Setting var S1 = "0"
\o Setting var S2 = "0"
\o Setting var VCM_AC = "0"
\o Setting var VCM_AMP = "0"
\o Setting var VCM_DC = "1.6"
\o Setting var VDD = "3.3"
\o Setting var VIN_AC = "1"
\o Setting var VIN_AMP = "1m"
\o Setting var VIN_DC = "10m"
\o Setting var VIN_FREQ = "50"
\o Loading monte.cxt 
\o Reusing AHDL Data dir
\o 
\o *Info*    Data Directory    =
\o           /home/saul/projects/IL2244_VT26_SAUL/Sim/FECG/fecg_front_end_tb/maestro/results/maestro/MonteCarlo.0/psf/PSS_VIN_MC
\o 
\w *WARNING* (CMGR-1313): Constraints of type 'guardRing' must have unique members of type 'modgen'. Member 'Modgen_1' has been found twice for this constraint.
\w *WARNING* (CMGR-1313): Constraints of type 'guardRing' must have unique members of type 'modgen'. Member 'Modgen_3' has been found twice for this constraint.
\w *WARNING* (CMGR-1524): Atleast one constraint has been found in the cache "(FECG fecg_cmfb2_f schematic)" with an inconsistent storage format. The constraint(s) has been marked disabled.
\w *WARNING* (CMGR-1808): Constraint member of type net is out-of-context because net 'B' does not exist in the original schematic design hierarchy.
\w *WARNING* (CMGR-1808): Constraint member of type net is out-of-context because net 'B' does not exist in the original schematic design hierarchy.
\w *WARNING* (CMGR-1808): Constraint member of type net is out-of-context because net 'B' does not exist in the original schematic design hierarchy.
\w *WARNING* (CMGR-1313): Constraints of type 'guardRing' must have unique members of type 'modgen'. Member 'Modgen_12' has been found twice for this constraint.
\w *WARNING* (CMGR-1524): Atleast one constraint has been found in the cache "(FECG fecg_vga2_f_2 schematic)" with an inconsistent storage format. The constraint(s) has been marked disabled.
\w *WARNING* (CMGR-1313): Constraints of type 'guardRing' must have unique members of type 'modgen'. Member 'Modgen_6' has been found twice for this constraint.
\w *WARNING* (CMGR-1524): Atleast one constraint has been found in the cache "(FECG gmc_5_f schematic)" with an inconsistent storage format. The constraint(s) has been marked disabled.
\w *WARNING* (CMGR-1313): Constraints of type 'guardRing' must have unique members of type 'modgen'. Member 'Modgen_2' has been found twice for this constraint.
\w *WARNING* (CMGR-1313): Constraints of type 'guardRing' must have unique members of type 'modgen'. Member 'Modgen_4' has been found twice for this constraint.
\w *WARNING* (CMGR-1313): Constraints of type 'guardRing' must have unique members of type 'modgen'. Member 'Modgen_5' has been found twice for this constraint.
\w *WARNING* (CMGR-1524): Atleast one constraint has been found in the cache "(FECG buffer2_f_3 schematic)" with an inconsistent storage format. The constraint(s) has been marked disabled.
\o generate netlist...
\o Loading hnlInit.cxt 
\o Loading seCore.cxt 
\o function ansCdlCompPrim redefined
\o function ansCdlCompPrim redefined
\o Initializing the control file using cp:
\o     cp /opt/tools/cadence/installs/IC618/tools.lnx86/dfII/etc/si/control.spectre /home/saul/projects/IL2244_VT26_SAUL/Sim/FECG/fecg_front_end_tb/maestro/results/maestro/MonteCarlo.0/psf/PSS_VIN_MC/netlist/control
\o Copying Spectre source file 'spectre.inp'
\o Copying Spectre command file 'spectre.sim'
\o Begin Incremental Netlisting May 26 05:17:19 2026
\# Memory report: using         421 MB, process size 2,187 MB at UTC 2026.05.26 05:17:20.128
\o Loading json.cxt 
\o End netlisting May 26 05:17:20 2026
\o 
\o Netlisting Statistics:
\o 	Number of components: 1106
\o 
\o 	Elapsed time:          1.0s (1106.00/s)
\o Errors: 0	Warnings: 0
\o       ...successful.
\o compose simulator input file...
\o       ...successful.
\o [2026-05-26 05:17:20.301 Z] [INFO] [cadence.virtuoso.ade.services.netlister] - Finished preparing netlist {"point": 0, "testname": "PSS_VIN_MC", "testnameKey": "PSS_VIN_MC"}
\o [2026-05-26 05:17:21.306 Z] [EVENT] [cadence.virtuoso.ade.services.netlister] - GroupPoints {"point": 1, "testname": "PSS_VIN_MC", "event": "GroupPoints", "EventSource": "Netlist Service", "Points": "1:1:17", "HistoryName": "MonteCarlo.0", "logFile": "/home/saul/projects/IL2244_VT26_SAUL/logs_saul/logs0/Service18.log", "logFileSize": "11785"}
\o [2026-05-26 05:17:21.307 Z] [INFO] [cadence.virtuoso.ade.services.netlister] - Started netlisting {"point": 1, "testname": "PSS_VIN_MC"}
\o Simulation design variables differ from those on the cellView,
\o they have been saved in the file "/tmp/saved-design-variables".
\o To save future changes, copy variables to cellView before exiting.
\o *Warning* AXL Context Manager : job 18 is already registered. 
\o 
\o 
\o 
\o *Info*    Configuring the session ...
\o 
\o 	Library      = FECG
\o 	Cell         = fecg_front_end_tb
\o 	View         = config
\o 	Simulator    = spectre
\o 	State Path   = $AXL_SETUPDB_DIR/test_states
\o 	State Name   = MonteCarlo.0
\o 	Results DB   = /home/saul/projects/IL2244_VT26_SAUL/FECG/fecg_front_end_tb/maestro/results/maestro/MonteCarlo.0.rdb
\o 	Results Dir  = /home/saul/projects/IL2244_VT26_SAUL/Sim/FECG/fecg_front_end_tb/maestro/results/maestro/MonteCarlo.0/1/PSS_VIN_MC
\o 	Results Loc  = /home/saul/projects/IL2244_VT26_SAUL/Sim/FECG/fecg_front_end_tb/maestro/results/maestro
\o 	Project Dir  = /home/saul/projects/IL2244_VT26_SAUL/Sim
\o 	Setup DB loc = /home/saul/projects/IL2244_VT26_SAUL/FECG/fecg_front_end_tb/maestro
\o 	File Encoding = 0
\o 
\o 
\o 
\o *Info*    The auto suspension is disabled.
\o 
\o Resetting statistical vars
\o 
\o *Info*    Setting parameter values ...
\o 
\o Setting var EN_CMFB = "0"
\o Setting var F0 = "3.3"
\o Setting var F1 = "3.3"
\o Setting var F2 = "0"
\o Setting var FC = "4k"
\o Setting var S0 = "3.3"
\o Setting var S1 = "0"
\o Setting var S2 = "0"
\o Setting var VCM_AC = "0"
\o Setting var VCM_AMP = "0"
\o Setting var VCM_DC = "1.6"
\o Setting var VDD = "3.3"
\o Setting var VIN_AC = "1"
\o Setting var VIN_AMP = "1m"
\o Setting var VIN_DC = "10m"
\o Setting var VIN_FREQ = "50"
\o Setting var temperature = "27"
\o Setting temp(T) = 27
\o 
\o *Info*    Netlist Directory =
\o           /home/saul/projects/IL2244_VT26_SAUL/Sim/FECG/fecg_front_end_tb/maestro/results/maestro/MonteCarlo.0/1/PSS_VIN_MC/groupRunDataDir/netlist
\o 
\o 
\o *Info*    Data Directory    =
\o           /home/saul/projects/IL2244_VT26_SAUL/Sim/FECG/fecg_front_end_tb/maestro/results/maestro/MonteCarlo.0/1/PSS_VIN_MC/groupRunDataDir
\o 
\o Reusing AHDL Data dir
\o generate netlist...
\o function ansCdlCompPrim redefined
\o Ignoring netlist creation since ignoreDesignChangesDuringRun is set to true
\o       ...successful.
\o compose simulator input file...
\o       ...successful.
\o WARNING (ADE-3080): Fast viewing extensions for PSF XL format (also known as RTSF) will be discontinued  
\o        and Virtuoso Visualization and Analysis XL will not use RTSF data to plot waveforms from IC6.1.8 ISR7 onward. 
\o        There will be no performance impact on data visualization due to this change.
\o [2026-05-26 05:17:22.417 Z] [PROCESS] [cadence.virtuoso.ade.services.netlister] - Current memory used: 729.8320 MBytes, peak memory used: 729.8320 MBytes {"hostname": "edatools", "processid": 148501, "testname": "PSS_VIN_MC", "point": 1, "logfile": "/home/saul/projects/IL2244_VT26_SAUL/logs_saul/logs0/Service18.log"}
\o [2026-05-26 05:17:22.418 Z] [INFO] [cadence.virtuoso.ade.services.netlister] - Finished netlisting {"point": 1, "testname": "PSS_VIN_MC"}
\o [2026-05-26 05:17:22.420 Z] [EVENT] [cadence.virtuoso.ade.services.netlister] - GroupPoints {"point": 18, "testname": "PSS_VIN_MC", "event": "GroupPoints", "EventSource": "Netlist Service", "Points": "18:1:34", "HistoryName": "MonteCarlo.0", "logFile": "/home/saul/projects/IL2244_VT26_SAUL/logs_saul/logs0/Service18.log", "logFileSize": "15671"}
\o [2026-05-26 05:17:22.420 Z] [INFO] [cadence.virtuoso.ade.services.netlister] - Started netlisting {"point": 18, "testname": "PSS_VIN_MC"}
\o Resetting statistical vars
\o 
\o *Info*    Setting parameter values ...
\o 
\o 
\o *Info*    Netlist Directory =
\o           /home/saul/projects/IL2244_VT26_SAUL/Sim/FECG/fecg_front_end_tb/maestro/results/maestro/MonteCarlo.0/18/PSS_VIN_MC/groupRunDataDir/netlist
\o 
\o 
\o *Info*    Data Directory    =
\o           /home/saul/projects/IL2244_VT26_SAUL/Sim/FECG/fecg_front_end_tb/maestro/results/maestro/MonteCarlo.0/18/PSS_VIN_MC/groupRunDataDir
\o 
\o Reusing AHDL Data dir
\o generate netlist...
\o function ansCdlCompPrim redefined
\o Ignoring netlist creation since ignoreDesignChangesDuringRun is set to true
\o       ...successful.
\o compose simulator input file...
\o       ...successful.
\o WARNING (ADE-3080): Fast viewing extensions for PSF XL format (also known as RTSF) will be discontinued  
\o        and Virtuoso Visualization and Analysis XL will not use RTSF data to plot waveforms from IC6.1.8 ISR7 onward. 
\o        There will be no performance impact on data visualization due to this change.
\o [2026-05-26 05:17:22.713 Z] [PROCESS] [cadence.virtuoso.ade.services.netlister] - Current memory used: 729.8320 MBytes, peak memory used: 729.8320 MBytes {"hostname": "edatools", "processid": 148501, "testname": "PSS_VIN_MC", "point": 18, "logfile": "/home/saul/projects/IL2244_VT26_SAUL/logs_saul/logs0/Service18.log"}
\o [2026-05-26 05:17:22.713 Z] [INFO] [cadence.virtuoso.ade.services.netlister] - Finished netlisting {"point": 18, "testname": "PSS_VIN_MC"}
\o [2026-05-26 05:17:22.714 Z] [EVENT] [cadence.virtuoso.ade.services.netlister] - GroupPoints {"point": 35, "testname": "PSS_VIN_MC", "event": "GroupPoints", "EventSource": "Netlist Service", "Points": "35:1:51", "HistoryName": "MonteCarlo.0", "logFile": "/home/saul/projects/IL2244_VT26_SAUL/logs_saul/logs0/Service18.log", "logFileSize": "17650"}
\o [2026-05-26 05:17:22.714 Z] [INFO] [cadence.virtuoso.ade.services.netlister] - Started netlisting {"point": 35, "testname": "PSS_VIN_MC"}
\o Resetting statistical vars
\o 
\o *Info*    Setting parameter values ...
\o 
\o 
\o *Info*    Netlist Directory =
\o           /home/saul/projects/IL2244_VT26_SAUL/Sim/FECG/fecg_front_end_tb/maestro/results/maestro/MonteCarlo.0/35/PSS_VIN_MC/groupRunDataDir/netlist
\o 
\o 
\o *Info*    Data Directory    =
\o           /home/saul/projects/IL2244_VT26_SAUL/Sim/FECG/fecg_front_end_tb/maestro/results/maestro/MonteCarlo.0/35/PSS_VIN_MC/groupRunDataDir
\o 
\o Reusing AHDL Data dir
\o generate netlist...
\o function ansCdlCompPrim redefined
\o Ignoring netlist creation since ignoreDesignChangesDuringRun is set to true
\o       ...successful.
\o compose simulator input file...
\o       ...successful.
\o WARNING (ADE-3080): Fast viewing extensions for PSF XL format (also known as RTSF) will be discontinued  
\o        and Virtuoso Visualization and Analysis XL will not use RTSF data to plot waveforms from IC6.1.8 ISR7 onward. 
\o        There will be no performance impact on data visualization due to this change.
\o [2026-05-26 05:17:22.996 Z] [PROCESS] [cadence.virtuoso.ade.services.netlister] - Current memory used: 729.8320 MBytes, peak memory used: 729.8320 MBytes {"hostname": "edatools", "processid": 148501, "testname": "PSS_VIN_MC", "point": 35, "logfile": "/home/saul/projects/IL2244_VT26_SAUL/logs_saul/logs0/Service18.log"}
\o [2026-05-26 05:17:22.996 Z] [INFO] [cadence.virtuoso.ade.services.netlister] - Finished netlisting {"point": 35, "testname": "PSS_VIN_MC"}
\o [2026-05-26 05:17:22.997 Z] [EVENT] [cadence.virtuoso.ade.services.netlister] - GroupPoints {"point": 52, "testname": "PSS_VIN_MC", "event": "GroupPoints", "EventSource": "Netlist Service", "Points": "52:1:68", "HistoryName": "MonteCarlo.0", "logFile": "/home/saul/projects/IL2244_VT26_SAUL/logs_saul/logs0/Service18.log", "logFileSize": "19629"}
\o [2026-05-26 05:17:22.997 Z] [INFO] [cadence.virtuoso.ade.services.netlister] - Started netlisting {"point": 52, "testname": "PSS_VIN_MC"}
\o Resetting statistical vars
\o 
\o *Info*    Setting parameter values ...
\o 
\o 
\o *Info*    Netlist Directory =
\o           /home/saul/projects/IL2244_VT26_SAUL/Sim/FECG/fecg_front_end_tb/maestro/results/maestro/MonteCarlo.0/52/PSS_VIN_MC/groupRunDataDir/netlist
\o 
\o 
\o *Info*    Data Directory    =
\o           /home/saul/projects/IL2244_VT26_SAUL/Sim/FECG/fecg_front_end_tb/maestro/results/maestro/MonteCarlo.0/52/PSS_VIN_MC/groupRunDataDir
\o 
\o Reusing AHDL Data dir
\o generate netlist...
\o function ansCdlCompPrim redefined
\o Ignoring netlist creation since ignoreDesignChangesDuringRun is set to true
\o       ...successful.
\o compose simulator input file...
\o       ...successful.
\o WARNING (ADE-3080): Fast viewing extensions for PSF XL format (also known as RTSF) will be discontinued  
\o        and Virtuoso Visualization and Analysis XL will not use RTSF data to plot waveforms from IC6.1.8 ISR7 onward. 
\o        There will be no performance impact on data visualization due to this change.
\o [2026-05-26 05:17:23.285 Z] [PROCESS] [cadence.virtuoso.ade.services.netlister] - Current memory used: 729.8320 MBytes, peak memory used: 729.8320 MBytes {"hostname": "edatools", "processid": 148501, "testname": "PSS_VIN_MC", "point": 52, "logfile": "/home/saul/projects/IL2244_VT26_SAUL/logs_saul/logs0/Service18.log"}
\o [2026-05-26 05:17:23.286 Z] [INFO] [cadence.virtuoso.ade.services.netlister] - Finished netlisting {"point": 52, "testname": "PSS_VIN_MC"}
\o [2026-05-26 05:17:23.286 Z] [EVENT] [cadence.virtuoso.ade.services.netlister] - GroupPoints {"point": 69, "testname": "PSS_VIN_MC", "event": "GroupPoints", "EventSource": "Netlist Service", "Points": "69:1:85", "HistoryName": "MonteCarlo.0", "logFile": "/home/saul/projects/IL2244_VT26_SAUL/logs_saul/logs0/Service18.log", "logFileSize": "21608"}
\o [2026-05-26 05:17:23.286 Z] [INFO] [cadence.virtuoso.ade.services.netlister] - Started netlisting {"point": 69, "testname": "PSS_VIN_MC"}
\o Resetting statistical vars
\o 
\o *Info*    Setting parameter values ...
\o 
\o 
\o *Info*    Netlist Directory =
\o           /home/saul/projects/IL2244_VT26_SAUL/Sim/FECG/fecg_front_end_tb/maestro/results/maestro/MonteCarlo.0/69/PSS_VIN_MC/groupRunDataDir/netlist
\o 
\o 
\o *Info*    Data Directory    =
\o           /home/saul/projects/IL2244_VT26_SAUL/Sim/FECG/fecg_front_end_tb/maestro/results/maestro/MonteCarlo.0/69/PSS_VIN_MC/groupRunDataDir
\o 
\o Reusing AHDL Data dir
\o generate netlist...
\o function ansCdlCompPrim redefined
\o Ignoring netlist creation since ignoreDesignChangesDuringRun is set to true
\o       ...successful.
\o compose simulator input file...
\o       ...successful.
\o WARNING (ADE-3080): Fast viewing extensions for PSF XL format (also known as RTSF) will be discontinued  
\o        and Virtuoso Visualization and Analysis XL will not use RTSF data to plot waveforms from IC6.1.8 ISR7 onward. 
\o        There will be no performance impact on data visualization due to this change.
\o [2026-05-26 05:17:24.426 Z] [PROCESS] [cadence.virtuoso.ade.services.netlister] - Current memory used: 734.8203 MBytes, peak memory used: 734.8203 MBytes {"hostname": "edatools", "processid": 148501, "testname": "PSS_VIN_MC", "point": 69, "logfile": "/home/saul/projects/IL2244_VT26_SAUL/logs_saul/logs0/Service18.log"}
\o [2026-05-26 05:17:24.427 Z] [INFO] [cadence.virtuoso.ade.services.netlister] - Finished netlisting {"point": 69, "testname": "PSS_VIN_MC"}
\o [2026-05-26 05:17:24.427 Z] [EVENT] [cadence.virtuoso.ade.services.netlister] - GroupPoints {"point": 86, "testname": "PSS_VIN_MC", "event": "GroupPoints", "EventSource": "Netlist Service", "Points": "86:1:100", "HistoryName": "MonteCarlo.0", "logFile": "/home/saul/projects/IL2244_VT26_SAUL/logs_saul/logs0/Service18.log", "logFileSize": "23587"}
\o [2026-05-26 05:17:24.427 Z] [INFO] [cadence.virtuoso.ade.services.netlister] - Started netlisting {"point": 86, "testname": "PSS_VIN_MC"}
\o Resetting statistical vars
\o 
\o *Info*    Setting parameter values ...
\o 
\o 
\o *Info*    Netlist Directory =
\o           /home/saul/projects/IL2244_VT26_SAUL/Sim/FECG/fecg_front_end_tb/maestro/results/maestro/MonteCarlo.0/86/PSS_VIN_MC/groupRunDataDir/netlist
\o 
\o 
\o *Info*    Data Directory    =
\o           /home/saul/projects/IL2244_VT26_SAUL/Sim/FECG/fecg_front_end_tb/maestro/results/maestro/MonteCarlo.0/86/PSS_VIN_MC/groupRunDataDir
\o 
\o Reusing AHDL Data dir
\o generate netlist...
\o function ansCdlCompPrim redefined
\o Ignoring netlist creation since ignoreDesignChangesDuringRun is set to true
\o       ...successful.
\o compose simulator input file...
\o       ...successful.
\o WARNING (ADE-3080): Fast viewing extensions for PSF XL format (also known as RTSF) will be discontinued  
\o        and Virtuoso Visualization and Analysis XL will not use RTSF data to plot waveforms from IC6.1.8 ISR7 onward. 
\o        There will be no performance impact on data visualization due to this change.
\# Available memory:         56,332 MB at UTC 2026.05.26 05:17:25.108
\# Memory report: Maximum memory size now 56,773 MB at UTC 2026.05.26 05:17:25.108
\# Thread usage report: 22 active threads, active load 1.40 at UTC 2026.05.26 05:17:25.108
\o [2026-05-26 05:17:25.585 Z] [PROCESS] [cadence.virtuoso.ade.services.netlister] - Current memory used: 734.8203 MBytes, peak memory used: 734.8203 MBytes {"hostname": "edatools", "processid": 148501, "testname": "PSS_VIN_MC", "point": 86, "logfile": "/home/saul/projects/IL2244_VT26_SAUL/logs_saul/logs0/Service18.log"}
\o [2026-05-26 05:17:25.591 Z] [INFO] [cadence.virtuoso.ade.services.netlister] - Finished netlisting {"point": 86, "testname": "PSS_VIN_MC"}
\# Memory report: Maximum memory size now 54,468 MB at UTC 2026.05.26 05:17:57.708
\# Memory report: Maximum memory size now 52,116 MB at UTC 2026.05.26 05:18:07.713
\# Available memory:         50,814 MB at UTC 2026.05.26 05:18:19.719
\# Memory report: Maximum memory size now 50,970 MB at UTC 2026.05.26 05:19:15.754
\o Simulation design variables differ from those on the cellView,
\o they have been saved in the file "/tmp/saved-design-variables".
\o To save future changes, copy variables to cellView before exiting.
\# Lic Summary:
\# [05:22:28.382227] Cdslmd servers:3000@lic08.ug.kth.se:29000@lic06.ug.kth.se
\# [05:22:28.382233] Feature usage summary:
\# Memory report: on exit            442 MB, process size 2,204 MB at UTC 2026.05.26 05:22:28.906
\# Memory report: peak usage         442 MB, process size 2,207 MB
