\# Program start time:     UTC 2026.05.14 17:32:45.066
\# Local time: UTC (UTC+00:00) 2026.05.14 17:32:45.066
\o Program:		@(#)$CDS: virtuoso version 6.1.8-64b 09/03/2024 19:11 (sjfhw316) $
\o Hierarchy:		/opt/tools/cadence/installs/IC618/tools.lnx86/dfII/
\o Sub version:		sub-version  IC6.1.8-64b.500.36  (64-bit addresses)
\# Command line:	/opt/tools/cadence/installs/IC618/tools.lnx86/dfII/bin/64bit/virtuoso -beanhost edatools -beanport 11300 -beanbinlog  -beanLogFile /home/saul/projects/IL2244_VT26_SAUL/logs_saul/logs0/amps_Service23.log -mpssession virtuoso644200 -mpshost edatools -davinciService DaVinciService_644200_1778772865 -scopedPid 644200 -axlSession fnxSession1 -axlServiceIdFlag 23 -uuid 4060be37-fa8b-4572-8afb-7806ced2330d -heartbeat /dev/shm/swift-heartbeat.LOGNGwhG4R -log /home/saul/projects/IL2244_VT26_SAUL/logs_saul/logs0/Service23.log -noautostart -nographE -lscs 000175E1894CBE06FF0966E38F1FFC06BC4D138FFC7EFC06BC4D68F886089075D3225CD1A12FD236867F66E38F1FFC06BC4D66E38F1FFC06BC4D0CE58824FB3DD64B00001E54 -interactive -offlineExprEval -fenixMode assembler -heartbeatTimeout  -lingerTimeout 300 -pointlifetime -1
\# Host name (type):	edatools (x86_64)
\# Operating system:	Linux 6.17.0-20-generic #20~24.04.1-Ubuntu SMP PREEMPT_DYNAMIC Thu Mar 19 01:28:37 UTC 2
\# Linux /etc/issue:	\S
\# Linux /etc/issue:	Kernel \r on an \m
\# X display name (WxH):	:7152 (1024x868)
\# Available geometry:			TL(0:0) BR(1023:867)
\# X server:			The X.Org Foundation
\# Depth of Visual (Root):	24 (24)
\# Number of Planes Used:	24
\# X version:		11.0 (vendor release 12011000)
\# X resource pool:	base 0x400000, mask 0x1fffff (2097151), shift 0
\# 			current id 0x0, current max 0x1ffffa (2097146)
\# Max data seg size:	     unlimited
\# Max process size:	     unlimited
\# Initial sbrk value:	      1,540 MB
\# Available memory:	     53,244 MB
\# System memory:	     72,238 MB
\# Maximum memory size:	     70,817 MB
\# Max mem available:	     53,363 MB
\# Initial memory used:	        119 MB
\#        process size:	      1,676 MB
\# Thread usage limits (effective/default):	maxthreads 4294967295/4294967295 maxload 16.00/16.00
\# Qt version:		5.9.1
\# Window Manager:	other
\# User Name:		saul
\o Working Directory:	edatools:/home/saul/projects/IL2244_VT26_SAUL
\# Process Id:		674997
\o 
\o COPYRIGHT (C) 1992-2024  CADENCE DESIGN SYSTEMS INC.  ALL RIGHTS RESERVED.
\o           (C) 1992-2024  UNIX SYSTEMS Laboratories INC.,
\o                          Reproduced with permission.
\o 
\o This Cadence Design Systems program and online documentation are
\o proprietary/confidential information and may be disclosed/used only
\o as authorized in a license agreement controlling such use and disclosure.
\o 
\o           RESTRICTED RIGHTS NOTICE (SHORT FORM)
\o Use/reproduction/disclosure is subject to restriction
\o set forth at FAR 1252.227-19 or its equivalent.
\o Loading geView.cxt 
\o Loading menuBuilder.cxt 
\o Loading schView.cxt 
\o Loading selectSv.cxt 
\o Loading wireEdit.cxt 
\o Loading pte2.cxt 
\o Loading xlUI.cxt 
\o Loading auCore.cxt 
\o Loading vhdl.cxt 
\o Loading seismic.cxt 
\o Loading ci.cxt 
\o Loading ams.cxt 
\o Loading oasis.cxt 
\o Loading analog.cxt 
\o Loading asimenv.cxt 
\o Loading dal.cxt 
\o Loading awv.cxt 
\o Loading socket.cxt 
\o Loading par.cxt 
\o Loading alvs.cxt 
\o Loading caa.cxt 
\o Loading amps.cxt 
\o Loading adexlCore.cxt 
\# Memory report: using         230 MB, process size 1,910 MB at UTC 2026.05.14 17:32:46.137
\o Loading adexl.cxt 
\o *Info*    Exporting services from client ... 
\o 
\o Loading adexlDM.cxt 
\o Loading cpf.cxt 
\o Loading cli.cxt 
\o Loading lp.cxt 
\o INFO (ELI-00302) Connecting to parent process (session=virtuoso644200, host=edatools). Connection mode is LSCS. Total timeout is 180 seconds. Connection timeout is 90 seconds.
\o INFO (ELI-00303) Step 1: Connecting to parent. Time spent is 0 seconds.
\o INFO (ELI-00304) The registration of the child 674997 within 90 seconds is being processed...
\o INFO (ELI-00305) The result of registration is true. Time spent is 0 seconds.
\o INFO (ELI-00308) The connection has ended. Result is true. Total time spent is 0 seconds.
\# [17:32:45.445362] Configured Lic search path (22.01-s002): 3000@lic08.ug.kth.se:29000@lic06.ug.kth.se
\o ......................................................................................
\o            ams AG HIT-Kit v.ams_4.10
\o ......................................................................................
\o COPYRIGHT (c) 2012 Full Service Foundry @ ams AG.  ALL RIGHTS RESERVED
\o This HIT-Kit and attached documentation are confidential information and may 
\o only be used as authorized by the HIT-Kit license agreement.
\o ......................................................................................
\# Current Window: window(2)
\o Loading simulator default settings.
\o //
\o //  Calibre Skill Interface * (v2024.4_12.9) *
\o //
\o //                         Copyright Siemens 1996-2020     
\o //                             All Rights Reserved.
\o //         THIS WORK CONTAINS TRADE SECRET AND PROPRIETARY INFORMATION
\o //            WHICH IS THE PROPERTY OF MENTOR GRAPHICS CORPORATION
\o //              OR ITS LICENSORS AND IS SUBJECT TO LICENSE TERMS.
\o //
\o //
\o Loading simulator default settings.
\p hitkit: ams_4.10  Tech: c35b4c3  User: saul 
\# Loading perfDiag...
\# (PerfDiag): Set GDB path to environment variable 'gdbPath' (gdb).
\# Performance Diagnostic tool is installed. You can access PerfDiag from CIW Tools or use the shell command 'cdsPerfDiag -p 674997' to open it when Virtuoso freezes.
\# (PerfDiag): Use backtrace from GLIBC.
\w *WARNING* _perfPstackCheck: Cannot find pstack/gstack. Please setup PATH environment variable to pstack/gstack executable.
\i _axlRunServices()
\# [17:32:47.418586] Periodic Lic check successful
\# [17:32:47.418593] Feature usage summary:
\o Loading simui.cxt 
\o [2026-05-14 17:32:47.439 Z] [PROCESS] [cadence.virtuoso.ade.services] - Netlist Service has successfully started. Waiting for incoming messages ... {"hostname": "edatools", "processid": 674997, "logfile": "/home/saul/projects/IL2244_VT26_SAUL/logs_saul/logs0/Service23.log"}
\# Available memory:         53,058 MB at UTC 2026.05.14 17:32:55.490
\# Memory report: Maximum memory size now 53,372 MB at UTC 2026.05.14 17:32:55.490
\# Thread usage report: 22 active threads, active load 1.40 at UTC 2026.05.14 17:32:55.490
\o [2026-05-14 17:35:25.690 Z] [EVENT] [cadence.virtuoso.ade.services.netlister] - NewPoint {"point": 0, "testname": "PSS_PXF_PNOISE_MC", "event": "NewPoint", "EventSource": "Netlist Service", "HistoryName": "MonteCarlo.2", "logFile": "/home/saul/projects/IL2244_VT26_SAUL/logs_saul/logs0/Service23.log", "logFileSize": "6450"}
\o [2026-05-14 17:35:25.691 Z] [INFO] [cadence.virtuoso.ade.services.netlister] - Started preparing netlist {"point": 0, "testname": "PSS_PXF_PNOISE_MC", "testnameKey": "PSS_PXF_PNOISE_MC"}
\o Loading vqp.cxt 
\o Loading vdsil.cxt 
\o *Warning* AXL Context Manager : job 23 is already registered. 
\o 
\o Loading hdlPkg.cxt 
\o 
\o 
\o *Info*    Configuring the session ...
\o 
\o 	Library      = FECG
\o 	Cell         = fecg_front_end_tb
\o 	View         = config
\o 	Simulator    = spectre
\o 	State Path   = $AXL_SETUPDB_DIR/test_states
\o 	State Name   = MonteCarlo.2
\o 	Results DB   = /home/saul/projects/IL2244_VT26_SAUL/FECG/fecg_front_end_tb/maestro/results/maestro/MonteCarlo.2.rdb
\o 	Results Dir  = /home/saul/projects/IL2244_VT26_SAUL/Sim/FECG/fecg_front_end_tb/maestro/results/maestro/MonteCarlo.2/1/PSS_PXF_PNOISE_MC
\o 	Results Loc  = /home/saul/projects/IL2244_VT26_SAUL/Sim/FECG/fecg_front_end_tb/maestro/results/maestro
\o 	Project Dir  = /home/saul/projects/IL2244_VT26_SAUL/Sim
\o 	Setup DB loc = /home/saul/projects/IL2244_VT26_SAUL/FECG/fecg_front_end_tb/maestro
\o 	File Encoding = 0
\o 
\o 
\o Loading viva.cxt 
\o Loading spectrei.cxt 
\o Loading devCheck.cxt 
\o Loading relXpert.cxt 
\# Memory report: using         384 MB, process size 2,144 MB at UTC 2026.05.14 17:35:27.172
\o Loading hspiceD.cxt 
\o Loading spectreinl.cxt 
\o Loading msgHandler.cxt 
\o Loading UltraSim.cxt 
\o Loading AMSOSS.cxt 
\o Loading AMS.cxt 
\o 
\o *Info*    The auto suspension is disabled.
\o 
\o Loading elec.cxt 
\o Resetting statistical vars
\o 
\o *Info*    Setting parameter values ...
\o 
\o Setting var EN_CMFB = "0"
\o Setting var F0 = "3.3"
\o Setting var F1 = "3.3"
\o Setting var F2 = "0"
\o Setting var FC = "4k"
\o Setting var S0 = "3.3"
\o Setting var S1 = "0"
\o Setting var S2 = "0"
\o Setting var VCM_AC = "0"
\o Setting var VCM_AMP = "0"
\o Setting var VCM_DC = "1.6"
\o Setting var VDD = "3.3"
\o Setting var VIN_AC = "1"
\o Setting var VIN_AMP = "0"
\o Setting var VIN_DC = "10m"
\o Setting var VIN_FREQ = "50"
\o Loading monte.cxt 
\o Reusing AHDL Data dir
\o 
\o *Info*    Data Directory    =
\o           /home/saul/projects/IL2244_VT26_SAUL/Sim/FECG/fecg_front_end_tb/maestro/results/maestro/MonteCarlo.2/psf/PSS_PXF_PNOISE_MC
\o 
\w *WARNING* (CMGR-1313): Constraints of type 'guardRing' must have unique members of type 'modgen'. Member 'Modgen_1' has been found twice for this constraint.
\w *WARNING* (CMGR-1313): Constraints of type 'guardRing' must have unique members of type 'modgen'. Member 'Modgen_3' has been found twice for this constraint.
\w *WARNING* (CMGR-1524): Atleast one constraint has been found in the cache "(FECG fecg_cmfb2_f schematic)" with an inconsistent storage format. The constraint(s) has been marked disabled.
\w *WARNING* (CMGR-1808): Constraint member of type net is out-of-context because net 'B' does not exist in the original schematic design hierarchy.
\w *WARNING* (CMGR-1808): Constraint member of type net is out-of-context because net 'B' does not exist in the original schematic design hierarchy.
\w *WARNING* (CMGR-1808): Constraint member of type net is out-of-context because net 'B' does not exist in the original schematic design hierarchy.
\w *WARNING* (CMGR-1313): Constraints of type 'guardRing' must have unique members of type 'modgen'. Member 'Modgen_12' has been found twice for this constraint.
\w *WARNING* (CMGR-1524): Atleast one constraint has been found in the cache "(FECG fecg_vga2_f_2 schematic)" with an inconsistent storage format. The constraint(s) has been marked disabled.
\w *WARNING* (CMGR-1313): Constraints of type 'guardRing' must have unique members of type 'modgen'. Member 'Modgen_6' has been found twice for this constraint.
\w *WARNING* (CMGR-1524): Atleast one constraint has been found in the cache "(FECG gmc_5_f schematic)" with an inconsistent storage format. The constraint(s) has been marked disabled.
\w *WARNING* (CMGR-1313): Constraints of type 'guardRing' must have unique members of type 'modgen'. Member 'Modgen_2' has been found twice for this constraint.
\w *WARNING* (CMGR-1313): Constraints of type 'guardRing' must have unique members of type 'modgen'. Member 'Modgen_4' has been found twice for this constraint.
\w *WARNING* (CMGR-1313): Constraints of type 'guardRing' must have unique members of type 'modgen'. Member 'Modgen_5' has been found twice for this constraint.
\w *WARNING* (CMGR-1313): Constraints of type 'guardRing' must have unique members of type 'modgen'. Member 'Modgen_6' has been found twice for this constraint.
\w *WARNING* (CMGR-1524): Atleast one constraint has been found in the cache "(FECG buffer2_f_2 schematic)" with an inconsistent storage format. The constraint(s) has been marked disabled.
\o generate netlist...
\o Loading hnlInit.cxt 
\o Loading seCore.cxt 
\o function ansCdlCompPrim redefined
\o function ansCdlCompPrim redefined
\o Initializing the control file using cp:
\o     cp /opt/tools/cadence/installs/IC618/tools.lnx86/dfII/etc/si/control.spectre /home/saul/projects/IL2244_VT26_SAUL/Sim/FECG/fecg_front_end_tb/maestro/results/maestro/MonteCarlo.2/psf/PSS_PXF_PNOISE_MC/netlist/control
\o Copying Spectre source file 'spectre.inp'
\o Copying Spectre command file 'spectre.sim'
\o Begin Incremental Netlisting May 14 17:35:28 2026
\o Loading json.cxt 
\o End netlisting May 14 17:35:28 2026
\o 
\o Netlisting Statistics:
\o 	Number of components: 1071
\o 
\o 	Elapsed time:          1.0s (1071.00/s)
\o Errors: 0	Warnings: 0
\o       ...successful.
\o compose simulator input file...
\o       ...successful.
\o [2026-05-14 17:35:28.264 Z] [INFO] [cadence.virtuoso.ade.services.netlister] - Finished preparing netlist {"point": 0, "testname": "PSS_PXF_PNOISE_MC", "testnameKey": "PSS_PXF_PNOISE_MC"}
\o [2026-05-14 17:35:29.270 Z] [EVENT] [cadence.virtuoso.ade.services.netlister] - GroupPoints {"point": 1, "testname": "PSS_PXF_PNOISE_MC", "event": "GroupPoints", "EventSource": "Netlist Service", "Points": "1:1:9", "HistoryName": "MonteCarlo.2", "logFile": "/home/saul/projects/IL2244_VT26_SAUL/logs_saul/logs0/Service23.log", "logFileSize": "12179"}
\o [2026-05-14 17:35:29.270 Z] [INFO] [cadence.virtuoso.ade.services.netlister] - Started netlisting {"point": 1, "testname": "PSS_PXF_PNOISE_MC"}
\o Simulation design variables differ from those on the cellView,
\o they have been saved in the file "/tmp/saved-design-variables".
\o To save future changes, copy variables to cellView before exiting.
\o *Warning* AXL Context Manager : job 23 is already registered. 
\o 
\o 
\o 
\o *Info*    Configuring the session ...
\o 
\o 	Library      = FECG
\o 	Cell         = fecg_front_end_tb
\o 	View         = config
\o 	Simulator    = spectre
\o 	State Path   = $AXL_SETUPDB_DIR/test_states
\o 	State Name   = MonteCarlo.2
\o 	Results DB   = /home/saul/projects/IL2244_VT26_SAUL/FECG/fecg_front_end_tb/maestro/results/maestro/MonteCarlo.2.rdb
\o 	Results Dir  = /home/saul/projects/IL2244_VT26_SAUL/Sim/FECG/fecg_front_end_tb/maestro/results/maestro/MonteCarlo.2/1/PSS_PXF_PNOISE_MC
\o 	Results Loc  = /home/saul/projects/IL2244_VT26_SAUL/Sim/FECG/fecg_front_end_tb/maestro/results/maestro
\o 	Project Dir  = /home/saul/projects/IL2244_VT26_SAUL/Sim
\o 	Setup DB loc = /home/saul/projects/IL2244_VT26_SAUL/FECG/fecg_front_end_tb/maestro
\o 	File Encoding = 0
\o 
\o 
\o 
\o *Info*    The auto suspension is disabled.
\o 
\o Resetting statistical vars
\o 
\o *Info*    Setting parameter values ...
\o 
\o Setting var EN_CMFB = "0"
\o Setting var F0 = "3.3"
\o Setting var F1 = "3.3"
\o Setting var F2 = "0"
\o Setting var FC = "4k"
\o Setting var S0 = "3.3"
\o Setting var S1 = "0"
\o Setting var S2 = "0"
\o Setting var VCM_AC = "0"
\o Setting var VCM_AMP = "0"
\o Setting var VCM_DC = "1.6"
\o Setting var VDD = "3.3"
\o Setting var VIN_AC = "1"
\o Setting var VIN_AMP = "0"
\o Setting var VIN_DC = "10m"
\o Setting var VIN_FREQ = "50"
\o Setting var temperature = "27"
\o Setting temp(T) = 27
\o 
\o *Info*    Netlist Directory =
\o           /home/saul/projects/IL2244_VT26_SAUL/Sim/FECG/fecg_front_end_tb/maestro/results/maestro/MonteCarlo.2/1/PSS_PXF_PNOISE_MC/groupRunDataDir/netlist
\o 
\o 
\o *Info*    Data Directory    =
\o           /home/saul/projects/IL2244_VT26_SAUL/Sim/FECG/fecg_front_end_tb/maestro/results/maestro/MonteCarlo.2/1/PSS_PXF_PNOISE_MC/groupRunDataDir
\o 
\o Reusing AHDL Data dir
\o generate netlist...
\o function ansCdlCompPrim redefined
\o Ignoring netlist creation since ignoreDesignChangesDuringRun is set to true
\o       ...successful.
\o compose simulator input file...
\o       ...successful.
\o WARNING (ADE-3080): Fast viewing extensions for PSF XL format (also known as RTSF) will be discontinued  
\o        and Virtuoso Visualization and Analysis XL will not use RTSF data to plot waveforms from IC6.1.8 ISR7 onward. 
\o        There will be no performance impact on data visualization due to this change.
\o [2026-05-14 17:35:30.543 Z] [PROCESS] [cadence.virtuoso.ade.services.netlister] - Current memory used: 738.2383 MBytes, peak memory used: 738.2383 MBytes {"hostname": "edatools", "processid": 674997, "testname": "PSS_PXF_PNOISE_MC", "point": 1, "logfile": "/home/saul/projects/IL2244_VT26_SAUL/logs_saul/logs0/Service23.log"}
\o [2026-05-14 17:35:30.544 Z] [INFO] [cadence.virtuoso.ade.services.netlister] - Finished netlisting {"point": 1, "testname": "PSS_PXF_PNOISE_MC"}
\o [2026-05-14 17:35:30.547 Z] [EVENT] [cadence.virtuoso.ade.services.netlister] - GroupPoints {"point": 10, "testname": "PSS_PXF_PNOISE_MC", "event": "GroupPoints", "EventSource": "Netlist Service", "Points": "10:1:18", "HistoryName": "MonteCarlo.2", "logFile": "/home/saul/projects/IL2244_VT26_SAUL/logs_saul/logs0/Service23.log", "logFileSize": "16182"}
\o [2026-05-14 17:35:30.547 Z] [INFO] [cadence.virtuoso.ade.services.netlister] - Started netlisting {"point": 10, "testname": "PSS_PXF_PNOISE_MC"}
\o Resetting statistical vars
\o 
\o *Info*    Setting parameter values ...
\o 
\o 
\o *Info*    Netlist Directory =
\o           /home/saul/projects/IL2244_VT26_SAUL/Sim/FECG/fecg_front_end_tb/maestro/results/maestro/MonteCarlo.2/10/PSS_PXF_PNOISE_MC/groupRunDataDir/netlist
\o 
\o 
\o *Info*    Data Directory    =
\o           /home/saul/projects/IL2244_VT26_SAUL/Sim/FECG/fecg_front_end_tb/maestro/results/maestro/MonteCarlo.2/10/PSS_PXF_PNOISE_MC/groupRunDataDir
\o 
\o Reusing AHDL Data dir
\o generate netlist...
\o function ansCdlCompPrim redefined
\o Ignoring netlist creation since ignoreDesignChangesDuringRun is set to true
\o       ...successful.
\o compose simulator input file...
\o       ...successful.
\o WARNING (ADE-3080): Fast viewing extensions for PSF XL format (also known as RTSF) will be discontinued  
\o        and Virtuoso Visualization and Analysis XL will not use RTSF data to plot waveforms from IC6.1.8 ISR7 onward. 
\o        There will be no performance impact on data visualization due to this change.
\o [2026-05-14 17:35:30.913 Z] [PROCESS] [cadence.virtuoso.ade.services.netlister] - Current memory used: 738.2422 MBytes, peak memory used: 738.2422 MBytes {"hostname": "edatools", "processid": 674997, "testname": "PSS_PXF_PNOISE_MC", "point": 10, "logfile": "/home/saul/projects/IL2244_VT26_SAUL/logs_saul/logs0/Service23.log"}
\o [2026-05-14 17:35:30.914 Z] [INFO] [cadence.virtuoso.ade.services.netlister] - Finished netlisting {"point": 10, "testname": "PSS_PXF_PNOISE_MC"}
\o [2026-05-14 17:35:30.918 Z] [EVENT] [cadence.virtuoso.ade.services.netlister] - GroupPoints {"point": 19, "testname": "PSS_PXF_PNOISE_MC", "event": "GroupPoints", "EventSource": "Netlist Service", "Points": "19:1:27", "HistoryName": "MonteCarlo.2", "logFile": "/home/saul/projects/IL2244_VT26_SAUL/logs_saul/logs0/Service23.log", "logFileSize": "18203"}
\o [2026-05-14 17:35:30.918 Z] [INFO] [cadence.virtuoso.ade.services.netlister] - Started netlisting {"point": 19, "testname": "PSS_PXF_PNOISE_MC"}
\o Resetting statistical vars
\o 
\o *Info*    Setting parameter values ...
\o 
\o 
\o *Info*    Netlist Directory =
\o           /home/saul/projects/IL2244_VT26_SAUL/Sim/FECG/fecg_front_end_tb/maestro/results/maestro/MonteCarlo.2/19/PSS_PXF_PNOISE_MC/groupRunDataDir/netlist
\o 
\o 
\o *Info*    Data Directory    =
\o           /home/saul/projects/IL2244_VT26_SAUL/Sim/FECG/fecg_front_end_tb/maestro/results/maestro/MonteCarlo.2/19/PSS_PXF_PNOISE_MC/groupRunDataDir
\o 
\o Reusing AHDL Data dir
\o generate netlist...
\o function ansCdlCompPrim redefined
\o Ignoring netlist creation since ignoreDesignChangesDuringRun is set to true
\o       ...successful.
\o compose simulator input file...
\o       ...successful.
\o WARNING (ADE-3080): Fast viewing extensions for PSF XL format (also known as RTSF) will be discontinued  
\o        and Virtuoso Visualization and Analysis XL will not use RTSF data to plot waveforms from IC6.1.8 ISR7 onward. 
\o        There will be no performance impact on data visualization due to this change.
\o [2026-05-14 17:35:31.340 Z] [PROCESS] [cadence.virtuoso.ade.services.netlister] - Current memory used: 738.2422 MBytes, peak memory used: 738.2422 MBytes {"hostname": "edatools", "processid": 674997, "testname": "PSS_PXF_PNOISE_MC", "point": 19, "logfile": "/home/saul/projects/IL2244_VT26_SAUL/logs_saul/logs0/Service23.log"}
\o [2026-05-14 17:35:31.340 Z] [INFO] [cadence.virtuoso.ade.services.netlister] - Finished netlisting {"point": 19, "testname": "PSS_PXF_PNOISE_MC"}
\o [2026-05-14 17:35:31.341 Z] [EVENT] [cadence.virtuoso.ade.services.netlister] - GroupPoints {"point": 28, "testname": "PSS_PXF_PNOISE_MC", "event": "GroupPoints", "EventSource": "Netlist Service", "Points": "28:1:36", "HistoryName": "MonteCarlo.2", "logFile": "/home/saul/projects/IL2244_VT26_SAUL/logs_saul/logs0/Service23.log", "logFileSize": "20224"}
\o [2026-05-14 17:35:31.341 Z] [INFO] [cadence.virtuoso.ade.services.netlister] - Started netlisting {"point": 28, "testname": "PSS_PXF_PNOISE_MC"}
\o Resetting statistical vars
\o 
\o *Info*    Setting parameter values ...
\o 
\o 
\o *Info*    Netlist Directory =
\o           /home/saul/projects/IL2244_VT26_SAUL/Sim/FECG/fecg_front_end_tb/maestro/results/maestro/MonteCarlo.2/28/PSS_PXF_PNOISE_MC/groupRunDataDir/netlist
\o 
\o 
\o *Info*    Data Directory    =
\o           /home/saul/projects/IL2244_VT26_SAUL/Sim/FECG/fecg_front_end_tb/maestro/results/maestro/MonteCarlo.2/28/PSS_PXF_PNOISE_MC/groupRunDataDir
\o 
\o Reusing AHDL Data dir
\o generate netlist...
\o function ansCdlCompPrim redefined
\o Ignoring netlist creation since ignoreDesignChangesDuringRun is set to true
\o       ...successful.
\o compose simulator input file...
\o       ...successful.
\o WARNING (ADE-3080): Fast viewing extensions for PSF XL format (also known as RTSF) will be discontinued  
\o        and Virtuoso Visualization and Analysis XL will not use RTSF data to plot waveforms from IC6.1.8 ISR7 onward. 
\o        There will be no performance impact on data visualization due to this change.
\o [2026-05-14 17:35:31.587 Z] [PROCESS] [cadence.virtuoso.ade.services.netlister] - Current memory used: 738.2422 MBytes, peak memory used: 738.2422 MBytes {"hostname": "edatools", "processid": 674997, "testname": "PSS_PXF_PNOISE_MC", "point": 28, "logfile": "/home/saul/projects/IL2244_VT26_SAUL/logs_saul/logs0/Service23.log"}
\o [2026-05-14 17:35:31.588 Z] [INFO] [cadence.virtuoso.ade.services.netlister] - Finished netlisting {"point": 28, "testname": "PSS_PXF_PNOISE_MC"}
\o [2026-05-14 17:35:31.589 Z] [EVENT] [cadence.virtuoso.ade.services.netlister] - GroupPoints {"point": 37, "testname": "PSS_PXF_PNOISE_MC", "event": "GroupPoints", "EventSource": "Netlist Service", "Points": "37:1:45", "HistoryName": "MonteCarlo.2", "logFile": "/home/saul/projects/IL2244_VT26_SAUL/logs_saul/logs0/Service23.log", "logFileSize": "22245"}
\o [2026-05-14 17:35:31.589 Z] [INFO] [cadence.virtuoso.ade.services.netlister] - Started netlisting {"point": 37, "testname": "PSS_PXF_PNOISE_MC"}
\o Resetting statistical vars
\o 
\o *Info*    Setting parameter values ...
\o 
\o 
\o *Info*    Netlist Directory =
\o           /home/saul/projects/IL2244_VT26_SAUL/Sim/FECG/fecg_front_end_tb/maestro/results/maestro/MonteCarlo.2/37/PSS_PXF_PNOISE_MC/groupRunDataDir/netlist
\o 
\o 
\o *Info*    Data Directory    =
\o           /home/saul/projects/IL2244_VT26_SAUL/Sim/FECG/fecg_front_end_tb/maestro/results/maestro/MonteCarlo.2/37/PSS_PXF_PNOISE_MC/groupRunDataDir
\o 
\o Reusing AHDL Data dir
\o generate netlist...
\o function ansCdlCompPrim redefined
\o Ignoring netlist creation since ignoreDesignChangesDuringRun is set to true
\o       ...successful.
\o compose simulator input file...
\o       ...successful.
\o WARNING (ADE-3080): Fast viewing extensions for PSF XL format (also known as RTSF) will be discontinued  
\o        and Virtuoso Visualization and Analysis XL will not use RTSF data to plot waveforms from IC6.1.8 ISR7 onward. 
\o        There will be no performance impact on data visualization due to this change.
\o [2026-05-14 17:35:31.906 Z] [PROCESS] [cadence.virtuoso.ade.services.netlister] - Current memory used: 739.7227 MBytes, peak memory used: 739.7227 MBytes {"hostname": "edatools", "processid": 674997, "testname": "PSS_PXF_PNOISE_MC", "point": 37, "logfile": "/home/saul/projects/IL2244_VT26_SAUL/logs_saul/logs0/Service23.log"}
\o [2026-05-14 17:35:31.907 Z] [INFO] [cadence.virtuoso.ade.services.netlister] - Finished netlisting {"point": 37, "testname": "PSS_PXF_PNOISE_MC"}
\o [2026-05-14 17:35:31.908 Z] [EVENT] [cadence.virtuoso.ade.services.netlister] - GroupPoints {"point": 46, "testname": "PSS_PXF_PNOISE_MC", "event": "GroupPoints", "EventSource": "Netlist Service", "Points": "46:1:50", "HistoryName": "MonteCarlo.2", "logFile": "/home/saul/projects/IL2244_VT26_SAUL/logs_saul/logs0/Service23.log", "logFileSize": "24266"}
\o [2026-05-14 17:35:31.908 Z] [INFO] [cadence.virtuoso.ade.services.netlister] - Started netlisting {"point": 46, "testname": "PSS_PXF_PNOISE_MC"}
\o Resetting statistical vars
\o 
\o *Info*    Setting parameter values ...
\o 
\o 
\o *Info*    Netlist Directory =
\o           /home/saul/projects/IL2244_VT26_SAUL/Sim/FECG/fecg_front_end_tb/maestro/results/maestro/MonteCarlo.2/46/PSS_PXF_PNOISE_MC/groupRunDataDir/netlist
\o 
\o 
\o *Info*    Data Directory    =
\o           /home/saul/projects/IL2244_VT26_SAUL/Sim/FECG/fecg_front_end_tb/maestro/results/maestro/MonteCarlo.2/46/PSS_PXF_PNOISE_MC/groupRunDataDir
\o 
\o Reusing AHDL Data dir
\o generate netlist...
\o function ansCdlCompPrim redefined
\o Ignoring netlist creation since ignoreDesignChangesDuringRun is set to true
\o       ...successful.
\o compose simulator input file...
\o       ...successful.
\o WARNING (ADE-3080): Fast viewing extensions for PSF XL format (also known as RTSF) will be discontinued  
\o        and Virtuoso Visualization and Analysis XL will not use RTSF data to plot waveforms from IC6.1.8 ISR7 onward. 
\o        There will be no performance impact on data visualization due to this change.
\o [2026-05-14 17:35:32.179 Z] [PROCESS] [cadence.virtuoso.ade.services.netlister] - Current memory used: 739.7227 MBytes, peak memory used: 739.7227 MBytes {"hostname": "edatools", "processid": 674997, "testname": "PSS_PXF_PNOISE_MC", "point": 46, "logfile": "/home/saul/projects/IL2244_VT26_SAUL/logs_saul/logs0/Service23.log"}
\o [2026-05-14 17:35:32.179 Z] [INFO] [cadence.virtuoso.ade.services.netlister] - Finished netlisting {"point": 46, "testname": "PSS_PXF_PNOISE_MC"}
\o [2026-05-14 17:37:28.330 Z] [EVENT] [cadence.virtuoso.ade.services.netlister] - NewPoint {"point": 0, "testname": "PSS_PXF_PNOISE_MC", "event": "NewPoint", "EventSource": "Netlist Service", "HistoryName": "MonteCarlo.3", "logFile": "/home/saul/projects/IL2244_VT26_SAUL/logs_saul/logs0/Service23.log", "logFileSize": "26287"}
\o [2026-05-14 17:37:28.330 Z] [INFO] [cadence.virtuoso.ade.services.netlister] - Started preparing netlist {"point": 0, "testname": "PSS_PXF_PNOISE_MC", "testnameKey": "PSS_PXF_PNOISE_MC"}
\o Simulation design variables differ from those on the cellView,
\o they have been saved in the file "/tmp/saved-design-variables".
\o To save future changes, copy variables to cellView before exiting.
\o *Warning* AXL Context Manager : job 23 is already registered. 
\o 
\o 
\o 
\o *Info*    Configuring the session ...
\o 
\o 	Library      = FECG
\o 	Cell         = fecg_front_end_tb
\o 	View         = config
\o 	Simulator    = spectre
\o 	State Path   = $AXL_SETUPDB_DIR/test_states
\o 	State Name   = MonteCarlo.3
\o 	Results DB   = /home/saul/projects/IL2244_VT26_SAUL/FECG/fecg_front_end_tb/maestro/results/maestro/MonteCarlo.3.rdb
\o 	Results Dir  = /home/saul/projects/IL2244_VT26_SAUL/Sim/FECG/fecg_front_end_tb/maestro/results/maestro/MonteCarlo.3/1/PSS_PXF_PNOISE_MC
\o 	Results Loc  = /home/saul/projects/IL2244_VT26_SAUL/Sim/FECG/fecg_front_end_tb/maestro/results/maestro
\o 	Project Dir  = /home/saul/projects/IL2244_VT26_SAUL/Sim
\o 	Setup DB loc = /home/saul/projects/IL2244_VT26_SAUL/FECG/fecg_front_end_tb/maestro
\o 	File Encoding = 0
\o 
\o 
\o 
\o *Info*    The auto suspension is disabled.
\o 
\o Resetting statistical vars
\o 
\o *Info*    Setting parameter values ...
\o 
\o Setting var EN_CMFB = "0"
\o Setting var F0 = "3.3"
\o Setting var F1 = "3.3"
\o Setting var F2 = "0"
\o Setting var FC = "4k"
\o Setting var S0 = "3.3"
\o Setting var S1 = "0"
\o Setting var S2 = "0"
\o Setting var VCM_AC = "0"
\o Setting var VCM_AMP = "0"
\o Setting var VCM_DC = "1.6"
\o Setting var VDD = "3.3"
\o Setting var VIN_AC = "1"
\o Setting var VIN_AMP = "0"
\o Setting var VIN_DC = "10m"
\o Setting var VIN_FREQ = "50"
\o Reusing AHDL Data dir
\o 
\o *Info*    Data Directory    =
\o           /home/saul/projects/IL2244_VT26_SAUL/Sim/FECG/fecg_front_end_tb/maestro/results/maestro/MonteCarlo.3/psf/PSS_PXF_PNOISE_MC
\o 
\o generate netlist...
\o function ansCdlCompPrim redefined
\o function ansCdlCompPrim redefined
\o Begin Incremental Netlisting May 14 17:37:30 2026
\o [2026-05-14 17:37:30.034 Z] [INFO] [cadence.virtuoso.ade.services.netlister] - Heartbeat in netlister service {"point": 0, "testname": "PSS_PXF_PNOISE_MC"}
\o End netlisting May 14 17:37:30 2026
\o 
\o 	The netlist is up to date.
\o 	Time taken to compare the design with netlist:   0.0s
\o       ...successful.
\o compose simulator input file...
\o       ...successful.
\o [2026-05-14 17:37:30.153 Z] [INFO] [cadence.virtuoso.ade.services.netlister] - Finished preparing netlist {"point": 0, "testname": "PSS_PXF_PNOISE_MC", "testnameKey": "PSS_PXF_PNOISE_MC"}
\o [2026-05-14 17:37:31.158 Z] [EVENT] [cadence.virtuoso.ade.services.netlister] - GroupPoints {"point": 1, "testname": "PSS_PXF_PNOISE_MC", "event": "GroupPoints", "EventSource": "Netlist Service", "Points": "1:1:9", "HistoryName": "MonteCarlo.3", "logFile": "/home/saul/projects/IL2244_VT26_SAUL/logs_saul/logs0/Service23.log", "logFileSize": "28665"}
\o [2026-05-14 17:37:31.159 Z] [INFO] [cadence.virtuoso.ade.services.netlister] - Started netlisting {"point": 1, "testname": "PSS_PXF_PNOISE_MC"}
\o Simulation design variables differ from those on the cellView,
\o they have been saved in the file "/tmp/saved-design-variables".
\o To save future changes, copy variables to cellView before exiting.
\o *Warning* AXL Context Manager : job 23 is already registered. 
\o 
\o 
\o 
\o *Info*    Configuring the session ...
\o 
\o 	Library      = FECG
\o 	Cell         = fecg_front_end_tb
\o 	View         = config
\o 	Simulator    = spectre
\o 	State Path   = $AXL_SETUPDB_DIR/test_states
\o 	State Name   = MonteCarlo.3
\o 	Results DB   = /home/saul/projects/IL2244_VT26_SAUL/FECG/fecg_front_end_tb/maestro/results/maestro/MonteCarlo.3.rdb
\o 	Results Dir  = /home/saul/projects/IL2244_VT26_SAUL/Sim/FECG/fecg_front_end_tb/maestro/results/maestro/MonteCarlo.3/1/PSS_PXF_PNOISE_MC
\o 	Results Loc  = /home/saul/projects/IL2244_VT26_SAUL/Sim/FECG/fecg_front_end_tb/maestro/results/maestro
\o 	Project Dir  = /home/saul/projects/IL2244_VT26_SAUL/Sim
\o 	Setup DB loc = /home/saul/projects/IL2244_VT26_SAUL/FECG/fecg_front_end_tb/maestro
\o 	File Encoding = 0
\o 
\o 
\o 
\o *Info*    The auto suspension is disabled.
\o 
\o Resetting statistical vars
\o 
\o *Info*    Setting parameter values ...
\o 
\o Setting var EN_CMFB = "0"
\o Setting var F0 = "3.3"
\o Setting var F1 = "3.3"
\o Setting var F2 = "0"
\o Setting var FC = "4k"
\o Setting var S0 = "3.3"
\o Setting var S1 = "0"
\o Setting var S2 = "0"
\o Setting var VCM_AC = "0"
\o Setting var VCM_AMP = "0"
\o Setting var VCM_DC = "1.6"
\o Setting var VDD = "3.3"
\o Setting var VIN_AC = "1"
\o Setting var VIN_AMP = "0"
\o Setting var VIN_DC = "10m"
\o Setting var VIN_FREQ = "50"
\o Setting var temperature = "27"
\o Setting temp(T) = 27
\o 
\o *Info*    Netlist Directory =
\o           /home/saul/projects/IL2244_VT26_SAUL/Sim/FECG/fecg_front_end_tb/maestro/results/maestro/MonteCarlo.3/1/PSS_PXF_PNOISE_MC/groupRunDataDir/netlist
\o 
\o 
\o *Info*    Data Directory    =
\o           /home/saul/projects/IL2244_VT26_SAUL/Sim/FECG/fecg_front_end_tb/maestro/results/maestro/MonteCarlo.3/1/PSS_PXF_PNOISE_MC/groupRunDataDir
\o 
\o Reusing AHDL Data dir
\o generate netlist...
\o function ansCdlCompPrim redefined
\o Ignoring netlist creation since ignoreDesignChangesDuringRun is set to true
\o       ...successful.
\o compose simulator input file...
\o       ...successful.
\o WARNING (ADE-3080): Fast viewing extensions for PSF XL format (also known as RTSF) will be discontinued  
\o        and Virtuoso Visualization and Analysis XL will not use RTSF data to plot waveforms from IC6.1.8 ISR7 onward. 
\o        There will be no performance impact on data visualization due to this change.
\o [2026-05-14 17:37:32.299 Z] [PROCESS] [cadence.virtuoso.ade.services.netlister] - Current memory used: 750.1484 MBytes, peak memory used: 750.1484 MBytes {"hostname": "edatools", "processid": 674997, "testname": "PSS_PXF_PNOISE_MC", "point": 1, "logfile": "/home/saul/projects/IL2244_VT26_SAUL/logs_saul/logs0/Service23.log"}
\o [2026-05-14 17:37:32.301 Z] [INFO] [cadence.virtuoso.ade.services.netlister] - Finished netlisting {"point": 1, "testname": "PSS_PXF_PNOISE_MC"}
\o [2026-05-14 17:37:32.304 Z] [EVENT] [cadence.virtuoso.ade.services.netlister] - GroupPoints {"point": 10, "testname": "PSS_PXF_PNOISE_MC", "event": "GroupPoints", "EventSource": "Netlist Service", "Points": "10:1:18", "HistoryName": "MonteCarlo.3", "logFile": "/home/saul/projects/IL2244_VT26_SAUL/logs_saul/logs0/Service23.log", "logFileSize": "32982"}
\o [2026-05-14 17:37:32.304 Z] [INFO] [cadence.virtuoso.ade.services.netlister] - Started netlisting {"point": 10, "testname": "PSS_PXF_PNOISE_MC"}
\o Resetting statistical vars
\o 
\o *Info*    Setting parameter values ...
\o 
\o 
\o *Info*    Netlist Directory =
\o           /home/saul/projects/IL2244_VT26_SAUL/Sim/FECG/fecg_front_end_tb/maestro/results/maestro/MonteCarlo.3/10/PSS_PXF_PNOISE_MC/groupRunDataDir/netlist
\o 
\o 
\o *Info*    Data Directory    =
\o           /home/saul/projects/IL2244_VT26_SAUL/Sim/FECG/fecg_front_end_tb/maestro/results/maestro/MonteCarlo.3/10/PSS_PXF_PNOISE_MC/groupRunDataDir
\o 
\o Reusing AHDL Data dir
\o generate netlist...
\o function ansCdlCompPrim redefined
\o Ignoring netlist creation since ignoreDesignChangesDuringRun is set to true
\o       ...successful.
\o compose simulator input file...
\o       ...successful.
\o WARNING (ADE-3080): Fast viewing extensions for PSF XL format (also known as RTSF) will be discontinued  
\o        and Virtuoso Visualization and Analysis XL will not use RTSF data to plot waveforms from IC6.1.8 ISR7 onward. 
\o        There will be no performance impact on data visualization due to this change.
\o [2026-05-14 17:37:32.735 Z] [PROCESS] [cadence.virtuoso.ade.services.netlister] - Current memory used: 750.1484 MBytes, peak memory used: 750.1484 MBytes {"hostname": "edatools", "processid": 674997, "testname": "PSS_PXF_PNOISE_MC", "point": 10, "logfile": "/home/saul/projects/IL2244_VT26_SAUL/logs_saul/logs0/Service23.log"}
\o [2026-05-14 17:37:32.737 Z] [INFO] [cadence.virtuoso.ade.services.netlister] - Finished netlisting {"point": 10, "testname": "PSS_PXF_PNOISE_MC"}
\o [2026-05-14 17:37:32.740 Z] [EVENT] [cadence.virtuoso.ade.services.netlister] - GroupPoints {"point": 19, "testname": "PSS_PXF_PNOISE_MC", "event": "GroupPoints", "EventSource": "Netlist Service", "Points": "19:1:27", "HistoryName": "MonteCarlo.3", "logFile": "/home/saul/projects/IL2244_VT26_SAUL/logs_saul/logs0/Service23.log", "logFileSize": "35003"}
\o [2026-05-14 17:37:32.740 Z] [INFO] [cadence.virtuoso.ade.services.netlister] - Started netlisting {"point": 19, "testname": "PSS_PXF_PNOISE_MC"}
\o Resetting statistical vars
\o 
\o *Info*    Setting parameter values ...
\o 
\o 
\o *Info*    Netlist Directory =
\o           /home/saul/projects/IL2244_VT26_SAUL/Sim/FECG/fecg_front_end_tb/maestro/results/maestro/MonteCarlo.3/19/PSS_PXF_PNOISE_MC/groupRunDataDir/netlist
\o 
\o 
\o *Info*    Data Directory    =
\o           /home/saul/projects/IL2244_VT26_SAUL/Sim/FECG/fecg_front_end_tb/maestro/results/maestro/MonteCarlo.3/19/PSS_PXF_PNOISE_MC/groupRunDataDir
\o 
\o Reusing AHDL Data dir
\o generate netlist...
\o function ansCdlCompPrim redefined
\o Ignoring netlist creation since ignoreDesignChangesDuringRun is set to true
\o       ...successful.
\o compose simulator input file...
\o       ...successful.
\o WARNING (ADE-3080): Fast viewing extensions for PSF XL format (also known as RTSF) will be discontinued  
\o        and Virtuoso Visualization and Analysis XL will not use RTSF data to plot waveforms from IC6.1.8 ISR7 onward. 
\o        There will be no performance impact on data visualization due to this change.
\o [2026-05-14 17:37:33.081 Z] [PROCESS] [cadence.virtuoso.ade.services.netlister] - Current memory used: 750.1875 MBytes, peak memory used: 750.1875 MBytes {"hostname": "edatools", "processid": 674997, "testname": "PSS_PXF_PNOISE_MC", "point": 19, "logfile": "/home/saul/projects/IL2244_VT26_SAUL/logs_saul/logs0/Service23.log"}
\o [2026-05-14 17:37:33.082 Z] [INFO] [cadence.virtuoso.ade.services.netlister] - Finished netlisting {"point": 19, "testname": "PSS_PXF_PNOISE_MC"}
\o [2026-05-14 17:37:33.083 Z] [EVENT] [cadence.virtuoso.ade.services.netlister] - GroupPoints {"point": 28, "testname": "PSS_PXF_PNOISE_MC", "event": "GroupPoints", "EventSource": "Netlist Service", "Points": "28:1:36", "HistoryName": "MonteCarlo.3", "logFile": "/home/saul/projects/IL2244_VT26_SAUL/logs_saul/logs0/Service23.log", "logFileSize": "37024"}
\o [2026-05-14 17:37:33.083 Z] [INFO] [cadence.virtuoso.ade.services.netlister] - Started netlisting {"point": 28, "testname": "PSS_PXF_PNOISE_MC"}
\o Resetting statistical vars
\o 
\o *Info*    Setting parameter values ...
\o 
\o 
\o *Info*    Netlist Directory =
\o           /home/saul/projects/IL2244_VT26_SAUL/Sim/FECG/fecg_front_end_tb/maestro/results/maestro/MonteCarlo.3/28/PSS_PXF_PNOISE_MC/groupRunDataDir/netlist
\o 
\o 
\o *Info*    Data Directory    =
\o           /home/saul/projects/IL2244_VT26_SAUL/Sim/FECG/fecg_front_end_tb/maestro/results/maestro/MonteCarlo.3/28/PSS_PXF_PNOISE_MC/groupRunDataDir
\o 
\o Reusing AHDL Data dir
\o generate netlist...
\o function ansCdlCompPrim redefined
\o Ignoring netlist creation since ignoreDesignChangesDuringRun is set to true
\o       ...successful.
\o compose simulator input file...
\o       ...successful.
\o WARNING (ADE-3080): Fast viewing extensions for PSF XL format (also known as RTSF) will be discontinued  
\o        and Virtuoso Visualization and Analysis XL will not use RTSF data to plot waveforms from IC6.1.8 ISR7 onward. 
\o        There will be no performance impact on data visualization due to this change.
\o [2026-05-14 17:37:33.348 Z] [PROCESS] [cadence.virtuoso.ade.services.netlister] - Current memory used: 750.1875 MBytes, peak memory used: 750.1875 MBytes {"hostname": "edatools", "processid": 674997, "testname": "PSS_PXF_PNOISE_MC", "point": 28, "logfile": "/home/saul/projects/IL2244_VT26_SAUL/logs_saul/logs0/Service23.log"}
\o [2026-05-14 17:37:33.349 Z] [INFO] [cadence.virtuoso.ade.services.netlister] - Finished netlisting {"point": 28, "testname": "PSS_PXF_PNOISE_MC"}
\o [2026-05-14 17:37:33.349 Z] [EVENT] [cadence.virtuoso.ade.services.netlister] - GroupPoints {"point": 37, "testname": "PSS_PXF_PNOISE_MC", "event": "GroupPoints", "EventSource": "Netlist Service", "Points": "37:1:45", "HistoryName": "MonteCarlo.3", "logFile": "/home/saul/projects/IL2244_VT26_SAUL/logs_saul/logs0/Service23.log", "logFileSize": "39045"}
\o [2026-05-14 17:37:33.349 Z] [INFO] [cadence.virtuoso.ade.services.netlister] - Started netlisting {"point": 37, "testname": "PSS_PXF_PNOISE_MC"}
\o Resetting statistical vars
\o 
\o *Info*    Setting parameter values ...
\o 
\o 
\o *Info*    Netlist Directory =
\o           /home/saul/projects/IL2244_VT26_SAUL/Sim/FECG/fecg_front_end_tb/maestro/results/maestro/MonteCarlo.3/37/PSS_PXF_PNOISE_MC/groupRunDataDir/netlist
\o 
\o 
\o *Info*    Data Directory    =
\o           /home/saul/projects/IL2244_VT26_SAUL/Sim/FECG/fecg_front_end_tb/maestro/results/maestro/MonteCarlo.3/37/PSS_PXF_PNOISE_MC/groupRunDataDir
\o 
\o Reusing AHDL Data dir
\o generate netlist...
\o function ansCdlCompPrim redefined
\o Ignoring netlist creation since ignoreDesignChangesDuringRun is set to true
\o       ...successful.
\o compose simulator input file...
\o       ...successful.
\o WARNING (ADE-3080): Fast viewing extensions for PSF XL format (also known as RTSF) will be discontinued  
\o        and Virtuoso Visualization and Analysis XL will not use RTSF data to plot waveforms from IC6.1.8 ISR7 onward. 
\o        There will be no performance impact on data visualization due to this change.
\o [2026-05-14 17:37:33.615 Z] [PROCESS] [cadence.virtuoso.ade.services.netlister] - Current memory used: 750.1875 MBytes, peak memory used: 750.1875 MBytes {"hostname": "edatools", "processid": 674997, "testname": "PSS_PXF_PNOISE_MC", "point": 37, "logfile": "/home/saul/projects/IL2244_VT26_SAUL/logs_saul/logs0/Service23.log"}
\o [2026-05-14 17:37:33.615 Z] [INFO] [cadence.virtuoso.ade.services.netlister] - Finished netlisting {"point": 37, "testname": "PSS_PXF_PNOISE_MC"}
\o [2026-05-14 17:37:33.616 Z] [EVENT] [cadence.virtuoso.ade.services.netlister] - GroupPoints {"point": 46, "testname": "PSS_PXF_PNOISE_MC", "event": "GroupPoints", "EventSource": "Netlist Service", "Points": "46:1:50", "HistoryName": "MonteCarlo.3", "logFile": "/home/saul/projects/IL2244_VT26_SAUL/logs_saul/logs0/Service23.log", "logFileSize": "41066"}
\o [2026-05-14 17:37:33.616 Z] [INFO] [cadence.virtuoso.ade.services.netlister] - Started netlisting {"point": 46, "testname": "PSS_PXF_PNOISE_MC"}
\o Resetting statistical vars
\o 
\o *Info*    Setting parameter values ...
\o 
\o 
\o *Info*    Netlist Directory =
\o           /home/saul/projects/IL2244_VT26_SAUL/Sim/FECG/fecg_front_end_tb/maestro/results/maestro/MonteCarlo.3/46/PSS_PXF_PNOISE_MC/groupRunDataDir/netlist
\o 
\o 
\o *Info*    Data Directory    =
\o           /home/saul/projects/IL2244_VT26_SAUL/Sim/FECG/fecg_front_end_tb/maestro/results/maestro/MonteCarlo.3/46/PSS_PXF_PNOISE_MC/groupRunDataDir
\o 
\o Reusing AHDL Data dir
\o generate netlist...
\o function ansCdlCompPrim redefined
\o Ignoring netlist creation since ignoreDesignChangesDuringRun is set to true
\o       ...successful.
\o compose simulator input file...
\o       ...successful.
\o WARNING (ADE-3080): Fast viewing extensions for PSF XL format (also known as RTSF) will be discontinued  
\o        and Virtuoso Visualization and Analysis XL will not use RTSF data to plot waveforms from IC6.1.8 ISR7 onward. 
\o        There will be no performance impact on data visualization due to this change.
\o [2026-05-14 17:37:33.899 Z] [PROCESS] [cadence.virtuoso.ade.services.netlister] - Current memory used: 752.3789 MBytes, peak memory used: 752.3789 MBytes {"hostname": "edatools", "processid": 674997, "testname": "PSS_PXF_PNOISE_MC", "point": 46, "logfile": "/home/saul/projects/IL2244_VT26_SAUL/logs_saul/logs0/Service23.log"}
\o [2026-05-14 17:37:33.900 Z] [INFO] [cadence.virtuoso.ade.services.netlister] - Finished netlisting {"point": 46, "testname": "PSS_PXF_PNOISE_MC"}
\o [2026-05-14 17:41:24.584 Z] [EVENT] [cadence.virtuoso.ade.services.netlister] - NewPoint {"point": 0, "testname": "PSS_PXF_PNOISE_MC", "event": "NewPoint", "EventSource": "Netlist Service", "HistoryName": "MonteCarlo.4", "logFile": "/home/saul/projects/IL2244_VT26_SAUL/logs_saul/logs0/Service23.log", "logFileSize": "43087"}
\o [2026-05-14 17:41:24.585 Z] [INFO] [cadence.virtuoso.ade.services.netlister] - Started preparing netlist {"point": 0, "testname": "PSS_PXF_PNOISE_MC", "testnameKey": "PSS_PXF_PNOISE_MC"}
\o Simulation design variables differ from those on the cellView,
\o they have been saved in the file "/tmp/saved-design-variables".
\o To save future changes, copy variables to cellView before exiting.
\o *Warning* AXL Context Manager : job 23 is already registered. 
\o 
\o 
\o 
\o *Info*    Configuring the session ...
\o 
\o 	Library      = FECG
\o 	Cell         = fecg_front_end_tb
\o 	View         = config
\o 	Simulator    = spectre
\o 	State Path   = $AXL_SETUPDB_DIR/test_states
\o 	State Name   = MonteCarlo.4
\o 	Results DB   = /home/saul/projects/IL2244_VT26_SAUL/FECG/fecg_front_end_tb/maestro/results/maestro/MonteCarlo.4.rdb
\o 	Results Dir  = /home/saul/projects/IL2244_VT26_SAUL/Sim/FECG/fecg_front_end_tb/maestro/results/maestro/MonteCarlo.4/1/PSS_PXF_PNOISE_MC
\o 	Results Loc  = /home/saul/projects/IL2244_VT26_SAUL/Sim/FECG/fecg_front_end_tb/maestro/results/maestro
\o 	Project Dir  = /home/saul/projects/IL2244_VT26_SAUL/Sim
\o 	Setup DB loc = /home/saul/projects/IL2244_VT26_SAUL/FECG/fecg_front_end_tb/maestro
\o 	File Encoding = 0
\o 
\o 
\o 
\o *Info*    The auto suspension is disabled.
\o 
\o Resetting statistical vars
\o 
\o *Info*    Setting parameter values ...
\o 
\o Setting var EN_CMFB = "0"
\o Setting var F0 = "3.3"
\o Setting var F1 = "3.3"
\o Setting var F2 = "0"
\o Setting var FC = "4k"
\o Setting var S0 = "0"
\o Setting var S1 = "0"
\o Setting var S2 = "0"
\o Setting var VCM_AC = "0"
\o Setting var VCM_AMP = "0"
\o Setting var VCM_DC = "1.6"
\o Setting var VDD = "3.3"
\o Setting var VIN_AC = "1"
\o Setting var VIN_AMP = "0"
\o Setting var VIN_DC = "10m"
\o Setting var VIN_FREQ = "50"
\o Reusing AHDL Data dir
\o 
\o *Info*    Data Directory    =
\o           /home/saul/projects/IL2244_VT26_SAUL/Sim/FECG/fecg_front_end_tb/maestro/results/maestro/MonteCarlo.4/psf/PSS_PXF_PNOISE_MC
\o 
\o generate netlist...
\o function ansCdlCompPrim redefined
\o function ansCdlCompPrim redefined
\o Begin Incremental Netlisting May 14 17:41:26 2026
\o [2026-05-14 17:41:26.364 Z] [INFO] [cadence.virtuoso.ade.services.netlister] - Heartbeat in netlister service {"point": 0, "testname": "PSS_PXF_PNOISE_MC"}
\o End netlisting May 14 17:41:26 2026
\o 
\o 	The netlist is up to date.
\o 	Time taken to compare the design with netlist:   0.0s
\o       ...successful.
\o compose simulator input file...
\o       ...successful.
\o [2026-05-14 17:41:26.631 Z] [INFO] [cadence.virtuoso.ade.services.netlister] - Finished preparing netlist {"point": 0, "testname": "PSS_PXF_PNOISE_MC", "testnameKey": "PSS_PXF_PNOISE_MC"}
\o [2026-05-14 17:41:27.637 Z] [EVENT] [cadence.virtuoso.ade.services.netlister] - GroupPoints {"point": 1, "testname": "PSS_PXF_PNOISE_MC", "event": "GroupPoints", "EventSource": "Netlist Service", "Points": "1:1:9", "HistoryName": "MonteCarlo.4", "logFile": "/home/saul/projects/IL2244_VT26_SAUL/logs_saul/logs0/Service23.log", "logFileSize": "44674"}
\o [2026-05-14 17:41:27.638 Z] [INFO] [cadence.virtuoso.ade.services.netlister] - Started netlisting {"point": 1, "testname": "PSS_PXF_PNOISE_MC"}
\o Simulation design variables differ from those on the cellView,
\o they have been saved in the file "/tmp/saved-design-variables".
\o To save future changes, copy variables to cellView before exiting.
\o *Warning* AXL Context Manager : job 23 is already registered. 
\o 
\o 
\o 
\o *Info*    Configuring the session ...
\o 
\o 	Library      = FECG
\o 	Cell         = fecg_front_end_tb
\o 	View         = config
\o 	Simulator    = spectre
\o 	State Path   = $AXL_SETUPDB_DIR/test_states
\o 	State Name   = MonteCarlo.4
\o 	Results DB   = /home/saul/projects/IL2244_VT26_SAUL/FECG/fecg_front_end_tb/maestro/results/maestro/MonteCarlo.4.rdb
\o 	Results Dir  = /home/saul/projects/IL2244_VT26_SAUL/Sim/FECG/fecg_front_end_tb/maestro/results/maestro/MonteCarlo.4/1/PSS_PXF_PNOISE_MC
\o 	Results Loc  = /home/saul/projects/IL2244_VT26_SAUL/Sim/FECG/fecg_front_end_tb/maestro/results/maestro
\o 	Project Dir  = /home/saul/projects/IL2244_VT26_SAUL/Sim
\o 	Setup DB loc = /home/saul/projects/IL2244_VT26_SAUL/FECG/fecg_front_end_tb/maestro
\o 	File Encoding = 0
\o 
\o 
\o 
\o *Info*    The auto suspension is disabled.
\o 
\o Resetting statistical vars
\o 
\o *Info*    Setting parameter values ...
\o 
\o Setting var EN_CMFB = "0"
\o Setting var F0 = "3.3"
\o Setting var F1 = "3.3"
\o Setting var F2 = "0"
\o Setting var FC = "4k"
\o Setting var S0 = "0"
\o Setting var S1 = "0"
\o Setting var S2 = "0"
\o Setting var VCM_AC = "0"
\o Setting var VCM_AMP = "0"
\o Setting var VCM_DC = "1.6"
\o Setting var VDD = "3.3"
\o Setting var VIN_AC = "1"
\o Setting var VIN_AMP = "0"
\o Setting var VIN_DC = "10m"
\o Setting var VIN_FREQ = "50"
\o Setting var temperature = "27"
\o Setting temp(T) = 27
\o 
\o *Info*    Netlist Directory =
\o           /home/saul/projects/IL2244_VT26_SAUL/Sim/FECG/fecg_front_end_tb/maestro/results/maestro/MonteCarlo.4/1/PSS_PXF_PNOISE_MC/groupRunDataDir/netlist
\o 
\o 
\o *Info*    Data Directory    =
\o           /home/saul/projects/IL2244_VT26_SAUL/Sim/FECG/fecg_front_end_tb/maestro/results/maestro/MonteCarlo.4/1/PSS_PXF_PNOISE_MC/groupRunDataDir
\o 
\o Reusing AHDL Data dir
\o generate netlist...
\o function ansCdlCompPrim redefined
\o Ignoring netlist creation since ignoreDesignChangesDuringRun is set to true
\o       ...successful.
\o compose simulator input file...
\o       ...successful.
\o WARNING (ADE-3080): Fast viewing extensions for PSF XL format (also known as RTSF) will be discontinued  
\o        and Virtuoso Visualization and Analysis XL will not use RTSF data to plot waveforms from IC6.1.8 ISR7 onward. 
\o        There will be no performance impact on data visualization due to this change.
\o [2026-05-14 17:41:28.851 Z] [PROCESS] [cadence.virtuoso.ade.services.netlister] - Current memory used: 766.7773 MBytes, peak memory used: 766.7773 MBytes {"hostname": "edatools", "processid": 674997, "testname": "PSS_PXF_PNOISE_MC", "point": 1, "logfile": "/home/saul/projects/IL2244_VT26_SAUL/logs_saul/logs0/Service23.log"}
\o [2026-05-14 17:41:28.852 Z] [INFO] [cadence.virtuoso.ade.services.netlister] - Finished netlisting {"point": 1, "testname": "PSS_PXF_PNOISE_MC"}
\o [2026-05-14 17:41:28.856 Z] [EVENT] [cadence.virtuoso.ade.services.netlister] - GroupPoints {"point": 10, "testname": "PSS_PXF_PNOISE_MC", "event": "GroupPoints", "EventSource": "Netlist Service", "Points": "10:1:18", "HistoryName": "MonteCarlo.4", "logFile": "/home/saul/projects/IL2244_VT26_SAUL/logs_saul/logs0/Service23.log", "logFileSize": "49778"}
\o [2026-05-14 17:41:28.857 Z] [INFO] [cadence.virtuoso.ade.services.netlister] - Started netlisting {"point": 10, "testname": "PSS_PXF_PNOISE_MC"}
\o Resetting statistical vars
\o 
\o *Info*    Setting parameter values ...
\o 
\o 
\o *Info*    Netlist Directory =
\o           /home/saul/projects/IL2244_VT26_SAUL/Sim/FECG/fecg_front_end_tb/maestro/results/maestro/MonteCarlo.4/10/PSS_PXF_PNOISE_MC/groupRunDataDir/netlist
\o 
\o 
\o *Info*    Data Directory    =
\o           /home/saul/projects/IL2244_VT26_SAUL/Sim/FECG/fecg_front_end_tb/maestro/results/maestro/MonteCarlo.4/10/PSS_PXF_PNOISE_MC/groupRunDataDir
\o 
\o Reusing AHDL Data dir
\o generate netlist...
\o function ansCdlCompPrim redefined
\o Ignoring netlist creation since ignoreDesignChangesDuringRun is set to true
\o       ...successful.
\o compose simulator input file...
\o       ...successful.
\o WARNING (ADE-3080): Fast viewing extensions for PSF XL format (also known as RTSF) will be discontinued  
\o        and Virtuoso Visualization and Analysis XL will not use RTSF data to plot waveforms from IC6.1.8 ISR7 onward. 
\o        There will be no performance impact on data visualization due to this change.
\o [2026-05-14 17:41:29.238 Z] [PROCESS] [cadence.virtuoso.ade.services.netlister] - Current memory used: 766.7773 MBytes, peak memory used: 766.7773 MBytes {"hostname": "edatools", "processid": 674997, "testname": "PSS_PXF_PNOISE_MC", "point": 10, "logfile": "/home/saul/projects/IL2244_VT26_SAUL/logs_saul/logs0/Service23.log"}
\o [2026-05-14 17:41:29.239 Z] [INFO] [cadence.virtuoso.ade.services.netlister] - Finished netlisting {"point": 10, "testname": "PSS_PXF_PNOISE_MC"}
\o [2026-05-14 17:41:29.241 Z] [EVENT] [cadence.virtuoso.ade.services.netlister] - GroupPoints {"point": 19, "testname": "PSS_PXF_PNOISE_MC", "event": "GroupPoints", "EventSource": "Netlist Service", "Points": "19:1:27", "HistoryName": "MonteCarlo.4", "logFile": "/home/saul/projects/IL2244_VT26_SAUL/logs_saul/logs0/Service23.log", "logFileSize": "51799"}
\o [2026-05-14 17:41:29.242 Z] [INFO] [cadence.virtuoso.ade.services.netlister] - Started netlisting {"point": 19, "testname": "PSS_PXF_PNOISE_MC"}
\o Resetting statistical vars
\o 
\o *Info*    Setting parameter values ...
\o 
\o 
\o *Info*    Netlist Directory =
\o           /home/saul/projects/IL2244_VT26_SAUL/Sim/FECG/fecg_front_end_tb/maestro/results/maestro/MonteCarlo.4/19/PSS_PXF_PNOISE_MC/groupRunDataDir/netlist
\o 
\o 
\o *Info*    Data Directory    =
\o           /home/saul/projects/IL2244_VT26_SAUL/Sim/FECG/fecg_front_end_tb/maestro/results/maestro/MonteCarlo.4/19/PSS_PXF_PNOISE_MC/groupRunDataDir
\o 
\o Reusing AHDL Data dir
\o generate netlist...
\o function ansCdlCompPrim redefined
\o Ignoring netlist creation since ignoreDesignChangesDuringRun is set to true
\o       ...successful.
\o compose simulator input file...
\o       ...successful.
\o WARNING (ADE-3080): Fast viewing extensions for PSF XL format (also known as RTSF) will be discontinued  
\o        and Virtuoso Visualization and Analysis XL will not use RTSF data to plot waveforms from IC6.1.8 ISR7 onward. 
\o        There will be no performance impact on data visualization due to this change.
\o [2026-05-14 17:41:29.749 Z] [PROCESS] [cadence.virtuoso.ade.services.netlister] - Current memory used: 766.7773 MBytes, peak memory used: 766.7773 MBytes {"hostname": "edatools", "processid": 674997, "testname": "PSS_PXF_PNOISE_MC", "point": 19, "logfile": "/home/saul/projects/IL2244_VT26_SAUL/logs_saul/logs0/Service23.log"}
\o [2026-05-14 17:41:29.749 Z] [INFO] [cadence.virtuoso.ade.services.netlister] - Finished netlisting {"point": 19, "testname": "PSS_PXF_PNOISE_MC"}
\o [2026-05-14 17:41:29.750 Z] [EVENT] [cadence.virtuoso.ade.services.netlister] - GroupPoints {"point": 28, "testname": "PSS_PXF_PNOISE_MC", "event": "GroupPoints", "EventSource": "Netlist Service", "Points": "28:1:36", "HistoryName": "MonteCarlo.4", "logFile": "/home/saul/projects/IL2244_VT26_SAUL/logs_saul/logs0/Service23.log", "logFileSize": "53820"}
\o [2026-05-14 17:41:29.750 Z] [INFO] [cadence.virtuoso.ade.services.netlister] - Started netlisting {"point": 28, "testname": "PSS_PXF_PNOISE_MC"}
\o Resetting statistical vars
\o 
\o *Info*    Setting parameter values ...
\o 
\o 
\o *Info*    Netlist Directory =
\o           /home/saul/projects/IL2244_VT26_SAUL/Sim/FECG/fecg_front_end_tb/maestro/results/maestro/MonteCarlo.4/28/PSS_PXF_PNOISE_MC/groupRunDataDir/netlist
\o 
\o 
\o *Info*    Data Directory    =
\o           /home/saul/projects/IL2244_VT26_SAUL/Sim/FECG/fecg_front_end_tb/maestro/results/maestro/MonteCarlo.4/28/PSS_PXF_PNOISE_MC/groupRunDataDir
\o 
\o Reusing AHDL Data dir
\o generate netlist...
\o function ansCdlCompPrim redefined
\o Ignoring netlist creation since ignoreDesignChangesDuringRun is set to true
\o       ...successful.
\o compose simulator input file...
\o       ...successful.
\o WARNING (ADE-3080): Fast viewing extensions for PSF XL format (also known as RTSF) will be discontinued  
\o        and Virtuoso Visualization and Analysis XL will not use RTSF data to plot waveforms from IC6.1.8 ISR7 onward. 
\o        There will be no performance impact on data visualization due to this change.
\o [2026-05-14 17:41:30.011 Z] [PROCESS] [cadence.virtuoso.ade.services.netlister] - Current memory used: 766.7773 MBytes, peak memory used: 766.7773 MBytes {"hostname": "edatools", "processid": 674997, "testname": "PSS_PXF_PNOISE_MC", "point": 28, "logfile": "/home/saul/projects/IL2244_VT26_SAUL/logs_saul/logs0/Service23.log"}
\o [2026-05-14 17:41:30.012 Z] [INFO] [cadence.virtuoso.ade.services.netlister] - Finished netlisting {"point": 28, "testname": "PSS_PXF_PNOISE_MC"}
\o [2026-05-14 17:41:30.013 Z] [EVENT] [cadence.virtuoso.ade.services.netlister] - GroupPoints {"point": 37, "testname": "PSS_PXF_PNOISE_MC", "event": "GroupPoints", "EventSource": "Netlist Service", "Points": "37:1:45", "HistoryName": "MonteCarlo.4", "logFile": "/home/saul/projects/IL2244_VT26_SAUL/logs_saul/logs0/Service23.log", "logFileSize": "55841"}
\o [2026-05-14 17:41:30.013 Z] [INFO] [cadence.virtuoso.ade.services.netlister] - Started netlisting {"point": 37, "testname": "PSS_PXF_PNOISE_MC"}
\o Resetting statistical vars
\o 
\o *Info*    Setting parameter values ...
\o 
\o 
\o *Info*    Netlist Directory =
\o           /home/saul/projects/IL2244_VT26_SAUL/Sim/FECG/fecg_front_end_tb/maestro/results/maestro/MonteCarlo.4/37/PSS_PXF_PNOISE_MC/groupRunDataDir/netlist
\o 
\o 
\o *Info*    Data Directory    =
\o           /home/saul/projects/IL2244_VT26_SAUL/Sim/FECG/fecg_front_end_tb/maestro/results/maestro/MonteCarlo.4/37/PSS_PXF_PNOISE_MC/groupRunDataDir
\o 
\o Reusing AHDL Data dir
\o generate netlist...
\o function ansCdlCompPrim redefined
\o Ignoring netlist creation since ignoreDesignChangesDuringRun is set to true
\o       ...successful.
\o compose simulator input file...
\o       ...successful.
\o WARNING (ADE-3080): Fast viewing extensions for PSF XL format (also known as RTSF) will be discontinued  
\o        and Virtuoso Visualization and Analysis XL will not use RTSF data to plot waveforms from IC6.1.8 ISR7 onward. 
\o        There will be no performance impact on data visualization due to this change.
\o [2026-05-14 17:41:30.284 Z] [PROCESS] [cadence.virtuoso.ade.services.netlister] - Current memory used: 766.7773 MBytes, peak memory used: 766.7773 MBytes {"hostname": "edatools", "processid": 674997, "testname": "PSS_PXF_PNOISE_MC", "point": 37, "logfile": "/home/saul/projects/IL2244_VT26_SAUL/logs_saul/logs0/Service23.log"}
\o [2026-05-14 17:41:30.284 Z] [INFO] [cadence.virtuoso.ade.services.netlister] - Finished netlisting {"point": 37, "testname": "PSS_PXF_PNOISE_MC"}
\o [2026-05-14 17:41:30.285 Z] [EVENT] [cadence.virtuoso.ade.services.netlister] - GroupPoints {"point": 46, "testname": "PSS_PXF_PNOISE_MC", "event": "GroupPoints", "EventSource": "Netlist Service", "Points": "46:1:50", "HistoryName": "MonteCarlo.4", "logFile": "/home/saul/projects/IL2244_VT26_SAUL/logs_saul/logs0/Service23.log", "logFileSize": "57862"}
\o [2026-05-14 17:41:30.285 Z] [INFO] [cadence.virtuoso.ade.services.netlister] - Started netlisting {"point": 46, "testname": "PSS_PXF_PNOISE_MC"}
\o Resetting statistical vars
\o 
\o *Info*    Setting parameter values ...
\o 
\o 
\o *Info*    Netlist Directory =
\o           /home/saul/projects/IL2244_VT26_SAUL/Sim/FECG/fecg_front_end_tb/maestro/results/maestro/MonteCarlo.4/46/PSS_PXF_PNOISE_MC/groupRunDataDir/netlist
\o 
\o 
\o *Info*    Data Directory    =
\o           /home/saul/projects/IL2244_VT26_SAUL/Sim/FECG/fecg_front_end_tb/maestro/results/maestro/MonteCarlo.4/46/PSS_PXF_PNOISE_MC/groupRunDataDir
\o 
\o Reusing AHDL Data dir
\o generate netlist...
\o function ansCdlCompPrim redefined
\o Ignoring netlist creation since ignoreDesignChangesDuringRun is set to true
\o       ...successful.
\o compose simulator input file...
\o       ...successful.
\o WARNING (ADE-3080): Fast viewing extensions for PSF XL format (also known as RTSF) will be discontinued  
\o        and Virtuoso Visualization and Analysis XL will not use RTSF data to plot waveforms from IC6.1.8 ISR7 onward. 
\o        There will be no performance impact on data visualization due to this change.
\o [2026-05-14 17:41:30.552 Z] [PROCESS] [cadence.virtuoso.ade.services.netlister] - Current memory used: 766.7773 MBytes, peak memory used: 766.7773 MBytes {"hostname": "edatools", "processid": 674997, "testname": "PSS_PXF_PNOISE_MC", "point": 46, "logfile": "/home/saul/projects/IL2244_VT26_SAUL/logs_saul/logs0/Service23.log"}
\o [2026-05-14 17:41:30.553 Z] [INFO] [cadence.virtuoso.ade.services.netlister] - Finished netlisting {"point": 46, "testname": "PSS_PXF_PNOISE_MC"}
\o [2026-05-14 17:43:59.223 Z] [EVENT] [cadence.virtuoso.ade.services.netlister] - NewPoint {"point": 0, "testname": "PSS_PXF_PNOISE_MC", "event": "NewPoint", "EventSource": "Netlist Service", "HistoryName": "MonteCarlo.5", "logFile": "/home/saul/projects/IL2244_VT26_SAUL/logs_saul/logs0/Service23.log", "logFileSize": "59883"}
\o [2026-05-14 17:43:59.223 Z] [INFO] [cadence.virtuoso.ade.services.netlister] - Started preparing netlist {"point": 0, "testname": "PSS_PXF_PNOISE_MC", "testnameKey": "PSS_PXF_PNOISE_MC"}
\o Simulation design variables differ from those on the cellView,
\o they have been saved in the file "/tmp/saved-design-variables".
\o To save future changes, copy variables to cellView before exiting.
\o *Warning* AXL Context Manager : job 23 is already registered. 
\o 
\o 
\o 
\o *Info*    Configuring the session ...
\o 
\o 	Library      = FECG
\o 	Cell         = fecg_front_end_tb
\o 	View         = config
\o 	Simulator    = spectre
\o 	State Path   = $AXL_SETUPDB_DIR/test_states
\o 	State Name   = MonteCarlo.5
\o 	Results DB   = /home/saul/projects/IL2244_VT26_SAUL/FECG/fecg_front_end_tb/maestro/results/maestro/MonteCarlo.5.rdb
\o 	Results Dir  = /home/saul/projects/IL2244_VT26_SAUL/Sim/FECG/fecg_front_end_tb/maestro/results/maestro/MonteCarlo.5/1/PSS_PXF_PNOISE_MC
\o 	Results Loc  = /home/saul/projects/IL2244_VT26_SAUL/Sim/FECG/fecg_front_end_tb/maestro/results/maestro
\o 	Project Dir  = /home/saul/projects/IL2244_VT26_SAUL/Sim
\o 	Setup DB loc = /home/saul/projects/IL2244_VT26_SAUL/FECG/fecg_front_end_tb/maestro
\o 	File Encoding = 0
\o 
\o 
\o 
\o *Info*    The auto suspension is disabled.
\o 
\o Resetting statistical vars
\o 
\o *Info*    Setting parameter values ...
\o 
\o Setting var EN_CMFB = "0"
\o Setting var F0 = "3.3"
\o Setting var F1 = "3.3"
\o Setting var F2 = "0"
\o Setting var FC = "4k"
\o Setting var S0 = "3.3"
\o Setting var S1 = "3.3"
\o Setting var S2 = "0"
\o Setting var VCM_AC = "0"
\o Setting var VCM_AMP = "0"
\o Setting var VCM_DC = "1.6"
\o Setting var VDD = "3.3"
\o Setting var VIN_AC = "1"
\o Setting var VIN_AMP = "0"
\o Setting var VIN_DC = "10m"
\o Setting var VIN_FREQ = "50"
\o Reusing AHDL Data dir
\o 
\o *Info*    Data Directory    =
\o           /home/saul/projects/IL2244_VT26_SAUL/Sim/FECG/fecg_front_end_tb/maestro/results/maestro/MonteCarlo.5/psf/PSS_PXF_PNOISE_MC
\o 
\o generate netlist...
\o function ansCdlCompPrim redefined
\o function ansCdlCompPrim redefined
\o Begin Incremental Netlisting May 14 17:44:00 2026
\o [2026-05-14 17:44:00.963 Z] [INFO] [cadence.virtuoso.ade.services.netlister] - Heartbeat in netlister service {"point": 0, "testname": "PSS_PXF_PNOISE_MC"}
\o End netlisting May 14 17:44:00 2026
\o 
\o 	The netlist is up to date.
\o 	Time taken to compare the design with netlist:   0.0s
\o       ...successful.
\o compose simulator input file...
\o       ...successful.
\o [2026-05-14 17:44:01.131 Z] [INFO] [cadence.virtuoso.ade.services.netlister] - Finished preparing netlist {"point": 0, "testname": "PSS_PXF_PNOISE_MC", "testnameKey": "PSS_PXF_PNOISE_MC"}
\o [2026-05-14 17:44:02.138 Z] [EVENT] [cadence.virtuoso.ade.services.netlister] - GroupPoints {"point": 1, "testname": "PSS_PXF_PNOISE_MC", "event": "GroupPoints", "EventSource": "Netlist Service", "Points": "1:1:9", "HistoryName": "MonteCarlo.5", "logFile": "/home/saul/projects/IL2244_VT26_SAUL/logs_saul/logs0/Service23.log", "logFileSize": "62955"}
\o [2026-05-14 17:44:02.139 Z] [INFO] [cadence.virtuoso.ade.services.netlister] - Started netlisting {"point": 1, "testname": "PSS_PXF_PNOISE_MC"}
\o Simulation design variables differ from those on the cellView,
\o they have been saved in the file "/tmp/saved-design-variables".
\o To save future changes, copy variables to cellView before exiting.
\o *Warning* AXL Context Manager : job 23 is already registered. 
\o 
\o 
\o 
\o *Info*    Configuring the session ...
\o 
\o 	Library      = FECG
\o 	Cell         = fecg_front_end_tb
\o 	View         = config
\o 	Simulator    = spectre
\o 	State Path   = $AXL_SETUPDB_DIR/test_states
\o 	State Name   = MonteCarlo.5
\o 	Results DB   = /home/saul/projects/IL2244_VT26_SAUL/FECG/fecg_front_end_tb/maestro/results/maestro/MonteCarlo.5.rdb
\o 	Results Dir  = /home/saul/projects/IL2244_VT26_SAUL/Sim/FECG/fecg_front_end_tb/maestro/results/maestro/MonteCarlo.5/1/PSS_PXF_PNOISE_MC
\o 	Results Loc  = /home/saul/projects/IL2244_VT26_SAUL/Sim/FECG/fecg_front_end_tb/maestro/results/maestro
\o 	Project Dir  = /home/saul/projects/IL2244_VT26_SAUL/Sim
\o 	Setup DB loc = /home/saul/projects/IL2244_VT26_SAUL/FECG/fecg_front_end_tb/maestro
\o 	File Encoding = 0
\o 
\o 
\o 
\o *Info*    The auto suspension is disabled.
\o 
\o Resetting statistical vars
\o 
\o *Info*    Setting parameter values ...
\o 
\o Setting var EN_CMFB = "0"
\o Setting var F0 = "3.3"
\o Setting var F1 = "3.3"
\o Setting var F2 = "0"
\o Setting var FC = "4k"
\o Setting var S0 = "3.3"
\o Setting var S1 = "3.3"
\o Setting var S2 = "0"
\o Setting var VCM_AC = "0"
\o Setting var VCM_AMP = "0"
\o Setting var VCM_DC = "1.6"
\o Setting var VDD = "3.3"
\o Setting var VIN_AC = "1"
\o Setting var VIN_AMP = "0"
\o Setting var VIN_DC = "10m"
\o Setting var VIN_FREQ = "50"
\o Setting var temperature = "27"
\o Setting temp(T) = 27
\o 
\o *Info*    Netlist Directory =
\o           /home/saul/projects/IL2244_VT26_SAUL/Sim/FECG/fecg_front_end_tb/maestro/results/maestro/MonteCarlo.5/1/PSS_PXF_PNOISE_MC/groupRunDataDir/netlist
\o 
\o 
\o *Info*    Data Directory    =
\o           /home/saul/projects/IL2244_VT26_SAUL/Sim/FECG/fecg_front_end_tb/maestro/results/maestro/MonteCarlo.5/1/PSS_PXF_PNOISE_MC/groupRunDataDir
\o 
\o Reusing AHDL Data dir
\o generate netlist...
\o function ansCdlCompPrim redefined
\o Ignoring netlist creation since ignoreDesignChangesDuringRun is set to true
\o       ...successful.
\o compose simulator input file...
\o       ...successful.
\o WARNING (ADE-3080): Fast viewing extensions for PSF XL format (also known as RTSF) will be discontinued  
\o        and Virtuoso Visualization and Analysis XL will not use RTSF data to plot waveforms from IC6.1.8 ISR7 onward. 
\o        There will be no performance impact on data visualization due to this change.
\o [2026-05-14 17:44:03.413 Z] [PROCESS] [cadence.virtuoso.ade.services.netlister] - Current memory used: 776.5117 MBytes, peak memory used: 776.5117 MBytes {"hostname": "edatools", "processid": 674997, "testname": "PSS_PXF_PNOISE_MC", "point": 1, "logfile": "/home/saul/projects/IL2244_VT26_SAUL/logs_saul/logs0/Service23.log"}
\o [2026-05-14 17:44:03.415 Z] [INFO] [cadence.virtuoso.ade.services.netlister] - Finished netlisting {"point": 1, "testname": "PSS_PXF_PNOISE_MC"}
\o [2026-05-14 17:44:03.418 Z] [EVENT] [cadence.virtuoso.ade.services.netlister] - GroupPoints {"point": 10, "testname": "PSS_PXF_PNOISE_MC", "event": "GroupPoints", "EventSource": "Netlist Service", "Points": "10:1:18", "HistoryName": "MonteCarlo.5", "logFile": "/home/saul/projects/IL2244_VT26_SAUL/logs_saul/logs0/Service23.log", "logFileSize": "66582"}
\o [2026-05-14 17:44:03.418 Z] [INFO] [cadence.virtuoso.ade.services.netlister] - Started netlisting {"point": 10, "testname": "PSS_PXF_PNOISE_MC"}
\o Resetting statistical vars
\o 
\o *Info*    Setting parameter values ...
\o 
\o 
\o *Info*    Netlist Directory =
\o           /home/saul/projects/IL2244_VT26_SAUL/Sim/FECG/fecg_front_end_tb/maestro/results/maestro/MonteCarlo.5/10/PSS_PXF_PNOISE_MC/groupRunDataDir/netlist
\o 
\o 
\o *Info*    Data Directory    =
\o           /home/saul/projects/IL2244_VT26_SAUL/Sim/FECG/fecg_front_end_tb/maestro/results/maestro/MonteCarlo.5/10/PSS_PXF_PNOISE_MC/groupRunDataDir
\o 
\o Reusing AHDL Data dir
\o generate netlist...
\o function ansCdlCompPrim redefined
\o Ignoring netlist creation since ignoreDesignChangesDuringRun is set to true
\o       ...successful.
\o compose simulator input file...
\o       ...successful.
\o WARNING (ADE-3080): Fast viewing extensions for PSF XL format (also known as RTSF) will be discontinued  
\o        and Virtuoso Visualization and Analysis XL will not use RTSF data to plot waveforms from IC6.1.8 ISR7 onward. 
\o        There will be no performance impact on data visualization due to this change.
\o [2026-05-14 17:44:04.051 Z] [PROCESS] [cadence.virtuoso.ade.services.netlister] - Current memory used: 776.5117 MBytes, peak memory used: 776.5117 MBytes {"hostname": "edatools", "processid": 674997, "testname": "PSS_PXF_PNOISE_MC", "point": 10, "logfile": "/home/saul/projects/IL2244_VT26_SAUL/logs_saul/logs0/Service23.log"}
\o [2026-05-14 17:44:04.051 Z] [INFO] [cadence.virtuoso.ade.services.netlister] - Finished netlisting {"point": 10, "testname": "PSS_PXF_PNOISE_MC"}
\o [2026-05-14 17:44:04.052 Z] [EVENT] [cadence.virtuoso.ade.services.netlister] - GroupPoints {"point": 19, "testname": "PSS_PXF_PNOISE_MC", "event": "GroupPoints", "EventSource": "Netlist Service", "Points": "19:1:27", "HistoryName": "MonteCarlo.5", "logFile": "/home/saul/projects/IL2244_VT26_SAUL/logs_saul/logs0/Service23.log", "logFileSize": "68603"}
\o [2026-05-14 17:44:04.052 Z] [INFO] [cadence.virtuoso.ade.services.netlister] - Started netlisting {"point": 19, "testname": "PSS_PXF_PNOISE_MC"}
\o Resetting statistical vars
\o 
\o *Info*    Setting parameter values ...
\o 
\o 
\o *Info*    Netlist Directory =
\o           /home/saul/projects/IL2244_VT26_SAUL/Sim/FECG/fecg_front_end_tb/maestro/results/maestro/MonteCarlo.5/19/PSS_PXF_PNOISE_MC/groupRunDataDir/netlist
\o 
\o 
\o *Info*    Data Directory    =
\o           /home/saul/projects/IL2244_VT26_SAUL/Sim/FECG/fecg_front_end_tb/maestro/results/maestro/MonteCarlo.5/19/PSS_PXF_PNOISE_MC/groupRunDataDir
\o 
\o Reusing AHDL Data dir
\o generate netlist...
\o function ansCdlCompPrim redefined
\o Ignoring netlist creation since ignoreDesignChangesDuringRun is set to true
\o       ...successful.
\o compose simulator input file...
\o       ...successful.
\o WARNING (ADE-3080): Fast viewing extensions for PSF XL format (also known as RTSF) will be discontinued  
\o        and Virtuoso Visualization and Analysis XL will not use RTSF data to plot waveforms from IC6.1.8 ISR7 onward. 
\o        There will be no performance impact on data visualization due to this change.
\o [2026-05-14 17:44:04.472 Z] [PROCESS] [cadence.virtuoso.ade.services.netlister] - Current memory used: 776.5117 MBytes, peak memory used: 776.5117 MBytes {"hostname": "edatools", "processid": 674997, "testname": "PSS_PXF_PNOISE_MC", "point": 19, "logfile": "/home/saul/projects/IL2244_VT26_SAUL/logs_saul/logs0/Service23.log"}
\o [2026-05-14 17:44:04.473 Z] [INFO] [cadence.virtuoso.ade.services.netlister] - Finished netlisting {"point": 19, "testname": "PSS_PXF_PNOISE_MC"}
\o [2026-05-14 17:44:04.477 Z] [EVENT] [cadence.virtuoso.ade.services.netlister] - GroupPoints {"point": 28, "testname": "PSS_PXF_PNOISE_MC", "event": "GroupPoints", "EventSource": "Netlist Service", "Points": "28:1:36", "HistoryName": "MonteCarlo.5", "logFile": "/home/saul/projects/IL2244_VT26_SAUL/logs_saul/logs0/Service23.log", "logFileSize": "70624"}
\o [2026-05-14 17:44:04.477 Z] [INFO] [cadence.virtuoso.ade.services.netlister] - Started netlisting {"point": 28, "testname": "PSS_PXF_PNOISE_MC"}
\o Resetting statistical vars
\o 
\o *Info*    Setting parameter values ...
\o 
\o 
\o *Info*    Netlist Directory =
\o           /home/saul/projects/IL2244_VT26_SAUL/Sim/FECG/fecg_front_end_tb/maestro/results/maestro/MonteCarlo.5/28/PSS_PXF_PNOISE_MC/groupRunDataDir/netlist
\o 
\o 
\o *Info*    Data Directory    =
\o           /home/saul/projects/IL2244_VT26_SAUL/Sim/FECG/fecg_front_end_tb/maestro/results/maestro/MonteCarlo.5/28/PSS_PXF_PNOISE_MC/groupRunDataDir
\o 
\o Reusing AHDL Data dir
\o generate netlist...
\o function ansCdlCompPrim redefined
\o Ignoring netlist creation since ignoreDesignChangesDuringRun is set to true
\o       ...successful.
\o compose simulator input file...
\o       ...successful.
\o WARNING (ADE-3080): Fast viewing extensions for PSF XL format (also known as RTSF) will be discontinued  
\o        and Virtuoso Visualization and Analysis XL will not use RTSF data to plot waveforms from IC6.1.8 ISR7 onward. 
\o        There will be no performance impact on data visualization due to this change.
\o [2026-05-14 17:44:05.121 Z] [PROCESS] [cadence.virtuoso.ade.services.netlister] - Current memory used: 776.5117 MBytes, peak memory used: 776.5117 MBytes {"hostname": "edatools", "processid": 674997, "testname": "PSS_PXF_PNOISE_MC", "point": 28, "logfile": "/home/saul/projects/IL2244_VT26_SAUL/logs_saul/logs0/Service23.log"}
\o [2026-05-14 17:44:05.121 Z] [INFO] [cadence.virtuoso.ade.services.netlister] - Finished netlisting {"point": 28, "testname": "PSS_PXF_PNOISE_MC"}
\o [2026-05-14 17:44:05.122 Z] [EVENT] [cadence.virtuoso.ade.services.netlister] - GroupPoints {"point": 37, "testname": "PSS_PXF_PNOISE_MC", "event": "GroupPoints", "EventSource": "Netlist Service", "Points": "37:1:45", "HistoryName": "MonteCarlo.5", "logFile": "/home/saul/projects/IL2244_VT26_SAUL/logs_saul/logs0/Service23.log", "logFileSize": "72645"}
\o [2026-05-14 17:44:05.122 Z] [INFO] [cadence.virtuoso.ade.services.netlister] - Started netlisting {"point": 37, "testname": "PSS_PXF_PNOISE_MC"}
\o Resetting statistical vars
\o 
\o *Info*    Setting parameter values ...
\o 
\o 
\o *Info*    Netlist Directory =
\o           /home/saul/projects/IL2244_VT26_SAUL/Sim/FECG/fecg_front_end_tb/maestro/results/maestro/MonteCarlo.5/37/PSS_PXF_PNOISE_MC/groupRunDataDir/netlist
\o 
\o 
\o *Info*    Data Directory    =
\o           /home/saul/projects/IL2244_VT26_SAUL/Sim/FECG/fecg_front_end_tb/maestro/results/maestro/MonteCarlo.5/37/PSS_PXF_PNOISE_MC/groupRunDataDir
\o 
\o Reusing AHDL Data dir
\o generate netlist...
\o function ansCdlCompPrim redefined
\o Ignoring netlist creation since ignoreDesignChangesDuringRun is set to true
\o       ...successful.
\o compose simulator input file...
\o       ...successful.
\o WARNING (ADE-3080): Fast viewing extensions for PSF XL format (also known as RTSF) will be discontinued  
\o        and Virtuoso Visualization and Analysis XL will not use RTSF data to plot waveforms from IC6.1.8 ISR7 onward. 
\o        There will be no performance impact on data visualization due to this change.
\o [2026-05-14 17:44:05.458 Z] [PROCESS] [cadence.virtuoso.ade.services.netlister] - Current memory used: 776.5117 MBytes, peak memory used: 776.5117 MBytes {"hostname": "edatools", "processid": 674997, "testname": "PSS_PXF_PNOISE_MC", "point": 37, "logfile": "/home/saul/projects/IL2244_VT26_SAUL/logs_saul/logs0/Service23.log"}
\o [2026-05-14 17:44:05.458 Z] [INFO] [cadence.virtuoso.ade.services.netlister] - Finished netlisting {"point": 37, "testname": "PSS_PXF_PNOISE_MC"}
\o [2026-05-14 17:44:05.460 Z] [EVENT] [cadence.virtuoso.ade.services.netlister] - GroupPoints {"point": 46, "testname": "PSS_PXF_PNOISE_MC", "event": "GroupPoints", "EventSource": "Netlist Service", "Points": "46:1:50", "HistoryName": "MonteCarlo.5", "logFile": "/home/saul/projects/IL2244_VT26_SAUL/logs_saul/logs0/Service23.log", "logFileSize": "74666"}
\o [2026-05-14 17:44:05.460 Z] [INFO] [cadence.virtuoso.ade.services.netlister] - Started netlisting {"point": 46, "testname": "PSS_PXF_PNOISE_MC"}
\o Resetting statistical vars
\o 
\o *Info*    Setting parameter values ...
\o 
\o 
\o *Info*    Netlist Directory =
\o           /home/saul/projects/IL2244_VT26_SAUL/Sim/FECG/fecg_front_end_tb/maestro/results/maestro/MonteCarlo.5/46/PSS_PXF_PNOISE_MC/groupRunDataDir/netlist
\o 
\o 
\o *Info*    Data Directory    =
\o           /home/saul/projects/IL2244_VT26_SAUL/Sim/FECG/fecg_front_end_tb/maestro/results/maestro/MonteCarlo.5/46/PSS_PXF_PNOISE_MC/groupRunDataDir
\o 
\o Reusing AHDL Data dir
\o generate netlist...
\o function ansCdlCompPrim redefined
\o Ignoring netlist creation since ignoreDesignChangesDuringRun is set to true
\o       ...successful.
\o compose simulator input file...
\o       ...successful.
\o WARNING (ADE-3080): Fast viewing extensions for PSF XL format (also known as RTSF) will be discontinued  
\o        and Virtuoso Visualization and Analysis XL will not use RTSF data to plot waveforms from IC6.1.8 ISR7 onward. 
\o        There will be no performance impact on data visualization due to this change.
\o [2026-05-14 17:44:05.825 Z] [PROCESS] [cadence.virtuoso.ade.services.netlister] - Current memory used: 776.5117 MBytes, peak memory used: 776.5117 MBytes {"hostname": "edatools", "processid": 674997, "testname": "PSS_PXF_PNOISE_MC", "point": 46, "logfile": "/home/saul/projects/IL2244_VT26_SAUL/logs_saul/logs0/Service23.log"}
\o [2026-05-14 17:44:05.825 Z] [INFO] [cadence.virtuoso.ade.services.netlister] - Finished netlisting {"point": 46, "testname": "PSS_PXF_PNOISE_MC"}
\o Simulation design variables differ from those on the cellView,
\o they have been saved in the file "/tmp/saved-design-variables".
\o To save future changes, copy variables to cellView before exiting.
\# Lic Summary:
\# [17:49:07.285715] Cdslmd servers:3000@lic08.ug.kth.se:29000@lic06.ug.kth.se
\# [17:49:07.285736] Feature usage summary:
\# Memory report: on exit            479 MB, process size 2,242 MB at UTC 2026.05.14 17:49:07.285
\# Memory report: peak usage         479 MB, process size 2,245 MB
