\# Program start time:     UTC 2026.05.26 09:41:04.808
\# Local time: UTC (UTC+00:00) 2026.05.26 09:41:04.808
\o Program:		@(#)$CDS: virtuoso version 6.1.8-64b 09/03/2024 19:11 (sjfhw316) $
\o Hierarchy:		/opt/tools/cadence/installs/IC618/tools.lnx86/dfII/
\o Sub version:		sub-version  IC6.1.8-64b.500.36  (64-bit addresses)
\# Command line:	/opt/tools/cadence/installs/IC618/tools.lnx86/dfII/bin/64bit/virtuoso -beanhost edatools -beanport 11300 -beanbinlog  -beanLogFile /home/saul/projects/IL2244_VT26_SAUL/logs_saul/logs0/amps_Service44.log -mpssession virtuoso93243 -mpshost edatools -davinciService DaVinciService_93243_1779769417 -scopedPid 93243 -axlSession fnxSession1 -axlServiceIdFlag 44 -uuid 5650d0a9-63d2-4bf1-ae0d-fd17de022c51 -heartbeat /dev/shm/swift-heartbeat.lgjeRWOLd8 -log /home/saul/projects/IL2244_VT26_SAUL/logs_saul/logs0/Service44.log -noautostart -nographE -lscs 000175E1894CBE06FF0966E38F1FFC06BC4D138FFC7EFC06BC4D68F886089075D3225CD1A12FD236867F66E38F1FFC06BC4D66E38F1FFC06BC4D0CF6E5B096A9D65800001E4D -interactive -offlineExprEval -fenixMode assembler -heartbeatTimeout  -lingerTimeout 300 -pointlifetime -1
\# Host name (type):	edatools (x86_64)
\# Operating system:	Linux 6.17.0-29-generic #29~24.04.1-Ubuntu SMP PREEMPT_DYNAMIC Mon May 11 10:30:58 UTC 2
\# Linux /etc/issue:	\S
\# Linux /etc/issue:	Kernel \r on an \m
\# X display name (WxH):	:7072 (1024x868)
\# Available geometry:			TL(0:0) BR(1023:867)
\# X server:			The X.Org Foundation
\# Depth of Visual (Root):	24 (24)
\# Number of Planes Used:	24
\# X version:		11.0 (vendor release 12011000)
\# X resource pool:	base 0x400000, mask 0x1fffff (2097151), shift 0
\# 			current id 0x0, current max 0x1ffffa (2097146)
\# Max data seg size:	     unlimited
\# Max process size:	     unlimited
\# Initial sbrk value:	      1,228 MB
\# Available memory:	     53,733 MB
\# System memory:	     72,238 MB
\# Maximum memory size:	     71,130 MB
\# Max mem available:	     53,853 MB
\# Initial memory used:	        119 MB
\#        process size:	      1,676 MB
\# Thread usage limits (effective/default):	maxthreads 4294967295/4294967295 maxload 16.00/16.00
\# Qt version:		5.9.1
\# Window Manager:	other
\# User Name:		saul
\o Working Directory:	edatools:/home/saul/projects/IL2244_VT26_SAUL
\# Process Id:		243490
\o 
\o COPYRIGHT (C) 1992-2024  CADENCE DESIGN SYSTEMS INC.  ALL RIGHTS RESERVED.
\o           (C) 1992-2024  UNIX SYSTEMS Laboratories INC.,
\o                          Reproduced with permission.
\o 
\o This Cadence Design Systems program and online documentation are
\o proprietary/confidential information and may be disclosed/used only
\o as authorized in a license agreement controlling such use and disclosure.
\o 
\o           RESTRICTED RIGHTS NOTICE (SHORT FORM)
\o Use/reproduction/disclosure is subject to restriction
\o set forth at FAR 1252.227-19 or its equivalent.
\o Loading geView.cxt 
\o Loading menuBuilder.cxt 
\o Loading schView.cxt 
\o Loading selectSv.cxt 
\o Loading wireEdit.cxt 
\o Loading pte2.cxt 
\o Loading xlUI.cxt 
\o Loading auCore.cxt 
\o Loading vhdl.cxt 
\o Loading seismic.cxt 
\o Loading ci.cxt 
\o Loading ams.cxt 
\o Loading oasis.cxt 
\o Loading analog.cxt 
\o Loading asimenv.cxt 
\o Loading dal.cxt 
\o Loading awv.cxt 
\o Loading socket.cxt 
\o Loading par.cxt 
\o Loading alvs.cxt 
\o Loading caa.cxt 
\o Loading amps.cxt 
\o Loading adexlCore.cxt 
\o Loading adexl.cxt 
\o *Info*    Exporting services from client ... 
\o 
\o Loading adexlDM.cxt 
\o Loading cpf.cxt 
\o Loading cli.cxt 
\o Loading lp.cxt 
\o INFO (ELI-00302) Connecting to parent process (session=virtuoso93243, host=edatools). Connection mode is LSCS. Total timeout is 180 seconds. Connection timeout is 90 seconds.
\o INFO (ELI-00303) Step 1: Connecting to parent. Time spent is 0 seconds.
\o INFO (ELI-00304) The registration of the child 243490 within 90 seconds is being processed...
\o INFO (ELI-00305) The result of registration is true. Time spent is 0 seconds.
\o INFO (ELI-00308) The connection has ended. Result is true. Total time spent is 0 seconds.
\# [09:41:04.445330] Configured Lic search path (22.01-s002): 3000@lic08.ug.kth.se:29000@lic06.ug.kth.se
\o ......................................................................................
\o            ams AG HIT-Kit v.ams_4.10
\o ......................................................................................
\o COPYRIGHT (c) 2012 Full Service Foundry @ ams AG.  ALL RIGHTS RESERVED
\o This HIT-Kit and attached documentation are confidential information and may 
\o only be used as authorized by the HIT-Kit license agreement.
\o ......................................................................................
\# Current Window: window(2)
\o Loading simulator default settings.
\o //
\o //  Calibre Skill Interface * (v2024.4_12.9) *
\o //
\o //                         Copyright Siemens 1996-2020     
\o //                             All Rights Reserved.
\o //         THIS WORK CONTAINS TRADE SECRET AND PROPRIETARY INFORMATION
\o //            WHICH IS THE PROPERTY OF MENTOR GRAPHICS CORPORATION
\o //              OR ITS LICENSORS AND IS SUBJECT TO LICENSE TERMS.
\o //
\o //
\# Memory report: using         281 MB, process size 1,972 MB at UTC 2026.05.26 09:41:06.501
\o Loading simulator default settings.
\p hitkit: ams_4.10  Tech: c35b4c3  User: saul 
\# Loading perfDiag...
\# (PerfDiag): Set GDB path to environment variable 'gdbPath' (gdb).
\# Performance Diagnostic tool is installed. You can access PerfDiag from CIW Tools or use the shell command 'cdsPerfDiag -p 243490' to open it when Virtuoso freezes.
\# (PerfDiag): Use backtrace from GLIBC.
\w *WARNING* _perfPstackCheck: Cannot find pstack/gstack. Please setup PATH environment variable to pstack/gstack executable.
\i _axlRunServices()
\# [09:41:06.343835] Periodic Lic check successful
\# [09:41:06.343842] Feature usage summary:
\o Loading simui.cxt 
\o [2026-05-26 09:41:06.889 Z] [PROCESS] [cadence.virtuoso.ade.services] - Netlist Service has successfully started. Waiting for incoming messages ... {"hostname": "edatools", "processid": 243490, "logfile": "/home/saul/projects/IL2244_VT26_SAUL/logs_saul/logs0/Service44.log"}
\o [2026-05-26 09:41:06.932 Z] [EVENT] [cadence.virtuoso.ade.services.netlister] - NewPoint {"point": 0, "testname": "TRAN_VDD_PULSE", "event": "NewPoint", "EventSource": "Netlist Service", "HistoryName": "Interactive.77", "logFile": "/home/saul/projects/IL2244_VT26_SAUL/logs_saul/logs0/Service44.log", "logFileSize": "5660"}
\o [2026-05-26 09:41:06.933 Z] [INFO] [cadence.virtuoso.ade.services.netlister] - Started preparing netlist {"point": 0, "testname": "TRAN_VDD_PULSE", "testnameKey": "TRAN_VDD_PULSE"}
\o Loading vqp.cxt 
\o Loading vdsil.cxt 
\o *Warning* AXL Context Manager : job 44 is already registered. 
\o 
\o Loading hdlPkg.cxt 
\o 
\o 
\o *Info*    Configuring the session ...
\o 
\o 	Library      = FECG
\o 	Cell         = fecg_front_end_tran_tb
\o 	View         = config
\o 	Simulator    = spectre
\o 	State Path   = $AXL_SETUPDB_DIR/test_states
\o 	State Name   = Interactive.77
\o 	Results DB   = /home/saul/projects/IL2244_VT26_SAUL/FECG/fecg_front_end_tran_tb/maestro/results/maestro/Interactive.77.rdb
\o 	Results Dir  = /home/saul/projects/IL2244_VT26_SAUL/Sim/FECG/fecg_front_end_tran_tb/maestro/results/maestro/Interactive.77/1/TRAN_VDD_PULSE
\o 	Results Loc  = /home/saul/projects/IL2244_VT26_SAUL/Sim/FECG/fecg_front_end_tran_tb/maestro/results/maestro
\o 	Project Dir  = /home/saul/projects/IL2244_VT26_SAUL/Sim
\o 	Setup DB loc = /home/saul/projects/IL2244_VT26_SAUL/FECG/fecg_front_end_tran_tb/maestro
\o 	File Encoding = 0
\o 
\o 
\o Loading viva.cxt 
\o Loading spectrei.cxt 
\o Loading devCheck.cxt 
\o Loading relXpert.cxt 
\o Loading hspiceD.cxt 
\o Loading spectreinl.cxt 
\o Loading msgHandler.cxt 
\o Loading UltraSim.cxt 
\o Loading AMSOSS.cxt 
\o Loading AMS.cxt 
\o 
\o *Info*    The auto suspension is disabled.
\o 
\o Loading elec.cxt 
\o Resetting statistical vars
\o 
\o *Info*    Setting parameter values ...
\o 
\o Setting var CM_PULSE = "0"
\o Setting var F0 = "3.3"
\o Setting var F1 = "3.3"
\o Setting var F2 = "0"
\o Setting var FC = "4k"
\o Setting var S0 = "3.3"
\o Setting var S1 = "0"
\o Setting var S2 = "0"
\o Setting var VCM_AC = "0"
\o Setting var VCM_AMP = "0"
\o Setting var VCM_DC = "1.5"
\o Setting var VDD = "0"
\o Setting var VDD_PULSE = "3.3"
\o Setting var VIN_AC = "1"
\o Setting var VIN_AMP = "0"
\o Setting var VIN_DC = "0"
\o Setting var VIN_FREQ = "50"
\o Setting var VIN_PULSE = "0"
\o Loading monte.cxt 
\o Reusing AHDL Data dir
\o 
\o *Info*    Data Directory    =
\o           /home/saul/projects/IL2244_VT26_SAUL/Sim/FECG/fecg_front_end_tran_tb/maestro/results/maestro/Interactive.77/psf/TRAN_VDD_PULSE
\o 
\o generate netlist...
\o Loading hnlInit.cxt 
\o Loading seCore.cxt 
\o function ansCdlCompPrim redefined
\o function ansCdlCompPrim redefined
\o Begin Incremental Netlisting May 26 09:41:08 2026
\o End netlisting May 26 09:41:08 2026
\o 
\o 	The netlist is up to date.
\o 	Time taken to compare the design with netlist:   0.0s
\o       ...successful.
\o compose simulator input file...
\o       ...successful.
\# Memory report: using         412 MB, process size 2,177 MB at UTC 2026.05.26 09:41:09.252
\o [2026-05-26 09:41:09.251 Z] [INFO] [cadence.virtuoso.ade.services.netlister] - Finished preparing netlist {"point": 0, "testname": "TRAN_VDD_PULSE", "testnameKey": "TRAN_VDD_PULSE"}
\o [2026-05-26 09:41:10.258 Z] [EVENT] [cadence.virtuoso.ade.services.netlister] - NewPoint {"point": 1, "testname": "TRAN_VDD_PULSE", "event": "NewPoint", "EventSource": "Netlist Service", "HistoryName": "Interactive.77", "logFile": "/home/saul/projects/IL2244_VT26_SAUL/logs_saul/logs0/Service44.log", "logFileSize": "7713"}
\o [2026-05-26 09:41:10.259 Z] [INFO] [cadence.virtuoso.ade.services.netlister] - Started netlisting {"point": 1, "testname": "TRAN_VDD_PULSE"}
\o Simulation design variables differ from those on the cellView,
\o they have been saved in the file "/tmp/saved-design-variables".
\o To save future changes, copy variables to cellView before exiting.
\o *Warning* AXL Context Manager : job 44 is already registered. 
\o 
\o 
\o 
\o *Info*    Configuring the session ...
\o 
\o 	Library      = FECG
\o 	Cell         = fecg_front_end_tran_tb
\o 	View         = config
\o 	Simulator    = spectre
\o 	State Path   = $AXL_SETUPDB_DIR/test_states
\o 	State Name   = Interactive.77
\o 	Results DB   = /home/saul/projects/IL2244_VT26_SAUL/FECG/fecg_front_end_tran_tb/maestro/results/maestro/Interactive.77.rdb
\o 	Results Dir  = /home/saul/projects/IL2244_VT26_SAUL/Sim/FECG/fecg_front_end_tran_tb/maestro/results/maestro/Interactive.77/1/TRAN_VDD_PULSE
\o 	Results Loc  = /home/saul/projects/IL2244_VT26_SAUL/Sim/FECG/fecg_front_end_tran_tb/maestro/results/maestro
\o 	Project Dir  = /home/saul/projects/IL2244_VT26_SAUL/Sim
\o 	Setup DB loc = /home/saul/projects/IL2244_VT26_SAUL/FECG/fecg_front_end_tran_tb/maestro
\o 	File Encoding = 0
\o 
\o 
\o 
\o *Info*    The auto suspension is disabled.
\o 
\o Resetting statistical vars
\o 
\o *Info*    Setting parameter values ...
\o 
\o Setting var CM_PULSE = "0"
\o Setting var F0 = "3.3"
\o Setting var F1 = "3.3"
\o Setting var F2 = "0"
\o Setting var FC = "4k"
\o Setting var S0 = "3.3"
\o Setting var S1 = "0"
\o Setting var S2 = "0"
\o Setting var VCM_AC = "0"
\o Setting var VCM_AMP = "0"
\o Setting var VCM_DC = "1.5"
\o Setting var VDD = "0"
\o Setting var VDD_PULSE = "3.3"
\o Setting var VIN_AC = "1"
\o Setting var VIN_AMP = "0"
\o Setting var VIN_DC = "0"
\o Setting var VIN_FREQ = "50"
\o Setting var VIN_PULSE = "0"
\o Setting var temperature = "27"
\o Setting temp(T) = 27
\o 
\o *Info*    Netlist Directory =
\o           /home/saul/projects/IL2244_VT26_SAUL/Sim/FECG/fecg_front_end_tran_tb/maestro/results/maestro/Interactive.77/1/TRAN_VDD_PULSE/netlist
\o 
\o 
\o *Info*    Data Directory    =
\o           /home/saul/projects/IL2244_VT26_SAUL/Sim/FECG/fecg_front_end_tran_tb/maestro/results/maestro/Interactive.77/1/TRAN_VDD_PULSE
\o 
\o Reusing AHDL Data dir
\o generate netlist...
\o function ansCdlCompPrim redefined
\o Ignoring netlist creation since ignoreDesignChangesDuringRun is set to true
\o       ...successful.
\o compose simulator input file...
\o       ...successful.
\o WARNING (ADE-3080): Fast viewing extensions for PSF XL format (also known as RTSF) will be discontinued  
\o        and Virtuoso Visualization and Analysis XL will not use RTSF data to plot waveforms from IC6.1.8 ISR7 onward. 
\o        There will be no performance impact on data visualization due to this change.
\o [2026-05-26 09:41:11.491 Z] [PROCESS] [cadence.virtuoso.ade.services.netlister] - Current memory used: 711.8008 MBytes, peak memory used: 711.8008 MBytes {"hostname": "edatools", "processid": 243490, "testname": "TRAN_VDD_PULSE", "point": 1, "logfile": "/home/saul/projects/IL2244_VT26_SAUL/logs_saul/logs0/Service44.log"}
\o [2026-05-26 09:41:11.493 Z] [INFO] [cadence.virtuoso.ade.services.netlister] - Finished netlisting {"point": 1, "testname": "TRAN_VDD_PULSE"}
\o [2026-05-26 09:41:11.496 Z] [EVENT] [cadence.virtuoso.ade.services.netlister] - NewPoint {"point": 2, "testname": "TRAN_VDD_PULSE", "event": "NewPoint", "EventSource": "Netlist Service", "HistoryName": "Interactive.77", "logFile": "/home/saul/projects/IL2244_VT26_SAUL/logs_saul/logs0/Service44.log", "logFileSize": "13133"}
\o [2026-05-26 09:41:11.496 Z] [INFO] [cadence.virtuoso.ade.services.netlister] - Started netlisting {"point": 2, "testname": "TRAN_VDD_PULSE"}
\o Resetting statistical vars
\o 
\o *Info*    Setting parameter values ...
\o 
\o Setting var temperature = "-40"
\o Setting temp(T) = -40
\o 
\o *Info*    Netlist Directory =
\o           /home/saul/projects/IL2244_VT26_SAUL/Sim/FECG/fecg_front_end_tran_tb/maestro/results/maestro/Interactive.77/2/TRAN_VDD_PULSE/netlist
\o 
\o 
\o *Info*    Data Directory    =
\o           /home/saul/projects/IL2244_VT26_SAUL/Sim/FECG/fecg_front_end_tran_tb/maestro/results/maestro/Interactive.77/2/TRAN_VDD_PULSE
\o 
\o Reusing AHDL Data dir
\o generate netlist...
\o function ansCdlCompPrim redefined
\o Ignoring netlist creation since ignoreDesignChangesDuringRun is set to true
\o       ...successful.
\o compose simulator input file...
\o       ...successful.
\o WARNING (ADE-3080): Fast viewing extensions for PSF XL format (also known as RTSF) will be discontinued  
\o        and Virtuoso Visualization and Analysis XL will not use RTSF data to plot waveforms from IC6.1.8 ISR7 onward. 
\o        There will be no performance impact on data visualization due to this change.
\o [2026-05-26 09:41:12.269 Z] [PROCESS] [cadence.virtuoso.ade.services.netlister] - Current memory used: 711.8086 MBytes, peak memory used: 711.8086 MBytes {"hostname": "edatools", "processid": 243490, "testname": "TRAN_VDD_PULSE", "point": 2, "logfile": "/home/saul/projects/IL2244_VT26_SAUL/logs_saul/logs0/Service44.log"}
\o [2026-05-26 09:41:12.270 Z] [INFO] [cadence.virtuoso.ade.services.netlister] - Finished netlisting {"point": 2, "testname": "TRAN_VDD_PULSE"}
\o [2026-05-26 09:41:12.273 Z] [EVENT] [cadence.virtuoso.ade.services.netlister] - NewPoint {"point": 3, "testname": "TRAN_VDD_PULSE", "event": "NewPoint", "EventSource": "Netlist Service", "HistoryName": "Interactive.77", "logFile": "/home/saul/projects/IL2244_VT26_SAUL/logs_saul/logs0/Service44.log", "logFileSize": "15147"}
\o [2026-05-26 09:41:12.274 Z] [INFO] [cadence.virtuoso.ade.services.netlister] - Started netlisting {"point": 3, "testname": "TRAN_VDD_PULSE"}
\o Resetting statistical vars
\o 
\o *Info*    Setting parameter values ...
\o 
\o Setting var temperature = "85"
\o Setting temp(T) = 85
\o 
\o *Info*    Netlist Directory =
\o           /home/saul/projects/IL2244_VT26_SAUL/Sim/FECG/fecg_front_end_tran_tb/maestro/results/maestro/Interactive.77/3/TRAN_VDD_PULSE/netlist
\o 
\o 
\o *Info*    Data Directory    =
\o           /home/saul/projects/IL2244_VT26_SAUL/Sim/FECG/fecg_front_end_tran_tb/maestro/results/maestro/Interactive.77/3/TRAN_VDD_PULSE
\o 
\o Reusing AHDL Data dir
\o generate netlist...
\o function ansCdlCompPrim redefined
\o Ignoring netlist creation since ignoreDesignChangesDuringRun is set to true
\o       ...successful.
\o compose simulator input file...
\o       ...successful.
\o WARNING (ADE-3080): Fast viewing extensions for PSF XL format (also known as RTSF) will be discontinued  
\o        and Virtuoso Visualization and Analysis XL will not use RTSF data to plot waveforms from IC6.1.8 ISR7 onward. 
\o        There will be no performance impact on data visualization due to this change.
\o [2026-05-26 09:41:13.064 Z] [PROCESS] [cadence.virtuoso.ade.services.netlister] - Current memory used: 711.8086 MBytes, peak memory used: 711.8086 MBytes {"hostname": "edatools", "processid": 243490, "testname": "TRAN_VDD_PULSE", "point": 3, "logfile": "/home/saul/projects/IL2244_VT26_SAUL/logs_saul/logs0/Service44.log"}
\o [2026-05-26 09:41:13.065 Z] [INFO] [cadence.virtuoso.ade.services.netlister] - Finished netlisting {"point": 3, "testname": "TRAN_VDD_PULSE"}
\o [2026-05-26 09:41:13.068 Z] [EVENT] [cadence.virtuoso.ade.services.netlister] - NewPoint {"point": 4, "testname": "TRAN_VDD_PULSE", "event": "NewPoint", "EventSource": "Netlist Service", "HistoryName": "Interactive.77", "logFile": "/home/saul/projects/IL2244_VT26_SAUL/logs_saul/logs0/Service44.log", "logFileSize": "17159"}
\o [2026-05-26 09:41:13.068 Z] [INFO] [cadence.virtuoso.ade.services.netlister] - Started netlisting {"point": 4, "testname": "TRAN_VDD_PULSE"}
\o Resetting statistical vars
\o 
\o *Info*    Setting parameter values ...
\o 
\o Setting var temperature = "-40"
\o Setting temp(T) = -40
\o 
\o *Info*    Netlist Directory =
\o           /home/saul/projects/IL2244_VT26_SAUL/Sim/FECG/fecg_front_end_tran_tb/maestro/results/maestro/Interactive.77/4/TRAN_VDD_PULSE/netlist
\o 
\o 
\o *Info*    Data Directory    =
\o           /home/saul/projects/IL2244_VT26_SAUL/Sim/FECG/fecg_front_end_tran_tb/maestro/results/maestro/Interactive.77/4/TRAN_VDD_PULSE
\o 
\o Reusing AHDL Data dir
\o generate netlist...
\o function ansCdlCompPrim redefined
\o Ignoring netlist creation since ignoreDesignChangesDuringRun is set to true
\o       ...successful.
\o compose simulator input file...
\o       ...successful.
\o WARNING (ADE-3080): Fast viewing extensions for PSF XL format (also known as RTSF) will be discontinued  
\o        and Virtuoso Visualization and Analysis XL will not use RTSF data to plot waveforms from IC6.1.8 ISR7 onward. 
\o        There will be no performance impact on data visualization due to this change.
\o [2026-05-26 09:41:13.633 Z] [PROCESS] [cadence.virtuoso.ade.services.netlister] - Current memory used: 711.8086 MBytes, peak memory used: 711.8086 MBytes {"hostname": "edatools", "processid": 243490, "testname": "TRAN_VDD_PULSE", "point": 4, "logfile": "/home/saul/projects/IL2244_VT26_SAUL/logs_saul/logs0/Service44.log"}
\o [2026-05-26 09:41:13.633 Z] [INFO] [cadence.virtuoso.ade.services.netlister] - Finished netlisting {"point": 4, "testname": "TRAN_VDD_PULSE"}
\o [2026-05-26 09:41:13.633 Z] [EVENT] [cadence.virtuoso.ade.services.netlister] - NewPoint {"point": 5, "testname": "TRAN_VDD_PULSE", "event": "NewPoint", "EventSource": "Netlist Service", "HistoryName": "Interactive.77", "logFile": "/home/saul/projects/IL2244_VT26_SAUL/logs_saul/logs0/Service44.log", "logFileSize": "19173"}
\o [2026-05-26 09:41:13.634 Z] [INFO] [cadence.virtuoso.ade.services.netlister] - Started netlisting {"point": 5, "testname": "TRAN_VDD_PULSE"}
\# Available memory:         53,330 MB at UTC 2026.05.26 09:41:14.110
\# Memory report: Maximum memory size now 53,769 MB at UTC 2026.05.26 09:41:14.110
\# Thread usage report: 22 active threads, active load 1.40 at UTC 2026.05.26 09:41:14.110
\o Resetting statistical vars
\o 
\o *Info*    Setting parameter values ...
\o 
\o Setting var temperature = "85"
\o Setting temp(T) = 85
\o 
\o *Info*    Netlist Directory =
\o           /home/saul/projects/IL2244_VT26_SAUL/Sim/FECG/fecg_front_end_tran_tb/maestro/results/maestro/Interactive.77/5/TRAN_VDD_PULSE/netlist
\o 
\o 
\o *Info*    Data Directory    =
\o           /home/saul/projects/IL2244_VT26_SAUL/Sim/FECG/fecg_front_end_tran_tb/maestro/results/maestro/Interactive.77/5/TRAN_VDD_PULSE
\o 
\o Reusing AHDL Data dir
\o generate netlist...
\o function ansCdlCompPrim redefined
\o Ignoring netlist creation since ignoreDesignChangesDuringRun is set to true
\o       ...successful.
\o compose simulator input file...
\o       ...successful.
\o WARNING (ADE-3080): Fast viewing extensions for PSF XL format (also known as RTSF) will be discontinued  
\o        and Virtuoso Visualization and Analysis XL will not use RTSF data to plot waveforms from IC6.1.8 ISR7 onward. 
\o        There will be no performance impact on data visualization due to this change.
\o [2026-05-26 09:41:14.221 Z] [PROCESS] [cadence.virtuoso.ade.services.netlister] - Current memory used: 711.8086 MBytes, peak memory used: 711.8086 MBytes {"hostname": "edatools", "processid": 243490, "testname": "TRAN_VDD_PULSE", "point": 5, "logfile": "/home/saul/projects/IL2244_VT26_SAUL/logs_saul/logs0/Service44.log"}
\o [2026-05-26 09:41:14.222 Z] [INFO] [cadence.virtuoso.ade.services.netlister] - Finished netlisting {"point": 5, "testname": "TRAN_VDD_PULSE"}
\o [2026-05-26 09:41:14.222 Z] [EVENT] [cadence.virtuoso.ade.services.netlister] - NewPoint {"point": 6, "testname": "TRAN_VDD_PULSE", "event": "NewPoint", "EventSource": "Netlist Service", "HistoryName": "Interactive.77", "logFile": "/home/saul/projects/IL2244_VT26_SAUL/logs_saul/logs0/Service44.log", "logFileSize": "21429"}
\o [2026-05-26 09:41:14.222 Z] [INFO] [cadence.virtuoso.ade.services.netlister] - Started netlisting {"point": 6, "testname": "TRAN_VDD_PULSE"}
\o Resetting statistical vars
\o 
\o *Info*    Setting parameter values ...
\o 
\o Setting var temperature = "-40"
\o Setting temp(T) = -40
\o 
\o *Info*    Netlist Directory =
\o           /home/saul/projects/IL2244_VT26_SAUL/Sim/FECG/fecg_front_end_tran_tb/maestro/results/maestro/Interactive.77/6/TRAN_VDD_PULSE/netlist
\o 
\o 
\o *Info*    Data Directory    =
\o           /home/saul/projects/IL2244_VT26_SAUL/Sim/FECG/fecg_front_end_tran_tb/maestro/results/maestro/Interactive.77/6/TRAN_VDD_PULSE
\o 
\o Reusing AHDL Data dir
\o generate netlist...
\o function ansCdlCompPrim redefined
\o Ignoring netlist creation since ignoreDesignChangesDuringRun is set to true
\o       ...successful.
\o compose simulator input file...
\o       ...successful.
\o WARNING (ADE-3080): Fast viewing extensions for PSF XL format (also known as RTSF) will be discontinued  
\o        and Virtuoso Visualization and Analysis XL will not use RTSF data to plot waveforms from IC6.1.8 ISR7 onward. 
\o        There will be no performance impact on data visualization due to this change.
\o [2026-05-26 09:41:14.508 Z] [PROCESS] [cadence.virtuoso.ade.services.netlister] - Current memory used: 713.4375 MBytes, peak memory used: 713.4375 MBytes {"hostname": "edatools", "processid": 243490, "testname": "TRAN_VDD_PULSE", "point": 6, "logfile": "/home/saul/projects/IL2244_VT26_SAUL/logs_saul/logs0/Service44.log"}
\o [2026-05-26 09:41:14.509 Z] [INFO] [cadence.virtuoso.ade.services.netlister] - Finished netlisting {"point": 6, "testname": "TRAN_VDD_PULSE"}
\o [2026-05-26 09:41:14.509 Z] [EVENT] [cadence.virtuoso.ade.services.netlister] - NewPoint {"point": 7, "testname": "TRAN_VDD_PULSE", "event": "NewPoint", "EventSource": "Netlist Service", "HistoryName": "Interactive.77", "logFile": "/home/saul/projects/IL2244_VT26_SAUL/logs_saul/logs0/Service44.log", "logFileSize": "23443"}
\o [2026-05-26 09:41:14.509 Z] [INFO] [cadence.virtuoso.ade.services.netlister] - Started netlisting {"point": 7, "testname": "TRAN_VDD_PULSE"}
\o Resetting statistical vars
\o 
\o *Info*    Setting parameter values ...
\o 
\o Setting var temperature = "85"
\o Setting temp(T) = 85
\o 
\o *Info*    Netlist Directory =
\o           /home/saul/projects/IL2244_VT26_SAUL/Sim/FECG/fecg_front_end_tran_tb/maestro/results/maestro/Interactive.77/7/TRAN_VDD_PULSE/netlist
\o 
\o 
\o *Info*    Data Directory    =
\o           /home/saul/projects/IL2244_VT26_SAUL/Sim/FECG/fecg_front_end_tran_tb/maestro/results/maestro/Interactive.77/7/TRAN_VDD_PULSE
\o 
\o Reusing AHDL Data dir
\o generate netlist...
\o function ansCdlCompPrim redefined
\o Ignoring netlist creation since ignoreDesignChangesDuringRun is set to true
\o       ...successful.
\o compose simulator input file...
\o       ...successful.
\o WARNING (ADE-3080): Fast viewing extensions for PSF XL format (also known as RTSF) will be discontinued  
\o        and Virtuoso Visualization and Analysis XL will not use RTSF data to plot waveforms from IC6.1.8 ISR7 onward. 
\o        There will be no performance impact on data visualization due to this change.
\o [2026-05-26 09:41:14.784 Z] [PROCESS] [cadence.virtuoso.ade.services.netlister] - Current memory used: 714.3984 MBytes, peak memory used: 714.3984 MBytes {"hostname": "edatools", "processid": 243490, "testname": "TRAN_VDD_PULSE", "point": 7, "logfile": "/home/saul/projects/IL2244_VT26_SAUL/logs_saul/logs0/Service44.log"}
\o [2026-05-26 09:41:14.784 Z] [INFO] [cadence.virtuoso.ade.services.netlister] - Finished netlisting {"point": 7, "testname": "TRAN_VDD_PULSE"}
\o [2026-05-26 09:41:14.785 Z] [EVENT] [cadence.virtuoso.ade.services.netlister] - NewPoint {"point": 8, "testname": "TRAN_VDD_PULSE", "event": "NewPoint", "EventSource": "Netlist Service", "HistoryName": "Interactive.77", "logFile": "/home/saul/projects/IL2244_VT26_SAUL/logs_saul/logs0/Service44.log", "logFileSize": "25455"}
\o [2026-05-26 09:41:14.785 Z] [INFO] [cadence.virtuoso.ade.services.netlister] - Started netlisting {"point": 8, "testname": "TRAN_VDD_PULSE"}
\o Resetting statistical vars
\o 
\o *Info*    Setting parameter values ...
\o 
\o Setting var temperature = "-40"
\o Setting temp(T) = -40
\o 
\o *Info*    Netlist Directory =
\o           /home/saul/projects/IL2244_VT26_SAUL/Sim/FECG/fecg_front_end_tran_tb/maestro/results/maestro/Interactive.77/8/TRAN_VDD_PULSE/netlist
\o 
\o 
\o *Info*    Data Directory    =
\o           /home/saul/projects/IL2244_VT26_SAUL/Sim/FECG/fecg_front_end_tran_tb/maestro/results/maestro/Interactive.77/8/TRAN_VDD_PULSE
\o 
\o Reusing AHDL Data dir
\o generate netlist...
\o function ansCdlCompPrim redefined
\o Ignoring netlist creation since ignoreDesignChangesDuringRun is set to true
\o       ...successful.
\o compose simulator input file...
\o       ...successful.
\o WARNING (ADE-3080): Fast viewing extensions for PSF XL format (also known as RTSF) will be discontinued  
\o        and Virtuoso Visualization and Analysis XL will not use RTSF data to plot waveforms from IC6.1.8 ISR7 onward. 
\o        There will be no performance impact on data visualization due to this change.
\o [2026-05-26 09:41:15.097 Z] [PROCESS] [cadence.virtuoso.ade.services.netlister] - Current memory used: 716.5898 MBytes, peak memory used: 716.5898 MBytes {"hostname": "edatools", "processid": 243490, "testname": "TRAN_VDD_PULSE", "point": 8, "logfile": "/home/saul/projects/IL2244_VT26_SAUL/logs_saul/logs0/Service44.log"}
\o [2026-05-26 09:41:15.097 Z] [INFO] [cadence.virtuoso.ade.services.netlister] - Finished netlisting {"point": 8, "testname": "TRAN_VDD_PULSE"}
\o [2026-05-26 09:41:15.098 Z] [EVENT] [cadence.virtuoso.ade.services.netlister] - NewPoint {"point": 9, "testname": "TRAN_VDD_PULSE", "event": "NewPoint", "EventSource": "Netlist Service", "HistoryName": "Interactive.77", "logFile": "/home/saul/projects/IL2244_VT26_SAUL/logs_saul/logs0/Service44.log", "logFileSize": "27469"}
\o [2026-05-26 09:41:15.098 Z] [INFO] [cadence.virtuoso.ade.services.netlister] - Started netlisting {"point": 9, "testname": "TRAN_VDD_PULSE"}
\o Resetting statistical vars
\o 
\o *Info*    Setting parameter values ...
\o 
\o Setting var temperature = "85"
\o Setting temp(T) = 85
\o 
\o *Info*    Netlist Directory =
\o           /home/saul/projects/IL2244_VT26_SAUL/Sim/FECG/fecg_front_end_tran_tb/maestro/results/maestro/Interactive.77/9/TRAN_VDD_PULSE/netlist
\o 
\o 
\o *Info*    Data Directory    =
\o           /home/saul/projects/IL2244_VT26_SAUL/Sim/FECG/fecg_front_end_tran_tb/maestro/results/maestro/Interactive.77/9/TRAN_VDD_PULSE
\o 
\o Reusing AHDL Data dir
\o generate netlist...
\o function ansCdlCompPrim redefined
\o Ignoring netlist creation since ignoreDesignChangesDuringRun is set to true
\o       ...successful.
\o compose simulator input file...
\o       ...successful.
\o WARNING (ADE-3080): Fast viewing extensions for PSF XL format (also known as RTSF) will be discontinued  
\o        and Virtuoso Visualization and Analysis XL will not use RTSF data to plot waveforms from IC6.1.8 ISR7 onward. 
\o        There will be no performance impact on data visualization due to this change.
\o [2026-05-26 09:41:15.450 Z] [PROCESS] [cadence.virtuoso.ade.services.netlister] - Current memory used: 717.1797 MBytes, peak memory used: 717.1797 MBytes {"hostname": "edatools", "processid": 243490, "testname": "TRAN_VDD_PULSE", "point": 9, "logfile": "/home/saul/projects/IL2244_VT26_SAUL/logs_saul/logs0/Service44.log"}
\o [2026-05-26 09:41:15.451 Z] [INFO] [cadence.virtuoso.ade.services.netlister] - Finished netlisting {"point": 9, "testname": "TRAN_VDD_PULSE"}
\o [2026-05-26 09:41:15.451 Z] [EVENT] [cadence.virtuoso.ade.services.netlister] - NewPoint {"point": 10, "testname": "TRAN_VDD_PULSE", "event": "NewPoint", "EventSource": "Netlist Service", "HistoryName": "Interactive.77", "logFile": "/home/saul/projects/IL2244_VT26_SAUL/logs_saul/logs0/Service44.log", "logFileSize": "29481"}
\o [2026-05-26 09:41:15.452 Z] [INFO] [cadence.virtuoso.ade.services.netlister] - Started netlisting {"point": 10, "testname": "TRAN_VDD_PULSE"}
\o Resetting statistical vars
\o 
\o *Info*    Setting parameter values ...
\o 
\o Setting var temperature = "-40"
\o Setting temp(T) = -40
\o 
\o *Info*    Netlist Directory =
\o           /home/saul/projects/IL2244_VT26_SAUL/Sim/FECG/fecg_front_end_tran_tb/maestro/results/maestro/Interactive.77/10/TRAN_VDD_PULSE/netlist
\o 
\o 
\o *Info*    Data Directory    =
\o           /home/saul/projects/IL2244_VT26_SAUL/Sim/FECG/fecg_front_end_tran_tb/maestro/results/maestro/Interactive.77/10/TRAN_VDD_PULSE
\o 
\o Reusing AHDL Data dir
\o generate netlist...
\o function ansCdlCompPrim redefined
\o Ignoring netlist creation since ignoreDesignChangesDuringRun is set to true
\o       ...successful.
\o compose simulator input file...
\o       ...successful.
\o WARNING (ADE-3080): Fast viewing extensions for PSF XL format (also known as RTSF) will be discontinued  
\o        and Virtuoso Visualization and Analysis XL will not use RTSF data to plot waveforms from IC6.1.8 ISR7 onward. 
\o        There will be no performance impact on data visualization due to this change.
\o [2026-05-26 09:41:15.817 Z] [PROCESS] [cadence.virtuoso.ade.services.netlister] - Current memory used: 718.8008 MBytes, peak memory used: 718.8008 MBytes {"hostname": "edatools", "processid": 243490, "testname": "TRAN_VDD_PULSE", "point": 10, "logfile": "/home/saul/projects/IL2244_VT26_SAUL/logs_saul/logs0/Service44.log"}
\o [2026-05-26 09:41:15.817 Z] [INFO] [cadence.virtuoso.ade.services.netlister] - Finished netlisting {"point": 10, "testname": "TRAN_VDD_PULSE"}
\o [2026-05-26 09:41:15.818 Z] [EVENT] [cadence.virtuoso.ade.services.netlister] - NewPoint {"point": 11, "testname": "TRAN_VDD_PULSE", "event": "NewPoint", "EventSource": "Netlist Service", "HistoryName": "Interactive.77", "logFile": "/home/saul/projects/IL2244_VT26_SAUL/logs_saul/logs0/Service44.log", "logFileSize": "31501"}
\o [2026-05-26 09:41:15.818 Z] [INFO] [cadence.virtuoso.ade.services.netlister] - Started netlisting {"point": 11, "testname": "TRAN_VDD_PULSE"}
\o Resetting statistical vars
\o 
\o *Info*    Setting parameter values ...
\o 
\o Setting var temperature = "85"
\o Setting temp(T) = 85
\o 
\o *Info*    Netlist Directory =
\o           /home/saul/projects/IL2244_VT26_SAUL/Sim/FECG/fecg_front_end_tran_tb/maestro/results/maestro/Interactive.77/11/TRAN_VDD_PULSE/netlist
\o 
\o 
\o *Info*    Data Directory    =
\o           /home/saul/projects/IL2244_VT26_SAUL/Sim/FECG/fecg_front_end_tran_tb/maestro/results/maestro/Interactive.77/11/TRAN_VDD_PULSE
\o 
\o Reusing AHDL Data dir
\o generate netlist...
\o function ansCdlCompPrim redefined
\o Ignoring netlist creation since ignoreDesignChangesDuringRun is set to true
\o       ...successful.
\o compose simulator input file...
\o       ...successful.
\o WARNING (ADE-3080): Fast viewing extensions for PSF XL format (also known as RTSF) will be discontinued  
\o        and Virtuoso Visualization and Analysis XL will not use RTSF data to plot waveforms from IC6.1.8 ISR7 onward. 
\o        There will be no performance impact on data visualization due to this change.
\o [2026-05-26 09:41:16.248 Z] [PROCESS] [cadence.virtuoso.ade.services.netlister] - Current memory used: 723.2812 MBytes, peak memory used: 723.2812 MBytes {"hostname": "edatools", "processid": 243490, "testname": "TRAN_VDD_PULSE", "point": 11, "logfile": "/home/saul/projects/IL2244_VT26_SAUL/logs_saul/logs0/Service44.log"}
\o [2026-05-26 09:41:16.249 Z] [INFO] [cadence.virtuoso.ade.services.netlister] - Finished netlisting {"point": 11, "testname": "TRAN_VDD_PULSE"}
\o [2026-05-26 09:41:16.250 Z] [EVENT] [cadence.virtuoso.ade.services.netlister] - NewPoint {"point": 12, "testname": "TRAN_VDD_PULSE", "event": "NewPoint", "EventSource": "Netlist Service", "HistoryName": "Interactive.77", "logFile": "/home/saul/projects/IL2244_VT26_SAUL/logs_saul/logs0/Service44.log", "logFileSize": "33519"}
\o [2026-05-26 09:41:16.250 Z] [INFO] [cadence.virtuoso.ade.services.netlister] - Started netlisting {"point": 12, "testname": "TRAN_VDD_PULSE"}
\o Resetting statistical vars
\o 
\o *Info*    Setting parameter values ...
\o 
\o Setting var temperature = "-40"
\o Setting temp(T) = -40
\o 
\o *Info*    Netlist Directory =
\o           /home/saul/projects/IL2244_VT26_SAUL/Sim/FECG/fecg_front_end_tran_tb/maestro/results/maestro/Interactive.77/12/TRAN_VDD_PULSE/netlist
\o 
\o 
\o *Info*    Data Directory    =
\o           /home/saul/projects/IL2244_VT26_SAUL/Sim/FECG/fecg_front_end_tran_tb/maestro/results/maestro/Interactive.77/12/TRAN_VDD_PULSE
\o 
\o Reusing AHDL Data dir
\o generate netlist...
\o function ansCdlCompPrim redefined
\o Ignoring netlist creation since ignoreDesignChangesDuringRun is set to true
\o       ...successful.
\o compose simulator input file...
\o       ...successful.
\o WARNING (ADE-3080): Fast viewing extensions for PSF XL format (also known as RTSF) will be discontinued  
\o        and Virtuoso Visualization and Analysis XL will not use RTSF data to plot waveforms from IC6.1.8 ISR7 onward. 
\o        There will be no performance impact on data visualization due to this change.
\o [2026-05-26 09:41:16.555 Z] [PROCESS] [cadence.virtuoso.ade.services.netlister] - Current memory used: 723.2812 MBytes, peak memory used: 723.2812 MBytes {"hostname": "edatools", "processid": 243490, "testname": "TRAN_VDD_PULSE", "point": 12, "logfile": "/home/saul/projects/IL2244_VT26_SAUL/logs_saul/logs0/Service44.log"}
\o [2026-05-26 09:41:16.555 Z] [INFO] [cadence.virtuoso.ade.services.netlister] - Finished netlisting {"point": 12, "testname": "TRAN_VDD_PULSE"}
\o [2026-05-26 09:41:16.556 Z] [EVENT] [cadence.virtuoso.ade.services.netlister] - NewPoint {"point": 13, "testname": "TRAN_VDD_PULSE", "event": "NewPoint", "EventSource": "Netlist Service", "HistoryName": "Interactive.77", "logFile": "/home/saul/projects/IL2244_VT26_SAUL/logs_saul/logs0/Service44.log", "logFileSize": "35539"}
\o [2026-05-26 09:41:16.556 Z] [INFO] [cadence.virtuoso.ade.services.netlister] - Started netlisting {"point": 13, "testname": "TRAN_VDD_PULSE"}
\o Resetting statistical vars
\o 
\o *Info*    Setting parameter values ...
\o 
\o Setting var temperature = "85"
\o Setting temp(T) = 85
\o 
\o *Info*    Netlist Directory =
\o           /home/saul/projects/IL2244_VT26_SAUL/Sim/FECG/fecg_front_end_tran_tb/maestro/results/maestro/Interactive.77/13/TRAN_VDD_PULSE/netlist
\o 
\o 
\o *Info*    Data Directory    =
\o           /home/saul/projects/IL2244_VT26_SAUL/Sim/FECG/fecg_front_end_tran_tb/maestro/results/maestro/Interactive.77/13/TRAN_VDD_PULSE
\o 
\o Reusing AHDL Data dir
\o generate netlist...
\o function ansCdlCompPrim redefined
\o Ignoring netlist creation since ignoreDesignChangesDuringRun is set to true
\o       ...successful.
\o compose simulator input file...
\o       ...successful.
\o WARNING (ADE-3080): Fast viewing extensions for PSF XL format (also known as RTSF) will be discontinued  
\o        and Virtuoso Visualization and Analysis XL will not use RTSF data to plot waveforms from IC6.1.8 ISR7 onward. 
\o        There will be no performance impact on data visualization due to this change.
\o [2026-05-26 09:41:16.831 Z] [PROCESS] [cadence.virtuoso.ade.services.netlister] - Current memory used: 723.2812 MBytes, peak memory used: 723.2812 MBytes {"hostname": "edatools", "processid": 243490, "testname": "TRAN_VDD_PULSE", "point": 13, "logfile": "/home/saul/projects/IL2244_VT26_SAUL/logs_saul/logs0/Service44.log"}
\o [2026-05-26 09:41:16.831 Z] [INFO] [cadence.virtuoso.ade.services.netlister] - Finished netlisting {"point": 13, "testname": "TRAN_VDD_PULSE"}
\o [2026-05-26 09:41:16.832 Z] [EVENT] [cadence.virtuoso.ade.services.netlister] - NewPoint {"point": 14, "testname": "TRAN_VDD_PULSE", "event": "NewPoint", "EventSource": "Netlist Service", "HistoryName": "Interactive.77", "logFile": "/home/saul/projects/IL2244_VT26_SAUL/logs_saul/logs0/Service44.log", "logFileSize": "37557"}
\o [2026-05-26 09:41:16.832 Z] [INFO] [cadence.virtuoso.ade.services.netlister] - Started netlisting {"point": 14, "testname": "TRAN_VDD_PULSE"}
\o Resetting statistical vars
\o 
\o *Info*    Setting parameter values ...
\o 
\o Setting var temperature = "-40"
\o Setting temp(T) = -40
\o 
\o *Info*    Netlist Directory =
\o           /home/saul/projects/IL2244_VT26_SAUL/Sim/FECG/fecg_front_end_tran_tb/maestro/results/maestro/Interactive.77/14/TRAN_VDD_PULSE/netlist
\o 
\o 
\o *Info*    Data Directory    =
\o           /home/saul/projects/IL2244_VT26_SAUL/Sim/FECG/fecg_front_end_tran_tb/maestro/results/maestro/Interactive.77/14/TRAN_VDD_PULSE
\o 
\o Reusing AHDL Data dir
\o generate netlist...
\o function ansCdlCompPrim redefined
\o Ignoring netlist creation since ignoreDesignChangesDuringRun is set to true
\o       ...successful.
\o compose simulator input file...
\o       ...successful.
\o WARNING (ADE-3080): Fast viewing extensions for PSF XL format (also known as RTSF) will be discontinued  
\o        and Virtuoso Visualization and Analysis XL will not use RTSF data to plot waveforms from IC6.1.8 ISR7 onward. 
\o        There will be no performance impact on data visualization due to this change.
\o [2026-05-26 09:41:17.108 Z] [PROCESS] [cadence.virtuoso.ade.services.netlister] - Current memory used: 723.2812 MBytes, peak memory used: 723.2812 MBytes {"hostname": "edatools", "processid": 243490, "testname": "TRAN_VDD_PULSE", "point": 14, "logfile": "/home/saul/projects/IL2244_VT26_SAUL/logs_saul/logs0/Service44.log"}
\o [2026-05-26 09:41:17.109 Z] [INFO] [cadence.virtuoso.ade.services.netlister] - Finished netlisting {"point": 14, "testname": "TRAN_VDD_PULSE"}
\o [2026-05-26 09:41:17.109 Z] [EVENT] [cadence.virtuoso.ade.services.netlister] - NewPoint {"point": 15, "testname": "TRAN_VDD_PULSE", "event": "NewPoint", "EventSource": "Netlist Service", "HistoryName": "Interactive.77", "logFile": "/home/saul/projects/IL2244_VT26_SAUL/logs_saul/logs0/Service44.log", "logFileSize": "39577"}
\o [2026-05-26 09:41:17.109 Z] [INFO] [cadence.virtuoso.ade.services.netlister] - Started netlisting {"point": 15, "testname": "TRAN_VDD_PULSE"}
\o Resetting statistical vars
\o 
\o *Info*    Setting parameter values ...
\o 
\o Setting var temperature = "85"
\o Setting temp(T) = 85
\o 
\o *Info*    Netlist Directory =
\o           /home/saul/projects/IL2244_VT26_SAUL/Sim/FECG/fecg_front_end_tran_tb/maestro/results/maestro/Interactive.77/15/TRAN_VDD_PULSE/netlist
\o 
\o 
\o *Info*    Data Directory    =
\o           /home/saul/projects/IL2244_VT26_SAUL/Sim/FECG/fecg_front_end_tran_tb/maestro/results/maestro/Interactive.77/15/TRAN_VDD_PULSE
\o 
\o Reusing AHDL Data dir
\o generate netlist...
\o function ansCdlCompPrim redefined
\o Ignoring netlist creation since ignoreDesignChangesDuringRun is set to true
\o       ...successful.
\o compose simulator input file...
\o       ...successful.
\o WARNING (ADE-3080): Fast viewing extensions for PSF XL format (also known as RTSF) will be discontinued  
\o        and Virtuoso Visualization and Analysis XL will not use RTSF data to plot waveforms from IC6.1.8 ISR7 onward. 
\o        There will be no performance impact on data visualization due to this change.
\o [2026-05-26 09:41:17.388 Z] [PROCESS] [cadence.virtuoso.ade.services.netlister] - Current memory used: 723.2812 MBytes, peak memory used: 723.2812 MBytes {"hostname": "edatools", "processid": 243490, "testname": "TRAN_VDD_PULSE", "point": 15, "logfile": "/home/saul/projects/IL2244_VT26_SAUL/logs_saul/logs0/Service44.log"}
\o [2026-05-26 09:41:17.388 Z] [INFO] [cadence.virtuoso.ade.services.netlister] - Finished netlisting {"point": 15, "testname": "TRAN_VDD_PULSE"}
\o [2026-05-26 09:41:17.388 Z] [EVENT] [cadence.virtuoso.ade.services.netlister] - NewPoint {"point": 16, "testname": "TRAN_VDD_PULSE", "event": "NewPoint", "EventSource": "Netlist Service", "HistoryName": "Interactive.77", "logFile": "/home/saul/projects/IL2244_VT26_SAUL/logs_saul/logs0/Service44.log", "logFileSize": "41595"}
\o [2026-05-26 09:41:17.389 Z] [INFO] [cadence.virtuoso.ade.services.netlister] - Started netlisting {"point": 16, "testname": "TRAN_VDD_PULSE"}
\o Resetting statistical vars
\o 
\o *Info*    Setting parameter values ...
\o 
\o Setting var temperature = "-40"
\o Setting temp(T) = -40
\o 
\o *Info*    Netlist Directory =
\o           /home/saul/projects/IL2244_VT26_SAUL/Sim/FECG/fecg_front_end_tran_tb/maestro/results/maestro/Interactive.77/16/TRAN_VDD_PULSE/netlist
\o 
\o 
\o *Info*    Data Directory    =
\o           /home/saul/projects/IL2244_VT26_SAUL/Sim/FECG/fecg_front_end_tran_tb/maestro/results/maestro/Interactive.77/16/TRAN_VDD_PULSE
\o 
\o Reusing AHDL Data dir
\o generate netlist...
\o function ansCdlCompPrim redefined
\o Ignoring netlist creation since ignoreDesignChangesDuringRun is set to true
\o       ...successful.
\o compose simulator input file...
\o       ...successful.
\o WARNING (ADE-3080): Fast viewing extensions for PSF XL format (also known as RTSF) will be discontinued  
\o        and Virtuoso Visualization and Analysis XL will not use RTSF data to plot waveforms from IC6.1.8 ISR7 onward. 
\o        There will be no performance impact on data visualization due to this change.
\o [2026-05-26 09:41:17.664 Z] [PROCESS] [cadence.virtuoso.ade.services.netlister] - Current memory used: 723.2812 MBytes, peak memory used: 723.2812 MBytes {"hostname": "edatools", "processid": 243490, "testname": "TRAN_VDD_PULSE", "point": 16, "logfile": "/home/saul/projects/IL2244_VT26_SAUL/logs_saul/logs0/Service44.log"}
\o [2026-05-26 09:41:17.665 Z] [INFO] [cadence.virtuoso.ade.services.netlister] - Finished netlisting {"point": 16, "testname": "TRAN_VDD_PULSE"}
\o [2026-05-26 09:41:17.665 Z] [EVENT] [cadence.virtuoso.ade.services.netlister] - NewPoint {"point": 17, "testname": "TRAN_VDD_PULSE", "event": "NewPoint", "EventSource": "Netlist Service", "HistoryName": "Interactive.77", "logFile": "/home/saul/projects/IL2244_VT26_SAUL/logs_saul/logs0/Service44.log", "logFileSize": "43615"}
\o [2026-05-26 09:41:17.666 Z] [INFO] [cadence.virtuoso.ade.services.netlister] - Started netlisting {"point": 17, "testname": "TRAN_VDD_PULSE"}
\o Resetting statistical vars
\o 
\o *Info*    Setting parameter values ...
\o 
\o Setting var temperature = "85"
\o Setting temp(T) = 85
\o 
\o *Info*    Netlist Directory =
\o           /home/saul/projects/IL2244_VT26_SAUL/Sim/FECG/fecg_front_end_tran_tb/maestro/results/maestro/Interactive.77/17/TRAN_VDD_PULSE/netlist
\o 
\o 
\o *Info*    Data Directory    =
\o           /home/saul/projects/IL2244_VT26_SAUL/Sim/FECG/fecg_front_end_tran_tb/maestro/results/maestro/Interactive.77/17/TRAN_VDD_PULSE
\o 
\o Reusing AHDL Data dir
\o generate netlist...
\o function ansCdlCompPrim redefined
\o Ignoring netlist creation since ignoreDesignChangesDuringRun is set to true
\o       ...successful.
\o compose simulator input file...
\o       ...successful.
\o WARNING (ADE-3080): Fast viewing extensions for PSF XL format (also known as RTSF) will be discontinued  
\o        and Virtuoso Visualization and Analysis XL will not use RTSF data to plot waveforms from IC6.1.8 ISR7 onward. 
\o        There will be no performance impact on data visualization due to this change.
\o [2026-05-26 09:41:17.941 Z] [PROCESS] [cadence.virtuoso.ade.services.netlister] - Current memory used: 723.2812 MBytes, peak memory used: 723.2812 MBytes {"hostname": "edatools", "processid": 243490, "testname": "TRAN_VDD_PULSE", "point": 17, "logfile": "/home/saul/projects/IL2244_VT26_SAUL/logs_saul/logs0/Service44.log"}
\o [2026-05-26 09:41:17.942 Z] [INFO] [cadence.virtuoso.ade.services.netlister] - Finished netlisting {"point": 17, "testname": "TRAN_VDD_PULSE"}
\o [2026-05-26 09:41:17.942 Z] [EVENT] [cadence.virtuoso.ade.services.netlister] - NewPoint {"point": 18, "testname": "TRAN_VDD_PULSE", "event": "NewPoint", "EventSource": "Netlist Service", "HistoryName": "Interactive.77", "logFile": "/home/saul/projects/IL2244_VT26_SAUL/logs_saul/logs0/Service44.log", "logFileSize": "45633"}
\o [2026-05-26 09:41:17.942 Z] [INFO] [cadence.virtuoso.ade.services.netlister] - Started netlisting {"point": 18, "testname": "TRAN_VDD_PULSE"}
\o Resetting statistical vars
\o 
\o *Info*    Setting parameter values ...
\o 
\o Setting var temperature = "-40"
\o Setting temp(T) = -40
\o 
\o *Info*    Netlist Directory =
\o           /home/saul/projects/IL2244_VT26_SAUL/Sim/FECG/fecg_front_end_tran_tb/maestro/results/maestro/Interactive.77/18/TRAN_VDD_PULSE/netlist
\o 
\o 
\o *Info*    Data Directory    =
\o           /home/saul/projects/IL2244_VT26_SAUL/Sim/FECG/fecg_front_end_tran_tb/maestro/results/maestro/Interactive.77/18/TRAN_VDD_PULSE
\o 
\o Reusing AHDL Data dir
\o generate netlist...
\o function ansCdlCompPrim redefined
\o Ignoring netlist creation since ignoreDesignChangesDuringRun is set to true
\o       ...successful.
\o compose simulator input file...
\o       ...successful.
\o WARNING (ADE-3080): Fast viewing extensions for PSF XL format (also known as RTSF) will be discontinued  
\o        and Virtuoso Visualization and Analysis XL will not use RTSF data to plot waveforms from IC6.1.8 ISR7 onward. 
\o        There will be no performance impact on data visualization due to this change.
\o [2026-05-26 09:41:18.232 Z] [PROCESS] [cadence.virtuoso.ade.services.netlister] - Current memory used: 723.2812 MBytes, peak memory used: 723.2812 MBytes {"hostname": "edatools", "processid": 243490, "testname": "TRAN_VDD_PULSE", "point": 18, "logfile": "/home/saul/projects/IL2244_VT26_SAUL/logs_saul/logs0/Service44.log"}
\o [2026-05-26 09:41:18.232 Z] [INFO] [cadence.virtuoso.ade.services.netlister] - Finished netlisting {"point": 18, "testname": "TRAN_VDD_PULSE"}
\o [2026-05-26 09:41:18.234 Z] [EVENT] [cadence.virtuoso.ade.services.netlister] - NewPoint {"point": 19, "testname": "TRAN_VDD_PULSE", "event": "NewPoint", "EventSource": "Netlist Service", "HistoryName": "Interactive.77", "logFile": "/home/saul/projects/IL2244_VT26_SAUL/logs_saul/logs0/Service44.log", "logFileSize": "47653"}
\o [2026-05-26 09:41:18.234 Z] [INFO] [cadence.virtuoso.ade.services.netlister] - Started netlisting {"point": 19, "testname": "TRAN_VDD_PULSE"}
\o Resetting statistical vars
\o 
\o *Info*    Setting parameter values ...
\o 
\o Setting var temperature = "85"
\o Setting temp(T) = 85
\o 
\o *Info*    Netlist Directory =
\o           /home/saul/projects/IL2244_VT26_SAUL/Sim/FECG/fecg_front_end_tran_tb/maestro/results/maestro/Interactive.77/19/TRAN_VDD_PULSE/netlist
\o 
\o 
\o *Info*    Data Directory    =
\o           /home/saul/projects/IL2244_VT26_SAUL/Sim/FECG/fecg_front_end_tran_tb/maestro/results/maestro/Interactive.77/19/TRAN_VDD_PULSE
\o 
\o Reusing AHDL Data dir
\o generate netlist...
\o function ansCdlCompPrim redefined
\o Ignoring netlist creation since ignoreDesignChangesDuringRun is set to true
\o       ...successful.
\o compose simulator input file...
\o       ...successful.
\o WARNING (ADE-3080): Fast viewing extensions for PSF XL format (also known as RTSF) will be discontinued  
\o        and Virtuoso Visualization and Analysis XL will not use RTSF data to plot waveforms from IC6.1.8 ISR7 onward. 
\o        There will be no performance impact on data visualization due to this change.
\o [2026-05-26 09:41:18.510 Z] [PROCESS] [cadence.virtuoso.ade.services.netlister] - Current memory used: 723.2812 MBytes, peak memory used: 723.2812 MBytes {"hostname": "edatools", "processid": 243490, "testname": "TRAN_VDD_PULSE", "point": 19, "logfile": "/home/saul/projects/IL2244_VT26_SAUL/logs_saul/logs0/Service44.log"}
\o [2026-05-26 09:41:18.510 Z] [INFO] [cadence.virtuoso.ade.services.netlister] - Finished netlisting {"point": 19, "testname": "TRAN_VDD_PULSE"}
\o [2026-05-26 09:41:18.511 Z] [EVENT] [cadence.virtuoso.ade.services.netlister] - NewPoint {"point": 20, "testname": "TRAN_VDD_PULSE", "event": "NewPoint", "EventSource": "Netlist Service", "HistoryName": "Interactive.77", "logFile": "/home/saul/projects/IL2244_VT26_SAUL/logs_saul/logs0/Service44.log", "logFileSize": "49671"}
\o [2026-05-26 09:41:18.511 Z] [INFO] [cadence.virtuoso.ade.services.netlister] - Started netlisting {"point": 20, "testname": "TRAN_VDD_PULSE"}
\o Resetting statistical vars
\o 
\o *Info*    Setting parameter values ...
\o 
\o Setting var temperature = "-40"
\o Setting temp(T) = -40
\o 
\o *Info*    Netlist Directory =
\o           /home/saul/projects/IL2244_VT26_SAUL/Sim/FECG/fecg_front_end_tran_tb/maestro/results/maestro/Interactive.77/20/TRAN_VDD_PULSE/netlist
\o 
\o 
\o *Info*    Data Directory    =
\o           /home/saul/projects/IL2244_VT26_SAUL/Sim/FECG/fecg_front_end_tran_tb/maestro/results/maestro/Interactive.77/20/TRAN_VDD_PULSE
\o 
\o Reusing AHDL Data dir
\o generate netlist...
\o function ansCdlCompPrim redefined
\o Ignoring netlist creation since ignoreDesignChangesDuringRun is set to true
\o       ...successful.
\o compose simulator input file...
\o       ...successful.
\o WARNING (ADE-3080): Fast viewing extensions for PSF XL format (also known as RTSF) will be discontinued  
\o        and Virtuoso Visualization and Analysis XL will not use RTSF data to plot waveforms from IC6.1.8 ISR7 onward. 
\o        There will be no performance impact on data visualization due to this change.
\o [2026-05-26 09:41:18.795 Z] [PROCESS] [cadence.virtuoso.ade.services.netlister] - Current memory used: 723.2812 MBytes, peak memory used: 723.2812 MBytes {"hostname": "edatools", "processid": 243490, "testname": "TRAN_VDD_PULSE", "point": 20, "logfile": "/home/saul/projects/IL2244_VT26_SAUL/logs_saul/logs0/Service44.log"}
\o [2026-05-26 09:41:18.795 Z] [INFO] [cadence.virtuoso.ade.services.netlister] - Finished netlisting {"point": 20, "testname": "TRAN_VDD_PULSE"}
\o [2026-05-26 09:41:18.796 Z] [EVENT] [cadence.virtuoso.ade.services.netlister] - NewPoint {"point": 21, "testname": "TRAN_VDD_PULSE", "event": "NewPoint", "EventSource": "Netlist Service", "HistoryName": "Interactive.77", "logFile": "/home/saul/projects/IL2244_VT26_SAUL/logs_saul/logs0/Service44.log", "logFileSize": "51691"}
\o [2026-05-26 09:41:18.796 Z] [INFO] [cadence.virtuoso.ade.services.netlister] - Started netlisting {"point": 21, "testname": "TRAN_VDD_PULSE"}
\o Resetting statistical vars
\o 
\o *Info*    Setting parameter values ...
\o 
\o Setting var temperature = "85"
\o Setting temp(T) = 85
\o 
\o *Info*    Netlist Directory =
\o           /home/saul/projects/IL2244_VT26_SAUL/Sim/FECG/fecg_front_end_tran_tb/maestro/results/maestro/Interactive.77/21/TRAN_VDD_PULSE/netlist
\o 
\o 
\o *Info*    Data Directory    =
\o           /home/saul/projects/IL2244_VT26_SAUL/Sim/FECG/fecg_front_end_tran_tb/maestro/results/maestro/Interactive.77/21/TRAN_VDD_PULSE
\o 
\o Reusing AHDL Data dir
\o generate netlist...
\o function ansCdlCompPrim redefined
\o Ignoring netlist creation since ignoreDesignChangesDuringRun is set to true
\o       ...successful.
\o compose simulator input file...
\o       ...successful.
\o WARNING (ADE-3080): Fast viewing extensions for PSF XL format (also known as RTSF) will be discontinued  
\o        and Virtuoso Visualization and Analysis XL will not use RTSF data to plot waveforms from IC6.1.8 ISR7 onward. 
\o        There will be no performance impact on data visualization due to this change.
\o [2026-05-26 09:41:19.416 Z] [PROCESS] [cadence.virtuoso.ade.services.netlister] - Current memory used: 723.2812 MBytes, peak memory used: 723.2812 MBytes {"hostname": "edatools", "processid": 243490, "testname": "TRAN_VDD_PULSE", "point": 21, "logfile": "/home/saul/projects/IL2244_VT26_SAUL/logs_saul/logs0/Service44.log"}
\o [2026-05-26 09:41:19.417 Z] [INFO] [cadence.virtuoso.ade.services.netlister] - Finished netlisting {"point": 21, "testname": "TRAN_VDD_PULSE"}
\o [2026-05-26 09:41:19.418 Z] [EVENT] [cadence.virtuoso.ade.services.netlister] - NewPoint {"point": 22, "testname": "TRAN_VDD_PULSE", "event": "NewPoint", "EventSource": "Netlist Service", "HistoryName": "Interactive.77", "logFile": "/home/saul/projects/IL2244_VT26_SAUL/logs_saul/logs0/Service44.log", "logFileSize": "53709"}
\o [2026-05-26 09:41:19.418 Z] [INFO] [cadence.virtuoso.ade.services.netlister] - Started netlisting {"point": 22, "testname": "TRAN_VDD_PULSE"}
\o Resetting statistical vars
\o 
\o *Info*    Setting parameter values ...
\o 
\o Setting var temperature = "-40"
\o Setting temp(T) = -40
\o 
\o *Info*    Netlist Directory =
\o           /home/saul/projects/IL2244_VT26_SAUL/Sim/FECG/fecg_front_end_tran_tb/maestro/results/maestro/Interactive.77/22/TRAN_VDD_PULSE/netlist
\o 
\o 
\o *Info*    Data Directory    =
\o           /home/saul/projects/IL2244_VT26_SAUL/Sim/FECG/fecg_front_end_tran_tb/maestro/results/maestro/Interactive.77/22/TRAN_VDD_PULSE
\o 
\o Reusing AHDL Data dir
\o generate netlist...
\o function ansCdlCompPrim redefined
\o Ignoring netlist creation since ignoreDesignChangesDuringRun is set to true
\o       ...successful.
\o compose simulator input file...
\o       ...successful.
\o WARNING (ADE-3080): Fast viewing extensions for PSF XL format (also known as RTSF) will be discontinued  
\o        and Virtuoso Visualization and Analysis XL will not use RTSF data to plot waveforms from IC6.1.8 ISR7 onward. 
\o        There will be no performance impact on data visualization due to this change.
\o [2026-05-26 09:41:20.534 Z] [PROCESS] [cadence.virtuoso.ade.services.netlister] - Current memory used: 723.2812 MBytes, peak memory used: 723.2812 MBytes {"hostname": "edatools", "processid": 243490, "testname": "TRAN_VDD_PULSE", "point": 22, "logfile": "/home/saul/projects/IL2244_VT26_SAUL/logs_saul/logs0/Service44.log"}
\o [2026-05-26 09:41:20.535 Z] [INFO] [cadence.virtuoso.ade.services.netlister] - Finished netlisting {"point": 22, "testname": "TRAN_VDD_PULSE"}
\o [2026-05-26 09:41:20.538 Z] [EVENT] [cadence.virtuoso.ade.services.netlister] - NewPoint {"point": 23, "testname": "TRAN_VDD_PULSE", "event": "NewPoint", "EventSource": "Netlist Service", "HistoryName": "Interactive.77", "logFile": "/home/saul/projects/IL2244_VT26_SAUL/logs_saul/logs0/Service44.log", "logFileSize": "55729"}
\o [2026-05-26 09:41:20.538 Z] [INFO] [cadence.virtuoso.ade.services.netlister] - Started netlisting {"point": 23, "testname": "TRAN_VDD_PULSE"}
\o Resetting statistical vars
\o 
\o *Info*    Setting parameter values ...
\o 
\o Setting var temperature = "85"
\o Setting temp(T) = 85
\o 
\o *Info*    Netlist Directory =
\o           /home/saul/projects/IL2244_VT26_SAUL/Sim/FECG/fecg_front_end_tran_tb/maestro/results/maestro/Interactive.77/23/TRAN_VDD_PULSE/netlist
\o 
\o 
\o *Info*    Data Directory    =
\o           /home/saul/projects/IL2244_VT26_SAUL/Sim/FECG/fecg_front_end_tran_tb/maestro/results/maestro/Interactive.77/23/TRAN_VDD_PULSE
\o 
\o Reusing AHDL Data dir
\o generate netlist...
\o function ansCdlCompPrim redefined
\o Ignoring netlist creation since ignoreDesignChangesDuringRun is set to true
\o       ...successful.
\o compose simulator input file...
\o       ...successful.
\o WARNING (ADE-3080): Fast viewing extensions for PSF XL format (also known as RTSF) will be discontinued  
\o        and Virtuoso Visualization and Analysis XL will not use RTSF data to plot waveforms from IC6.1.8 ISR7 onward. 
\o        There will be no performance impact on data visualization due to this change.
\o [2026-05-26 09:41:23.380 Z] [PROCESS] [cadence.virtuoso.ade.services.netlister] - Current memory used: 723.2812 MBytes, peak memory used: 723.2812 MBytes {"hostname": "edatools", "processid": 243490, "testname": "TRAN_VDD_PULSE", "point": 23, "logfile": "/home/saul/projects/IL2244_VT26_SAUL/logs_saul/logs0/Service44.log"}
\o [2026-05-26 09:41:23.382 Z] [INFO] [cadence.virtuoso.ade.services.netlister] - Finished netlisting {"point": 23, "testname": "TRAN_VDD_PULSE"}
\o [2026-05-26 09:41:23.387 Z] [EVENT] [cadence.virtuoso.ade.services.netlister] - NewPoint {"point": 24, "testname": "TRAN_VDD_PULSE", "event": "NewPoint", "EventSource": "Netlist Service", "HistoryName": "Interactive.77", "logFile": "/home/saul/projects/IL2244_VT26_SAUL/logs_saul/logs0/Service44.log", "logFileSize": "57747"}
\o [2026-05-26 09:41:23.388 Z] [INFO] [cadence.virtuoso.ade.services.netlister] - Started netlisting {"point": 24, "testname": "TRAN_VDD_PULSE"}
\# Memory report: Maximum memory size now 52,091 MB at UTC 2026.05.26 09:41:24.325
\o Resetting statistical vars
\o 
\o *Info*    Setting parameter values ...
\o 
\o Setting var temperature = "-40"
\o Setting temp(T) = -40
\o 
\o *Info*    Netlist Directory =
\o           /home/saul/projects/IL2244_VT26_SAUL/Sim/FECG/fecg_front_end_tran_tb/maestro/results/maestro/Interactive.77/24/TRAN_VDD_PULSE/netlist
\o 
\o 
\o *Info*    Data Directory    =
\o           /home/saul/projects/IL2244_VT26_SAUL/Sim/FECG/fecg_front_end_tran_tb/maestro/results/maestro/Interactive.77/24/TRAN_VDD_PULSE
\o 
\o Reusing AHDL Data dir
\o generate netlist...
\o function ansCdlCompPrim redefined
\o Ignoring netlist creation since ignoreDesignChangesDuringRun is set to true
\o       ...successful.
\o compose simulator input file...
\o       ...successful.
\o WARNING (ADE-3080): Fast viewing extensions for PSF XL format (also known as RTSF) will be discontinued  
\o        and Virtuoso Visualization and Analysis XL will not use RTSF data to plot waveforms from IC6.1.8 ISR7 onward. 
\o        There will be no performance impact on data visualization due to this change.
\o [2026-05-26 09:41:24.706 Z] [PROCESS] [cadence.virtuoso.ade.services.netlister] - Current memory used: 723.2812 MBytes, peak memory used: 723.2812 MBytes {"hostname": "edatools", "processid": 243490, "testname": "TRAN_VDD_PULSE", "point": 24, "logfile": "/home/saul/projects/IL2244_VT26_SAUL/logs_saul/logs0/Service44.log"}
\o [2026-05-26 09:41:24.706 Z] [INFO] [cadence.virtuoso.ade.services.netlister] - Finished netlisting {"point": 24, "testname": "TRAN_VDD_PULSE"}
\o [2026-05-26 09:41:24.708 Z] [EVENT] [cadence.virtuoso.ade.services.netlister] - NewPoint {"point": 25, "testname": "TRAN_VDD_PULSE", "event": "NewPoint", "EventSource": "Netlist Service", "HistoryName": "Interactive.77", "logFile": "/home/saul/projects/IL2244_VT26_SAUL/logs_saul/logs0/Service44.log", "logFileSize": "59850"}
\o [2026-05-26 09:41:24.708 Z] [INFO] [cadence.virtuoso.ade.services.netlister] - Started netlisting {"point": 25, "testname": "TRAN_VDD_PULSE"}
\o Resetting statistical vars
\o 
\o *Info*    Setting parameter values ...
\o 
\o Setting var temperature = "85"
\o Setting temp(T) = 85
\o 
\o *Info*    Netlist Directory =
\o           /home/saul/projects/IL2244_VT26_SAUL/Sim/FECG/fecg_front_end_tran_tb/maestro/results/maestro/Interactive.77/25/TRAN_VDD_PULSE/netlist
\o 
\o 
\o *Info*    Data Directory    =
\o           /home/saul/projects/IL2244_VT26_SAUL/Sim/FECG/fecg_front_end_tran_tb/maestro/results/maestro/Interactive.77/25/TRAN_VDD_PULSE
\o 
\o Reusing AHDL Data dir
\o generate netlist...
\o function ansCdlCompPrim redefined
\o Ignoring netlist creation since ignoreDesignChangesDuringRun is set to true
\o       ...successful.
\o compose simulator input file...
\o       ...successful.
\o WARNING (ADE-3080): Fast viewing extensions for PSF XL format (also known as RTSF) will be discontinued  
\o        and Virtuoso Visualization and Analysis XL will not use RTSF data to plot waveforms from IC6.1.8 ISR7 onward. 
\o        There will be no performance impact on data visualization due to this change.
\o [2026-05-26 09:41:26.024 Z] [PROCESS] [cadence.virtuoso.ade.services.netlister] - Current memory used: 723.2812 MBytes, peak memory used: 723.2812 MBytes {"hostname": "edatools", "processid": 243490, "testname": "TRAN_VDD_PULSE", "point": 25, "logfile": "/home/saul/projects/IL2244_VT26_SAUL/logs_saul/logs0/Service44.log"}
\o [2026-05-26 09:41:26.026 Z] [INFO] [cadence.virtuoso.ade.services.netlister] - Finished netlisting {"point": 25, "testname": "TRAN_VDD_PULSE"}
\o [2026-05-26 09:41:26.080 Z] [EVENT] [cadence.virtuoso.ade.services.netlister] - NewPoint {"point": 26, "testname": "TRAN_VDD_PULSE", "event": "NewPoint", "EventSource": "Netlist Service", "HistoryName": "Interactive.77", "logFile": "/home/saul/projects/IL2244_VT26_SAUL/logs_saul/logs0/Service44.log", "logFileSize": "61868"}
\o [2026-05-26 09:41:26.081 Z] [INFO] [cadence.virtuoso.ade.services.netlister] - Started netlisting {"point": 26, "testname": "TRAN_VDD_PULSE"}
\o Resetting statistical vars
\o 
\o *Info*    Setting parameter values ...
\o 
\o Setting var temperature = "-40"
\o Setting temp(T) = -40
\o 
\o *Info*    Netlist Directory =
\o           /home/saul/projects/IL2244_VT26_SAUL/Sim/FECG/fecg_front_end_tran_tb/maestro/results/maestro/Interactive.77/26/TRAN_VDD_PULSE/netlist
\o 
\o 
\o *Info*    Data Directory    =
\o           /home/saul/projects/IL2244_VT26_SAUL/Sim/FECG/fecg_front_end_tran_tb/maestro/results/maestro/Interactive.77/26/TRAN_VDD_PULSE
\o 
\o Reusing AHDL Data dir
\o generate netlist...
\o function ansCdlCompPrim redefined
\o Ignoring netlist creation since ignoreDesignChangesDuringRun is set to true
\o       ...successful.
\o compose simulator input file...
\o       ...successful.
\o WARNING (ADE-3080): Fast viewing extensions for PSF XL format (also known as RTSF) will be discontinued  
\o        and Virtuoso Visualization and Analysis XL will not use RTSF data to plot waveforms from IC6.1.8 ISR7 onward. 
\o        There will be no performance impact on data visualization due to this change.
\o [2026-05-26 09:41:28.347 Z] [PROCESS] [cadence.virtuoso.ade.services.netlister] - Current memory used: 723.2812 MBytes, peak memory used: 723.2812 MBytes {"hostname": "edatools", "processid": 243490, "testname": "TRAN_VDD_PULSE", "point": 26, "logfile": "/home/saul/projects/IL2244_VT26_SAUL/logs_saul/logs0/Service44.log"}
\o [2026-05-26 09:41:28.347 Z] [INFO] [cadence.virtuoso.ade.services.netlister] - Finished netlisting {"point": 26, "testname": "TRAN_VDD_PULSE"}
\o [2026-05-26 09:41:28.348 Z] [EVENT] [cadence.virtuoso.ade.services.netlister] - NewPoint {"point": 27, "testname": "TRAN_VDD_PULSE", "event": "NewPoint", "EventSource": "Netlist Service", "HistoryName": "Interactive.77", "logFile": "/home/saul/projects/IL2244_VT26_SAUL/logs_saul/logs0/Service44.log", "logFileSize": "63888"}
\o [2026-05-26 09:41:28.349 Z] [INFO] [cadence.virtuoso.ade.services.netlister] - Started netlisting {"point": 27, "testname": "TRAN_VDD_PULSE"}
\o Resetting statistical vars
\o 
\o *Info*    Setting parameter values ...
\o 
\o Setting var temperature = "85"
\o Setting temp(T) = 85
\o 
\o *Info*    Netlist Directory =
\o           /home/saul/projects/IL2244_VT26_SAUL/Sim/FECG/fecg_front_end_tran_tb/maestro/results/maestro/Interactive.77/27/TRAN_VDD_PULSE/netlist
\o 
\o 
\o *Info*    Data Directory    =
\o           /home/saul/projects/IL2244_VT26_SAUL/Sim/FECG/fecg_front_end_tran_tb/maestro/results/maestro/Interactive.77/27/TRAN_VDD_PULSE
\o 
\o Reusing AHDL Data dir
\o generate netlist...
\o function ansCdlCompPrim redefined
\o Ignoring netlist creation since ignoreDesignChangesDuringRun is set to true
\o       ...successful.
\o compose simulator input file...
\o       ...successful.
\o WARNING (ADE-3080): Fast viewing extensions for PSF XL format (also known as RTSF) will be discontinued  
\o        and Virtuoso Visualization and Analysis XL will not use RTSF data to plot waveforms from IC6.1.8 ISR7 onward. 
\o        There will be no performance impact on data visualization due to this change.
\o [2026-05-26 09:41:28.757 Z] [PROCESS] [cadence.virtuoso.ade.services.netlister] - Current memory used: 723.2812 MBytes, peak memory used: 723.2812 MBytes {"hostname": "edatools", "processid": 243490, "testname": "TRAN_VDD_PULSE", "point": 27, "logfile": "/home/saul/projects/IL2244_VT26_SAUL/logs_saul/logs0/Service44.log"}
\o [2026-05-26 09:41:28.757 Z] [INFO] [cadence.virtuoso.ade.services.netlister] - Finished netlisting {"point": 27, "testname": "TRAN_VDD_PULSE"}
\o [2026-05-26 09:41:28.759 Z] [EVENT] [cadence.virtuoso.ade.services.netlister] - NewPoint {"point": 28, "testname": "TRAN_VDD_PULSE", "event": "NewPoint", "EventSource": "Netlist Service", "HistoryName": "Interactive.77", "logFile": "/home/saul/projects/IL2244_VT26_SAUL/logs_saul/logs0/Service44.log", "logFileSize": "65906"}
\o [2026-05-26 09:41:28.759 Z] [INFO] [cadence.virtuoso.ade.services.netlister] - Started netlisting {"point": 28, "testname": "TRAN_VDD_PULSE"}
\o Resetting statistical vars
\o 
\o *Info*    Setting parameter values ...
\o 
\o Setting var temperature = "-40"
\o Setting temp(T) = -40
\o 
\o *Info*    Netlist Directory =
\o           /home/saul/projects/IL2244_VT26_SAUL/Sim/FECG/fecg_front_end_tran_tb/maestro/results/maestro/Interactive.77/28/TRAN_VDD_PULSE/netlist
\o 
\o 
\o *Info*    Data Directory    =
\o           /home/saul/projects/IL2244_VT26_SAUL/Sim/FECG/fecg_front_end_tran_tb/maestro/results/maestro/Interactive.77/28/TRAN_VDD_PULSE
\o 
\o Reusing AHDL Data dir
\o generate netlist...
\o function ansCdlCompPrim redefined
\o Ignoring netlist creation since ignoreDesignChangesDuringRun is set to true
\o       ...successful.
\o compose simulator input file...
\o       ...successful.
\o WARNING (ADE-3080): Fast viewing extensions for PSF XL format (also known as RTSF) will be discontinued  
\o        and Virtuoso Visualization and Analysis XL will not use RTSF data to plot waveforms from IC6.1.8 ISR7 onward. 
\o        There will be no performance impact on data visualization due to this change.
\o [2026-05-26 09:41:29.181 Z] [PROCESS] [cadence.virtuoso.ade.services.netlister] - Current memory used: 723.2812 MBytes, peak memory used: 723.2812 MBytes {"hostname": "edatools", "processid": 243490, "testname": "TRAN_VDD_PULSE", "point": 28, "logfile": "/home/saul/projects/IL2244_VT26_SAUL/logs_saul/logs0/Service44.log"}
\o [2026-05-26 09:41:29.181 Z] [INFO] [cadence.virtuoso.ade.services.netlister] - Finished netlisting {"point": 28, "testname": "TRAN_VDD_PULSE"}
\o [2026-05-26 09:41:29.182 Z] [EVENT] [cadence.virtuoso.ade.services.netlister] - NewPoint {"point": 29, "testname": "TRAN_VDD_PULSE", "event": "NewPoint", "EventSource": "Netlist Service", "HistoryName": "Interactive.77", "logFile": "/home/saul/projects/IL2244_VT26_SAUL/logs_saul/logs0/Service44.log", "logFileSize": "67926"}
\o [2026-05-26 09:41:29.182 Z] [INFO] [cadence.virtuoso.ade.services.netlister] - Started netlisting {"point": 29, "testname": "TRAN_VDD_PULSE"}
\o Resetting statistical vars
\o 
\o *Info*    Setting parameter values ...
\o 
\o Setting var temperature = "85"
\o Setting temp(T) = 85
\o 
\o *Info*    Netlist Directory =
\o           /home/saul/projects/IL2244_VT26_SAUL/Sim/FECG/fecg_front_end_tran_tb/maestro/results/maestro/Interactive.77/29/TRAN_VDD_PULSE/netlist
\o 
\o 
\o *Info*    Data Directory    =
\o           /home/saul/projects/IL2244_VT26_SAUL/Sim/FECG/fecg_front_end_tran_tb/maestro/results/maestro/Interactive.77/29/TRAN_VDD_PULSE
\o 
\o Reusing AHDL Data dir
\o generate netlist...
\o function ansCdlCompPrim redefined
\o Ignoring netlist creation since ignoreDesignChangesDuringRun is set to true
\o       ...successful.
\o compose simulator input file...
\o       ...successful.
\o WARNING (ADE-3080): Fast viewing extensions for PSF XL format (also known as RTSF) will be discontinued  
\o        and Virtuoso Visualization and Analysis XL will not use RTSF data to plot waveforms from IC6.1.8 ISR7 onward. 
\o        There will be no performance impact on data visualization due to this change.
\o [2026-05-26 09:41:29.586 Z] [PROCESS] [cadence.virtuoso.ade.services.netlister] - Current memory used: 723.2812 MBytes, peak memory used: 723.2812 MBytes {"hostname": "edatools", "processid": 243490, "testname": "TRAN_VDD_PULSE", "point": 29, "logfile": "/home/saul/projects/IL2244_VT26_SAUL/logs_saul/logs0/Service44.log"}
\o [2026-05-26 09:41:29.586 Z] [INFO] [cadence.virtuoso.ade.services.netlister] - Finished netlisting {"point": 29, "testname": "TRAN_VDD_PULSE"}
\o [2026-05-26 09:41:29.587 Z] [EVENT] [cadence.virtuoso.ade.services.netlister] - NewPoint {"point": 30, "testname": "TRAN_VDD_PULSE", "event": "NewPoint", "EventSource": "Netlist Service", "HistoryName": "Interactive.77", "logFile": "/home/saul/projects/IL2244_VT26_SAUL/logs_saul/logs0/Service44.log", "logFileSize": "69944"}
\o [2026-05-26 09:41:29.587 Z] [INFO] [cadence.virtuoso.ade.services.netlister] - Started netlisting {"point": 30, "testname": "TRAN_VDD_PULSE"}
\o Resetting statistical vars
\o 
\o *Info*    Setting parameter values ...
\o 
\o Setting var temperature = "-40"
\o Setting temp(T) = -40
\o 
\o *Info*    Netlist Directory =
\o           /home/saul/projects/IL2244_VT26_SAUL/Sim/FECG/fecg_front_end_tran_tb/maestro/results/maestro/Interactive.77/30/TRAN_VDD_PULSE/netlist
\o 
\o 
\o *Info*    Data Directory    =
\o           /home/saul/projects/IL2244_VT26_SAUL/Sim/FECG/fecg_front_end_tran_tb/maestro/results/maestro/Interactive.77/30/TRAN_VDD_PULSE
\o 
\o Reusing AHDL Data dir
\o generate netlist...
\o function ansCdlCompPrim redefined
\o Ignoring netlist creation since ignoreDesignChangesDuringRun is set to true
\o       ...successful.
\o compose simulator input file...
\o       ...successful.
\o WARNING (ADE-3080): Fast viewing extensions for PSF XL format (also known as RTSF) will be discontinued  
\o        and Virtuoso Visualization and Analysis XL will not use RTSF data to plot waveforms from IC6.1.8 ISR7 onward. 
\o        There will be no performance impact on data visualization due to this change.
\o [2026-05-26 09:41:29.986 Z] [PROCESS] [cadence.virtuoso.ade.services.netlister] - Current memory used: 723.2812 MBytes, peak memory used: 723.2812 MBytes {"hostname": "edatools", "processid": 243490, "testname": "TRAN_VDD_PULSE", "point": 30, "logfile": "/home/saul/projects/IL2244_VT26_SAUL/logs_saul/logs0/Service44.log"}
\o [2026-05-26 09:41:29.987 Z] [INFO] [cadence.virtuoso.ade.services.netlister] - Finished netlisting {"point": 30, "testname": "TRAN_VDD_PULSE"}
\o [2026-05-26 09:41:29.988 Z] [EVENT] [cadence.virtuoso.ade.services.netlister] - NewPoint {"point": 31, "testname": "TRAN_VDD_PULSE", "event": "NewPoint", "EventSource": "Netlist Service", "HistoryName": "Interactive.77", "logFile": "/home/saul/projects/IL2244_VT26_SAUL/logs_saul/logs0/Service44.log", "logFileSize": "71964"}
\o [2026-05-26 09:41:29.988 Z] [INFO] [cadence.virtuoso.ade.services.netlister] - Started netlisting {"point": 31, "testname": "TRAN_VDD_PULSE"}
\o Resetting statistical vars
\o 
\o *Info*    Setting parameter values ...
\o 
\o Setting var temperature = "85"
\o Setting temp(T) = 85
\o 
\o *Info*    Netlist Directory =
\o           /home/saul/projects/IL2244_VT26_SAUL/Sim/FECG/fecg_front_end_tran_tb/maestro/results/maestro/Interactive.77/31/TRAN_VDD_PULSE/netlist
\o 
\o 
\o *Info*    Data Directory    =
\o           /home/saul/projects/IL2244_VT26_SAUL/Sim/FECG/fecg_front_end_tran_tb/maestro/results/maestro/Interactive.77/31/TRAN_VDD_PULSE
\o 
\o Reusing AHDL Data dir
\o generate netlist...
\o function ansCdlCompPrim redefined
\o Ignoring netlist creation since ignoreDesignChangesDuringRun is set to true
\o       ...successful.
\o compose simulator input file...
\o       ...successful.
\o WARNING (ADE-3080): Fast viewing extensions for PSF XL format (also known as RTSF) will be discontinued  
\o        and Virtuoso Visualization and Analysis XL will not use RTSF data to plot waveforms from IC6.1.8 ISR7 onward. 
\o        There will be no performance impact on data visualization due to this change.
\o [2026-05-26 09:41:30.406 Z] [PROCESS] [cadence.virtuoso.ade.services.netlister] - Current memory used: 723.2812 MBytes, peak memory used: 723.2812 MBytes {"hostname": "edatools", "processid": 243490, "testname": "TRAN_VDD_PULSE", "point": 31, "logfile": "/home/saul/projects/IL2244_VT26_SAUL/logs_saul/logs0/Service44.log"}
\o [2026-05-26 09:41:30.406 Z] [INFO] [cadence.virtuoso.ade.services.netlister] - Finished netlisting {"point": 31, "testname": "TRAN_VDD_PULSE"}
\o [2026-05-26 09:41:30.407 Z] [EVENT] [cadence.virtuoso.ade.services.netlister] - NewPoint {"point": 32, "testname": "TRAN_VDD_PULSE", "event": "NewPoint", "EventSource": "Netlist Service", "HistoryName": "Interactive.77", "logFile": "/home/saul/projects/IL2244_VT26_SAUL/logs_saul/logs0/Service44.log", "logFileSize": "73982"}
\o [2026-05-26 09:41:30.407 Z] [INFO] [cadence.virtuoso.ade.services.netlister] - Started netlisting {"point": 32, "testname": "TRAN_VDD_PULSE"}
\o Resetting statistical vars
\o 
\o *Info*    Setting parameter values ...
\o 
\o Setting var temperature = "-40"
\o Setting temp(T) = -40
\o 
\o *Info*    Netlist Directory =
\o           /home/saul/projects/IL2244_VT26_SAUL/Sim/FECG/fecg_front_end_tran_tb/maestro/results/maestro/Interactive.77/32/TRAN_VDD_PULSE/netlist
\o 
\o 
\o *Info*    Data Directory    =
\o           /home/saul/projects/IL2244_VT26_SAUL/Sim/FECG/fecg_front_end_tran_tb/maestro/results/maestro/Interactive.77/32/TRAN_VDD_PULSE
\o 
\o Reusing AHDL Data dir
\o generate netlist...
\o function ansCdlCompPrim redefined
\o Ignoring netlist creation since ignoreDesignChangesDuringRun is set to true
\o       ...successful.
\o compose simulator input file...
\o       ...successful.
\o WARNING (ADE-3080): Fast viewing extensions for PSF XL format (also known as RTSF) will be discontinued  
\o        and Virtuoso Visualization and Analysis XL will not use RTSF data to plot waveforms from IC6.1.8 ISR7 onward. 
\o        There will be no performance impact on data visualization due to this change.
\o [2026-05-26 09:41:30.816 Z] [PROCESS] [cadence.virtuoso.ade.services.netlister] - Current memory used: 723.2812 MBytes, peak memory used: 723.2812 MBytes {"hostname": "edatools", "processid": 243490, "testname": "TRAN_VDD_PULSE", "point": 32, "logfile": "/home/saul/projects/IL2244_VT26_SAUL/logs_saul/logs0/Service44.log"}
\o [2026-05-26 09:41:30.817 Z] [INFO] [cadence.virtuoso.ade.services.netlister] - Finished netlisting {"point": 32, "testname": "TRAN_VDD_PULSE"}
\o [2026-05-26 09:41:30.818 Z] [EVENT] [cadence.virtuoso.ade.services.netlister] - NewPoint {"point": 33, "testname": "TRAN_VDD_PULSE", "event": "NewPoint", "EventSource": "Netlist Service", "HistoryName": "Interactive.77", "logFile": "/home/saul/projects/IL2244_VT26_SAUL/logs_saul/logs0/Service44.log", "logFileSize": "76002"}
\o [2026-05-26 09:41:30.818 Z] [INFO] [cadence.virtuoso.ade.services.netlister] - Started netlisting {"point": 33, "testname": "TRAN_VDD_PULSE"}
\o Resetting statistical vars
\o 
\o *Info*    Setting parameter values ...
\o 
\o Setting var temperature = "85"
\o Setting temp(T) = 85
\o 
\o *Info*    Netlist Directory =
\o           /home/saul/projects/IL2244_VT26_SAUL/Sim/FECG/fecg_front_end_tran_tb/maestro/results/maestro/Interactive.77/33/TRAN_VDD_PULSE/netlist
\o 
\o 
\o *Info*    Data Directory    =
\o           /home/saul/projects/IL2244_VT26_SAUL/Sim/FECG/fecg_front_end_tran_tb/maestro/results/maestro/Interactive.77/33/TRAN_VDD_PULSE
\o 
\o Reusing AHDL Data dir
\o generate netlist...
\o function ansCdlCompPrim redefined
\o Ignoring netlist creation since ignoreDesignChangesDuringRun is set to true
\o       ...successful.
\o compose simulator input file...
\o       ...successful.
\o WARNING (ADE-3080): Fast viewing extensions for PSF XL format (also known as RTSF) will be discontinued  
\o        and Virtuoso Visualization and Analysis XL will not use RTSF data to plot waveforms from IC6.1.8 ISR7 onward. 
\o        There will be no performance impact on data visualization due to this change.
\o [2026-05-26 09:41:31.238 Z] [PROCESS] [cadence.virtuoso.ade.services.netlister] - Current memory used: 723.2812 MBytes, peak memory used: 723.2812 MBytes {"hostname": "edatools", "processid": 243490, "testname": "TRAN_VDD_PULSE", "point": 33, "logfile": "/home/saul/projects/IL2244_VT26_SAUL/logs_saul/logs0/Service44.log"}
\o [2026-05-26 09:41:31.238 Z] [INFO] [cadence.virtuoso.ade.services.netlister] - Finished netlisting {"point": 33, "testname": "TRAN_VDD_PULSE"}
\o Simulation design variables differ from those on the cellView,
\o they have been saved in the file "/tmp/saved-design-variables".
\o To save future changes, copy variables to cellView before exiting.
\# Lic Summary:
\# [09:46:34.427393] Cdslmd servers:3000@lic08.ug.kth.se:29000@lic06.ug.kth.se
\# [09:46:34.427400] Feature usage summary:
\# Memory report: on exit            450 MB, process size 2,213 MB at UTC 2026.05.26 09:46:34.427
\# Memory report: peak usage         450 MB, process size 2,215 MB
