[ADE GUI: 19025a9a-9308-4640-8567-4bd8081c1ae3]
[2026-06-01 05:29:35.611 Z] [PROCESS] [cadence.virtuoso.ade.gui] - /home/saul/projects/IL2244_VT26_SAUL/.tmp_saul/.cmddir0/swiftLoggingService0 is starting {"logfile": "/home/saul/projects/IL2244_VT26_SAUL/logs_saul/logs0/LoggingService0.log"}
[2026-06-01 05:29:35.719 Z] [PROCESS] [cadence.virtuoso.ade.gui] - /home/saul/projects/IL2244_VT26_SAUL/.tmp_saul/.cmddir0/swiftNetlistService1 is starting {"logfile": "/home/saul/projects/IL2244_VT26_SAUL/logs_saul/logs0/Service1.log"}
[2026-06-01 05:29:35.720 Z] [PROCESS] [cadence.virtuoso.ade.gui] - Logging Service '332154' is starting up on host 'edatools' {"logfile": "/home/saul/projects/IL2244_VT26_SAUL/logs_saul/logs0/LoggingService0.log"}
[2026-06-01 05:29:37.638 Z] [PROCESS] [cadence.virtuoso.ade.gui] - Netlist Service '332183' is starting up on host 'edatools' {"logfile": "/home/saul/projects/IL2244_VT26_SAUL/logs_saul/logs0/Service1.log"}
[2026-06-01 05:29:57.124 Z] [EVENT] [cadence.virtuoso.ade.gui] - NewHistoryCreated {"history": "Interactive.75", "event": "NewHistoryCreated", "EventSource": "ADE GUI", "HistoryName": "Interactive.75", "WorkDir": "/home/saul/projects/IL2244_VT26_SAUL", "HistorySimDir": "/home/saul/projects/IL2244_VT26_SAUL/Sim/VT26_TOP/top_tb/maestro/results/maestro/Interactive.75", "HistoryResultsDir": "/home/saul/projects/IL2244_VT26_SAUL/VT26_TOP/top_tb/maestro/results/maestro"}
[2026-06-01 05:29:57.124 Z] [PROCESS] [cadence.virtuoso.ade.gui] - History Setup {"hostname": "edatools", "processid": 324695, "history": "Interactive.75", "logfile": "/home/saul/projects/IL2244_VT26_SAUL/logs_saul/logs0/virtuoso_ade_debug.log", "jobmode": "LSCS", "runmode": "Single Run, Sweeps and Corners", "lib": "VT26_TOP", "cell": "top_tb", "view": "maestro", "icversion": "sub-version  IC6.1.8-64b.500.36 ", "runstart": "Mon Jun  1 05:29:57 2026\n", "timezonelocal": "+000", "spectreversion": "unknown", "jobpolicyname": "", "maxjobs": "unknown", "ncjobpolicyname": "", "ncmaxjobs": "unknown", "numtests": "1", "runfinished": "unknown", "runelapsed": "-1", "numcorners": "1"}
[2026-06-01 05:29:57.648 Z] [WARN] [cadence.virtuoso.ade.gui] - Could not find log file for Same Process Job 0. Log message for this job will be printed in the CDS log file. {"history": "Interactive.75", "testname": "VT26_TOP_top_tb_TRAN", "detailed_message": "", "message_id": "ASSEMBLER-5028"}
[2026-06-01 05:29:58.583 Z] [EVENT] [cadence.virtuoso.ade.pointevaluator] - NewPoint {"history": "Interactive.75", "point": 1, "testname": "VT26_TOP_top_tb_TRAN", "event": "NewPoint", "EventSource": "ADE GUI", "HistoryName": "Interactive.75", "logFile": "/home/saul/projects/IL2244_VT26_SAUL/logs_saul/logs0/virtuoso_ade_debug.log", "logFileSize": "2399"}
[2026-06-01 05:29:58.583 Z] [INFO] [cadence.virtuoso.ade.pointevaluator] - Started netlisting {"history": "Interactive.75", "point": 1, "testname": "VT26_TOP_top_tb_TRAN"}
[2026-06-01 05:30:42.272 Z] [INFO] [cadence.virtuoso.ade.pointevaluator] - Finished netlisting {"history": "Interactive.75", "point": 1, "testname": "VT26_TOP_top_tb_TRAN"}
[2026-06-01 05:30:42.272 Z] [INFO] [cadence.virtuoso.ade.pointevaluator] - Submitted {"history": "Interactive.75", "point": 1, "testname": "VT26_TOP_top_tb_TRAN"}
[2026-06-01 05:30:42.518 Z] [PROCESS] [cadence.virtuoso.ade.gui] - /home/saul/projects/IL2244_VT26_SAUL/.tmp_saul/.cmddir0/swiftJob2 is starting {"logfile": "/home/saul/projects/IL2244_VT26_SAUL/logs_saul/logs0/Job2.log"}
[2026-06-01 05:30:42.629 Z] [PROCESS] [cadence.virtuoso.ade.gui] - Simulation Monitor process '333891' is starting up on host 'edatools' {"logfile": "/home/saul/projects/IL2244_VT26_SAUL/logs_saul/logs0/Job2.log"}
[2026-06-01 05:34:43.472 Z] [PROCESS] [cadence.virtuoso.ade.gui] - Netlist Service '332183' stopped with exit code '0' {"logfile": "/home/saul/projects/IL2244_VT26_SAUL/logs_saul/logs0/Service1.log"}
[2026-06-01 05:38:15.090 Z] [PROCESS] [cadence.virtuoso.ade.gui] - ln: failed to create symbolic link '/home/saul/projects/IL2244_VT26_SAUL/Sim/VT26_TOP/top_tb/maestro/results/maestro/Interactive.75/1/VT26_TOP_top_tb_TRAN/netlist/exprOutputs.log': File exists
 {"logfile": "/home/saul/projects/IL2244_VT26_SAUL/logs_saul/logs0/Job2.log"}
[2026-06-01 05:38:15.099 Z] [PROCESS] [cadence.virtuoso.ade.gui] - ln: failed to create symbolic link '/home/saul/projects/IL2244_VT26_SAUL/Sim/VT26_TOP/top_tb/maestro/results/maestro/Interactive.75/1/VT26_TOP_top_tb_TRAN/netlist/amps_evaluator.log': File exists
 {"logfile": "/home/saul/projects/IL2244_VT26_SAUL/logs_saul/logs0/Job2.log"}
[2026-06-01 05:38:25.562 Z] [INFO] [cadence.virtuoso.ade.gui] - Point completed {"history": "Interactive.75", "point": 1, "testname": "VT26_TOP_top_tb_TRAN"}
[2026-06-01 05:38:25.826 Z] [EVENT] [cadence.virtuoso.ade.gui] - HistoryFinished {"history": "Interactive.75", "point": 1, "testname": "VT26_TOP_top_tb_TRAN", "event": "HistoryFinished", "EventSource": "ADE GUI", "HistoryName": "Interactive.75"}
[2026-06-01 05:47:08.739 Z] [EVENT] [cadence.virtuoso.ade.gui] - NewHistoryCreated {"history": "Interactive.76", "point": 1, "testname": "VT26_TOP_top_tb_TRAN", "event": "NewHistoryCreated", "EventSource": "ADE GUI", "HistoryName": "Interactive.76", "WorkDir": "/home/saul/projects/IL2244_VT26_SAUL", "HistorySimDir": "/home/saul/projects/IL2244_VT26_SAUL/Sim/VT26_TOP/top_tb/maestro/results/maestro/Interactive.76", "HistoryResultsDir": "/home/saul/projects/IL2244_VT26_SAUL/VT26_TOP/top_tb/maestro/results/maestro"}
[2026-06-01 05:47:08.739 Z] [PROCESS] [cadence.virtuoso.ade.gui] - History Setup {"hostname": "edatools", "processid": 324695, "history": "Interactive.76", "testname": "VT26_TOP_top_tb_TRAN", "point": 1, "logfile": "/home/saul/projects/IL2244_VT26_SAUL/logs_saul/logs0/virtuoso_ade_debug.log", "jobmode": "LSCS", "runmode": "Single Run, Sweeps and Corners", "lib": "VT26_TOP", "cell": "top_tb", "view": "maestro", "icversion": "sub-version  IC6.1.8-64b.500.36 ", "runstart": "Mon Jun  1 05:47:08 2026\n", "timezonelocal": "+000", "spectreversion": "unknown", "jobpolicyname": "", "maxjobs": "unknown", "ncjobpolicyname": "", "ncmaxjobs": "unknown", "numtests": "1", "runfinished": "unknown", "runelapsed": "-1", "numcorners": "1"}
[2026-06-01 05:47:10.303 Z] [EVENT] [cadence.virtuoso.ade.pointevaluator] - NewPoint {"history": "Interactive.76", "point": 1, "testname": "VT26_TOP_top_tb_TRAN", "event": "NewPoint", "EventSource": "ADE GUI", "HistoryName": "Interactive.76", "logFile": "/home/saul/projects/IL2244_VT26_SAUL/logs_saul/logs0/virtuoso_ade_debug.log", "logFileSize": "6231"}
[2026-06-01 05:47:10.304 Z] [INFO] [cadence.virtuoso.ade.pointevaluator] - Started netlisting {"history": "Interactive.76", "point": 1, "testname": "VT26_TOP_top_tb_TRAN"}
[2026-06-01 05:47:38.740 Z] [INFO] [cadence.virtuoso.ade.pointevaluator] - Finished netlisting {"history": "Interactive.76", "point": 1, "testname": "VT26_TOP_top_tb_TRAN"}
[2026-06-01 05:47:38.740 Z] [INFO] [cadence.virtuoso.ade.pointevaluator] - Submitted {"history": "Interactive.76", "point": 1, "testname": "VT26_TOP_top_tb_TRAN"}
[2026-06-01 05:47:39.063 Z] [PROCESS] [cadence.virtuoso.ade.gui] - /home/saul/projects/IL2244_VT26_SAUL/.tmp_saul/.cmddir0/swiftJob3 is starting {"logfile": "/home/saul/projects/IL2244_VT26_SAUL/logs_saul/logs0/Job3.log"}
[2026-06-01 05:47:39.192 Z] [PROCESS] [cadence.virtuoso.ade.gui] - Simulation Monitor process '339201' is starting up on host 'edatools' {"logfile": "/home/saul/projects/IL2244_VT26_SAUL/logs_saul/logs0/Job3.log"}
[2026-06-01 05:53:37.191 Z] [PROCESS] [cadence.virtuoso.ade.gui] - /home/saul/projects/IL2244_VT26_SAUL/.tmp_saul/.cmddir0/swiftLoggingService4 is starting {"logfile": "/home/saul/projects/IL2244_VT26_SAUL/logs_saul/logs0/LoggingService4.log"}
[2026-06-01 05:53:37.298 Z] [PROCESS] [cadence.virtuoso.ade.gui] - /home/saul/projects/IL2244_VT26_SAUL/.tmp_saul/.cmddir0/swiftNetlistService5 is starting {"logfile": "/home/saul/projects/IL2244_VT26_SAUL/logs_saul/logs0/Service5.log"}
[2026-06-01 05:53:37.299 Z] [PROCESS] [cadence.virtuoso.ade.gui] - Logging Service '341083' is starting up on host 'edatools' {"logfile": "/home/saul/projects/IL2244_VT26_SAUL/logs_saul/logs0/LoggingService4.log"}
[2026-06-01 05:53:40.662 Z] [PROCESS] [cadence.virtuoso.ade.gui] - Netlist Service '341107' is starting up on host 'edatools' {"logfile": "/home/saul/projects/IL2244_VT26_SAUL/logs_saul/logs0/Service5.log"}
[2026-06-01 05:55:59.040 Z] [EVENT] [cadence.virtuoso.ade.gui] - NewHistoryCreated {"history": "Interactive.28", "event": "NewHistoryCreated", "EventSource": "ADE GUI", "HistoryName": "Interactive.28", "WorkDir": "/home/saul/projects/IL2244_VT26_SAUL", "HistorySimDir": "/home/saul/projects/IL2244_VT26_SAUL/Sim/FECG/fecg_front_end_cmrr_tb/maestro/results/maestro/Interactive.28", "HistoryResultsDir": "/home/saul/projects/IL2244_VT26_SAUL/FECG/fecg_front_end_cmrr_tb/maestro/results/maestro"}
[2026-06-01 05:55:59.040 Z] [PROCESS] [cadence.virtuoso.ade.gui] - History Setup {"hostname": "edatools", "processid": 324695, "history": "Interactive.28", "logfile": "/home/saul/projects/IL2244_VT26_SAUL/logs_saul/logs0/virtuoso_ade_debug.log", "jobmode": "LSCS", "runmode": "Single Run, Sweeps and Corners", "lib": "FECG", "cell": "fecg_front_end_cmrr_tb", "view": "maestro", "icversion": "sub-version  IC6.1.8-64b.500.36 ", "runstart": "Mon Jun  1 05:55:59 2026\n", "timezonelocal": "+000", "spectreversion": "unknown", "jobpolicyname": "", "maxjobs": "unknown", "ncjobpolicyname": "", "ncmaxjobs": "unknown", "numtests": "1", "runfinished": "unknown", "runelapsed": "-1", "numcorners": "1"}
[2026-06-01 05:56:01.076 Z] [INFO] [cadence.virtuoso.ade.gui] - Simulation will use spectre batch mode because the GCC version used by Spectre and Virtuoso are not compatible. {"history": "Interactive.28", "testname": "TRAN_CMRR", "detailed_message": "", "message_id": "ASSEMBLER-5024"}
[2026-06-01 05:56:01.199 Z] [EVENT] [cadence.virtuoso.ade.pointevaluator] - NewPoint {"history": "Interactive.28", "point": 1, "testname": "TRAN_CMRR", "event": "NewPoint", "EventSource": "ADE GUI", "HistoryName": "Interactive.28", "logFile": "/home/saul/projects/IL2244_VT26_SAUL/logs_saul/logs0/virtuoso_ade_debug.log", "logFileSize": "9909"}
[2026-06-01 05:56:01.200 Z] [INFO] [cadence.virtuoso.ade.pointevaluator] - Started netlisting {"history": "Interactive.28", "point": 1, "testname": "TRAN_CMRR"}
[2026-06-01 05:56:02.009 Z] [INFO] [cadence.virtuoso.ade.pointevaluator] - Finished netlisting {"history": "Interactive.28", "point": 1, "testname": "TRAN_CMRR"}
[2026-06-01 05:56:02.009 Z] [INFO] [cadence.virtuoso.ade.pointevaluator] - Submitted {"history": "Interactive.28", "point": 1, "testname": "TRAN_CMRR"}
[2026-06-01 05:56:04.569 Z] [PROCESS] [cadence.virtuoso.ade.gui] - /home/saul/projects/IL2244_VT26_SAUL/.tmp_saul/.cmddir0/swiftJob6 is starting {"logfile": "/home/saul/projects/IL2244_VT26_SAUL/logs_saul/logs0/Job6.log"}
[2026-06-01 05:56:04.674 Z] [PROCESS] [cadence.virtuoso.ade.gui] - Simulation Monitor process '342753' is starting up on host 'edatools' {"logfile": "/home/saul/projects/IL2244_VT26_SAUL/logs_saul/logs0/Job6.log"}
[2026-06-01 05:56:06.877 Z] [PROCESS] [cadence.virtuoso.ade.gui] - ln: failed to create symbolic link '/home/saul/projects/IL2244_VT26_SAUL/Sim/FECG/fecg_front_end_cmrr_tb/maestro/results/maestro/Interactive.28/1/TRAN_CMRR/netlist/exprOutputs.log': File exists
 {"logfile": "/home/saul/projects/IL2244_VT26_SAUL/logs_saul/logs0/Job6.log"}
[2026-06-01 05:56:06.880 Z] [PROCESS] [cadence.virtuoso.ade.gui] - ln: failed to create symbolic link '/home/saul/projects/IL2244_VT26_SAUL/Sim/FECG/fecg_front_end_cmrr_tb/maestro/results/maestro/Interactive.28/1/TRAN_CMRR/netlist/amps_evaluator.log': File exists
 {"logfile": "/home/saul/projects/IL2244_VT26_SAUL/logs_saul/logs0/Job6.log"}
[2026-06-01 05:56:10.063 Z] [INFO] [cadence.virtuoso.ade.gui] - Point completed {"history": "Interactive.28", "point": 1, "testname": "TRAN_CMRR"}
[2026-06-01 05:56:10.228 Z] [EVENT] [cadence.virtuoso.ade.gui] - HistoryFinished {"history": "Interactive.28", "point": 1, "testname": "TRAN_CMRR", "event": "HistoryFinished", "EventSource": "ADE GUI", "HistoryName": "Interactive.28"}
[2026-06-01 05:58:48.063 Z] [PROCESS] [cadence.virtuoso.ade.gui] - Netlist Service '341107' stopped with exit code '0' {"logfile": "/home/saul/projects/IL2244_VT26_SAUL/logs_saul/logs0/Service5.log"}
[2026-06-01 06:00:09.976 Z] [EVENT] [cadence.virtuoso.ade.gui] - NewHistoryCreated {"history": "Interactive.29", "point": 1, "testname": "TRAN_CMRR", "event": "NewHistoryCreated", "EventSource": "ADE GUI", "HistoryName": "Interactive.29", "WorkDir": "/home/saul/projects/IL2244_VT26_SAUL", "HistorySimDir": "/home/saul/projects/IL2244_VT26_SAUL/Sim/FECG/fecg_front_end_cmrr_tb/maestro/results/maestro/Interactive.29", "HistoryResultsDir": "/home/saul/projects/IL2244_VT26_SAUL/FECG/fecg_front_end_cmrr_tb/maestro/results/maestro"}
[2026-06-01 06:00:09.976 Z] [PROCESS] [cadence.virtuoso.ade.gui] - History Setup {"hostname": "edatools", "processid": 324695, "history": "Interactive.29", "testname": "TRAN_CMRR", "point": 1, "logfile": "/home/saul/projects/IL2244_VT26_SAUL/logs_saul/logs0/virtuoso_ade_debug.log", "jobmode": "LSCS", "runmode": "Single Run, Sweeps and Corners", "lib": "FECG", "cell": "fecg_front_end_cmrr_tb", "view": "maestro", "icversion": "sub-version  IC6.1.8-64b.500.36 ", "runstart": "Mon Jun  1 06:00:09 2026\n", "timezonelocal": "+000", "spectreversion": "unknown", "jobpolicyname": "", "maxjobs": "unknown", "ncjobpolicyname": "", "ncmaxjobs": "unknown", "numtests": "1", "runfinished": "unknown", "runelapsed": "-1", "numcorners": "1"}
[2026-06-01 06:00:11.783 Z] [INFO] [cadence.virtuoso.ade.gui] - Simulation will use spectre batch mode because the GCC version used by Spectre and Virtuoso are not compatible. {"history": "Interactive.29", "point": 1, "testname": "TRAN_CMRR", "detailed_message": "", "message_id": "ASSEMBLER-5024"}
[2026-06-01 06:00:11.879 Z] [EVENT] [cadence.virtuoso.ade.pointevaluator] - NewPoint {"history": "Interactive.29", "point": 1, "testname": "TRAN_CMRR", "event": "NewPoint", "EventSource": "ADE GUI", "HistoryName": "Interactive.29", "logFile": "/home/saul/projects/IL2244_VT26_SAUL/logs_saul/logs0/virtuoso_ade_debug.log", "logFileSize": "13990"}
[2026-06-01 06:00:11.880 Z] [INFO] [cadence.virtuoso.ade.pointevaluator] - Started netlisting {"history": "Interactive.29", "point": 1, "testname": "TRAN_CMRR"}
[2026-06-01 06:00:12.634 Z] [INFO] [cadence.virtuoso.ade.pointevaluator] - Finished netlisting {"history": "Interactive.29", "point": 1, "testname": "TRAN_CMRR"}
[2026-06-01 06:00:12.634 Z] [INFO] [cadence.virtuoso.ade.pointevaluator] - Submitted {"history": "Interactive.29", "point": 1, "testname": "TRAN_CMRR"}
[2026-06-01 06:00:52.332 Z] [PROCESS] [cadence.virtuoso.ade.gui] - ln: failed to create symbolic link '/home/saul/projects/IL2244_VT26_SAUL/Sim/FECG/fecg_front_end_cmrr_tb/maestro/results/maestro/Interactive.29/1/TRAN_CMRR/netlist/exprOutputs.log': File exists
 {"logfile": "/home/saul/projects/IL2244_VT26_SAUL/logs_saul/logs0/Job6.log"}
[2026-06-01 06:00:52.335 Z] [PROCESS] [cadence.virtuoso.ade.gui] - ln: failed to create symbolic link '/home/saul/projects/IL2244_VT26_SAUL/Sim/FECG/fecg_front_end_cmrr_tb/maestro/results/maestro/Interactive.29/1/TRAN_CMRR/netlist/amps_evaluator.log': File exists
 {"logfile": "/home/saul/projects/IL2244_VT26_SAUL/logs_saul/logs0/Job6.log"}
[2026-06-01 06:00:54.063 Z] [INFO] [cadence.virtuoso.ade.gui] - Point completed {"history": "Interactive.29", "point": 1, "testname": "TRAN_CMRR"}
[2026-06-01 06:00:54.228 Z] [EVENT] [cadence.virtuoso.ade.gui] - HistoryFinished {"history": "Interactive.29", "point": 1, "testname": "TRAN_CMRR", "event": "HistoryFinished", "EventSource": "ADE GUI", "HistoryName": "Interactive.29"}
[2026-06-01 06:02:51.087 Z] [PROCESS] [cadence.virtuoso.ade.gui] - Logging Service '332154' stopped with exit code '0' {"logfile": "/home/saul/projects/IL2244_VT26_SAUL/logs_saul/logs0/LoggingService0.log"}
[2026-06-01 06:05:15.882 Z] [PROCESS] [cadence.virtuoso.ade.gui] - ln: failed to create symbolic link '/home/saul/projects/IL2244_VT26_SAUL/Sim/VT26_TOP/top_tb/maestro/results/maestro/Interactive.76/1/VT26_TOP_top_tb_TRAN/netlist/exprOutputs.log': File exists
 {"logfile": "/home/saul/projects/IL2244_VT26_SAUL/logs_saul/logs0/Job3.log"}
[2026-06-01 06:05:15.891 Z] [PROCESS] [cadence.virtuoso.ade.gui] - ln: failed to create symbolic link '/home/saul/projects/IL2244_VT26_SAUL/Sim/VT26_TOP/top_tb/maestro/results/maestro/Interactive.76/1/VT26_TOP_top_tb_TRAN/netlist/amps_evaluator.log': File exists
 {"logfile": "/home/saul/projects/IL2244_VT26_SAUL/logs_saul/logs0/Job3.log"}
[2026-06-01 06:05:28.568 Z] [INFO] [cadence.virtuoso.ade.gui] - Point completed {"history": "Interactive.76", "point": 1, "testname": "VT26_TOP_top_tb_TRAN"}
[2026-06-01 06:05:28.804 Z] [EVENT] [cadence.virtuoso.ade.gui] - HistoryFinished {"history": "Interactive.76", "point": 1, "testname": "VT26_TOP_top_tb_TRAN", "event": "HistoryFinished", "EventSource": "ADE GUI", "HistoryName": "Interactive.76"}
[2026-06-01 06:16:03.461 Z] [PROCESS] [cadence.virtuoso.ade.gui] - Logging Service '341083' stopped with exit code '0' {"logfile": "/home/saul/projects/IL2244_VT26_SAUL/logs_saul/logs0/LoggingService4.log"}
[2026-06-01 06:19:04.134 Z] [EVENT] [cadence.virtuoso.ade.gui] - NewHistoryCreated {"history": "Interactive.77", "point": 1, "testname": "VT26_TOP_top_tb_TRAN", "event": "NewHistoryCreated", "EventSource": "ADE GUI", "HistoryName": "Interactive.77", "WorkDir": "/home/saul/projects/IL2244_VT26_SAUL", "HistorySimDir": "/home/saul/projects/IL2244_VT26_SAUL/Sim/VT26_TOP/top_tb/maestro/results/maestro/Interactive.77", "HistoryResultsDir": "/home/saul/projects/IL2244_VT26_SAUL/VT26_TOP/top_tb/maestro/results/maestro"}
[2026-06-01 06:19:04.134 Z] [PROCESS] [cadence.virtuoso.ade.gui] - History Setup {"hostname": "edatools", "processid": 324695, "history": "Interactive.77", "testname": "VT26_TOP_top_tb_TRAN", "point": 1, "logfile": "/home/saul/projects/IL2244_VT26_SAUL/logs_saul/logs0/virtuoso_ade_debug.log", "jobmode": "LSCS", "runmode": "Single Run, Sweeps and Corners", "lib": "VT26_TOP", "cell": "top_tb", "view": "maestro", "icversion": "sub-version  IC6.1.8-64b.500.36 ", "runstart": "Mon Jun  1 06:19:04 2026\n", "timezonelocal": "+000", "spectreversion": "unknown", "jobpolicyname": "", "maxjobs": "unknown", "ncjobpolicyname": "", "ncmaxjobs": "unknown", "numtests": "1", "runfinished": "unknown", "runelapsed": "-1", "numcorners": "1"}
[2026-06-01 06:19:05.883 Z] [EVENT] [cadence.virtuoso.ade.pointevaluator] - NewPoint {"history": "Interactive.77", "point": 1, "testname": "VT26_TOP_top_tb_TRAN", "event": "NewPoint", "EventSource": "ADE GUI", "HistoryName": "Interactive.77", "logFile": "/home/saul/projects/IL2244_VT26_SAUL/logs_saul/logs0/virtuoso_ade_debug.log", "logFileSize": "18620"}
[2026-06-01 06:19:05.883 Z] [INFO] [cadence.virtuoso.ade.pointevaluator] - Started netlisting {"history": "Interactive.77", "point": 1, "testname": "VT26_TOP_top_tb_TRAN"}
[2026-06-01 06:19:34.824 Z] [INFO] [cadence.virtuoso.ade.pointevaluator] - Finished netlisting {"history": "Interactive.77", "point": 1, "testname": "VT26_TOP_top_tb_TRAN"}
[2026-06-01 06:19:34.824 Z] [INFO] [cadence.virtuoso.ade.pointevaluator] - Submitted {"history": "Interactive.77", "point": 1, "testname": "VT26_TOP_top_tb_TRAN"}
[2026-06-01 06:19:35.272 Z] [PROCESS] [cadence.virtuoso.ade.gui] - /home/saul/projects/IL2244_VT26_SAUL/.tmp_saul/.cmddir0/swiftLoggingService7 is starting {"logfile": "/home/saul/projects/IL2244_VT26_SAUL/logs_saul/logs0/LoggingService7.log"}
[2026-06-01 06:19:35.394 Z] [PROCESS] [cadence.virtuoso.ade.gui] - /home/saul/projects/IL2244_VT26_SAUL/.tmp_saul/.cmddir0/swiftJob8 is starting {"logfile": "/home/saul/projects/IL2244_VT26_SAUL/logs_saul/logs0/Job8.log"}
[2026-06-01 06:19:35.395 Z] [PROCESS] [cadence.virtuoso.ade.gui] - Logging Service '349309' is starting up on host 'edatools' {"logfile": "/home/saul/projects/IL2244_VT26_SAUL/logs_saul/logs0/LoggingService7.log"}
[2026-06-01 06:19:35.509 Z] [PROCESS] [cadence.virtuoso.ade.gui] - Simulation Monitor process '349337' is starting up on host 'edatools' {"logfile": "/home/saul/projects/IL2244_VT26_SAUL/logs_saul/logs0/Job8.log"}
[2026-06-01 06:23:47.290 Z] [PROCESS] [cadence.virtuoso.ade.gui] - ln: failed to create symbolic link '/home/saul/projects/IL2244_VT26_SAUL/Sim/VT26_TOP/top_tb/maestro/results/maestro/Interactive.77/1/VT26_TOP_top_tb_TRAN/netlist/exprOutputs.log': File exists
 {"logfile": "/home/saul/projects/IL2244_VT26_SAUL/logs_saul/logs0/Job8.log"}
[2026-06-01 06:23:47.295 Z] [PROCESS] [cadence.virtuoso.ade.gui] - ln: failed to create symbolic link '/home/saul/projects/IL2244_VT26_SAUL/Sim/VT26_TOP/top_tb/maestro/results/maestro/Interactive.77/1/VT26_TOP_top_tb_TRAN/netlist/amps_evaluator.log': File exists
 {"logfile": "/home/saul/projects/IL2244_VT26_SAUL/logs_saul/logs0/Job8.log"}
[2026-06-01 06:23:50.569 Z] [INFO] [cadence.virtuoso.ade.gui] - Point completed {"history": "Interactive.77", "point": 1, "testname": "VT26_TOP_top_tb_TRAN"}
[2026-06-01 06:23:50.814 Z] [EVENT] [cadence.virtuoso.ade.gui] - HistoryFinished {"history": "Interactive.77", "point": 1, "testname": "VT26_TOP_top_tb_TRAN", "event": "HistoryFinished", "EventSource": "ADE GUI", "HistoryName": "Interactive.77"}
[2026-06-01 06:26:31.402 Z] [EVENT] [cadence.virtuoso.ade.gui] - NewHistoryCreated {"history": "Interactive.78", "point": 1, "testname": "VT26_TOP_top_tb_TRAN", "event": "NewHistoryCreated", "EventSource": "ADE GUI", "HistoryName": "Interactive.78", "WorkDir": "/home/saul/projects/IL2244_VT26_SAUL", "HistorySimDir": "/home/saul/projects/IL2244_VT26_SAUL/Sim/VT26_TOP/top_tb/maestro/results/maestro/Interactive.78", "HistoryResultsDir": "/home/saul/projects/IL2244_VT26_SAUL/VT26_TOP/top_tb/maestro/results/maestro"}
[2026-06-01 06:26:31.402 Z] [PROCESS] [cadence.virtuoso.ade.gui] - History Setup {"hostname": "edatools", "processid": 324695, "history": "Interactive.78", "testname": "VT26_TOP_top_tb_TRAN", "point": 1, "logfile": "/home/saul/projects/IL2244_VT26_SAUL/logs_saul/logs0/virtuoso_ade_debug.log", "jobmode": "LSCS", "runmode": "Single Run, Sweeps and Corners", "lib": "VT26_TOP", "cell": "top_tb", "view": "maestro", "icversion": "sub-version  IC6.1.8-64b.500.36 ", "runstart": "Mon Jun  1 06:26:31 2026\n", "timezonelocal": "+000", "spectreversion": "unknown", "jobpolicyname": "", "maxjobs": "unknown", "ncjobpolicyname": "", "ncmaxjobs": "unknown", "numtests": "1", "runfinished": "unknown", "runelapsed": "-1", "numcorners": "1"}
[2026-06-01 06:26:33.402 Z] [EVENT] [cadence.virtuoso.ade.pointevaluator] - NewPoint {"history": "Interactive.78", "point": 1, "testname": "VT26_TOP_top_tb_TRAN", "event": "NewPoint", "EventSource": "ADE GUI", "HistoryName": "Interactive.78", "logFile": "/home/saul/projects/IL2244_VT26_SAUL/logs_saul/logs0/virtuoso_ade_debug.log", "logFileSize": "22711"}
[2026-06-01 06:26:33.402 Z] [INFO] [cadence.virtuoso.ade.pointevaluator] - Started netlisting {"history": "Interactive.78", "point": 1, "testname": "VT26_TOP_top_tb_TRAN"}
[2026-06-01 06:27:02.877 Z] [INFO] [cadence.virtuoso.ade.pointevaluator] - Finished netlisting {"history": "Interactive.78", "point": 1, "testname": "VT26_TOP_top_tb_TRAN"}
[2026-06-01 06:27:02.877 Z] [INFO] [cadence.virtuoso.ade.pointevaluator] - Submitted {"history": "Interactive.78", "point": 1, "testname": "VT26_TOP_top_tb_TRAN"}
[2026-06-01 06:31:00.456 Z] [PROCESS] [cadence.virtuoso.ade.gui] - ln: failed to create symbolic link '/home/saul/projects/IL2244_VT26_SAUL/Sim/VT26_TOP/top_tb/maestro/results/maestro/Interactive.78/1/VT26_TOP_top_tb_TRAN/netlist/exprOutputs.log': File exists
 {"logfile": "/home/saul/projects/IL2244_VT26_SAUL/logs_saul/logs0/Job8.log"}
[2026-06-01 06:31:00.465 Z] [PROCESS] [cadence.virtuoso.ade.gui] - ln: failed to create symbolic link '/home/saul/projects/IL2244_VT26_SAUL/Sim/VT26_TOP/top_tb/maestro/results/maestro/Interactive.78/1/VT26_TOP_top_tb_TRAN/netlist/amps_evaluator.log': File exists
 {"logfile": "/home/saul/projects/IL2244_VT26_SAUL/logs_saul/logs0/Job8.log"}
[2026-06-01 06:31:04.566 Z] [INFO] [cadence.virtuoso.ade.gui] - Point completed {"history": "Interactive.78", "point": 1, "testname": "VT26_TOP_top_tb_TRAN"}
[2026-06-01 06:31:04.762 Z] [EVENT] [cadence.virtuoso.ade.gui] - HistoryFinished {"history": "Interactive.78", "point": 1, "testname": "VT26_TOP_top_tb_TRAN", "event": "HistoryFinished", "EventSource": "ADE GUI", "HistoryName": "Interactive.78"}
[2026-06-01 06:35:04.884 Z] [EVENT] [cadence.virtuoso.ade.gui] - NewHistoryCreated {"history": "Interactive.79", "point": 1, "testname": "VT26_TOP_top_tb_TRAN", "event": "NewHistoryCreated", "EventSource": "ADE GUI", "HistoryName": "Interactive.79", "WorkDir": "/home/saul/projects/IL2244_VT26_SAUL", "HistorySimDir": "/home/saul/projects/IL2244_VT26_SAUL/Sim/VT26_TOP/top_tb/maestro/results/maestro/Interactive.79", "HistoryResultsDir": "/home/saul/projects/IL2244_VT26_SAUL/VT26_TOP/top_tb/maestro/results/maestro"}
[2026-06-01 06:35:04.884 Z] [PROCESS] [cadence.virtuoso.ade.gui] - History Setup {"hostname": "edatools", "processid": 324695, "history": "Interactive.79", "testname": "VT26_TOP_top_tb_TRAN", "point": 1, "logfile": "/home/saul/projects/IL2244_VT26_SAUL/logs_saul/logs0/virtuoso_ade_debug.log", "jobmode": "LSCS", "runmode": "Single Run, Sweeps and Corners", "lib": "VT26_TOP", "cell": "top_tb", "view": "maestro", "icversion": "sub-version  IC6.1.8-64b.500.36 ", "runstart": "Mon Jun  1 06:35:04 2026\n", "timezonelocal": "+000", "spectreversion": "unknown", "jobpolicyname": "", "maxjobs": "unknown", "ncjobpolicyname": "", "ncmaxjobs": "unknown", "numtests": "1", "runfinished": "unknown", "runelapsed": "-1", "numcorners": "1"}
[2026-06-01 06:35:06.373 Z] [EVENT] [cadence.virtuoso.ade.pointevaluator] - NewPoint {"history": "Interactive.79", "point": 1, "testname": "VT26_TOP_top_tb_TRAN", "event": "NewPoint", "EventSource": "ADE GUI", "HistoryName": "Interactive.79", "logFile": "/home/saul/projects/IL2244_VT26_SAUL/logs_saul/logs0/virtuoso_ade_debug.log", "logFileSize": "25908"}
[2026-06-01 06:35:06.373 Z] [INFO] [cadence.virtuoso.ade.pointevaluator] - Started netlisting {"history": "Interactive.79", "point": 1, "testname": "VT26_TOP_top_tb_TRAN"}
[2026-06-01 06:35:15.069 Z] [INFO] [cadence.virtuoso.ade.pointevaluator] - Finished netlisting {"history": "Interactive.79", "point": 1, "testname": "VT26_TOP_top_tb_TRAN"}
[2026-06-01 06:35:15.069 Z] [INFO] [cadence.virtuoso.ade.pointevaluator] - Submitted {"history": "Interactive.79", "point": 1, "testname": "VT26_TOP_top_tb_TRAN"}
[2026-06-01 06:36:06.037 Z] [PROCESS] [cadence.virtuoso.ade.gui] - ln: failed to create symbolic link '/home/saul/projects/IL2244_VT26_SAUL/Sim/VT26_TOP/top_tb/maestro/results/maestro/Interactive.79/1/VT26_TOP_top_tb_TRAN/netlist/exprOutputs.log': File exists
 {"logfile": "/home/saul/projects/IL2244_VT26_SAUL/logs_saul/logs0/Job8.log"}
[2026-06-01 06:36:06.045 Z] [PROCESS] [cadence.virtuoso.ade.gui] - ln: failed to create symbolic link '/home/saul/projects/IL2244_VT26_SAUL/Sim/VT26_TOP/top_tb/maestro/results/maestro/Interactive.79/1/VT26_TOP_top_tb_TRAN/netlist/amps_evaluator.log': File exists
 {"logfile": "/home/saul/projects/IL2244_VT26_SAUL/logs_saul/logs0/Job8.log"}
[2026-06-01 06:36:07.567 Z] [INFO] [cadence.virtuoso.ade.gui] - Point completed {"history": "Interactive.79", "point": 1, "testname": "VT26_TOP_top_tb_TRAN"}
[2026-06-01 06:36:07.813 Z] [EVENT] [cadence.virtuoso.ade.gui] - HistoryFinished {"history": "Interactive.79", "point": 1, "testname": "VT26_TOP_top_tb_TRAN", "event": "HistoryFinished", "EventSource": "ADE GUI", "HistoryName": "Interactive.79"}
[2026-06-01 06:37:19.482 Z] [EVENT] [cadence.virtuoso.ade.gui] - NewHistoryCreated {"history": "Interactive.80", "point": 1, "testname": "VT26_TOP_top_tb_TRAN", "event": "NewHistoryCreated", "EventSource": "ADE GUI", "HistoryName": "Interactive.80", "WorkDir": "/home/saul/projects/IL2244_VT26_SAUL", "HistorySimDir": "/home/saul/projects/IL2244_VT26_SAUL/Sim/VT26_TOP/top_tb/maestro/results/maestro/Interactive.80", "HistoryResultsDir": "/home/saul/projects/IL2244_VT26_SAUL/VT26_TOP/top_tb/maestro/results/maestro"}
[2026-06-01 06:37:19.482 Z] [PROCESS] [cadence.virtuoso.ade.gui] - History Setup {"hostname": "edatools", "processid": 324695, "history": "Interactive.80", "testname": "VT26_TOP_top_tb_TRAN", "point": 1, "logfile": "/home/saul/projects/IL2244_VT26_SAUL/logs_saul/logs0/virtuoso_ade_debug.log", "jobmode": "LSCS", "runmode": "Single Run, Sweeps and Corners", "lib": "VT26_TOP", "cell": "top_tb", "view": "maestro", "icversion": "sub-version  IC6.1.8-64b.500.36 ", "runstart": "Mon Jun  1 06:37:19 2026\n", "timezonelocal": "+000", "spectreversion": "unknown", "jobpolicyname": "", "maxjobs": "unknown", "ncjobpolicyname": "", "ncmaxjobs": "unknown", "numtests": "1", "runfinished": "unknown", "runelapsed": "-1", "numcorners": "1"}
[2026-06-01 06:37:20.989 Z] [EVENT] [cadence.virtuoso.ade.pointevaluator] - NewPoint {"history": "Interactive.80", "point": 1, "testname": "VT26_TOP_top_tb_TRAN", "event": "NewPoint", "EventSource": "ADE GUI", "HistoryName": "Interactive.80", "logFile": "/home/saul/projects/IL2244_VT26_SAUL/logs_saul/logs0/virtuoso_ade_debug.log", "logFileSize": "29105"}
[2026-06-01 06:37:20.989 Z] [INFO] [cadence.virtuoso.ade.pointevaluator] - Started netlisting {"history": "Interactive.80", "point": 1, "testname": "VT26_TOP_top_tb_TRAN"}
[2026-06-01 06:37:29.091 Z] [INFO] [cadence.virtuoso.ade.pointevaluator] - Finished netlisting {"history": "Interactive.80", "point": 1, "testname": "VT26_TOP_top_tb_TRAN"}
[2026-06-01 06:37:29.092 Z] [INFO] [cadence.virtuoso.ade.pointevaluator] - Submitted {"history": "Interactive.80", "point": 1, "testname": "VT26_TOP_top_tb_TRAN"}
[2026-06-01 06:38:17.476 Z] [PROCESS] [cadence.virtuoso.ade.gui] - ln: failed to create symbolic link '/home/saul/projects/IL2244_VT26_SAUL/Sim/VT26_TOP/top_tb/maestro/results/maestro/Interactive.80/1/VT26_TOP_top_tb_TRAN/netlist/exprOutputs.log': File exists
 {"logfile": "/home/saul/projects/IL2244_VT26_SAUL/logs_saul/logs0/Job8.log"}
[2026-06-01 06:38:17.482 Z] [PROCESS] [cadence.virtuoso.ade.gui] - ln: failed to create symbolic link '/home/saul/projects/IL2244_VT26_SAUL/Sim/VT26_TOP/top_tb/maestro/results/maestro/Interactive.80/1/VT26_TOP_top_tb_TRAN/netlist/amps_evaluator.log': File exists
 {"logfile": "/home/saul/projects/IL2244_VT26_SAUL/logs_saul/logs0/Job8.log"}
[2026-06-01 06:38:19.572 Z] [INFO] [cadence.virtuoso.ade.gui] - Point completed {"history": "Interactive.80", "point": 1, "testname": "VT26_TOP_top_tb_TRAN"}
[2026-06-01 06:38:19.805 Z] [EVENT] [cadence.virtuoso.ade.gui] - HistoryFinished {"history": "Interactive.80", "point": 1, "testname": "VT26_TOP_top_tb_TRAN", "event": "HistoryFinished", "EventSource": "ADE GUI", "HistoryName": "Interactive.80"}
[2026-06-01 06:39:34.678 Z] [EVENT] [cadence.virtuoso.ade.gui] - NewHistoryCreated {"history": "Interactive.81", "point": 1, "testname": "VT26_TOP_top_tb_TRAN", "event": "NewHistoryCreated", "EventSource": "ADE GUI", "HistoryName": "Interactive.81", "WorkDir": "/home/saul/projects/IL2244_VT26_SAUL", "HistorySimDir": "/home/saul/projects/IL2244_VT26_SAUL/Sim/VT26_TOP/top_tb/maestro/results/maestro/Interactive.81", "HistoryResultsDir": "/home/saul/projects/IL2244_VT26_SAUL/VT26_TOP/top_tb/maestro/results/maestro"}
[2026-06-01 06:39:34.678 Z] [PROCESS] [cadence.virtuoso.ade.gui] - History Setup {"hostname": "edatools", "processid": 324695, "history": "Interactive.81", "testname": "VT26_TOP_top_tb_TRAN", "point": 1, "logfile": "/home/saul/projects/IL2244_VT26_SAUL/logs_saul/logs0/virtuoso_ade_debug.log", "jobmode": "LSCS", "runmode": "Single Run, Sweeps and Corners", "lib": "VT26_TOP", "cell": "top_tb", "view": "maestro", "icversion": "sub-version  IC6.1.8-64b.500.36 ", "runstart": "Mon Jun  1 06:39:34 2026\n", "timezonelocal": "+000", "spectreversion": "unknown", "jobpolicyname": "", "maxjobs": "unknown", "ncjobpolicyname": "", "ncmaxjobs": "unknown", "numtests": "1", "runfinished": "unknown", "runelapsed": "-1", "numcorners": "1"}
[2026-06-01 06:39:36.163 Z] [EVENT] [cadence.virtuoso.ade.pointevaluator] - NewPoint {"history": "Interactive.81", "point": 1, "testname": "VT26_TOP_top_tb_TRAN", "event": "NewPoint", "EventSource": "ADE GUI", "HistoryName": "Interactive.81", "logFile": "/home/saul/projects/IL2244_VT26_SAUL/logs_saul/logs0/virtuoso_ade_debug.log", "logFileSize": "32302"}
[2026-06-01 06:39:36.163 Z] [INFO] [cadence.virtuoso.ade.pointevaluator] - Started netlisting {"history": "Interactive.81", "point": 1, "testname": "VT26_TOP_top_tb_TRAN"}
[2026-06-01 06:40:22.386 Z] [INFO] [cadence.virtuoso.ade.pointevaluator] - Finished netlisting {"history": "Interactive.81", "point": 1, "testname": "VT26_TOP_top_tb_TRAN"}
[2026-06-01 06:40:22.386 Z] [INFO] [cadence.virtuoso.ade.pointevaluator] - Submitted {"history": "Interactive.81", "point": 1, "testname": "VT26_TOP_top_tb_TRAN"}
[2026-06-01 06:43:02.819 Z] [PROCESS] [cadence.virtuoso.ade.gui] - ln: failed to create symbolic link '/home/saul/projects/IL2244_VT26_SAUL/Sim/VT26_TOP/top_tb/maestro/results/maestro/Interactive.81/1/VT26_TOP_top_tb_TRAN/netlist/exprOutputs.log': File exists
 {"logfile": "/home/saul/projects/IL2244_VT26_SAUL/logs_saul/logs0/Job8.log"}
[2026-06-01 06:43:02.827 Z] [PROCESS] [cadence.virtuoso.ade.gui] - ln: failed to create symbolic link '/home/saul/projects/IL2244_VT26_SAUL/Sim/VT26_TOP/top_tb/maestro/results/maestro/Interactive.81/1/VT26_TOP_top_tb_TRAN/netlist/amps_evaluator.log': File exists
 {"logfile": "/home/saul/projects/IL2244_VT26_SAUL/logs_saul/logs0/Job8.log"}
[2026-06-01 06:43:05.568 Z] [INFO] [cadence.virtuoso.ade.gui] - Point completed {"history": "Interactive.81", "point": 1, "testname": "VT26_TOP_top_tb_TRAN"}
[2026-06-01 06:43:05.785 Z] [EVENT] [cadence.virtuoso.ade.gui] - HistoryFinished {"history": "Interactive.81", "point": 1, "testname": "VT26_TOP_top_tb_TRAN", "event": "HistoryFinished", "EventSource": "ADE GUI", "HistoryName": "Interactive.81"}
[2026-06-01 06:45:27.860 Z] [EVENT] [cadence.virtuoso.ade.gui] - NewHistoryCreated {"history": "Interactive.82", "point": 1, "testname": "VT26_TOP_top_tb_TRAN", "event": "NewHistoryCreated", "EventSource": "ADE GUI", "HistoryName": "Interactive.82", "WorkDir": "/home/saul/projects/IL2244_VT26_SAUL", "HistorySimDir": "/home/saul/projects/IL2244_VT26_SAUL/Sim/VT26_TOP/top_tb/maestro/results/maestro/Interactive.82", "HistoryResultsDir": "/home/saul/projects/IL2244_VT26_SAUL/VT26_TOP/top_tb/maestro/results/maestro"}
[2026-06-01 06:45:27.860 Z] [PROCESS] [cadence.virtuoso.ade.gui] - History Setup {"hostname": "edatools", "processid": 324695, "history": "Interactive.82", "testname": "VT26_TOP_top_tb_TRAN", "point": 1, "logfile": "/home/saul/projects/IL2244_VT26_SAUL/logs_saul/logs0/virtuoso_ade_debug.log", "jobmode": "LSCS", "runmode": "Single Run, Sweeps and Corners", "lib": "VT26_TOP", "cell": "top_tb", "view": "maestro", "icversion": "sub-version  IC6.1.8-64b.500.36 ", "runstart": "Mon Jun  1 06:45:27 2026\n", "timezonelocal": "+000", "spectreversion": "unknown", "jobpolicyname": "", "maxjobs": "unknown", "ncjobpolicyname": "", "ncmaxjobs": "unknown", "numtests": "1", "runfinished": "unknown", "runelapsed": "-1", "numcorners": "1"}
[2026-06-01 06:45:29.687 Z] [EVENT] [cadence.virtuoso.ade.pointevaluator] - NewPoint {"history": "Interactive.82", "point": 1, "testname": "VT26_TOP_top_tb_TRAN", "event": "NewPoint", "EventSource": "ADE GUI", "HistoryName": "Interactive.82", "logFile": "/home/saul/projects/IL2244_VT26_SAUL/logs_saul/logs0/virtuoso_ade_debug.log", "logFileSize": "35499"}
[2026-06-01 06:45:29.688 Z] [INFO] [cadence.virtuoso.ade.pointevaluator] - Started netlisting {"history": "Interactive.82", "point": 1, "testname": "VT26_TOP_top_tb_TRAN"}
[2026-06-01 06:45:42.426 Z] [INFO] [cadence.virtuoso.ade.pointevaluator] - Finished netlisting {"history": "Interactive.82", "point": 1, "testname": "VT26_TOP_top_tb_TRAN"}
[2026-06-01 06:45:42.427 Z] [INFO] [cadence.virtuoso.ade.pointevaluator] - Submitted {"history": "Interactive.82", "point": 1, "testname": "VT26_TOP_top_tb_TRAN"}
[2026-06-01 06:46:56.297 Z] [PROCESS] [cadence.virtuoso.ade.gui] - ln: failed to create symbolic link '/home/saul/projects/IL2244_VT26_SAUL/Sim/VT26_TOP/top_tb/maestro/results/maestro/Interactive.82/1/VT26_TOP_top_tb_TRAN/netlist/exprOutputs.log': File exists
 {"logfile": "/home/saul/projects/IL2244_VT26_SAUL/logs_saul/logs0/Job8.log"}
[2026-06-01 06:46:56.302 Z] [PROCESS] [cadence.virtuoso.ade.gui] - ln: failed to create symbolic link '/home/saul/projects/IL2244_VT26_SAUL/Sim/VT26_TOP/top_tb/maestro/results/maestro/Interactive.82/1/VT26_TOP_top_tb_TRAN/netlist/amps_evaluator.log': File exists
 {"logfile": "/home/saul/projects/IL2244_VT26_SAUL/logs_saul/logs0/Job8.log"}
[2026-06-01 06:46:57.584 Z] [INFO] [cadence.virtuoso.ade.gui] - Point completed {"history": "Interactive.82", "point": 1, "testname": "VT26_TOP_top_tb_TRAN"}
[2026-06-01 06:46:57.794 Z] [EVENT] [cadence.virtuoso.ade.gui] - HistoryFinished {"history": "Interactive.82", "point": 1, "testname": "VT26_TOP_top_tb_TRAN", "event": "HistoryFinished", "EventSource": "ADE GUI", "HistoryName": "Interactive.82"}
[2026-06-01 06:51:41.483 Z] [EVENT] [cadence.virtuoso.ade.gui] - NewHistoryCreated {"history": "Interactive.83", "point": 1, "testname": "VT26_TOP_top_tb_TRAN", "event": "NewHistoryCreated", "EventSource": "ADE GUI", "HistoryName": "Interactive.83", "WorkDir": "/home/saul/projects/IL2244_VT26_SAUL", "HistorySimDir": "/home/saul/projects/IL2244_VT26_SAUL/Sim/VT26_TOP/top_tb/maestro/results/maestro/Interactive.83", "HistoryResultsDir": "/home/saul/projects/IL2244_VT26_SAUL/VT26_TOP/top_tb/maestro/results/maestro"}
[2026-06-01 06:51:41.483 Z] [PROCESS] [cadence.virtuoso.ade.gui] - History Setup {"hostname": "edatools", "processid": 324695, "history": "Interactive.83", "testname": "VT26_TOP_top_tb_TRAN", "point": 1, "logfile": "/home/saul/projects/IL2244_VT26_SAUL/logs_saul/logs0/virtuoso_ade_debug.log", "jobmode": "LSCS", "runmode": "Single Run, Sweeps and Corners", "lib": "VT26_TOP", "cell": "top_tb", "view": "maestro", "icversion": "sub-version  IC6.1.8-64b.500.36 ", "runstart": "Mon Jun  1 06:51:41 2026\n", "timezonelocal": "+000", "spectreversion": "unknown", "jobpolicyname": "", "maxjobs": "unknown", "ncjobpolicyname": "", "ncmaxjobs": "unknown", "numtests": "1", "runfinished": "unknown", "runelapsed": "-1", "numcorners": "1"}
[2026-06-01 06:51:43.152 Z] [EVENT] [cadence.virtuoso.ade.pointevaluator] - NewPoint {"history": "Interactive.83", "point": 1, "testname": "VT26_TOP_top_tb_TRAN", "event": "NewPoint", "EventSource": "ADE GUI", "HistoryName": "Interactive.83", "logFile": "/home/saul/projects/IL2244_VT26_SAUL/logs_saul/logs0/virtuoso_ade_debug.log", "logFileSize": "38696"}
[2026-06-01 06:51:43.152 Z] [INFO] [cadence.virtuoso.ade.pointevaluator] - Started netlisting {"history": "Interactive.83", "point": 1, "testname": "VT26_TOP_top_tb_TRAN"}
[2026-06-01 06:52:16.728 Z] [INFO] [cadence.virtuoso.ade.pointevaluator] - Finished netlisting {"history": "Interactive.83", "point": 1, "testname": "VT26_TOP_top_tb_TRAN"}
[2026-06-01 06:52:16.728 Z] [INFO] [cadence.virtuoso.ade.pointevaluator] - Submitted {"history": "Interactive.83", "point": 1, "testname": "VT26_TOP_top_tb_TRAN"}
[2026-06-01 06:52:17.038 Z] [PROCESS] [cadence.virtuoso.ade.gui] - /home/saul/projects/IL2244_VT26_SAUL/.tmp_saul/.cmddir0/swiftJob9 is starting {"logfile": "/home/saul/projects/IL2244_VT26_SAUL/logs_saul/logs0/Job9.log"}
[2026-06-01 06:52:17.149 Z] [PROCESS] [cadence.virtuoso.ade.gui] - Simulation Monitor process '363725' is starting up on host 'edatools' {"logfile": "/home/saul/projects/IL2244_VT26_SAUL/logs_saul/logs0/Job9.log"}
[2026-06-01 06:55:17.858 Z] [PROCESS] [cadence.virtuoso.ade.gui] - ln: failed to create symbolic link '/home/saul/projects/IL2244_VT26_SAUL/Sim/VT26_TOP/top_tb/maestro/results/maestro/Interactive.83/1/VT26_TOP_top_tb_TRAN/netlist/exprOutputs.log': File exists
 {"logfile": "/home/saul/projects/IL2244_VT26_SAUL/logs_saul/logs0/Job9.log"}
[2026-06-01 06:55:17.859 Z] [PROCESS] [cadence.virtuoso.ade.gui] - ln: failed to create symbolic link '/home/saul/projects/IL2244_VT26_SAUL/Sim/VT26_TOP/top_tb/maestro/results/maestro/Interactive.83/1/VT26_TOP_top_tb_TRAN/netlist/amps_evaluator.log': File exists
 {"logfile": "/home/saul/projects/IL2244_VT26_SAUL/logs_saul/logs0/Job9.log"}
[2026-06-01 06:55:21.569 Z] [INFO] [cadence.virtuoso.ade.gui] - Point completed {"history": "Interactive.83", "point": 1, "testname": "VT26_TOP_top_tb_TRAN"}
[2026-06-01 06:55:21.773 Z] [EVENT] [cadence.virtuoso.ade.gui] - HistoryFinished {"history": "Interactive.83", "point": 1, "testname": "VT26_TOP_top_tb_TRAN", "event": "HistoryFinished", "EventSource": "ADE GUI", "HistoryName": "Interactive.83"}
[2026-06-01 07:10:31.055 Z] [PROCESS] [cadence.virtuoso.ade.gui] - Logging Service '349309' stopped with exit code '0' {"logfile": "/home/saul/projects/IL2244_VT26_SAUL/logs_saul/logs0/LoggingService7.log"}
[2026-06-01 07:32:50.210 Z] [EVENT] [cadence.virtuoso.ade.gui] - NewHistoryCreated {"history": "Interactive.84", "point": 1, "testname": "VT26_TOP_top_tb_TRAN", "event": "NewHistoryCreated", "EventSource": "ADE GUI", "HistoryName": "Interactive.84", "WorkDir": "/home/saul/projects/IL2244_VT26_SAUL", "HistorySimDir": "/home/saul/projects/IL2244_VT26_SAUL/Sim/VT26_TOP/top_tb/maestro/results/maestro/Interactive.84", "HistoryResultsDir": "/home/saul/projects/IL2244_VT26_SAUL/VT26_TOP/top_tb/maestro/results/maestro"}
[2026-06-01 07:32:50.211 Z] [PROCESS] [cadence.virtuoso.ade.gui] - History Setup {"hostname": "edatools", "processid": 324695, "history": "Interactive.84", "testname": "VT26_TOP_top_tb_TRAN", "point": 1, "logfile": "/home/saul/projects/IL2244_VT26_SAUL/logs_saul/logs0/virtuoso_ade_debug.log", "jobmode": "LSCS", "runmode": "Single Run, Sweeps and Corners", "lib": "VT26_TOP", "cell": "top_tb", "view": "maestro", "icversion": "sub-version  IC6.1.8-64b.500.36 ", "runstart": "Mon Jun  1 07:32:50 2026\n", "timezonelocal": "+000", "spectreversion": "unknown", "jobpolicyname": "", "maxjobs": "unknown", "ncjobpolicyname": "", "ncmaxjobs": "unknown", "numtests": "1", "runfinished": "unknown", "runelapsed": "-1", "numcorners": "1"}
[2026-06-01 07:32:51.884 Z] [EVENT] [cadence.virtuoso.ade.pointevaluator] - NewPoint {"history": "Interactive.84", "point": 1, "testname": "VT26_TOP_top_tb_TRAN", "event": "NewPoint", "EventSource": "ADE GUI", "HistoryName": "Interactive.84", "logFile": "/home/saul/projects/IL2244_VT26_SAUL/logs_saul/logs0/virtuoso_ade_debug.log", "logFileSize": "42536"}
[2026-06-01 07:32:51.884 Z] [INFO] [cadence.virtuoso.ade.pointevaluator] - Started netlisting {"history": "Interactive.84", "point": 1, "testname": "VT26_TOP_top_tb_TRAN"}
[2026-06-01 07:33:14.970 Z] [INFO] [cadence.virtuoso.ade.pointevaluator] - Finished netlisting {"history": "Interactive.84", "point": 1, "testname": "VT26_TOP_top_tb_TRAN"}
[2026-06-01 07:33:14.970 Z] [INFO] [cadence.virtuoso.ade.pointevaluator] - Submitted {"history": "Interactive.84", "point": 1, "testname": "VT26_TOP_top_tb_TRAN"}
[2026-06-01 07:33:15.916 Z] [PROCESS] [cadence.virtuoso.ade.gui] - /home/saul/projects/IL2244_VT26_SAUL/.tmp_saul/.cmddir0/swiftLoggingService10 is starting {"logfile": "/home/saul/projects/IL2244_VT26_SAUL/logs_saul/logs0/LoggingService10.log"}
[2026-06-01 07:33:16.030 Z] [PROCESS] [cadence.virtuoso.ade.gui] - /home/saul/projects/IL2244_VT26_SAUL/.tmp_saul/.cmddir0/swiftJob11 is starting {"logfile": "/home/saul/projects/IL2244_VT26_SAUL/logs_saul/logs0/Job11.log"}
[2026-06-01 07:33:16.030 Z] [PROCESS] [cadence.virtuoso.ade.gui] - Logging Service '367960' is starting up on host 'edatools' {"logfile": "/home/saul/projects/IL2244_VT26_SAUL/logs_saul/logs0/LoggingService10.log"}
[2026-06-01 07:33:16.144 Z] [PROCESS] [cadence.virtuoso.ade.gui] - Simulation Monitor process '367990' is starting up on host 'edatools' {"logfile": "/home/saul/projects/IL2244_VT26_SAUL/logs_saul/logs0/Job11.log"}
[2026-06-01 07:36:22.927 Z] [PROCESS] [cadence.virtuoso.ade.gui] - ln: failed to create symbolic link '/home/saul/projects/IL2244_VT26_SAUL/Sim/VT26_TOP/top_tb/maestro/results/maestro/Interactive.84/1/VT26_TOP_top_tb_TRAN/netlist/exprOutputs.log': File exists
 {"logfile": "/home/saul/projects/IL2244_VT26_SAUL/logs_saul/logs0/Job11.log"}
[2026-06-01 07:36:22.929 Z] [PROCESS] [cadence.virtuoso.ade.gui] - ln: failed to create symbolic link '/home/saul/projects/IL2244_VT26_SAUL/Sim/VT26_TOP/top_tb/maestro/results/maestro/Interactive.84/1/VT26_TOP_top_tb_TRAN/netlist/amps_evaluator.log': File exists
 {"logfile": "/home/saul/projects/IL2244_VT26_SAUL/logs_saul/logs0/Job11.log"}
[2026-06-01 07:36:26.581 Z] [INFO] [cadence.virtuoso.ade.gui] - Point completed {"history": "Interactive.84", "point": 1, "testname": "VT26_TOP_top_tb_TRAN"}
[2026-06-01 07:36:26.818 Z] [EVENT] [cadence.virtuoso.ade.gui] - HistoryFinished {"history": "Interactive.84", "point": 1, "testname": "VT26_TOP_top_tb_TRAN", "event": "HistoryFinished", "EventSource": "ADE GUI", "HistoryName": "Interactive.84"}
[2026-06-01 07:36:50.506 Z] [EVENT] [cadence.virtuoso.ade.gui] - NewHistoryCreated {"history": "Interactive.85", "point": 1, "testname": "VT26_TOP_top_tb_TRAN", "event": "NewHistoryCreated", "EventSource": "ADE GUI", "HistoryName": "Interactive.85", "WorkDir": "/home/saul/projects/IL2244_VT26_SAUL", "HistorySimDir": "/home/saul/projects/IL2244_VT26_SAUL/Sim/VT26_TOP/top_tb/maestro/results/maestro/Interactive.85", "HistoryResultsDir": "/home/saul/projects/IL2244_VT26_SAUL/VT26_TOP/top_tb/maestro/results/maestro"}
[2026-06-01 07:36:50.506 Z] [PROCESS] [cadence.virtuoso.ade.gui] - History Setup {"hostname": "edatools", "processid": 324695, "history": "Interactive.85", "testname": "VT26_TOP_top_tb_TRAN", "point": 1, "logfile": "/home/saul/projects/IL2244_VT26_SAUL/logs_saul/logs0/virtuoso_ade_debug.log", "jobmode": "LSCS", "runmode": "Single Run, Sweeps and Corners", "lib": "VT26_TOP", "cell": "top_tb", "view": "maestro", "icversion": "sub-version  IC6.1.8-64b.500.36 ", "runstart": "Mon Jun  1 07:36:50 2026\n", "timezonelocal": "+000", "spectreversion": "unknown", "jobpolicyname": "", "maxjobs": "unknown", "ncjobpolicyname": "", "ncmaxjobs": "unknown", "numtests": "1", "runfinished": "unknown", "runelapsed": "-1", "numcorners": "1"}
[2026-06-01 07:36:52.158 Z] [EVENT] [cadence.virtuoso.ade.pointevaluator] - NewPoint {"history": "Interactive.85", "point": 1, "testname": "VT26_TOP_top_tb_TRAN", "event": "NewPoint", "EventSource": "ADE GUI", "HistoryName": "Interactive.85", "logFile": "/home/saul/projects/IL2244_VT26_SAUL/logs_saul/logs0/virtuoso_ade_debug.log", "logFileSize": "46635"}
[2026-06-01 07:36:52.159 Z] [INFO] [cadence.virtuoso.ade.pointevaluator] - Started netlisting {"history": "Interactive.85", "point": 1, "testname": "VT26_TOP_top_tb_TRAN"}
[2026-06-01 07:37:04.658 Z] [INFO] [cadence.virtuoso.ade.pointevaluator] - Finished netlisting {"history": "Interactive.85", "point": 1, "testname": "VT26_TOP_top_tb_TRAN"}
[2026-06-01 07:37:04.659 Z] [INFO] [cadence.virtuoso.ade.pointevaluator] - Submitted {"history": "Interactive.85", "point": 1, "testname": "VT26_TOP_top_tb_TRAN"}
[2026-06-01 07:38:23.300 Z] [PROCESS] [cadence.virtuoso.ade.gui] - ln: failed to create symbolic link '/home/saul/projects/IL2244_VT26_SAUL/Sim/VT26_TOP/top_tb/maestro/results/maestro/Interactive.85/1/VT26_TOP_top_tb_TRAN/netlist/exprOutputs.log': File exists
 {"logfile": "/home/saul/projects/IL2244_VT26_SAUL/logs_saul/logs0/Job11.log"}
[2026-06-01 07:38:23.302 Z] [PROCESS] [cadence.virtuoso.ade.gui] - ln: failed to create symbolic link '/home/saul/projects/IL2244_VT26_SAUL/Sim/VT26_TOP/top_tb/maestro/results/maestro/Interactive.85/1/VT26_TOP_top_tb_TRAN/netlist/amps_evaluator.log': File exists
 {"logfile": "/home/saul/projects/IL2244_VT26_SAUL/logs_saul/logs0/Job11.log"}
[2026-06-01 07:38:25.567 Z] [INFO] [cadence.virtuoso.ade.gui] - Point completed {"history": "Interactive.85", "point": 1, "testname": "VT26_TOP_top_tb_TRAN"}
[2026-06-01 07:38:25.772 Z] [EVENT] [cadence.virtuoso.ade.gui] - HistoryFinished {"history": "Interactive.85", "point": 1, "testname": "VT26_TOP_top_tb_TRAN", "event": "HistoryFinished", "EventSource": "ADE GUI", "HistoryName": "Interactive.85"}
[2026-06-01 07:40:20.315 Z] [EVENT] [cadence.virtuoso.ade.gui] - NewHistoryCreated {"history": "Interactive.86", "point": 1, "testname": "VT26_TOP_top_tb_TRAN", "event": "NewHistoryCreated", "EventSource": "ADE GUI", "HistoryName": "Interactive.86", "WorkDir": "/home/saul/projects/IL2244_VT26_SAUL", "HistorySimDir": "/home/saul/projects/IL2244_VT26_SAUL/Sim/VT26_TOP/top_tb/maestro/results/maestro/Interactive.86", "HistoryResultsDir": "/home/saul/projects/IL2244_VT26_SAUL/VT26_TOP/top_tb/maestro/results/maestro"}
[2026-06-01 07:40:20.315 Z] [PROCESS] [cadence.virtuoso.ade.gui] - History Setup {"hostname": "edatools", "processid": 324695, "history": "Interactive.86", "testname": "VT26_TOP_top_tb_TRAN", "point": 1, "logfile": "/home/saul/projects/IL2244_VT26_SAUL/logs_saul/logs0/virtuoso_ade_debug.log", "jobmode": "LSCS", "runmode": "Single Run, Sweeps and Corners", "lib": "VT26_TOP", "cell": "top_tb", "view": "maestro", "icversion": "sub-version  IC6.1.8-64b.500.36 ", "runstart": "Mon Jun  1 07:40:20 2026\n", "timezonelocal": "+000", "spectreversion": "unknown", "jobpolicyname": "", "maxjobs": "unknown", "ncjobpolicyname": "", "ncmaxjobs": "unknown", "numtests": "1", "runfinished": "unknown", "runelapsed": "-1", "numcorners": "1"}
[2026-06-01 07:40:21.939 Z] [EVENT] [cadence.virtuoso.ade.pointevaluator] - NewPoint {"history": "Interactive.86", "point": 1, "testname": "VT26_TOP_top_tb_TRAN", "event": "NewPoint", "EventSource": "ADE GUI", "HistoryName": "Interactive.86", "logFile": "/home/saul/projects/IL2244_VT26_SAUL/logs_saul/logs0/virtuoso_ade_debug.log", "logFileSize": "49834"}
[2026-06-01 07:40:21.940 Z] [INFO] [cadence.virtuoso.ade.pointevaluator] - Started netlisting {"history": "Interactive.86", "point": 1, "testname": "VT26_TOP_top_tb_TRAN"}
[2026-06-01 07:40:32.674 Z] [INFO] [cadence.virtuoso.ade.pointevaluator] - Finished netlisting {"history": "Interactive.86", "point": 1, "testname": "VT26_TOP_top_tb_TRAN"}
[2026-06-01 07:40:32.674 Z] [INFO] [cadence.virtuoso.ade.pointevaluator] - Submitted {"history": "Interactive.86", "point": 1, "testname": "VT26_TOP_top_tb_TRAN"}
[2026-06-01 07:42:03.887 Z] [PROCESS] [cadence.virtuoso.ade.gui] - ln: failed to create symbolic link '/home/saul/projects/IL2244_VT26_SAUL/Sim/VT26_TOP/top_tb/maestro/results/maestro/Interactive.86/1/VT26_TOP_top_tb_TRAN/netlist/exprOutputs.log': File exists
 {"logfile": "/home/saul/projects/IL2244_VT26_SAUL/logs_saul/logs0/Job11.log"}
[2026-06-01 07:42:03.895 Z] [PROCESS] [cadence.virtuoso.ade.gui] - ln: failed to create symbolic link '/home/saul/projects/IL2244_VT26_SAUL/Sim/VT26_TOP/top_tb/maestro/results/maestro/Interactive.86/1/VT26_TOP_top_tb_TRAN/netlist/amps_evaluator.log': File exists
 {"logfile": "/home/saul/projects/IL2244_VT26_SAUL/logs_saul/logs0/Job11.log"}
[2026-06-01 07:42:05.573 Z] [INFO] [cadence.virtuoso.ade.gui] - Point completed {"history": "Interactive.86", "point": 1, "testname": "VT26_TOP_top_tb_TRAN"}
[2026-06-01 07:42:05.832 Z] [EVENT] [cadence.virtuoso.ade.gui] - HistoryFinished {"history": "Interactive.86", "point": 1, "testname": "VT26_TOP_top_tb_TRAN", "event": "HistoryFinished", "EventSource": "ADE GUI", "HistoryName": "Interactive.86"}
[2026-06-01 07:44:04.378 Z] [EVENT] [cadence.virtuoso.ade.gui] - NewHistoryCreated {"history": "Interactive.87", "point": 1, "testname": "VT26_TOP_top_tb_TRAN", "event": "NewHistoryCreated", "EventSource": "ADE GUI", "HistoryName": "Interactive.87", "WorkDir": "/home/saul/projects/IL2244_VT26_SAUL", "HistorySimDir": "/home/saul/projects/IL2244_VT26_SAUL/Sim/VT26_TOP/top_tb/maestro/results/maestro/Interactive.87", "HistoryResultsDir": "/home/saul/projects/IL2244_VT26_SAUL/VT26_TOP/top_tb/maestro/results/maestro"}
[2026-06-01 07:44:04.378 Z] [PROCESS] [cadence.virtuoso.ade.gui] - History Setup {"hostname": "edatools", "processid": 324695, "history": "Interactive.87", "testname": "VT26_TOP_top_tb_TRAN", "point": 1, "logfile": "/home/saul/projects/IL2244_VT26_SAUL/logs_saul/logs0/virtuoso_ade_debug.log", "jobmode": "LSCS", "runmode": "Single Run, Sweeps and Corners", "lib": "VT26_TOP", "cell": "top_tb", "view": "maestro", "icversion": "sub-version  IC6.1.8-64b.500.36 ", "runstart": "Mon Jun  1 07:44:04 2026\n", "timezonelocal": "+000", "spectreversion": "unknown", "jobpolicyname": "", "maxjobs": "unknown", "ncjobpolicyname": "", "ncmaxjobs": "unknown", "numtests": "1", "runfinished": "unknown", "runelapsed": "-1", "numcorners": "1"}
[2026-06-01 07:44:05.990 Z] [EVENT] [cadence.virtuoso.ade.pointevaluator] - NewPoint {"history": "Interactive.87", "point": 1, "testname": "VT26_TOP_top_tb_TRAN", "event": "NewPoint", "EventSource": "ADE GUI", "HistoryName": "Interactive.87", "logFile": "/home/saul/projects/IL2244_VT26_SAUL/logs_saul/logs0/virtuoso_ade_debug.log", "logFileSize": "53033"}
[2026-06-01 07:44:05.991 Z] [INFO] [cadence.virtuoso.ade.pointevaluator] - Started netlisting {"history": "Interactive.87", "point": 1, "testname": "VT26_TOP_top_tb_TRAN"}
[2026-06-01 07:44:16.556 Z] [INFO] [cadence.virtuoso.ade.pointevaluator] - Finished netlisting {"history": "Interactive.87", "point": 1, "testname": "VT26_TOP_top_tb_TRAN"}
[2026-06-01 07:44:16.556 Z] [INFO] [cadence.virtuoso.ade.pointevaluator] - Submitted {"history": "Interactive.87", "point": 1, "testname": "VT26_TOP_top_tb_TRAN"}
[2026-06-01 07:45:09.517 Z] [PROCESS] [cadence.virtuoso.ade.gui] - ln: failed to create symbolic link '/home/saul/projects/IL2244_VT26_SAUL/Sim/VT26_TOP/top_tb/maestro/results/maestro/Interactive.87/1/VT26_TOP_top_tb_TRAN/netlist/exprOutputs.log': File exists
 {"logfile": "/home/saul/projects/IL2244_VT26_SAUL/logs_saul/logs0/Job11.log"}
[2026-06-01 07:45:09.525 Z] [PROCESS] [cadence.virtuoso.ade.gui] - ln: failed to create symbolic link '/home/saul/projects/IL2244_VT26_SAUL/Sim/VT26_TOP/top_tb/maestro/results/maestro/Interactive.87/1/VT26_TOP_top_tb_TRAN/netlist/amps_evaluator.log': File exists
 {"logfile": "/home/saul/projects/IL2244_VT26_SAUL/logs_saul/logs0/Job11.log"}
[2026-06-01 07:45:11.574 Z] [INFO] [cadence.virtuoso.ade.gui] - Point completed {"history": "Interactive.87", "point": 1, "testname": "VT26_TOP_top_tb_TRAN"}
[2026-06-01 07:45:11.781 Z] [EVENT] [cadence.virtuoso.ade.gui] - HistoryFinished {"history": "Interactive.87", "point": 1, "testname": "VT26_TOP_top_tb_TRAN", "event": "HistoryFinished", "EventSource": "ADE GUI", "HistoryName": "Interactive.87"}
[2026-06-01 07:46:33.082 Z] [EVENT] [cadence.virtuoso.ade.gui] - NewHistoryCreated {"history": "Interactive.88", "point": 1, "testname": "VT26_TOP_top_tb_TRAN", "event": "NewHistoryCreated", "EventSource": "ADE GUI", "HistoryName": "Interactive.88", "WorkDir": "/home/saul/projects/IL2244_VT26_SAUL", "HistorySimDir": "/home/saul/projects/IL2244_VT26_SAUL/Sim/VT26_TOP/top_tb/maestro/results/maestro/Interactive.88", "HistoryResultsDir": "/home/saul/projects/IL2244_VT26_SAUL/VT26_TOP/top_tb/maestro/results/maestro"}
[2026-06-01 07:46:33.082 Z] [PROCESS] [cadence.virtuoso.ade.gui] - History Setup {"hostname": "edatools", "processid": 324695, "history": "Interactive.88", "testname": "VT26_TOP_top_tb_TRAN", "point": 1, "logfile": "/home/saul/projects/IL2244_VT26_SAUL/logs_saul/logs0/virtuoso_ade_debug.log", "jobmode": "LSCS", "runmode": "Single Run, Sweeps and Corners", "lib": "VT26_TOP", "cell": "top_tb", "view": "maestro", "icversion": "sub-version  IC6.1.8-64b.500.36 ", "runstart": "Mon Jun  1 07:46:33 2026\n", "timezonelocal": "+000", "spectreversion": "unknown", "jobpolicyname": "", "maxjobs": "unknown", "ncjobpolicyname": "", "ncmaxjobs": "unknown", "numtests": "1", "runfinished": "unknown", "runelapsed": "-1", "numcorners": "1"}
[2026-06-01 07:46:34.641 Z] [EVENT] [cadence.virtuoso.ade.pointevaluator] - NewPoint {"history": "Interactive.88", "point": 1, "testname": "VT26_TOP_top_tb_TRAN", "event": "NewPoint", "EventSource": "ADE GUI", "HistoryName": "Interactive.88", "logFile": "/home/saul/projects/IL2244_VT26_SAUL/logs_saul/logs0/virtuoso_ade_debug.log", "logFileSize": "56232"}
[2026-06-01 07:46:34.642 Z] [INFO] [cadence.virtuoso.ade.pointevaluator] - Started netlisting {"history": "Interactive.88", "point": 1, "testname": "VT26_TOP_top_tb_TRAN"}
[2026-06-01 07:46:45.443 Z] [INFO] [cadence.virtuoso.ade.pointevaluator] - Finished netlisting {"history": "Interactive.88", "point": 1, "testname": "VT26_TOP_top_tb_TRAN"}
[2026-06-01 07:46:45.443 Z] [INFO] [cadence.virtuoso.ade.pointevaluator] - Submitted {"history": "Interactive.88", "point": 1, "testname": "VT26_TOP_top_tb_TRAN"}
[2026-06-01 07:47:39.887 Z] [PROCESS] [cadence.virtuoso.ade.gui] - ln: failed to create symbolic link '/home/saul/projects/IL2244_VT26_SAUL/Sim/VT26_TOP/top_tb/maestro/results/maestro/Interactive.88/1/VT26_TOP_top_tb_TRAN/netlist/exprOutputs.log': File exists
 {"logfile": "/home/saul/projects/IL2244_VT26_SAUL/logs_saul/logs0/Job11.log"}
[2026-06-01 07:47:39.890 Z] [PROCESS] [cadence.virtuoso.ade.gui] - ln: failed to create symbolic link '/home/saul/projects/IL2244_VT26_SAUL/Sim/VT26_TOP/top_tb/maestro/results/maestro/Interactive.88/1/VT26_TOP_top_tb_TRAN/netlist/amps_evaluator.log': File exists
 {"logfile": "/home/saul/projects/IL2244_VT26_SAUL/logs_saul/logs0/Job11.log"}
[2026-06-01 07:47:41.570 Z] [INFO] [cadence.virtuoso.ade.gui] - Point completed {"history": "Interactive.88", "point": 1, "testname": "VT26_TOP_top_tb_TRAN"}
[2026-06-01 07:47:41.789 Z] [EVENT] [cadence.virtuoso.ade.gui] - HistoryFinished {"history": "Interactive.88", "point": 1, "testname": "VT26_TOP_top_tb_TRAN", "event": "HistoryFinished", "EventSource": "ADE GUI", "HistoryName": "Interactive.88"}
[2026-06-01 07:53:19.513 Z] [EVENT] [cadence.virtuoso.ade.gui] - NewHistoryCreated {"history": "Interactive.89", "point": 1, "testname": "VT26_TOP_top_tb_TRAN", "event": "NewHistoryCreated", "EventSource": "ADE GUI", "HistoryName": "Interactive.89", "WorkDir": "/home/saul/projects/IL2244_VT26_SAUL", "HistorySimDir": "/home/saul/projects/IL2244_VT26_SAUL/Sim/VT26_TOP/top_tb/maestro/results/maestro/Interactive.89", "HistoryResultsDir": "/home/saul/projects/IL2244_VT26_SAUL/VT26_TOP/top_tb/maestro/results/maestro"}
[2026-06-01 07:53:19.514 Z] [PROCESS] [cadence.virtuoso.ade.gui] - History Setup {"hostname": "edatools", "processid": 324695, "history": "Interactive.89", "testname": "VT26_TOP_top_tb_TRAN", "point": 1, "logfile": "/home/saul/projects/IL2244_VT26_SAUL/logs_saul/logs0/virtuoso_ade_debug.log", "jobmode": "LSCS", "runmode": "Single Run, Sweeps and Corners", "lib": "VT26_TOP", "cell": "top_tb", "view": "maestro", "icversion": "sub-version  IC6.1.8-64b.500.36 ", "runstart": "Mon Jun  1 07:53:19 2026\n", "timezonelocal": "+000", "spectreversion": "unknown", "jobpolicyname": "", "maxjobs": "unknown", "ncjobpolicyname": "", "ncmaxjobs": "unknown", "numtests": "1", "runfinished": "unknown", "runelapsed": "-1", "numcorners": "1"}
[2026-06-01 07:53:21.172 Z] [EVENT] [cadence.virtuoso.ade.pointevaluator] - NewPoint {"history": "Interactive.89", "point": 1, "testname": "VT26_TOP_top_tb_TRAN", "event": "NewPoint", "EventSource": "ADE GUI", "HistoryName": "Interactive.89", "logFile": "/home/saul/projects/IL2244_VT26_SAUL/logs_saul/logs0/virtuoso_ade_debug.log", "logFileSize": "59431"}
[2026-06-01 07:53:21.172 Z] [INFO] [cadence.virtuoso.ade.pointevaluator] - Started netlisting {"history": "Interactive.89", "point": 1, "testname": "VT26_TOP_top_tb_TRAN"}
[2026-06-01 07:53:31.618 Z] [INFO] [cadence.virtuoso.ade.pointevaluator] - Finished netlisting {"history": "Interactive.89", "point": 1, "testname": "VT26_TOP_top_tb_TRAN"}
[2026-06-01 07:53:31.618 Z] [INFO] [cadence.virtuoso.ade.pointevaluator] - Submitted {"history": "Interactive.89", "point": 1, "testname": "VT26_TOP_top_tb_TRAN"}
[2026-06-01 07:53:31.857 Z] [PROCESS] [cadence.virtuoso.ade.gui] - /home/saul/projects/IL2244_VT26_SAUL/.tmp_saul/.cmddir0/swiftJob12 is starting {"logfile": "/home/saul/projects/IL2244_VT26_SAUL/logs_saul/logs0/Job12.log"}
[2026-06-01 07:53:32.163 Z] [PROCESS] [cadence.virtuoso.ade.gui] - Simulation Monitor process '380367' is starting up on host 'edatools' {"logfile": "/home/saul/projects/IL2244_VT26_SAUL/logs_saul/logs0/Job12.log"}
[2026-06-01 07:54:25.379 Z] [PROCESS] [cadence.virtuoso.ade.gui] - ln: failed to create symbolic link '/home/saul/projects/IL2244_VT26_SAUL/Sim/VT26_TOP/top_tb/maestro/results/maestro/Interactive.89/1/VT26_TOP_top_tb_TRAN/netlist/exprOutputs.log': File exists
 {"logfile": "/home/saul/projects/IL2244_VT26_SAUL/logs_saul/logs0/Job12.log"}
[2026-06-01 07:54:25.381 Z] [PROCESS] [cadence.virtuoso.ade.gui] - ln: failed to create symbolic link '/home/saul/projects/IL2244_VT26_SAUL/Sim/VT26_TOP/top_tb/maestro/results/maestro/Interactive.89/1/VT26_TOP_top_tb_TRAN/netlist/amps_evaluator.log': File exists
 {"logfile": "/home/saul/projects/IL2244_VT26_SAUL/logs_saul/logs0/Job12.log"}
[2026-06-01 07:54:27.567 Z] [INFO] [cadence.virtuoso.ade.gui] - Point completed {"history": "Interactive.89", "point": 1, "testname": "VT26_TOP_top_tb_TRAN"}
[2026-06-01 07:54:27.821 Z] [EVENT] [cadence.virtuoso.ade.gui] - HistoryFinished {"history": "Interactive.89", "point": 1, "testname": "VT26_TOP_top_tb_TRAN", "event": "HistoryFinished", "EventSource": "ADE GUI", "HistoryName": "Interactive.89"}
[2026-06-01 08:09:17.235 Z] [EVENT] [cadence.virtuoso.ade.gui] - NewHistoryCreated {"history": "Interactive.90", "point": 1, "testname": "VT26_TOP_top_tb_TRAN", "event": "NewHistoryCreated", "EventSource": "ADE GUI", "HistoryName": "Interactive.90", "WorkDir": "/home/saul/projects/IL2244_VT26_SAUL", "HistorySimDir": "/home/saul/projects/IL2244_VT26_SAUL/Sim/VT26_TOP/top_tb/maestro/results/maestro/Interactive.90", "HistoryResultsDir": "/home/saul/projects/IL2244_VT26_SAUL/VT26_TOP/top_tb/maestro/results/maestro"}
[2026-06-01 08:09:17.235 Z] [PROCESS] [cadence.virtuoso.ade.gui] - History Setup {"hostname": "edatools", "processid": 324695, "history": "Interactive.90", "testname": "VT26_TOP_top_tb_TRAN", "point": 1, "logfile": "/home/saul/projects/IL2244_VT26_SAUL/logs_saul/logs0/virtuoso_ade_debug.log", "jobmode": "LSCS", "runmode": "Single Run, Sweeps and Corners", "lib": "VT26_TOP", "cell": "top_tb", "view": "maestro", "icversion": "sub-version  IC6.1.8-64b.500.36 ", "runstart": "Mon Jun  1 08:09:17 2026\n", "timezonelocal": "+000", "spectreversion": "unknown", "jobpolicyname": "", "maxjobs": "unknown", "ncjobpolicyname": "", "ncmaxjobs": "unknown", "numtests": "1", "runfinished": "unknown", "runelapsed": "-1", "numcorners": "1"}
[2026-06-01 08:09:18.999 Z] [EVENT] [cadence.virtuoso.ade.pointevaluator] - NewPoint {"history": "Interactive.90", "point": 1, "testname": "VT26_TOP_top_tb_TRAN", "event": "NewPoint", "EventSource": "ADE GUI", "HistoryName": "Interactive.90", "logFile": "/home/saul/projects/IL2244_VT26_SAUL/logs_saul/logs0/virtuoso_ade_debug.log", "logFileSize": "63069"}
[2026-06-01 08:09:18.999 Z] [INFO] [cadence.virtuoso.ade.pointevaluator] - Started netlisting {"history": "Interactive.90", "point": 1, "testname": "VT26_TOP_top_tb_TRAN"}
[2026-06-01 08:10:04.867 Z] [INFO] [cadence.virtuoso.ade.pointevaluator] - Finished netlisting {"history": "Interactive.90", "point": 1, "testname": "VT26_TOP_top_tb_TRAN"}
[2026-06-01 08:10:04.868 Z] [INFO] [cadence.virtuoso.ade.pointevaluator] - Submitted {"history": "Interactive.90", "point": 1, "testname": "VT26_TOP_top_tb_TRAN"}
[2026-06-01 08:10:05.267 Z] [PROCESS] [cadence.virtuoso.ade.gui] - /home/saul/projects/IL2244_VT26_SAUL/.tmp_saul/.cmddir0/swiftJob13 is starting {"logfile": "/home/saul/projects/IL2244_VT26_SAUL/logs_saul/logs0/Job13.log"}
[2026-06-01 08:10:05.649 Z] [PROCESS] [cadence.virtuoso.ade.gui] - Simulation Monitor process '384690' is starting up on host 'edatools' {"logfile": "/home/saul/projects/IL2244_VT26_SAUL/logs_saul/logs0/Job13.log"}
[2026-06-01 08:12:48.580 Z] [PROCESS] [cadence.virtuoso.ade.gui] - ln: failed to create symbolic link '/home/saul/projects/IL2244_VT26_SAUL/Sim/VT26_TOP/top_tb/maestro/results/maestro/Interactive.90/1/VT26_TOP_top_tb_TRAN/netlist/exprOutputs.log': File exists
 {"logfile": "/home/saul/projects/IL2244_VT26_SAUL/logs_saul/logs0/Job13.log"}
[2026-06-01 08:12:48.582 Z] [PROCESS] [cadence.virtuoso.ade.gui] - ln: failed to create symbolic link '/home/saul/projects/IL2244_VT26_SAUL/Sim/VT26_TOP/top_tb/maestro/results/maestro/Interactive.90/1/VT26_TOP_top_tb_TRAN/netlist/amps_evaluator.log': File exists
 {"logfile": "/home/saul/projects/IL2244_VT26_SAUL/logs_saul/logs0/Job13.log"}
[2026-06-01 08:12:51.563 Z] [INFO] [cadence.virtuoso.ade.gui] - Point completed {"history": "Interactive.90", "point": 1, "testname": "VT26_TOP_top_tb_TRAN"}
[2026-06-01 08:12:51.759 Z] [EVENT] [cadence.virtuoso.ade.gui] - HistoryFinished {"history": "Interactive.90", "point": 1, "testname": "VT26_TOP_top_tb_TRAN", "event": "HistoryFinished", "EventSource": "ADE GUI", "HistoryName": "Interactive.90"}
[2026-06-01 08:27:59.881 Z] [PROCESS] [cadence.virtuoso.ade.gui] - Logging Service '367960' stopped with exit code '0' {"logfile": "/home/saul/projects/IL2244_VT26_SAUL/logs_saul/logs0/LoggingService10.log"}
[2026-06-01 10:41:58.530 Z] [EVENT] [cadence.virtuoso.ade.gui] - NewHistoryCreated {"history": "Interactive.91", "point": 1, "testname": "VT26_TOP_top_tb_TRAN", "event": "NewHistoryCreated", "EventSource": "ADE GUI", "HistoryName": "Interactive.91", "WorkDir": "/home/saul/projects/IL2244_VT26_SAUL", "HistorySimDir": "/home/saul/projects/IL2244_VT26_SAUL/Sim/VT26_TOP/top_tb/maestro/results/maestro/Interactive.91", "HistoryResultsDir": "/home/saul/projects/IL2244_VT26_SAUL/VT26_TOP/top_tb/maestro/results/maestro"}
[2026-06-01 10:41:58.531 Z] [PROCESS] [cadence.virtuoso.ade.gui] - History Setup {"hostname": "edatools", "processid": 324695, "history": "Interactive.91", "testname": "VT26_TOP_top_tb_TRAN", "point": 1, "logfile": "/home/saul/projects/IL2244_VT26_SAUL/logs_saul/logs0/virtuoso_ade_debug.log", "jobmode": "LSCS", "runmode": "Single Run, Sweeps and Corners", "lib": "VT26_TOP", "cell": "top_tb", "view": "maestro", "icversion": "sub-version  IC6.1.8-64b.500.36 ", "runstart": "Mon Jun  1 10:41:58 2026\n", "timezonelocal": "+000", "spectreversion": "unknown", "jobpolicyname": "", "maxjobs": "unknown", "ncjobpolicyname": "", "ncmaxjobs": "unknown", "numtests": "1", "runfinished": "unknown", "runelapsed": "-1", "numcorners": "1"}
[2026-06-01 10:42:00.493 Z] [EVENT] [cadence.virtuoso.ade.pointevaluator] - NewPoint {"history": "Interactive.91", "point": 1, "testname": "VT26_TOP_top_tb_TRAN", "event": "NewPoint", "EventSource": "ADE GUI", "HistoryName": "Interactive.91", "logFile": "/home/saul/projects/IL2244_VT26_SAUL/logs_saul/logs0/virtuoso_ade_debug.log", "logFileSize": "66915"}
[2026-06-01 10:42:00.494 Z] [INFO] [cadence.virtuoso.ade.pointevaluator] - Started netlisting {"history": "Interactive.91", "point": 1, "testname": "VT26_TOP_top_tb_TRAN"}
[2026-06-01 10:42:30.371 Z] [INFO] [cadence.virtuoso.ade.pointevaluator] - Finished netlisting {"history": "Interactive.91", "point": 1, "testname": "VT26_TOP_top_tb_TRAN"}
[2026-06-01 10:42:30.372 Z] [INFO] [cadence.virtuoso.ade.pointevaluator] - Submitted {"history": "Interactive.91", "point": 1, "testname": "VT26_TOP_top_tb_TRAN"}
[2026-06-01 10:42:30.737 Z] [PROCESS] [cadence.virtuoso.ade.gui] - /home/saul/projects/IL2244_VT26_SAUL/.tmp_saul/.cmddir0/swiftLoggingService14 is starting {"logfile": "/home/saul/projects/IL2244_VT26_SAUL/logs_saul/logs0/LoggingService14.log"}
[2026-06-01 10:42:30.857 Z] [PROCESS] [cadence.virtuoso.ade.gui] - /home/saul/projects/IL2244_VT26_SAUL/.tmp_saul/.cmddir0/swiftJob15 is starting {"logfile": "/home/saul/projects/IL2244_VT26_SAUL/logs_saul/logs0/Job15.log"}
[2026-06-01 10:42:30.858 Z] [PROCESS] [cadence.virtuoso.ade.gui] - Logging Service '390163' is starting up on host 'edatools' {"logfile": "/home/saul/projects/IL2244_VT26_SAUL/logs_saul/logs0/LoggingService14.log"}
[2026-06-01 10:42:31.185 Z] [PROCESS] [cadence.virtuoso.ade.gui] - Simulation Monitor process '390192' is starting up on host 'edatools' {"logfile": "/home/saul/projects/IL2244_VT26_SAUL/logs_saul/logs0/Job15.log"}
[2026-06-01 10:45:12.912 Z] [PROCESS] [cadence.virtuoso.ade.gui] - ln: failed to create symbolic link '/home/saul/projects/IL2244_VT26_SAUL/Sim/VT26_TOP/top_tb/maestro/results/maestro/Interactive.91/1/VT26_TOP_top_tb_TRAN/netlist/exprOutputs.log': File exists
 {"logfile": "/home/saul/projects/IL2244_VT26_SAUL/logs_saul/logs0/Job15.log"}
[2026-06-01 10:45:12.916 Z] [PROCESS] [cadence.virtuoso.ade.gui] - ln: failed to create symbolic link '/home/saul/projects/IL2244_VT26_SAUL/Sim/VT26_TOP/top_tb/maestro/results/maestro/Interactive.91/1/VT26_TOP_top_tb_TRAN/netlist/amps_evaluator.log': File exists
 {"logfile": "/home/saul/projects/IL2244_VT26_SAUL/logs_saul/logs0/Job15.log"}
[2026-06-01 10:45:14.567 Z] [INFO] [cadence.virtuoso.ade.gui] - Point completed {"history": "Interactive.91", "point": 1, "testname": "VT26_TOP_top_tb_TRAN"}
[2026-06-01 10:45:14.783 Z] [EVENT] [cadence.virtuoso.ade.gui] - HistoryFinished {"history": "Interactive.91", "point": 1, "testname": "VT26_TOP_top_tb_TRAN", "event": "HistoryFinished", "EventSource": "ADE GUI", "HistoryName": "Interactive.91"}
[2026-06-01 10:46:23.743 Z] [EVENT] [cadence.virtuoso.ade.gui] - NewHistoryCreated {"history": "Interactive.92", "point": 1, "testname": "VT26_TOP_top_tb_TRAN", "event": "NewHistoryCreated", "EventSource": "ADE GUI", "HistoryName": "Interactive.92", "WorkDir": "/home/saul/projects/IL2244_VT26_SAUL", "HistorySimDir": "/home/saul/projects/IL2244_VT26_SAUL/Sim/VT26_TOP/top_tb/maestro/results/maestro/Interactive.92", "HistoryResultsDir": "/home/saul/projects/IL2244_VT26_SAUL/VT26_TOP/top_tb/maestro/results/maestro"}
[2026-06-01 10:46:23.743 Z] [PROCESS] [cadence.virtuoso.ade.gui] - History Setup {"hostname": "edatools", "processid": 324695, "history": "Interactive.92", "testname": "VT26_TOP_top_tb_TRAN", "point": 1, "logfile": "/home/saul/projects/IL2244_VT26_SAUL/logs_saul/logs0/virtuoso_ade_debug.log", "jobmode": "LSCS", "runmode": "Single Run, Sweeps and Corners", "lib": "VT26_TOP", "cell": "top_tb", "view": "maestro", "icversion": "sub-version  IC6.1.8-64b.500.36 ", "runstart": "Mon Jun  1 10:46:23 2026\n", "timezonelocal": "+000", "spectreversion": "unknown", "jobpolicyname": "", "maxjobs": "unknown", "ncjobpolicyname": "", "ncmaxjobs": "unknown", "numtests": "1", "runfinished": "unknown", "runelapsed": "-1", "numcorners": "1"}
[2026-06-01 10:46:25.395 Z] [EVENT] [cadence.virtuoso.ade.pointevaluator] - NewPoint {"history": "Interactive.92", "point": 1, "testname": "VT26_TOP_top_tb_TRAN", "event": "NewPoint", "EventSource": "ADE GUI", "HistoryName": "Interactive.92", "logFile": "/home/saul/projects/IL2244_VT26_SAUL/logs_saul/logs0/virtuoso_ade_debug.log", "logFileSize": "71014"}
[2026-06-01 10:46:25.396 Z] [INFO] [cadence.virtuoso.ade.pointevaluator] - Started netlisting {"history": "Interactive.92", "point": 1, "testname": "VT26_TOP_top_tb_TRAN"}
[2026-06-01 10:46:55.569 Z] [INFO] [cadence.virtuoso.ade.pointevaluator] - Finished netlisting {"history": "Interactive.92", "point": 1, "testname": "VT26_TOP_top_tb_TRAN"}
[2026-06-01 10:46:55.570 Z] [INFO] [cadence.virtuoso.ade.pointevaluator] - Submitted {"history": "Interactive.92", "point": 1, "testname": "VT26_TOP_top_tb_TRAN"}
[2026-06-01 10:49:40.544 Z] [PROCESS] [cadence.virtuoso.ade.gui] - ln: failed to create symbolic link '/home/saul/projects/IL2244_VT26_SAUL/Sim/VT26_TOP/top_tb/maestro/results/maestro/Interactive.92/1/VT26_TOP_top_tb_TRAN/netlist/exprOutputs.log': File exists
 {"logfile": "/home/saul/projects/IL2244_VT26_SAUL/logs_saul/logs0/Job15.log"}
[2026-06-01 10:49:40.551 Z] [PROCESS] [cadence.virtuoso.ade.gui] - ln: failed to create symbolic link '/home/saul/projects/IL2244_VT26_SAUL/Sim/VT26_TOP/top_tb/maestro/results/maestro/Interactive.92/1/VT26_TOP_top_tb_TRAN/netlist/amps_evaluator.log': File exists
 {"logfile": "/home/saul/projects/IL2244_VT26_SAUL/logs_saul/logs0/Job15.log"}
[2026-06-01 10:49:42.567 Z] [INFO] [cadence.virtuoso.ade.gui] - Point completed {"history": "Interactive.92", "point": 1, "testname": "VT26_TOP_top_tb_TRAN"}
[2026-06-01 10:49:42.832 Z] [EVENT] [cadence.virtuoso.ade.gui] - HistoryFinished {"history": "Interactive.92", "point": 1, "testname": "VT26_TOP_top_tb_TRAN", "event": "HistoryFinished", "EventSource": "ADE GUI", "HistoryName": "Interactive.92"}
[2026-06-01 10:51:41.255 Z] [EVENT] [cadence.virtuoso.ade.gui] - NewHistoryCreated {"history": "Interactive.93", "point": 1, "testname": "VT26_TOP_top_tb_TRAN", "event": "NewHistoryCreated", "EventSource": "ADE GUI", "HistoryName": "Interactive.93", "WorkDir": "/home/saul/projects/IL2244_VT26_SAUL", "HistorySimDir": "/home/saul/projects/IL2244_VT26_SAUL/Sim/VT26_TOP/top_tb/maestro/results/maestro/Interactive.93", "HistoryResultsDir": "/home/saul/projects/IL2244_VT26_SAUL/VT26_TOP/top_tb/maestro/results/maestro"}
[2026-06-01 10:51:41.255 Z] [PROCESS] [cadence.virtuoso.ade.gui] - History Setup {"hostname": "edatools", "processid": 324695, "history": "Interactive.93", "testname": "VT26_TOP_top_tb_TRAN", "point": 1, "logfile": "/home/saul/projects/IL2244_VT26_SAUL/logs_saul/logs0/virtuoso_ade_debug.log", "jobmode": "LSCS", "runmode": "Single Run, Sweeps and Corners", "lib": "VT26_TOP", "cell": "top_tb", "view": "maestro", "icversion": "sub-version  IC6.1.8-64b.500.36 ", "runstart": "Mon Jun  1 10:51:41 2026\n", "timezonelocal": "+000", "spectreversion": "unknown", "jobpolicyname": "", "maxjobs": "unknown", "ncjobpolicyname": "", "ncmaxjobs": "unknown", "numtests": "1", "runfinished": "unknown", "runelapsed": "-1", "numcorners": "1"}
[2026-06-01 10:51:42.910 Z] [EVENT] [cadence.virtuoso.ade.pointevaluator] - NewPoint {"history": "Interactive.93", "point": 1, "testname": "VT26_TOP_top_tb_TRAN", "event": "NewPoint", "EventSource": "ADE GUI", "HistoryName": "Interactive.93", "logFile": "/home/saul/projects/IL2244_VT26_SAUL/logs_saul/logs0/virtuoso_ade_debug.log", "logFileSize": "74213"}
[2026-06-01 10:51:42.910 Z] [INFO] [cadence.virtuoso.ade.pointevaluator] - Started netlisting {"history": "Interactive.93", "point": 1, "testname": "VT26_TOP_top_tb_TRAN"}
[2026-06-01 10:52:13.116 Z] [INFO] [cadence.virtuoso.ade.pointevaluator] - Finished netlisting {"history": "Interactive.93", "point": 1, "testname": "VT26_TOP_top_tb_TRAN"}
[2026-06-01 10:52:13.116 Z] [INFO] [cadence.virtuoso.ade.pointevaluator] - Submitted {"history": "Interactive.93", "point": 1, "testname": "VT26_TOP_top_tb_TRAN"}
[2026-06-01 10:54:42.783 Z] [PROCESS] [cadence.virtuoso.ade.gui] - ln: failed to create symbolic link '/home/saul/projects/IL2244_VT26_SAUL/Sim/VT26_TOP/top_tb/maestro/results/maestro/Interactive.93/1/VT26_TOP_top_tb_TRAN/netlist/exprOutputs.log': File exists
 {"logfile": "/home/saul/projects/IL2244_VT26_SAUL/logs_saul/logs0/Job15.log"}
[2026-06-01 10:54:42.784 Z] [PROCESS] [cadence.virtuoso.ade.gui] - ln: failed to create symbolic link '/home/saul/projects/IL2244_VT26_SAUL/Sim/VT26_TOP/top_tb/maestro/results/maestro/Interactive.93/1/VT26_TOP_top_tb_TRAN/netlist/amps_evaluator.log': File exists
 {"logfile": "/home/saul/projects/IL2244_VT26_SAUL/logs_saul/logs0/Job15.log"}
[2026-06-01 10:54:44.562 Z] [INFO] [cadence.virtuoso.ade.gui] - Point completed {"history": "Interactive.93", "point": 1, "testname": "VT26_TOP_top_tb_TRAN"}
[2026-06-01 10:54:44.750 Z] [EVENT] [cadence.virtuoso.ade.gui] - HistoryFinished {"history": "Interactive.93", "point": 1, "testname": "VT26_TOP_top_tb_TRAN", "event": "HistoryFinished", "EventSource": "ADE GUI", "HistoryName": "Interactive.93"}
[2026-06-01 10:57:42.531 Z] [EVENT] [cadence.virtuoso.ade.gui] - NewHistoryCreated {"history": "Interactive.94", "point": 1, "testname": "VT26_TOP_top_tb_TRAN", "event": "NewHistoryCreated", "EventSource": "ADE GUI", "HistoryName": "Interactive.94", "WorkDir": "/home/saul/projects/IL2244_VT26_SAUL", "HistorySimDir": "/home/saul/projects/IL2244_VT26_SAUL/Sim/VT26_TOP/top_tb/maestro/results/maestro/Interactive.94", "HistoryResultsDir": "/home/saul/projects/IL2244_VT26_SAUL/VT26_TOP/top_tb/maestro/results/maestro"}
[2026-06-01 10:57:42.531 Z] [PROCESS] [cadence.virtuoso.ade.gui] - History Setup {"hostname": "edatools", "processid": 324695, "history": "Interactive.94", "testname": "VT26_TOP_top_tb_TRAN", "point": 1, "logfile": "/home/saul/projects/IL2244_VT26_SAUL/logs_saul/logs0/virtuoso_ade_debug.log", "jobmode": "LSCS", "runmode": "Single Run, Sweeps and Corners", "lib": "VT26_TOP", "cell": "top_tb", "view": "maestro", "icversion": "sub-version  IC6.1.8-64b.500.36 ", "runstart": "Mon Jun  1 10:57:42 2026\n", "timezonelocal": "+000", "spectreversion": "unknown", "jobpolicyname": "", "maxjobs": "unknown", "ncjobpolicyname": "", "ncmaxjobs": "unknown", "numtests": "1", "runfinished": "unknown", "runelapsed": "-1", "numcorners": "1"}
[2026-06-01 10:57:44.605 Z] [EVENT] [cadence.virtuoso.ade.pointevaluator] - NewPoint {"history": "Interactive.94", "point": 1, "testname": "VT26_TOP_top_tb_TRAN", "event": "NewPoint", "EventSource": "ADE GUI", "HistoryName": "Interactive.94", "logFile": "/home/saul/projects/IL2244_VT26_SAUL/logs_saul/logs0/virtuoso_ade_debug.log", "logFileSize": "77412"}
[2026-06-01 10:57:44.606 Z] [INFO] [cadence.virtuoso.ade.pointevaluator] - Started netlisting {"history": "Interactive.94", "point": 1, "testname": "VT26_TOP_top_tb_TRAN"}
[2026-06-01 10:58:16.135 Z] [INFO] [cadence.virtuoso.ade.pointevaluator] - Finished netlisting {"history": "Interactive.94", "point": 1, "testname": "VT26_TOP_top_tb_TRAN"}
[2026-06-01 10:58:16.135 Z] [INFO] [cadence.virtuoso.ade.pointevaluator] - Submitted {"history": "Interactive.94", "point": 1, "testname": "VT26_TOP_top_tb_TRAN"}
[2026-06-01 11:00:20.208 Z] [PROCESS] [cadence.virtuoso.ade.gui] - ln: failed to create symbolic link '/home/saul/projects/IL2244_VT26_SAUL/Sim/VT26_TOP/top_tb/maestro/results/maestro/Interactive.94/1/VT26_TOP_top_tb_TRAN/netlist/exprOutputs.log': File exists
 {"logfile": "/home/saul/projects/IL2244_VT26_SAUL/logs_saul/logs0/Job15.log"}
[2026-06-01 11:00:20.210 Z] [PROCESS] [cadence.virtuoso.ade.gui] - ln: failed to create symbolic link '/home/saul/projects/IL2244_VT26_SAUL/Sim/VT26_TOP/top_tb/maestro/results/maestro/Interactive.94/1/VT26_TOP_top_tb_TRAN/netlist/amps_evaluator.log': File exists
 {"logfile": "/home/saul/projects/IL2244_VT26_SAUL/logs_saul/logs0/Job15.log"}
[2026-06-01 11:00:23.573 Z] [INFO] [cadence.virtuoso.ade.gui] - Point completed {"history": "Interactive.94", "point": 1, "testname": "VT26_TOP_top_tb_TRAN"}
[2026-06-01 11:00:23.831 Z] [EVENT] [cadence.virtuoso.ade.gui] - HistoryFinished {"history": "Interactive.94", "point": 1, "testname": "VT26_TOP_top_tb_TRAN", "event": "HistoryFinished", "EventSource": "ADE GUI", "HistoryName": "Interactive.94"}
[2026-06-01 11:02:35.551 Z] [EVENT] [cadence.virtuoso.ade.gui] - NewHistoryCreated {"history": "Interactive.95", "point": 1, "testname": "VT26_TOP_top_tb_TRAN", "event": "NewHistoryCreated", "EventSource": "ADE GUI", "HistoryName": "Interactive.95", "WorkDir": "/home/saul/projects/IL2244_VT26_SAUL", "HistorySimDir": "/home/saul/projects/IL2244_VT26_SAUL/Sim/VT26_TOP/top_tb/maestro/results/maestro/Interactive.95", "HistoryResultsDir": "/home/saul/projects/IL2244_VT26_SAUL/VT26_TOP/top_tb/maestro/results/maestro"}
[2026-06-01 11:02:35.551 Z] [PROCESS] [cadence.virtuoso.ade.gui] - History Setup {"hostname": "edatools", "processid": 324695, "history": "Interactive.95", "testname": "VT26_TOP_top_tb_TRAN", "point": 1, "logfile": "/home/saul/projects/IL2244_VT26_SAUL/logs_saul/logs0/virtuoso_ade_debug.log", "jobmode": "LSCS", "runmode": "Single Run, Sweeps and Corners", "lib": "VT26_TOP", "cell": "top_tb", "view": "maestro", "icversion": "sub-version  IC6.1.8-64b.500.36 ", "runstart": "Mon Jun  1 11:02:35 2026\n", "timezonelocal": "+000", "spectreversion": "unknown", "jobpolicyname": "", "maxjobs": "unknown", "ncjobpolicyname": "", "ncmaxjobs": "unknown", "numtests": "1", "runfinished": "unknown", "runelapsed": "-1", "numcorners": "1"}
[2026-06-01 11:02:37.255 Z] [EVENT] [cadence.virtuoso.ade.pointevaluator] - NewPoint {"history": "Interactive.95", "point": 1, "testname": "VT26_TOP_top_tb_TRAN", "event": "NewPoint", "EventSource": "ADE GUI", "HistoryName": "Interactive.95", "logFile": "/home/saul/projects/IL2244_VT26_SAUL/logs_saul/logs0/virtuoso_ade_debug.log", "logFileSize": "80611"}
[2026-06-01 11:02:37.256 Z] [INFO] [cadence.virtuoso.ade.pointevaluator] - Started netlisting {"history": "Interactive.95", "point": 1, "testname": "VT26_TOP_top_tb_TRAN"}
[2026-06-01 11:03:08.359 Z] [INFO] [cadence.virtuoso.ade.pointevaluator] - Finished netlisting {"history": "Interactive.95", "point": 1, "testname": "VT26_TOP_top_tb_TRAN"}
[2026-06-01 11:03:08.359 Z] [INFO] [cadence.virtuoso.ade.pointevaluator] - Submitted {"history": "Interactive.95", "point": 1, "testname": "VT26_TOP_top_tb_TRAN"}
[2026-06-01 11:05:24.878 Z] [PROCESS] [cadence.virtuoso.ade.gui] - ln: failed to create symbolic link '/home/saul/projects/IL2244_VT26_SAUL/Sim/VT26_TOP/top_tb/maestro/results/maestro/Interactive.95/1/VT26_TOP_top_tb_TRAN/netlist/exprOutputs.log': File exists
 {"logfile": "/home/saul/projects/IL2244_VT26_SAUL/logs_saul/logs0/Job15.log"}
[2026-06-01 11:05:24.883 Z] [PROCESS] [cadence.virtuoso.ade.gui] - ln: failed to create symbolic link '/home/saul/projects/IL2244_VT26_SAUL/Sim/VT26_TOP/top_tb/maestro/results/maestro/Interactive.95/1/VT26_TOP_top_tb_TRAN/netlist/amps_evaluator.log': File exists
 {"logfile": "/home/saul/projects/IL2244_VT26_SAUL/logs_saul/logs0/Job15.log"}
[2026-06-01 11:05:26.562 Z] [INFO] [cadence.virtuoso.ade.gui] - Point completed {"history": "Interactive.95", "point": 1, "testname": "VT26_TOP_top_tb_TRAN"}
[2026-06-01 11:05:26.729 Z] [EVENT] [cadence.virtuoso.ade.gui] - HistoryFinished {"history": "Interactive.95", "point": 1, "testname": "VT26_TOP_top_tb_TRAN", "event": "HistoryFinished", "EventSource": "ADE GUI", "HistoryName": "Interactive.95"}
[2026-06-01 11:07:59.861 Z] [EVENT] [cadence.virtuoso.ade.gui] - NewHistoryCreated {"history": "Interactive.96", "point": 1, "testname": "VT26_TOP_top_tb_TRAN", "event": "NewHistoryCreated", "EventSource": "ADE GUI", "HistoryName": "Interactive.96", "WorkDir": "/home/saul/projects/IL2244_VT26_SAUL", "HistorySimDir": "/home/saul/projects/IL2244_VT26_SAUL/Sim/VT26_TOP/top_tb/maestro/results/maestro/Interactive.96", "HistoryResultsDir": "/home/saul/projects/IL2244_VT26_SAUL/VT26_TOP/top_tb/maestro/results/maestro"}
[2026-06-01 11:07:59.861 Z] [PROCESS] [cadence.virtuoso.ade.gui] - History Setup {"hostname": "edatools", "processid": 324695, "history": "Interactive.96", "testname": "VT26_TOP_top_tb_TRAN", "point": 1, "logfile": "/home/saul/projects/IL2244_VT26_SAUL/logs_saul/logs0/virtuoso_ade_debug.log", "jobmode": "LSCS", "runmode": "Single Run, Sweeps and Corners", "lib": "VT26_TOP", "cell": "top_tb", "view": "maestro", "icversion": "sub-version  IC6.1.8-64b.500.36 ", "runstart": "Mon Jun  1 11:07:59 2026\n", "timezonelocal": "+000", "spectreversion": "unknown", "jobpolicyname": "", "maxjobs": "unknown", "ncjobpolicyname": "", "ncmaxjobs": "unknown", "numtests": "1", "runfinished": "unknown", "runelapsed": "-1", "numcorners": "1"}
[2026-06-01 11:08:01.898 Z] [EVENT] [cadence.virtuoso.ade.pointevaluator] - NewPoint {"history": "Interactive.96", "point": 1, "testname": "VT26_TOP_top_tb_TRAN", "event": "NewPoint", "EventSource": "ADE GUI", "HistoryName": "Interactive.96", "logFile": "/home/saul/projects/IL2244_VT26_SAUL/logs_saul/logs0/virtuoso_ade_debug.log", "logFileSize": "83810"}
[2026-06-01 11:08:01.898 Z] [INFO] [cadence.virtuoso.ade.pointevaluator] - Started netlisting {"history": "Interactive.96", "point": 1, "testname": "VT26_TOP_top_tb_TRAN"}
[2026-06-01 11:08:32.721 Z] [INFO] [cadence.virtuoso.ade.pointevaluator] - Finished netlisting {"history": "Interactive.96", "point": 1, "testname": "VT26_TOP_top_tb_TRAN"}
[2026-06-01 11:08:32.721 Z] [INFO] [cadence.virtuoso.ade.pointevaluator] - Submitted {"history": "Interactive.96", "point": 1, "testname": "VT26_TOP_top_tb_TRAN"}
[2026-06-01 11:10:52.459 Z] [PROCESS] [cadence.virtuoso.ade.gui] - ln: failed to create symbolic link '/home/saul/projects/IL2244_VT26_SAUL/Sim/VT26_TOP/top_tb/maestro/results/maestro/Interactive.96/1/VT26_TOP_top_tb_TRAN/netlist/exprOutputs.log': File exists
 {"logfile": "/home/saul/projects/IL2244_VT26_SAUL/logs_saul/logs0/Job15.log"}
[2026-06-01 11:10:52.466 Z] [PROCESS] [cadence.virtuoso.ade.gui] - ln: failed to create symbolic link '/home/saul/projects/IL2244_VT26_SAUL/Sim/VT26_TOP/top_tb/maestro/results/maestro/Interactive.96/1/VT26_TOP_top_tb_TRAN/netlist/amps_evaluator.log': File exists
 {"logfile": "/home/saul/projects/IL2244_VT26_SAUL/logs_saul/logs0/Job15.log"}
[2026-06-01 11:10:54.566 Z] [INFO] [cadence.virtuoso.ade.gui] - Point completed {"history": "Interactive.96", "point": 1, "testname": "VT26_TOP_top_tb_TRAN"}
[2026-06-01 11:10:54.768 Z] [EVENT] [cadence.virtuoso.ade.gui] - HistoryFinished {"history": "Interactive.96", "point": 1, "testname": "VT26_TOP_top_tb_TRAN", "event": "HistoryFinished", "EventSource": "ADE GUI", "HistoryName": "Interactive.96"}
[2026-06-01 11:25:59.763 Z] [PROCESS] [cadence.virtuoso.ade.gui] - Logging Service '390163' stopped with exit code '0' {"logfile": "/home/saul/projects/IL2244_VT26_SAUL/logs_saul/logs0/LoggingService14.log"}
[2026-06-01 11:43:37.564 Z] [EVENT] [cadence.virtuoso.ade.gui] - NewHistoryCreated {"history": "Interactive.97", "point": 1, "testname": "VT26_TOP_top_tb_TRAN", "event": "NewHistoryCreated", "EventSource": "ADE GUI", "HistoryName": "Interactive.97", "WorkDir": "/home/saul/projects/IL2244_VT26_SAUL", "HistorySimDir": "/home/saul/projects/IL2244_VT26_SAUL/Sim/VT26_TOP/top_tb/maestro/results/maestro/Interactive.97", "HistoryResultsDir": "/home/saul/projects/IL2244_VT26_SAUL/VT26_TOP/top_tb/maestro/results/maestro"}
[2026-06-01 11:43:37.564 Z] [PROCESS] [cadence.virtuoso.ade.gui] - History Setup {"hostname": "edatools", "processid": 324695, "history": "Interactive.97", "testname": "VT26_TOP_top_tb_TRAN", "point": 1, "logfile": "/home/saul/projects/IL2244_VT26_SAUL/logs_saul/logs0/virtuoso_ade_debug.log", "jobmode": "LSCS", "runmode": "Single Run, Sweeps and Corners", "lib": "VT26_TOP", "cell": "top_tb", "view": "maestro", "icversion": "sub-version  IC6.1.8-64b.500.36 ", "runstart": "Mon Jun  1 11:43:37 2026\n", "timezonelocal": "+000", "spectreversion": "unknown", "jobpolicyname": "", "maxjobs": "unknown", "ncjobpolicyname": "", "ncmaxjobs": "unknown", "numtests": "1", "runfinished": "unknown", "runelapsed": "-1", "numcorners": "1"}
[2026-06-01 11:43:39.289 Z] [EVENT] [cadence.virtuoso.ade.pointevaluator] - NewPoint {"history": "Interactive.97", "point": 1, "testname": "VT26_TOP_top_tb_TRAN", "event": "NewPoint", "EventSource": "ADE GUI", "HistoryName": "Interactive.97", "logFile": "/home/saul/projects/IL2244_VT26_SAUL/logs_saul/logs0/virtuoso_ade_debug.log", "logFileSize": "87217"}
[2026-06-01 11:43:39.289 Z] [INFO] [cadence.virtuoso.ade.pointevaluator] - Started netlisting {"history": "Interactive.97", "point": 1, "testname": "VT26_TOP_top_tb_TRAN"}
[2026-06-01 11:44:10.277 Z] [INFO] [cadence.virtuoso.ade.pointevaluator] - Finished netlisting {"history": "Interactive.97", "point": 1, "testname": "VT26_TOP_top_tb_TRAN"}
[2026-06-01 11:44:10.278 Z] [INFO] [cadence.virtuoso.ade.pointevaluator] - Submitted {"history": "Interactive.97", "point": 1, "testname": "VT26_TOP_top_tb_TRAN"}
[2026-06-01 11:44:10.666 Z] [PROCESS] [cadence.virtuoso.ade.gui] - /home/saul/projects/IL2244_VT26_SAUL/.tmp_saul/.cmddir0/swiftLoggingService16 is starting {"logfile": "/home/saul/projects/IL2244_VT26_SAUL/logs_saul/logs0/LoggingService16.log"}
[2026-06-01 11:44:10.786 Z] [PROCESS] [cadence.virtuoso.ade.gui] - /home/saul/projects/IL2244_VT26_SAUL/.tmp_saul/.cmddir0/swiftJob17 is starting {"logfile": "/home/saul/projects/IL2244_VT26_SAUL/logs_saul/logs0/Job17.log"}
[2026-06-01 11:44:10.787 Z] [PROCESS] [cadence.virtuoso.ade.gui] - Logging Service '406523' is starting up on host 'edatools' {"logfile": "/home/saul/projects/IL2244_VT26_SAUL/logs_saul/logs0/LoggingService16.log"}
[2026-06-01 11:44:11.041 Z] [PROCESS] [cadence.virtuoso.ade.gui] - Simulation Monitor process '406553' is starting up on host 'edatools' {"logfile": "/home/saul/projects/IL2244_VT26_SAUL/logs_saul/logs0/Job17.log"}
[2026-06-01 11:59:22.147 Z] [PROCESS] [cadence.virtuoso.ade.gui] - Logging Service '406523' stopped with exit code '0' {"logfile": "/home/saul/projects/IL2244_VT26_SAUL/logs_saul/logs0/LoggingService16.log"}
[2026-06-01 12:12:02.395 Z] [PROCESS] [cadence.virtuoso.ade.gui] - ln: failed to create symbolic link '/home/saul/projects/IL2244_VT26_SAUL/Sim/VT26_TOP/top_tb/maestro/results/maestro/Interactive.97/1/VT26_TOP_top_tb_TRAN/netlist/exprOutputs.log': File exists
 {"logfile": "/home/saul/projects/IL2244_VT26_SAUL/logs_saul/logs0/Job17.log"}
[2026-06-01 12:12:02.396 Z] [PROCESS] [cadence.virtuoso.ade.gui] - ln: failed to create symbolic link '/home/saul/projects/IL2244_VT26_SAUL/Sim/VT26_TOP/top_tb/maestro/results/maestro/Interactive.97/1/VT26_TOP_top_tb_TRAN/netlist/amps_evaluator.log': File exists
 {"logfile": "/home/saul/projects/IL2244_VT26_SAUL/logs_saul/logs0/Job17.log"}
[2026-06-01 12:12:21.563 Z] [INFO] [cadence.virtuoso.ade.gui] - Point completed {"history": "Interactive.97", "point": 1, "testname": "VT26_TOP_top_tb_TRAN"}
[2026-06-01 12:12:21.747 Z] [EVENT] [cadence.virtuoso.ade.gui] - HistoryFinished {"history": "Interactive.97", "point": 1, "testname": "VT26_TOP_top_tb_TRAN", "event": "HistoryFinished", "EventSource": "ADE GUI", "HistoryName": "Interactive.97"}
[2026-06-01 12:37:10.936 Z] [EVENT] [cadence.virtuoso.ade.gui] - NewHistoryCreated {"history": "Interactive.98", "point": 1, "testname": "VT26_TOP_top_tb_TRAN", "event": "NewHistoryCreated", "EventSource": "ADE GUI", "HistoryName": "Interactive.98", "WorkDir": "/home/saul/projects/IL2244_VT26_SAUL", "HistorySimDir": "/home/saul/projects/IL2244_VT26_SAUL/Sim/VT26_TOP/top_tb/maestro/results/maestro/Interactive.98", "HistoryResultsDir": "/home/saul/projects/IL2244_VT26_SAUL/VT26_TOP/top_tb/maestro/results/maestro"}
[2026-06-01 12:37:10.936 Z] [PROCESS] [cadence.virtuoso.ade.gui] - History Setup {"hostname": "edatools", "processid": 324695, "history": "Interactive.98", "testname": "VT26_TOP_top_tb_TRAN", "point": 1, "logfile": "/home/saul/projects/IL2244_VT26_SAUL/logs_saul/logs0/virtuoso_ade_debug.log", "jobmode": "LSCS", "runmode": "Single Run, Sweeps and Corners", "lib": "VT26_TOP", "cell": "top_tb", "view": "maestro", "icversion": "sub-version  IC6.1.8-64b.500.36 ", "runstart": "Mon Jun  1 12:37:10 2026\n", "timezonelocal": "+000", "spectreversion": "unknown", "jobpolicyname": "", "maxjobs": "unknown", "ncjobpolicyname": "", "ncmaxjobs": "unknown", "numtests": "1", "runfinished": "unknown", "runelapsed": "-1", "numcorners": "1"}
[2026-06-01 12:37:12.679 Z] [EVENT] [cadence.virtuoso.ade.pointevaluator] - NewPoint {"history": "Interactive.98", "point": 1, "testname": "VT26_TOP_top_tb_TRAN", "event": "NewPoint", "EventSource": "ADE GUI", "HistoryName": "Interactive.98", "logFile": "/home/saul/projects/IL2244_VT26_SAUL/logs_saul/logs0/virtuoso_ade_debug.log", "logFileSize": "91524"}
[2026-06-01 12:37:12.679 Z] [INFO] [cadence.virtuoso.ade.pointevaluator] - Started netlisting {"history": "Interactive.98", "point": 1, "testname": "VT26_TOP_top_tb_TRAN"}
[2026-06-01 12:37:43.285 Z] [INFO] [cadence.virtuoso.ade.pointevaluator] - Finished netlisting {"history": "Interactive.98", "point": 1, "testname": "VT26_TOP_top_tb_TRAN"}
[2026-06-01 12:37:43.285 Z] [INFO] [cadence.virtuoso.ade.pointevaluator] - Submitted {"history": "Interactive.98", "point": 1, "testname": "VT26_TOP_top_tb_TRAN"}
[2026-06-01 12:37:43.766 Z] [PROCESS] [cadence.virtuoso.ade.gui] - /home/saul/projects/IL2244_VT26_SAUL/.tmp_saul/.cmddir0/swiftLoggingService18 is starting {"logfile": "/home/saul/projects/IL2244_VT26_SAUL/logs_saul/logs0/LoggingService18.log"}
[2026-06-01 12:37:43.875 Z] [PROCESS] [cadence.virtuoso.ade.gui] - /home/saul/projects/IL2244_VT26_SAUL/.tmp_saul/.cmddir0/swiftJob19 is starting {"logfile": "/home/saul/projects/IL2244_VT26_SAUL/logs_saul/logs0/Job19.log"}
[2026-06-01 12:37:43.876 Z] [PROCESS] [cadence.virtuoso.ade.gui] - Logging Service '412728' is starting up on host 'edatools' {"logfile": "/home/saul/projects/IL2244_VT26_SAUL/logs_saul/logs0/LoggingService18.log"}
[2026-06-01 12:37:44.003 Z] [PROCESS] [cadence.virtuoso.ade.gui] - Simulation Monitor process '412755' is starting up on host 'edatools' {"logfile": "/home/saul/projects/IL2244_VT26_SAUL/logs_saul/logs0/Job19.log"}
[2026-06-01 12:52:54.480 Z] [PROCESS] [cadence.virtuoso.ade.gui] - Logging Service '412728' stopped with exit code '0' {"logfile": "/home/saul/projects/IL2244_VT26_SAUL/logs_saul/logs0/LoggingService18.log"}
[2026-06-01 13:05:45.250 Z] [PROCESS] [cadence.virtuoso.ade.gui] - ln: failed to create symbolic link '/home/saul/projects/IL2244_VT26_SAUL/Sim/VT26_TOP/top_tb/maestro/results/maestro/Interactive.98/1/VT26_TOP_top_tb_TRAN/netlist/exprOutputs.log': File exists
 {"logfile": "/home/saul/projects/IL2244_VT26_SAUL/logs_saul/logs0/Job19.log"}
[2026-06-01 13:05:45.251 Z] [PROCESS] [cadence.virtuoso.ade.gui] - ln: failed to create symbolic link '/home/saul/projects/IL2244_VT26_SAUL/Sim/VT26_TOP/top_tb/maestro/results/maestro/Interactive.98/1/VT26_TOP_top_tb_TRAN/netlist/amps_evaluator.log': File exists
 {"logfile": "/home/saul/projects/IL2244_VT26_SAUL/logs_saul/logs0/Job19.log"}
[2026-06-01 13:06:04.569 Z] [INFO] [cadence.virtuoso.ade.gui] - Point completed {"history": "Interactive.98", "point": 1, "testname": "VT26_TOP_top_tb_TRAN"}
[2026-06-01 13:06:04.746 Z] [EVENT] [cadence.virtuoso.ade.gui] - HistoryFinished {"history": "Interactive.98", "point": 1, "testname": "VT26_TOP_top_tb_TRAN", "event": "HistoryFinished", "EventSource": "ADE GUI", "HistoryName": "Interactive.98"}
